2026-09-10 20:11:15,303 INFO o.a.j.u.JMeterUtils: Setting Locale to en_EN
2026-09-10 20:11:15,316 INFO o.a.j.JMeter: Loading user properties from: C:\Program Files\apache-jmeter-5.6.3\bin\user.properties
2026-09-10 20:11:15,317 INFO o.a.j.JMeter: Loading system properties from: C:\Program Files\apache-jmeter-5.6.3\bin\system.properties
2026-09-10 20:11:15,324 INFO o.a.j.JMeter: Copyright (c) 1998-2024 The Apache Software Foundation
2026-09-10 20:11:15,325 INFO o.a.j.JMeter: Version 5.6.3
2026-09-10 20:11:15,325 INFO o.a.j.JMeter: java.version=26.0.1
2026-09-10 20:11:15,325 INFO o.a.j.JMeter: java.vm.name=Java HotSpot(TM) 64-Bit Server VM
2026-09-10 20:11:15,325 INFO o.a.j.JMeter: os.name=Windows 10
2026-09-10 20:11:15,325 INFO o.a.j.JMeter: os.arch=amd64
2026-09-10 20:11:15,325 INFO o.a.j.JMeter: os.version=10.0
2026-09-10 20:11:15,325 INFO o.a.j.JMeter: file.encoding=UTF-8
2026-09-10 20:11:15,325 INFO o.a.j.JMeter: java.awt.headless=null
2026-09-10 20:11:15,325 INFO o.a.j.JMeter: Max memory     =1073741824
2026-09-10 20:11:15,325 INFO o.a.j.JMeter: Available Processors =8
2026-09-10 20:11:15,336 INFO o.a.j.JMeter: Default Locale=English (EN)
2026-09-10 20:11:15,336 INFO o.a.j.JMeter: JMeter  Locale=English (EN)
2026-09-10 20:11:15,337 INFO o.a.j.JMeter: JMeterHome=C:\Program Files\apache-jmeter-5.6.3
2026-09-10 20:11:15,337 INFO o.a.j.JMeter: user.dir  =C:\University\Programming\Software Testing\Lab4
2026-09-10 20:11:15,337 INFO o.a.j.JMeter: PWD       =C:\University\Programming\Software Testing\Lab4
2026-09-10 20:11:15,337 INFO o.a.j.JMeter: IP: 172.28.17.195 Name: DESKTOP-74FQ4EV FullName: DESKTOP-74FQ4EV
