2026-09-10 20:49:59,547 INFO o.a.j.u.JMeterUtils: Setting Locale to en_EN
2026-09-10 20:49:59,559 INFO o.a.j.JMeter: Loading user properties from: C:\Program Files\apache-jmeter-5.6.3\bin\user.properties
2026-09-10 20:49:59,560 INFO o.a.j.JMeter: Loading system properties from: C:\Program Files\apache-jmeter-5.6.3\bin\system.properties
2026-09-10 20:49:59,560 INFO o.a.j.JMeter: Setting JMeter property: jmeter.save.saveservice.output_format=csv
2026-09-10 20:49:59,560 INFO o.a.j.JMeter: Setting JMeter property: jmeter.save.saveservice.print_field_names=true
2026-09-10 20:49:59,562 INFO o.a.j.JMeter: Setting JMeter property: jmeter.save.saveservice.timestamp_format=ms
2026-09-10 20:49:59,562 INFO o.a.j.JMeter: Setting JMeter property: jmeter.save.saveservice.time=true
2026-09-10 20:49:59,562 INFO o.a.j.JMeter: Setting JMeter property: jmeter.save.saveservice.latency=true
2026-09-10 20:49:59,562 INFO o.a.j.JMeter: Setting JMeter property: jmeter.save.saveservice.label=true
2026-09-10 20:49:59,562 INFO o.a.j.JMeter: Setting JMeter property: jmeter.save.saveservice.response_code=true
2026-09-10 20:49:59,562 INFO o.a.j.JMeter: Setting JMeter property: jmeter.save.saveservice.response_message=true
2026-09-10 20:49:59,562 INFO o.a.j.JMeter: Setting JMeter property: jmeter.save.saveservice.successful=true
2026-09-10 20:49:59,562 INFO o.a.j.JMeter: Setting JMeter property: jmeter.save.saveservice.assertion_results_failure_message=true
2026-09-10 20:49:59,562 INFO o.a.j.JMeter: Setting JMeter property: jmeter.save.saveservice.thread_name=true
2026-09-10 20:49:59,562 INFO o.a.j.JMeter: Setting JMeter property: jmeter.save.saveservice.thread_counts=true
2026-09-10 20:49:59,562 INFO o.a.j.JMeter: Setting JMeter property: jmeter.save.saveservice.connect_time=true
2026-09-10 20:49:59,568 INFO o.a.j.JMeter: Copyright (c) 1998-2024 The Apache Software Foundation
2026-09-10 20:49:59,568 INFO o.a.j.JMeter: Version 5.6.3
2026-09-10 20:49:59,568 INFO o.a.j.JMeter: java.version=26.0.1
2026-09-10 20:49:59,568 INFO o.a.j.JMeter: java.vm.name=Java HotSpot(TM) 64-Bit Server VM
2026-09-10 20:49:59,568 INFO o.a.j.JMeter: os.name=Windows 10
2026-09-10 20:49:59,569 INFO o.a.j.JMeter: os.arch=amd64
2026-09-10 20:49:59,569 INFO o.a.j.JMeter: os.version=10.0
2026-09-10 20:49:59,569 INFO o.a.j.JMeter: file.encoding=UTF-8
2026-09-10 20:49:59,569 INFO o.a.j.JMeter: java.awt.headless=true
2026-09-10 20:49:59,569 INFO o.a.j.JMeter: Max memory     =1073741824
2026-09-10 20:49:59,569 INFO o.a.j.JMeter: Available Processors =8
2026-09-10 20:49:59,581 INFO o.a.j.JMeter: Default Locale=English (EN)
2026-09-10 20:49:59,581 INFO o.a.j.JMeter: JMeter  Locale=English (EN)
2026-09-10 20:49:59,581 INFO o.a.j.JMeter: JMeterHome=C:\Program Files\apache-jmeter-5.6.3
2026-09-10 20:49:59,581 INFO o.a.j.JMeter: user.dir  =C:\University\Programming\Software Testing\Lab4
2026-09-10 20:49:59,582 INFO o.a.j.JMeter: PWD       =C:\University\Programming\Software Testing\Lab4
2026-09-10 20:49:59,583 INFO o.a.j.JMeter: IP: 172.28.17.195 Name: DESKTOP-74FQ4EV FullName: DESKTOP-74FQ4EV
2026-09-10 20:49:59,590 INFO o.a.j.JMeter: Setting property 'jmeter.reportgenerator.outputdir' to:'C:\University\Programming\Software Testing\Lab4\html_reports\stress_until_503\208users_4160rpm'
2026-09-10 20:49:59,593 INFO o.a.j.s.FileServer: Default base='C:\University\Programming\Software Testing\Lab4'
2026-09-10 20:49:59,593 INFO o.a.j.s.FileServer: Set new base='C:\University\Programming\Software Testing\Lab4\quality_jmeter_plans\stress_until_503'
2026-09-10 20:49:59,789 INFO o.a.j.s.SaveService: Testplan (JMX) version: 2.2. Testlog (JTL) version: 2.2
2026-09-10 20:49:59,803 INFO o.a.j.s.SaveService: Using SaveService properties version 5.0
2026-09-10 20:49:59,805 INFO o.a.j.s.SaveService: Using SaveService properties file encoding UTF-8
2026-09-10 20:49:59,807 INFO o.a.j.s.SaveService: Loading file: quality_jmeter_plans\stress_until_503\stress_until_503_208users_4160rpm_ctt.jmx
2026-09-10 20:49:59,852 INFO o.a.j.p.h.s.HTTPSamplerBase: Parser for text/html is org.apache.jmeter.protocol.http.parser.LagartoBasedHtmlParser
2026-09-10 20:49:59,852 INFO o.a.j.p.h.s.HTTPSamplerBase: Parser for application/xhtml+xml is org.apache.jmeter.protocol.http.parser.LagartoBasedHtmlParser
2026-09-10 20:49:59,852 INFO o.a.j.p.h.s.HTTPSamplerBase: Parser for application/xml is org.apache.jmeter.protocol.http.parser.LagartoBasedHtmlParser
2026-09-10 20:49:59,852 INFO o.a.j.p.h.s.HTTPSamplerBase: Parser for text/xml is org.apache.jmeter.protocol.http.parser.LagartoBasedHtmlParser
2026-09-10 20:49:59,852 INFO o.a.j.p.h.s.HTTPSamplerBase: Parser for text/vnd.wap.wml is org.apache.jmeter.protocol.http.parser.RegexpHTMLParser
2026-09-10 20:49:59,852 INFO o.a.j.p.h.s.HTTPSamplerBase: Parser for text/css is org.apache.jmeter.protocol.http.parser.CssParser
2026-09-10 20:49:59,863 INFO o.a.j.JMeter: Creating summariser <summary>
2026-09-10 20:49:59,870 INFO o.a.j.r.d.ReportGenerator: ReportGenerator will use for Parsing the separator: ','
2026-09-10 20:49:59,870 INFO o.a.j.r.d.ReportGenerator: Will generate report at end of test from  results file: results/stress_until_503/stress_until_503_208users_4160rpm.jtl
2026-09-10 20:49:59,870 INFO o.a.j.r.d.ReportGenerator: Reading report generator properties from: C:\Program Files\apache-jmeter-5.6.3\bin\reportgenerator.properties
2026-09-10 20:49:59,871 INFO o.a.j.r.d.ReportGenerator: Merging with JMeter properties
2026-09-10 20:49:59,873 INFO o.a.j.r.c.ReportGeneratorConfiguration: Property 'jmeter.reportgenerator.temp_dir' not found, using default value 'temp' instead.
2026-09-10 20:49:59,875 INFO o.a.j.r.c.ReportGeneratorConfiguration: Property 'jmeter.reportgenerator.apdex_per_transaction' not found, using default value 'null' instead.
2026-09-10 20:49:59,875 INFO o.a.j.r.c.ReportGeneratorConfiguration: apdex_per_transaction is empty, not APDEX per transaction customization
2026-09-10 20:49:59,875 INFO o.a.j.r.c.ReportGeneratorConfiguration: Property 'jmeter.reportgenerator.sample_filter' not found, using default value 'null' instead.
2026-09-10 20:49:59,875 INFO o.a.j.r.c.ReportGeneratorConfiguration: Property 'jmeter.reportgenerator.report_title' not found, using default value 'null' instead.
2026-09-10 20:49:59,875 INFO o.a.j.r.c.ReportGeneratorConfiguration: Property 'jmeter.reportgenerator.start_date' not found, using default value 'null' instead.
2026-09-10 20:49:59,875 INFO o.a.j.r.c.ReportGeneratorConfiguration: Property 'jmeter.reportgenerator.end_date' not found, using default value 'null' instead.
2026-09-10 20:49:59,875 INFO o.a.j.r.c.ReportGeneratorConfiguration: Property 'jmeter.reportgenerator.date_format' not found, using default value 'null' instead.
2026-09-10 20:49:59,875 INFO o.a.j.r.c.ReportGeneratorConfiguration: Will use date range start date: null, end date: null
2026-09-10 20:49:59,878 INFO o.a.j.r.c.ReportGeneratorConfiguration: Property 'jmeter.reportgenerator.graph.totalTPS.exclude_controllers' not found, using default value 'false' instead.
2026-09-10 20:49:59,878 INFO o.a.j.r.c.ReportGeneratorConfiguration: Property 'jmeter.reportgenerator.graph.activeThreadsOverTime.exclude_controllers' not found, using default value 'false' instead.
2026-09-10 20:49:59,878 INFO o.a.j.r.c.ReportGeneratorConfiguration: Property 'jmeter.reportgenerator.graph.timeVsThreads.exclude_controllers' not found, using default value 'false' instead.
2026-09-10 20:49:59,878 INFO o.a.j.r.c.ReportGeneratorConfiguration: Property 'jmeter.reportgenerator.graph.responseTimeDistribution.exclude_controllers' not found, using default value 'false' instead.
2026-09-10 20:49:59,878 INFO o.a.j.r.c.ReportGeneratorConfiguration: Property 'jmeter.reportgenerator.graph.transactionsPerSecond.exclude_controllers' not found, using default value 'false' instead.
2026-09-10 20:49:59,878 INFO o.a.j.r.c.ReportGeneratorConfiguration: Property 'jmeter.reportgenerator.graph.responseTimePercentiles.exclude_controllers' not found, using default value 'false' instead.
2026-09-10 20:49:59,878 INFO o.a.j.r.c.ReportGeneratorConfiguration: Property 'jmeter.reportgenerator.graph.responseTimePercentilesOverTime.exclude_controllers' not found, using default value 'false' instead.
2026-09-10 20:49:59,878 INFO o.a.j.r.c.ReportGeneratorConfiguration: Property 'jmeter.reportgenerator.graph.responseTimesOverTime.exclude_controllers' not found, using default value 'false' instead.
2026-09-10 20:49:59,878 INFO o.a.j.r.c.ReportGeneratorConfiguration: Property 'jmeter.reportgenerator.graph.connectTimeOverTime.exclude_controllers' not found, using default value 'false' instead.
2026-09-10 20:49:59,878 INFO o.a.j.r.c.ReportGeneratorConfiguration: Property 'jmeter.reportgenerator.graph.latenciesOverTime.exclude_controllers' not found, using default value 'false' instead.
2026-09-10 20:49:59,879 INFO o.a.j.r.c.ReportGeneratorConfiguration: Property 'jmeter.reportgenerator.exporter.json.filters_only_sample_series' not found, using default value 'true' instead.
2026-09-10 20:49:59,879 INFO o.a.j.r.c.ReportGeneratorConfiguration: Property 'jmeter.reportgenerator.exporter.json.series_filter' not found, using default value '' instead.
2026-09-10 20:49:59,879 INFO o.a.j.r.c.ReportGeneratorConfiguration: Property 'jmeter.reportgenerator.exporter.json.show_controllers_only' not found, using default value 'false' instead.
2026-09-10 20:49:59,880 INFO o.a.j.r.c.ReportGeneratorConfiguration: Property 'jmeter.reportgenerator.exporter.html.filters_only_sample_series' not found, using default value 'true' instead.
2026-09-10 20:49:59,880 INFO o.a.j.r.c.ReportGeneratorConfiguration: Property 'jmeter.reportgenerator.exporter.html.series_filter' not found, using default value '' instead.
2026-09-10 20:49:59,880 INFO o.a.j.r.c.ReportGeneratorConfiguration: Property 'jmeter.reportgenerator.exporter.html.show_controllers_only' not found, using default value 'false' instead.
2026-09-10 20:49:59,887 INFO o.a.j.e.StandardJMeterEngine: Running the test!
2026-09-10 20:49:59,888 INFO o.a.j.s.SampleEvent: List of sample_variables: []
2026-09-10 20:49:59,888 INFO o.a.j.s.SampleEvent: List of sample_variables: []
2026-09-10 20:49:59,892 INFO o.a.j.e.u.CompoundVariable: Note: Function class names must contain the string: '.functions.'
2026-09-10 20:49:59,893 INFO o.a.j.e.u.CompoundVariable: Note: Function class names must not contain the string: '.gui.'
2026-09-10 20:49:59,949 INFO o.a.j.JMeter: Running test (1789062599949)
2026-09-10 20:49:59,965 INFO o.a.j.e.StandardJMeterEngine: Starting ThreadGroup: 1 : Thread Group - until HTTP 503 - 208 users
2026-09-10 20:49:59,965 INFO o.a.j.e.StandardJMeterEngine: Starting 208 threads for group Thread Group - until HTTP 503 - 208 users.
2026-09-10 20:49:59,965 INFO o.a.j.e.StandardJMeterEngine: Thread will continue on error
2026-09-10 20:49:59,965 INFO o.a.j.t.ThreadGroup: Starting thread group... number=1 threads=208 ramp-up=60 delayedStart=false
2026-09-10 20:49:59,970 INFO o.a.j.t.JMeterThread: Thread started: Thread Group - until HTTP 503 - 208 users 1-1
2026-09-10 20:50:00,019 INFO o.a.j.t.ThreadGroup: Started thread group number 1
2026-09-10 20:50:00,019 INFO o.a.j.e.StandardJMeterEngine: All thread groups have been started
2026-09-10 20:50:00,028 INFO o.a.j.p.h.s.HTTPHCAbstractImpl: Local host = DESKTOP-74FQ4EV
2026-09-10 20:50:00,033 INFO o.a.j.p.h.s.HTTPHC4Impl: HTTP request retry count = 0
2026-09-10 20:50:00,034 INFO o.a.j.s.SampleResult: Note: Sample TimeStamps are START times
2026-09-10 20:50:00,034 INFO o.a.j.s.SampleResult: sampleresult.default.encoding is set to UTF-8
2026-09-10 20:50:00,034 INFO o.a.j.s.SampleResult: sampleresult.useNanoTime=true
2026-09-10 20:50:00,034 INFO o.a.j.s.SampleResult: sampleresult.nanoThreadSleep=5000
2026-09-10 20:50:00,257 INFO o.a.j.t.JMeterThread: Thread started: Thread Group - until HTTP 503 - 208 users 1-2
2026-09-10 20:50:00,544 INFO o.a.j.t.JMeterThread: Thread started: Thread Group - until HTTP 503 - 208 users 1-3
2026-09-10 20:50:00,675 INFO o.a.j.r.Summariser: summary +      1 in 00:00:01 =    1.4/s Avg:   582 Min:   582 Max:   582 Err:     0 (0.00%) Active: 3 Started: 3 Finished: 0
2026-09-10 20:50:00,831 INFO o.a.j.t.JMeterThread: Thread started: Thread Group - until HTTP 503 - 208 users 1-4
2026-09-10 20:50:01,119 INFO o.a.j.t.JMeterThread: Thread started: Thread Group - until HTTP 503 - 208 users 1-5
2026-09-10 20:50:01,406 INFO o.a.j.t.JMeterThread: Thread started: Thread Group - until HTTP 503 - 208 users 1-6
2026-09-10 20:50:01,695 INFO o.a.j.t.JMeterThread: Thread started: Thread Group - until HTTP 503 - 208 users 1-7
2026-09-10 20:50:01,984 INFO o.a.j.t.JMeterThread: Thread started: Thread Group - until HTTP 503 - 208 users 1-8
2026-09-10 20:50:02,271 INFO o.a.j.t.JMeterThread: Thread started: Thread Group - until HTTP 503 - 208 users 1-9
2026-09-10 20:50:02,557 INFO o.a.j.t.JMeterThread: Thread started: Thread Group - until HTTP 503 - 208 users 1-10
2026-09-10 20:50:02,846 INFO o.a.j.t.JMeterThread: Thread started: Thread Group - until HTTP 503 - 208 users 1-11
2026-09-10 20:50:03,134 INFO o.a.j.t.JMeterThread: Thread started: Thread Group - until HTTP 503 - 208 users 1-12
2026-09-10 20:50:03,423 INFO o.a.j.t.JMeterThread: Thread started: Thread Group - until HTTP 503 - 208 users 1-13
2026-09-10 20:50:03,710 INFO o.a.j.t.JMeterThread: Thread started: Thread Group - until HTTP 503 - 208 users 1-14
2026-09-10 20:50:03,999 INFO o.a.j.t.JMeterThread: Thread started: Thread Group - until HTTP 503 - 208 users 1-15
2026-09-10 20:50:04,287 INFO o.a.j.t.JMeterThread: Thread started: Thread Group - until HTTP 503 - 208 users 1-16
2026-09-10 20:50:04,573 INFO o.a.j.t.JMeterThread: Thread started: Thread Group - until HTTP 503 - 208 users 1-17
2026-09-10 20:50:04,862 INFO o.a.j.t.JMeterThread: Thread started: Thread Group - until HTTP 503 - 208 users 1-18
2026-09-10 20:50:05,151 INFO o.a.j.t.JMeterThread: Thread started: Thread Group - until HTTP 503 - 208 users 1-19
2026-09-10 20:50:05,438 INFO o.a.j.t.JMeterThread: Thread started: Thread Group - until HTTP 503 - 208 users 1-20
2026-09-10 20:50:05,725 INFO o.a.j.t.JMeterThread: Thread started: Thread Group - until HTTP 503 - 208 users 1-21
2026-09-10 20:50:06,014 INFO o.a.j.t.JMeterThread: Thread started: Thread Group - until HTTP 503 - 208 users 1-22
2026-09-10 20:50:06,302 INFO o.a.j.t.JMeterThread: Thread started: Thread Group - until HTTP 503 - 208 users 1-23
2026-09-10 20:50:06,589 INFO o.a.j.t.JMeterThread: Thread started: Thread Group - until HTTP 503 - 208 users 1-24
2026-09-10 20:50:06,878 INFO o.a.j.t.JMeterThread: Thread started: Thread Group - until HTTP 503 - 208 users 1-25
2026-09-10 20:50:07,167 INFO o.a.j.t.JMeterThread: Thread started: Thread Group - until HTTP 503 - 208 users 1-26
2026-09-10 20:50:07,454 INFO o.a.j.t.JMeterThread: Thread started: Thread Group - until HTTP 503 - 208 users 1-27
2026-09-10 20:50:07,743 INFO o.a.j.t.JMeterThread: Thread started: Thread Group - until HTTP 503 - 208 users 1-28
2026-09-10 20:50:08,030 INFO o.a.j.t.JMeterThread: Thread started: Thread Group - until HTTP 503 - 208 users 1-29
2026-09-10 20:50:08,321 INFO o.a.j.t.JMeterThread: Thread started: Thread Group - until HTTP 503 - 208 users 1-30
2026-09-10 20:50:08,607 INFO o.a.j.t.JMeterThread: Thread started: Thread Group - until HTTP 503 - 208 users 1-31
2026-09-10 20:50:08,894 INFO o.a.j.t.JMeterThread: Thread started: Thread Group - until HTTP 503 - 208 users 1-32
2026-09-10 20:50:09,181 INFO o.a.j.t.JMeterThread: Thread started: Thread Group - until HTTP 503 - 208 users 1-33
2026-09-10 20:50:09,469 INFO o.a.j.t.JMeterThread: Thread started: Thread Group - until HTTP 503 - 208 users 1-34
2026-09-10 20:50:09,757 INFO o.a.j.t.JMeterThread: Thread started: Thread Group - until HTTP 503 - 208 users 1-35
2026-09-10 20:50:10,047 INFO o.a.j.t.JMeterThread: Thread started: Thread Group - until HTTP 503 - 208 users 1-36
2026-09-10 20:50:10,334 INFO o.a.j.t.JMeterThread: Thread started: Thread Group - until HTTP 503 - 208 users 1-37
2026-09-10 20:50:10,621 INFO o.a.j.t.JMeterThread: Thread started: Thread Group - until HTTP 503 - 208 users 1-38
2026-09-10 20:50:10,909 INFO o.a.j.t.JMeterThread: Thread started: Thread Group - until HTTP 503 - 208 users 1-39
2026-09-10 20:50:11,197 INFO o.a.j.t.JMeterThread: Thread started: Thread Group - until HTTP 503 - 208 users 1-40
2026-09-10 20:50:11,487 INFO o.a.j.t.JMeterThread: Thread started: Thread Group - until HTTP 503 - 208 users 1-41
2026-09-10 20:50:11,773 INFO o.a.j.t.JMeterThread: Thread started: Thread Group - until HTTP 503 - 208 users 1-42
2026-09-10 20:50:12,061 INFO o.a.j.t.JMeterThread: Thread started: Thread Group - until HTTP 503 - 208 users 1-43
2026-09-10 20:50:12,351 INFO o.a.j.t.JMeterThread: Thread started: Thread Group - until HTTP 503 - 208 users 1-44
2026-09-10 20:50:12,639 INFO o.a.j.t.JMeterThread: Thread started: Thread Group - until HTTP 503 - 208 users 1-45
2026-09-10 20:50:12,925 INFO o.a.j.t.JMeterThread: Thread started: Thread Group - until HTTP 503 - 208 users 1-46
2026-09-10 20:50:13,214 INFO o.a.j.t.JMeterThread: Thread started: Thread Group - until HTTP 503 - 208 users 1-47
2026-09-10 20:50:13,501 INFO o.a.j.t.JMeterThread: Thread started: Thread Group - until HTTP 503 - 208 users 1-48
2026-09-10 20:50:13,789 INFO o.a.j.t.JMeterThread: Thread started: Thread Group - until HTTP 503 - 208 users 1-49
2026-09-10 20:50:14,078 INFO o.a.j.t.JMeterThread: Thread started: Thread Group - until HTTP 503 - 208 users 1-50
2026-09-10 20:50:14,366 INFO o.a.j.t.JMeterThread: Thread started: Thread Group - until HTTP 503 - 208 users 1-51
2026-09-10 20:50:14,653 INFO o.a.j.t.JMeterThread: Thread started: Thread Group - until HTTP 503 - 208 users 1-52
2026-09-10 20:50:14,942 INFO o.a.j.t.JMeterThread: Thread started: Thread Group - until HTTP 503 - 208 users 1-53
2026-09-10 20:50:15,230 INFO o.a.j.t.JMeterThread: Thread started: Thread Group - until HTTP 503 - 208 users 1-54
2026-09-10 20:50:15,517 INFO o.a.j.t.JMeterThread: Thread started: Thread Group - until HTTP 503 - 208 users 1-55
2026-09-10 20:50:15,808 INFO o.a.j.t.JMeterThread: Thread started: Thread Group - until HTTP 503 - 208 users 1-56
2026-09-10 20:50:16,095 INFO o.a.j.t.JMeterThread: Thread started: Thread Group - until HTTP 503 - 208 users 1-57
2026-09-10 20:50:16,381 INFO o.a.j.t.JMeterThread: Thread started: Thread Group - until HTTP 503 - 208 users 1-58
2026-09-10 20:50:16,670 INFO o.a.j.t.JMeterThread: Thread started: Thread Group - until HTTP 503 - 208 users 1-59
2026-09-10 20:50:16,958 INFO o.a.j.t.JMeterThread: Thread started: Thread Group - until HTTP 503 - 208 users 1-60
2026-09-10 20:50:17,245 INFO o.a.j.t.JMeterThread: Thread started: Thread Group - until HTTP 503 - 208 users 1-61
2026-09-10 20:50:17,533 INFO o.a.j.t.JMeterThread: Thread started: Thread Group - until HTTP 503 - 208 users 1-62
2026-09-10 20:50:17,822 INFO o.a.j.t.JMeterThread: Thread started: Thread Group - until HTTP 503 - 208 users 1-63
2026-09-10 20:50:18,110 INFO o.a.j.t.JMeterThread: Thread started: Thread Group - until HTTP 503 - 208 users 1-64
2026-09-10 20:50:18,397 INFO o.a.j.t.JMeterThread: Thread started: Thread Group - until HTTP 503 - 208 users 1-65
2026-09-10 20:50:18,685 INFO o.a.j.t.JMeterThread: Thread started: Thread Group - until HTTP 503 - 208 users 1-66
2026-09-10 20:50:18,973 INFO o.a.j.t.JMeterThread: Thread started: Thread Group - until HTTP 503 - 208 users 1-67
2026-09-10 20:50:19,262 INFO o.a.j.t.JMeterThread: Thread started: Thread Group - until HTTP 503 - 208 users 1-68
2026-09-10 20:50:19,551 INFO o.a.j.t.JMeterThread: Thread started: Thread Group - until HTTP 503 - 208 users 1-69
2026-09-10 20:50:19,838 INFO o.a.j.t.JMeterThread: Thread started: Thread Group - until HTTP 503 - 208 users 1-70
2026-09-10 20:50:20,125 INFO o.a.j.t.JMeterThread: Thread started: Thread Group - until HTTP 503 - 208 users 1-71
2026-09-10 20:50:20,413 INFO o.a.j.t.JMeterThread: Thread started: Thread Group - until HTTP 503 - 208 users 1-72
2026-09-10 20:50:20,701 INFO o.a.j.t.JMeterThread: Thread started: Thread Group - until HTTP 503 - 208 users 1-73
2026-09-10 20:50:20,990 INFO o.a.j.t.JMeterThread: Thread started: Thread Group - until HTTP 503 - 208 users 1-74
2026-09-10 20:50:21,278 INFO o.a.j.t.JMeterThread: Thread started: Thread Group - until HTTP 503 - 208 users 1-75
2026-09-10 20:50:21,565 INFO o.a.j.t.JMeterThread: Thread started: Thread Group - until HTTP 503 - 208 users 1-76
2026-09-10 20:50:21,853 INFO o.a.j.t.JMeterThread: Thread started: Thread Group - until HTTP 503 - 208 users 1-77
2026-09-10 20:50:22,141 INFO o.a.j.t.JMeterThread: Thread started: Thread Group - until HTTP 503 - 208 users 1-78
2026-09-10 20:50:22,430 INFO o.a.j.t.JMeterThread: Thread started: Thread Group - until HTTP 503 - 208 users 1-79
2026-09-10 20:50:22,718 INFO o.a.j.t.JMeterThread: Thread started: Thread Group - until HTTP 503 - 208 users 1-80
2026-09-10 20:50:23,006 INFO o.a.j.t.JMeterThread: Thread started: Thread Group - until HTTP 503 - 208 users 1-81
2026-09-10 20:50:23,294 INFO o.a.j.t.JMeterThread: Thread started: Thread Group - until HTTP 503 - 208 users 1-82
2026-09-10 20:50:23,582 INFO o.a.j.t.JMeterThread: Thread started: Thread Group - until HTTP 503 - 208 users 1-83
2026-09-10 20:50:23,870 INFO o.a.j.t.JMeterThread: Thread started: Thread Group - until HTTP 503 - 208 users 1-84
2026-09-10 20:50:24,159 INFO o.a.j.t.JMeterThread: Thread started: Thread Group - until HTTP 503 - 208 users 1-85
2026-09-10 20:50:24,446 INFO o.a.j.t.JMeterThread: Thread started: Thread Group - until HTTP 503 - 208 users 1-86
2026-09-10 20:50:24,734 INFO o.a.j.t.JMeterThread: Thread started: Thread Group - until HTTP 503 - 208 users 1-87
2026-09-10 20:50:25,022 INFO o.a.j.t.JMeterThread: Thread started: Thread Group - until HTTP 503 - 208 users 1-88
2026-09-10 20:50:25,310 INFO o.a.j.t.JMeterThread: Thread started: Thread Group - until HTTP 503 - 208 users 1-89
2026-09-10 20:50:25,600 INFO o.a.j.t.JMeterThread: Thread started: Thread Group - until HTTP 503 - 208 users 1-90
2026-09-10 20:50:25,887 INFO o.a.j.t.JMeterThread: Thread started: Thread Group - until HTTP 503 - 208 users 1-91
2026-09-10 20:50:26,174 INFO o.a.j.t.JMeterThread: Thread started: Thread Group - until HTTP 503 - 208 users 1-92
2026-09-10 20:50:26,461 INFO o.a.j.t.JMeterThread: Thread started: Thread Group - until HTTP 503 - 208 users 1-93
2026-09-10 20:50:26,750 INFO o.a.j.t.JMeterThread: Thread started: Thread Group - until HTTP 503 - 208 users 1-94
2026-09-10 20:50:27,039 INFO o.a.j.t.JMeterThread: Thread started: Thread Group - until HTTP 503 - 208 users 1-95
2026-09-10 20:50:27,327 INFO o.a.j.t.JMeterThread: Thread started: Thread Group - until HTTP 503 - 208 users 1-96
2026-09-10 20:50:27,614 INFO o.a.j.t.JMeterThread: Thread started: Thread Group - until HTTP 503 - 208 users 1-97
2026-09-10 20:50:27,902 INFO o.a.j.t.JMeterThread: Thread started: Thread Group - until HTTP 503 - 208 users 1-98
2026-09-10 20:50:28,189 INFO o.a.j.t.JMeterThread: Thread started: Thread Group - until HTTP 503 - 208 users 1-99
2026-09-10 20:50:28,479 INFO o.a.j.t.JMeterThread: Thread started: Thread Group - until HTTP 503 - 208 users 1-100
2026-09-10 20:50:28,766 INFO o.a.j.t.JMeterThread: Thread started: Thread Group - until HTTP 503 - 208 users 1-101
2026-09-10 20:50:29,053 INFO o.a.j.t.JMeterThread: Thread started: Thread Group - until HTTP 503 - 208 users 1-102
2026-09-10 20:50:29,341 INFO o.a.j.t.JMeterThread: Thread started: Thread Group - until HTTP 503 - 208 users 1-103
2026-09-10 20:50:29,629 INFO o.a.j.t.JMeterThread: Thread started: Thread Group - until HTTP 503 - 208 users 1-104
2026-09-10 20:50:29,918 INFO o.a.j.t.JMeterThread: Thread started: Thread Group - until HTTP 503 - 208 users 1-105
2026-09-10 20:50:30,207 INFO o.a.j.t.JMeterThread: Thread started: Thread Group - until HTTP 503 - 208 users 1-106
2026-09-10 20:50:30,494 INFO o.a.j.t.JMeterThread: Thread started: Thread Group - until HTTP 503 - 208 users 1-107
2026-09-10 20:50:30,781 INFO o.a.j.t.JMeterThread: Thread started: Thread Group - until HTTP 503 - 208 users 1-108
2026-09-10 20:50:31,069 INFO o.a.j.t.JMeterThread: Thread started: Thread Group - until HTTP 503 - 208 users 1-109
2026-09-10 20:50:31,107 INFO o.a.j.r.Summariser: summary +    799 in 00:00:30 =   26.3/s Avg:  1823 Min:   515 Max:  3988 Err:   697 (87.23%) Active: 109 Started: 109 Finished: 0
2026-09-10 20:50:31,111 INFO o.a.j.r.Summariser: summary =    800 in 00:00:31 =   25.7/s Avg:  1821 Min:   515 Max:  3988 Err:   697 (87.12%)
2026-09-10 20:50:31,358 INFO o.a.j.t.JMeterThread: Thread started: Thread Group - until HTTP 503 - 208 users 1-110
2026-09-10 20:50:31,646 INFO o.a.j.t.JMeterThread: Thread started: Thread Group - until HTTP 503 - 208 users 1-111
2026-09-10 20:50:31,933 INFO o.a.j.t.JMeterThread: Thread started: Thread Group - until HTTP 503 - 208 users 1-112
2026-09-10 20:50:32,221 INFO o.a.j.t.JMeterThread: Thread started: Thread Group - until HTTP 503 - 208 users 1-113
2026-09-10 20:50:32,510 INFO o.a.j.t.JMeterThread: Thread started: Thread Group - until HTTP 503 - 208 users 1-114
2026-09-10 20:50:32,799 INFO o.a.j.t.JMeterThread: Thread started: Thread Group - until HTTP 503 - 208 users 1-115
2026-09-10 20:50:33,086 INFO o.a.j.t.JMeterThread: Thread started: Thread Group - until HTTP 503 - 208 users 1-116
2026-09-10 20:50:33,374 INFO o.a.j.t.JMeterThread: Thread started: Thread Group - until HTTP 503 - 208 users 1-117
2026-09-10 20:50:33,663 INFO o.a.j.t.JMeterThread: Thread started: Thread Group - until HTTP 503 - 208 users 1-118
2026-09-10 20:50:33,951 INFO o.a.j.t.JMeterThread: Thread started: Thread Group - until HTTP 503 - 208 users 1-119
2026-09-10 20:50:34,237 INFO o.a.j.t.JMeterThread: Thread started: Thread Group - until HTTP 503 - 208 users 1-120
2026-09-10 20:50:34,527 INFO o.a.j.t.JMeterThread: Thread started: Thread Group - until HTTP 503 - 208 users 1-121
2026-09-10 20:50:34,815 INFO o.a.j.t.JMeterThread: Thread started: Thread Group - until HTTP 503 - 208 users 1-122
2026-09-10 20:50:35,103 INFO o.a.j.t.JMeterThread: Thread started: Thread Group - until HTTP 503 - 208 users 1-123
2026-09-10 20:50:35,391 INFO o.a.j.t.JMeterThread: Thread started: Thread Group - until HTTP 503 - 208 users 1-124
2026-09-10 20:50:35,680 INFO o.a.j.t.JMeterThread: Thread started: Thread Group - until HTTP 503 - 208 users 1-125
2026-09-10 20:50:35,968 INFO o.a.j.t.JMeterThread: Thread started: Thread Group - until HTTP 503 - 208 users 1-126
2026-09-10 20:50:36,254 INFO o.a.j.t.JMeterThread: Thread started: Thread Group - until HTTP 503 - 208 users 1-127
2026-09-10 20:50:36,542 INFO o.a.j.t.JMeterThread: Thread started: Thread Group - until HTTP 503 - 208 users 1-128
2026-09-10 20:50:36,829 INFO o.a.j.t.JMeterThread: Thread started: Thread Group - until HTTP 503 - 208 users 1-129
2026-09-10 20:50:37,118 INFO o.a.j.t.JMeterThread: Thread started: Thread Group - until HTTP 503 - 208 users 1-130
2026-09-10 20:50:37,406 INFO o.a.j.t.JMeterThread: Thread started: Thread Group - until HTTP 503 - 208 users 1-131
2026-09-10 20:50:37,693 INFO o.a.j.t.JMeterThread: Thread started: Thread Group - until HTTP 503 - 208 users 1-132
2026-09-10 20:50:37,981 INFO o.a.j.t.JMeterThread: Thread started: Thread Group - until HTTP 503 - 208 users 1-133
2026-09-10 20:50:38,270 INFO o.a.j.t.JMeterThread: Thread started: Thread Group - until HTTP 503 - 208 users 1-134
2026-09-10 20:50:38,558 INFO o.a.j.t.JMeterThread: Thread started: Thread Group - until HTTP 503 - 208 users 1-135
2026-09-10 20:50:38,847 INFO o.a.j.t.JMeterThread: Thread started: Thread Group - until HTTP 503 - 208 users 1-136
2026-09-10 20:50:39,134 INFO o.a.j.t.JMeterThread: Thread started: Thread Group - until HTTP 503 - 208 users 1-137
2026-09-10 20:50:39,422 INFO o.a.j.t.JMeterThread: Thread started: Thread Group - until HTTP 503 - 208 users 1-138
2026-09-10 20:50:39,710 INFO o.a.j.t.JMeterThread: Thread started: Thread Group - until HTTP 503 - 208 users 1-139
2026-09-10 20:50:39,999 INFO o.a.j.t.JMeterThread: Thread started: Thread Group - until HTTP 503 - 208 users 1-140
2026-09-10 20:50:40,287 INFO o.a.j.t.JMeterThread: Thread started: Thread Group - until HTTP 503 - 208 users 1-141
2026-09-10 20:50:40,573 INFO o.a.j.t.JMeterThread: Thread started: Thread Group - until HTTP 503 - 208 users 1-142
2026-09-10 20:50:40,861 INFO o.a.j.t.JMeterThread: Thread started: Thread Group - until HTTP 503 - 208 users 1-143
2026-09-10 20:50:41,150 INFO o.a.j.t.JMeterThread: Thread started: Thread Group - until HTTP 503 - 208 users 1-144
2026-09-10 20:50:41,439 INFO o.a.j.t.JMeterThread: Thread started: Thread Group - until HTTP 503 - 208 users 1-145
2026-09-10 20:50:41,726 INFO o.a.j.t.JMeterThread: Thread started: Thread Group - until HTTP 503 - 208 users 1-146
2026-09-10 20:50:42,015 INFO o.a.j.t.JMeterThread: Thread started: Thread Group - until HTTP 503 - 208 users 1-147
2026-09-10 20:50:42,302 INFO o.a.j.t.JMeterThread: Thread started: Thread Group - until HTTP 503 - 208 users 1-148
2026-09-10 20:50:42,592 INFO o.a.j.t.JMeterThread: Thread started: Thread Group - until HTTP 503 - 208 users 1-149
2026-09-10 20:50:42,878 INFO o.a.j.t.JMeterThread: Thread started: Thread Group - until HTTP 503 - 208 users 1-150
2026-09-10 20:50:43,167 INFO o.a.j.t.JMeterThread: Thread started: Thread Group - until HTTP 503 - 208 users 1-151
2026-09-10 20:50:43,459 INFO o.a.j.t.JMeterThread: Thread started: Thread Group - until HTTP 503 - 208 users 1-152
2026-09-10 20:50:43,746 INFO o.a.j.t.JMeterThread: Thread started: Thread Group - until HTTP 503 - 208 users 1-153
2026-09-10 20:50:44,035 INFO o.a.j.t.JMeterThread: Thread started: Thread Group - until HTTP 503 - 208 users 1-154
2026-09-10 20:50:44,321 INFO o.a.j.t.JMeterThread: Thread started: Thread Group - until HTTP 503 - 208 users 1-155
2026-09-10 20:50:44,610 INFO o.a.j.t.JMeterThread: Thread started: Thread Group - until HTTP 503 - 208 users 1-156
2026-09-10 20:50:44,898 INFO o.a.j.t.JMeterThread: Thread started: Thread Group - until HTTP 503 - 208 users 1-157
2026-09-10 20:50:45,185 INFO o.a.j.t.JMeterThread: Thread started: Thread Group - until HTTP 503 - 208 users 1-158
2026-09-10 20:50:45,474 INFO o.a.j.t.JMeterThread: Thread started: Thread Group - until HTTP 503 - 208 users 1-159
2026-09-10 20:50:45,761 INFO o.a.j.t.JMeterThread: Thread started: Thread Group - until HTTP 503 - 208 users 1-160
2026-09-10 20:50:46,048 INFO o.a.j.t.JMeterThread: Thread started: Thread Group - until HTTP 503 - 208 users 1-161
2026-09-10 20:50:46,336 INFO o.a.j.t.JMeterThread: Thread started: Thread Group - until HTTP 503 - 208 users 1-162
2026-09-10 20:50:46,624 INFO o.a.j.t.JMeterThread: Thread started: Thread Group - until HTTP 503 - 208 users 1-163
2026-09-10 20:50:46,912 INFO o.a.j.t.JMeterThread: Thread started: Thread Group - until HTTP 503 - 208 users 1-164
2026-09-10 20:50:47,201 INFO o.a.j.t.JMeterThread: Thread started: Thread Group - until HTTP 503 - 208 users 1-165
2026-09-10 20:50:47,488 INFO o.a.j.t.JMeterThread: Thread started: Thread Group - until HTTP 503 - 208 users 1-166
2026-09-10 20:50:47,776 INFO o.a.j.t.JMeterThread: Thread started: Thread Group - until HTTP 503 - 208 users 1-167
2026-09-10 20:50:48,067 INFO o.a.j.t.JMeterThread: Thread started: Thread Group - until HTTP 503 - 208 users 1-168
2026-09-10 20:50:48,353 INFO o.a.j.t.JMeterThread: Thread started: Thread Group - until HTTP 503 - 208 users 1-169
2026-09-10 20:50:48,638 INFO o.a.j.t.JMeterThread: Thread started: Thread Group - until HTTP 503 - 208 users 1-170
2026-09-10 20:50:48,926 INFO o.a.j.t.JMeterThread: Thread started: Thread Group - until HTTP 503 - 208 users 1-171
2026-09-10 20:50:49,217 INFO o.a.j.t.JMeterThread: Thread started: Thread Group - until HTTP 503 - 208 users 1-172
2026-09-10 20:50:49,503 INFO o.a.j.t.JMeterThread: Thread started: Thread Group - until HTTP 503 - 208 users 1-173
2026-09-10 20:50:49,790 INFO o.a.j.t.JMeterThread: Thread started: Thread Group - until HTTP 503 - 208 users 1-174
2026-09-10 20:50:50,079 INFO o.a.j.t.JMeterThread: Thread started: Thread Group - until HTTP 503 - 208 users 1-175
2026-09-10 20:50:50,367 INFO o.a.j.t.JMeterThread: Thread started: Thread Group - until HTTP 503 - 208 users 1-176
2026-09-10 20:50:50,655 INFO o.a.j.t.JMeterThread: Thread started: Thread Group - until HTTP 503 - 208 users 1-177
2026-09-10 20:50:50,942 INFO o.a.j.t.JMeterThread: Thread started: Thread Group - until HTTP 503 - 208 users 1-178
2026-09-10 20:50:51,231 INFO o.a.j.t.JMeterThread: Thread started: Thread Group - until HTTP 503 - 208 users 1-179
2026-09-10 20:50:51,518 INFO o.a.j.t.JMeterThread: Thread started: Thread Group - until HTTP 503 - 208 users 1-180
2026-09-10 20:50:51,807 INFO o.a.j.t.JMeterThread: Thread started: Thread Group - until HTTP 503 - 208 users 1-181
2026-09-10 20:50:52,095 INFO o.a.j.t.JMeterThread: Thread started: Thread Group - until HTTP 503 - 208 users 1-182
2026-09-10 20:50:52,384 INFO o.a.j.t.JMeterThread: Thread started: Thread Group - until HTTP 503 - 208 users 1-183
2026-09-10 20:50:52,669 INFO o.a.j.t.JMeterThread: Thread started: Thread Group - until HTTP 503 - 208 users 1-184
2026-09-10 20:50:52,958 INFO o.a.j.t.JMeterThread: Thread started: Thread Group - until HTTP 503 - 208 users 1-185
2026-09-10 20:50:53,246 INFO o.a.j.t.JMeterThread: Thread started: Thread Group - until HTTP 503 - 208 users 1-186
2026-09-10 20:50:53,536 INFO o.a.j.t.JMeterThread: Thread started: Thread Group - until HTTP 503 - 208 users 1-187
2026-09-10 20:50:53,829 INFO o.a.j.t.JMeterThread: Thread started: Thread Group - until HTTP 503 - 208 users 1-188
2026-09-10 20:50:54,116 INFO o.a.j.t.JMeterThread: Thread started: Thread Group - until HTTP 503 - 208 users 1-189
2026-09-10 20:50:54,398 INFO o.a.j.t.JMeterThread: Thread started: Thread Group - until HTTP 503 - 208 users 1-190
2026-09-10 20:50:54,687 INFO o.a.j.t.JMeterThread: Thread started: Thread Group - until HTTP 503 - 208 users 1-191
2026-09-10 20:50:54,980 INFO o.a.j.t.JMeterThread: Thread started: Thread Group - until HTTP 503 - 208 users 1-192
2026-09-10 20:50:55,267 INFO o.a.j.t.JMeterThread: Thread started: Thread Group - until HTTP 503 - 208 users 1-193
2026-09-10 20:50:55,551 INFO o.a.j.t.JMeterThread: Thread started: Thread Group - until HTTP 503 - 208 users 1-194
2026-09-10 20:50:55,838 INFO o.a.j.t.JMeterThread: Thread started: Thread Group - until HTTP 503 - 208 users 1-195
2026-09-10 20:50:56,130 INFO o.a.j.t.JMeterThread: Thread started: Thread Group - until HTTP 503 - 208 users 1-196
2026-09-10 20:50:56,418 INFO o.a.j.t.JMeterThread: Thread started: Thread Group - until HTTP 503 - 208 users 1-197
2026-09-10 20:50:56,703 INFO o.a.j.t.JMeterThread: Thread started: Thread Group - until HTTP 503 - 208 users 1-198
2026-09-10 20:50:56,990 INFO o.a.j.t.JMeterThread: Thread started: Thread Group - until HTTP 503 - 208 users 1-199
2026-09-10 20:50:57,283 INFO o.a.j.t.JMeterThread: Thread started: Thread Group - until HTTP 503 - 208 users 1-200
2026-09-10 20:50:57,570 INFO o.a.j.t.JMeterThread: Thread started: Thread Group - until HTTP 503 - 208 users 1-201
2026-09-10 20:50:57,855 INFO o.a.j.t.JMeterThread: Thread started: Thread Group - until HTTP 503 - 208 users 1-202
2026-09-10 20:50:58,144 INFO o.a.j.t.JMeterThread: Thread started: Thread Group - until HTTP 503 - 208 users 1-203
2026-09-10 20:50:58,434 INFO o.a.j.t.JMeterThread: Thread started: Thread Group - until HTTP 503 - 208 users 1-204
2026-09-10 20:50:58,722 INFO o.a.j.t.JMeterThread: Thread started: Thread Group - until HTTP 503 - 208 users 1-205
2026-09-10 20:50:59,007 INFO o.a.j.t.JMeterThread: Thread started: Thread Group - until HTTP 503 - 208 users 1-206
2026-09-10 20:50:59,295 INFO o.a.j.t.JMeterThread: Thread started: Thread Group - until HTTP 503 - 208 users 1-207
2026-09-10 20:50:59,584 INFO o.a.j.t.JMeterThread: Thread started: Thread Group - until HTTP 503 - 208 users 1-208
2026-09-10 20:51:01,484 INFO o.a.j.r.Summariser: summary +    814 in 00:00:30 =   26.8/s Avg:  5270 Min:  2473 Max: 10125 Err:   814 (100.00%) Active: 208 Started: 208 Finished: 0
2026-09-10 20:51:01,485 INFO o.a.j.r.Summariser: summary =   1614 in 00:01:02 =   26.2/s Avg:  3560 Min:   515 Max: 10125 Err:  1511 (93.62%)
2026-09-10 20:51:30,859 INFO o.a.j.t.JMeterThread: Stopping because end time detected by thread: Thread Group - until HTTP 503 - 208 users 1-148
2026-09-10 20:51:30,859 INFO o.a.j.t.JMeterThread: Stopping because end time detected by thread: Thread Group - until HTTP 503 - 208 users 1-101
2026-09-10 20:51:30,859 INFO o.a.j.t.JMeterThread: Stopping because end time detected by thread: Thread Group - until HTTP 503 - 208 users 1-147
2026-09-10 20:51:30,859 INFO o.a.j.r.Summariser: summary +    834 in 00:00:29 =   28.4/s Avg:  7240 Min:  4420 Max: 11200 Err:   834 (100.00%) Active: 208 Started: 208 Finished: 0
2026-09-10 20:51:30,859 INFO o.a.j.t.JMeterThread: Stopping because end time detected by thread: Thread Group - until HTTP 503 - 208 users 1-117
2026-09-10 20:51:30,859 INFO o.a.j.t.JMeterThread: Stopping because end time detected by thread: Thread Group - until HTTP 503 - 208 users 1-168
2026-09-10 20:51:30,860 INFO o.a.j.t.JMeterThread: Thread finished: Thread Group - until HTTP 503 - 208 users 1-101
2026-09-10 20:51:30,860 INFO o.a.j.t.JMeterThread: Thread finished: Thread Group - until HTTP 503 - 208 users 1-168
2026-09-10 20:51:30,860 INFO o.a.j.t.JMeterThread: Thread finished: Thread Group - until HTTP 503 - 208 users 1-117
2026-09-10 20:51:30,860 INFO o.a.j.t.JMeterThread: Stopping because end time detected by thread: Thread Group - until HTTP 503 - 208 users 1-111
2026-09-10 20:51:30,860 INFO o.a.j.t.JMeterThread: Stopping because end time detected by thread: Thread Group - until HTTP 503 - 208 users 1-150
2026-09-10 20:51:30,859 INFO o.a.j.t.JMeterThread: Stopping because end time detected by thread: Thread Group - until HTTP 503 - 208 users 1-146
2026-09-10 20:51:30,860 INFO o.a.j.t.JMeterThread: Stopping because end time detected by thread: Thread Group - until HTTP 503 - 208 users 1-175
2026-09-10 20:51:30,859 INFO o.a.j.t.JMeterThread: Stopping because end time detected by thread: Thread Group - until HTTP 503 - 208 users 1-204
2026-09-10 20:51:30,860 INFO o.a.j.t.JMeterThread: Thread finished: Thread Group - until HTTP 503 - 208 users 1-146
2026-09-10 20:51:30,860 INFO o.a.j.t.JMeterThread: Thread finished: Thread Group - until HTTP 503 - 208 users 1-175
2026-09-10 20:51:30,860 INFO o.a.j.t.JMeterThread: Thread finished: Thread Group - until HTTP 503 - 208 users 1-204
2026-09-10 20:51:30,860 INFO o.a.j.t.JMeterThread: Thread finished: Thread Group - until HTTP 503 - 208 users 1-148
2026-09-10 20:51:30,860 INFO o.a.j.t.JMeterThread: Thread finished: Thread Group - until HTTP 503 - 208 users 1-147
2026-09-10 20:51:30,860 INFO o.a.j.t.JMeterThread: Stopping because end time detected by thread: Thread Group - until HTTP 503 - 208 users 1-98
2026-09-10 20:51:30,860 INFO o.a.j.t.JMeterThread: Thread finished: Thread Group - until HTTP 503 - 208 users 1-150
2026-09-10 20:51:30,860 INFO o.a.j.t.JMeterThread: Thread finished: Thread Group - until HTTP 503 - 208 users 1-98
2026-09-10 20:51:30,860 INFO o.a.j.t.JMeterThread: Thread finished: Thread Group - until HTTP 503 - 208 users 1-111
2026-09-10 20:51:30,860 INFO o.a.j.t.JMeterThread: Stopping because end time detected by thread: Thread Group - until HTTP 503 - 208 users 1-64
2026-09-10 20:51:30,861 INFO o.a.j.t.JMeterThread: Thread finished: Thread Group - until HTTP 503 - 208 users 1-64
2026-09-10 20:51:30,861 INFO o.a.j.t.JMeterThread: Stopping because end time detected by thread: Thread Group - until HTTP 503 - 208 users 1-108
2026-09-10 20:51:30,861 INFO o.a.j.t.JMeterThread: Thread finished: Thread Group - until HTTP 503 - 208 users 1-108
2026-09-10 20:51:30,861 INFO o.a.j.t.JMeterThread: Stopping because end time detected by thread: Thread Group - until HTTP 503 - 208 users 1-106
2026-09-10 20:51:30,861 INFO o.a.j.t.JMeterThread: Thread finished: Thread Group - until HTTP 503 - 208 users 1-106
2026-09-10 20:51:30,861 INFO o.a.j.t.JMeterThread: Stopping because end time detected by thread: Thread Group - until HTTP 503 - 208 users 1-114
2026-09-10 20:51:30,861 INFO o.a.j.t.JMeterThread: Thread finished: Thread Group - until HTTP 503 - 208 users 1-114
2026-09-10 20:51:30,862 INFO o.a.j.t.JMeterThread: Stopping because end time detected by thread: Thread Group - until HTTP 503 - 208 users 1-138
2026-09-10 20:51:30,862 INFO o.a.j.t.JMeterThread: Thread finished: Thread Group - until HTTP 503 - 208 users 1-138
2026-09-10 20:51:30,864 INFO o.a.j.t.JMeterThread: Stopping because end time detected by thread: Thread Group - until HTTP 503 - 208 users 1-196
2026-09-10 20:51:30,864 INFO o.a.j.t.JMeterThread: Thread finished: Thread Group - until HTTP 503 - 208 users 1-196
2026-09-10 20:51:30,864 INFO o.a.j.r.Summariser: summary =   2448 in 00:01:31 =   26.9/s Avg:  4814 Min:   515 Max: 11200 Err:  2345 (95.79%)
2026-09-10 20:51:30,864 INFO o.a.j.t.JMeterThread: Stopping because end time detected by thread: Thread Group - until HTTP 503 - 208 users 1-136
2026-09-10 20:51:30,864 INFO o.a.j.t.JMeterThread: Thread finished: Thread Group - until HTTP 503 - 208 users 1-136
2026-09-10 20:51:30,864 INFO o.a.j.t.JMeterThread: Stopping because end time detected by thread: Thread Group - until HTTP 503 - 208 users 1-67
2026-09-10 20:51:30,864 INFO o.a.j.t.JMeterThread: Stopping because end time detected by thread: Thread Group - until HTTP 503 - 208 users 1-109
2026-09-10 20:51:30,864 INFO o.a.j.t.JMeterThread: Thread finished: Thread Group - until HTTP 503 - 208 users 1-67
2026-09-10 20:51:30,864 INFO o.a.j.t.JMeterThread: Thread finished: Thread Group - until HTTP 503 - 208 users 1-109
2026-09-10 20:51:30,864 INFO o.a.j.t.JMeterThread: Stopping because end time detected by thread: Thread Group - until HTTP 503 - 208 users 1-49
2026-09-10 20:51:30,864 INFO o.a.j.t.JMeterThread: Stopping because end time detected by thread: Thread Group - until HTTP 503 - 208 users 1-116
2026-09-10 20:51:30,864 INFO o.a.j.t.JMeterThread: Thread finished: Thread Group - until HTTP 503 - 208 users 1-49
2026-09-10 20:51:30,864 INFO o.a.j.t.JMeterThread: Thread finished: Thread Group - until HTTP 503 - 208 users 1-116
2026-09-10 20:51:30,864 INFO o.a.j.t.JMeterThread: Stopping because end time detected by thread: Thread Group - until HTTP 503 - 208 users 1-54
2026-09-10 20:51:30,865 INFO o.a.j.t.JMeterThread: Thread finished: Thread Group - until HTTP 503 - 208 users 1-54
2026-09-10 20:51:30,865 INFO o.a.j.t.JMeterThread: Stopping because end time detected by thread: Thread Group - until HTTP 503 - 208 users 1-120
2026-09-10 20:51:30,865 INFO o.a.j.t.JMeterThread: Stopping because end time detected by thread: Thread Group - until HTTP 503 - 208 users 1-79
2026-09-10 20:51:30,865 INFO o.a.j.t.JMeterThread: Thread finished: Thread Group - until HTTP 503 - 208 users 1-120
2026-09-10 20:51:30,865 INFO o.a.j.t.JMeterThread: Stopping because end time detected by thread: Thread Group - until HTTP 503 - 208 users 1-124
2026-09-10 20:51:30,865 INFO o.a.j.t.JMeterThread: Thread finished: Thread Group - until HTTP 503 - 208 users 1-124
2026-09-10 20:51:30,865 INFO o.a.j.t.JMeterThread: Stopping because end time detected by thread: Thread Group - until HTTP 503 - 208 users 1-95
2026-09-10 20:51:30,865 INFO o.a.j.t.JMeterThread: Stopping because end time detected by thread: Thread Group - until HTTP 503 - 208 users 1-121
2026-09-10 20:51:30,865 INFO o.a.j.t.JMeterThread: Thread finished: Thread Group - until HTTP 503 - 208 users 1-95
2026-09-10 20:51:30,865 INFO o.a.j.t.JMeterThread: Thread finished: Thread Group - until HTTP 503 - 208 users 1-79
2026-09-10 20:51:30,865 INFO o.a.j.t.JMeterThread: Stopping because end time detected by thread: Thread Group - until HTTP 503 - 208 users 1-140
2026-09-10 20:51:30,865 INFO o.a.j.t.JMeterThread: Thread finished: Thread Group - until HTTP 503 - 208 users 1-121
2026-09-10 20:51:30,865 INFO o.a.j.t.JMeterThread: Thread finished: Thread Group - until HTTP 503 - 208 users 1-140
2026-09-10 20:51:30,865 INFO o.a.j.t.JMeterThread: Stopping because end time detected by thread: Thread Group - until HTTP 503 - 208 users 1-207
2026-09-10 20:51:30,866 INFO o.a.j.t.JMeterThread: Thread finished: Thread Group - until HTTP 503 - 208 users 1-207
2026-09-10 20:51:30,866 INFO o.a.j.t.JMeterThread: Stopping because end time detected by thread: Thread Group - until HTTP 503 - 208 users 1-18
2026-09-10 20:51:30,866 INFO o.a.j.t.JMeterThread: Thread finished: Thread Group - until HTTP 503 - 208 users 1-18
2026-09-10 20:51:30,866 INFO o.a.j.t.JMeterThread: Stopping because end time detected by thread: Thread Group - until HTTP 503 - 208 users 1-152
2026-09-10 20:51:30,866 INFO o.a.j.t.JMeterThread: Stopping because end time detected by thread: Thread Group - until HTTP 503 - 208 users 1-134
2026-09-10 20:51:30,866 INFO o.a.j.t.JMeterThread: Thread finished: Thread Group - until HTTP 503 - 208 users 1-152
2026-09-10 20:51:30,866 INFO o.a.j.t.JMeterThread: Stopping because end time detected by thread: Thread Group - until HTTP 503 - 208 users 1-195
2026-09-10 20:51:30,866 INFO o.a.j.t.JMeterThread: Thread finished: Thread Group - until HTTP 503 - 208 users 1-134
2026-09-10 20:51:30,866 INFO o.a.j.t.JMeterThread: Stopping because end time detected by thread: Thread Group - until HTTP 503 - 208 users 1-55
2026-09-10 20:51:30,866 INFO o.a.j.t.JMeterThread: Thread finished: Thread Group - until HTTP 503 - 208 users 1-195
2026-09-10 20:51:30,866 INFO o.a.j.t.JMeterThread: Thread finished: Thread Group - until HTTP 503 - 208 users 1-55
2026-09-10 20:51:30,866 INFO o.a.j.t.JMeterThread: Stopping because end time detected by thread: Thread Group - until HTTP 503 - 208 users 1-32
2026-09-10 20:51:30,866 INFO o.a.j.t.JMeterThread: Thread finished: Thread Group - until HTTP 503 - 208 users 1-32
2026-09-10 20:51:30,866 INFO o.a.j.t.JMeterThread: Stopping because end time detected by thread: Thread Group - until HTTP 503 - 208 users 1-37
2026-09-10 20:51:30,866 INFO o.a.j.t.JMeterThread: Stopping because end time detected by thread: Thread Group - until HTTP 503 - 208 users 1-33
2026-09-10 20:51:30,866 INFO o.a.j.t.JMeterThread: Thread finished: Thread Group - until HTTP 503 - 208 users 1-37
2026-09-10 20:51:30,866 INFO o.a.j.t.JMeterThread: Thread finished: Thread Group - until HTTP 503 - 208 users 1-33
2026-09-10 20:51:31,004 INFO o.a.j.t.JMeterThread: Stopping because end time detected by thread: Thread Group - until HTTP 503 - 208 users 1-12
2026-09-10 20:51:31,004 INFO o.a.j.t.JMeterThread: Stopping because end time detected by thread: Thread Group - until HTTP 503 - 208 users 1-57
2026-09-10 20:51:31,004 INFO o.a.j.t.JMeterThread: Stopping because end time detected by thread: Thread Group - until HTTP 503 - 208 users 1-14
2026-09-10 20:51:31,004 INFO o.a.j.t.JMeterThread: Stopping because end time detected by thread: Thread Group - until HTTP 503 - 208 users 1-90
2026-09-10 20:51:31,004 INFO o.a.j.t.JMeterThread: Stopping because end time detected by thread: Thread Group - until HTTP 503 - 208 users 1-43
2026-09-10 20:51:31,005 INFO o.a.j.t.JMeterThread: Thread finished: Thread Group - until HTTP 503 - 208 users 1-90
2026-09-10 20:51:31,005 INFO o.a.j.t.JMeterThread: Stopping because end time detected by thread: Thread Group - until HTTP 503 - 208 users 1-92
2026-09-10 20:51:31,005 INFO o.a.j.t.JMeterThread: Thread finished: Thread Group - until HTTP 503 - 208 users 1-92
2026-09-10 20:51:31,005 INFO o.a.j.t.JMeterThread: Stopping because end time detected by thread: Thread Group - until HTTP 503 - 208 users 1-102
2026-09-10 20:51:31,004 INFO o.a.j.t.JMeterThread: Stopping because end time detected by thread: Thread Group - until HTTP 503 - 208 users 1-130
2026-09-10 20:51:31,006 INFO o.a.j.t.JMeterThread: Thread finished: Thread Group - until HTTP 503 - 208 users 1-130
2026-09-10 20:51:31,006 INFO o.a.j.t.JMeterThread: Thread finished: Thread Group - until HTTP 503 - 208 users 1-12
2026-09-10 20:51:31,006 INFO o.a.j.t.JMeterThread: Stopping because end time detected by thread: Thread Group - until HTTP 503 - 208 users 1-103
2026-09-10 20:51:31,006 INFO o.a.j.t.JMeterThread: Stopping because end time detected by thread: Thread Group - until HTTP 503 - 208 users 1-185
2026-09-10 20:51:31,006 INFO o.a.j.t.JMeterThread: Stopping because end time detected by thread: Thread Group - until HTTP 503 - 208 users 1-5
2026-09-10 20:51:31,007 INFO o.a.j.t.JMeterThread: Thread finished: Thread Group - until HTTP 503 - 208 users 1-5
2026-09-10 20:51:31,007 INFO o.a.j.t.JMeterThread: Stopping because end time detected by thread: Thread Group - until HTTP 503 - 208 users 1-202
2026-09-10 20:51:31,004 INFO o.a.j.t.JMeterThread: Stopping because end time detected by thread: Thread Group - until HTTP 503 - 208 users 1-4
2026-09-10 20:51:31,007 INFO o.a.j.t.JMeterThread: Thread finished: Thread Group - until HTTP 503 - 208 users 1-202
2026-09-10 20:51:31,007 INFO o.a.j.t.JMeterThread: Thread finished: Thread Group - until HTTP 503 - 208 users 1-4
2026-09-10 20:51:31,004 INFO o.a.j.t.JMeterThread: Stopping because end time detected by thread: Thread Group - until HTTP 503 - 208 users 1-56
2026-09-10 20:51:31,007 INFO o.a.j.t.JMeterThread: Thread finished: Thread Group - until HTTP 503 - 208 users 1-56
2026-09-10 20:51:31,008 INFO o.a.j.t.JMeterThread: Thread finished: Thread Group - until HTTP 503 - 208 users 1-57
2026-09-10 20:51:31,008 INFO o.a.j.t.JMeterThread: Stopping because end time detected by thread: Thread Group - until HTTP 503 - 208 users 1-3
2026-09-10 20:51:31,008 INFO o.a.j.t.JMeterThread: Stopping because end time detected by thread: Thread Group - until HTTP 503 - 208 users 1-139
2026-09-10 20:51:31,008 INFO o.a.j.t.JMeterThread: Thread finished: Thread Group - until HTTP 503 - 208 users 1-139
2026-09-10 20:51:31,008 INFO o.a.j.t.JMeterThread: Thread finished: Thread Group - until HTTP 503 - 208 users 1-14
2026-09-10 20:51:31,008 INFO o.a.j.t.JMeterThread: Stopping because end time detected by thread: Thread Group - until HTTP 503 - 208 users 1-122
2026-09-10 20:51:31,003 INFO o.a.j.t.JMeterThread: Stopping because end time detected by thread: Thread Group - until HTTP 503 - 208 users 1-25
2026-09-10 20:51:31,008 INFO o.a.j.t.JMeterThread: Stopping because end time detected by thread: Thread Group - until HTTP 503 - 208 users 1-6
2026-09-10 20:51:31,009 INFO o.a.j.t.JMeterThread: Thread finished: Thread Group - until HTTP 503 - 208 users 1-6
2026-09-10 20:51:31,009 INFO o.a.j.t.JMeterThread: Stopping because end time detected by thread: Thread Group - until HTTP 503 - 208 users 1-77
2026-09-10 20:51:31,009 INFO o.a.j.t.JMeterThread: Stopping because end time detected by thread: Thread Group - until HTTP 503 - 208 users 1-71
2026-09-10 20:51:31,004 INFO o.a.j.t.JMeterThread: Stopping because end time detected by thread: Thread Group - until HTTP 503 - 208 users 1-21
2026-09-10 20:51:31,009 INFO o.a.j.t.JMeterThread: Thread finished: Thread Group - until HTTP 503 - 208 users 1-71
2026-09-10 20:51:31,009 INFO o.a.j.t.JMeterThread: Thread finished: Thread Group - until HTTP 503 - 208 users 1-21
2026-09-10 20:51:31,005 INFO o.a.j.t.JMeterThread: Thread finished: Thread Group - until HTTP 503 - 208 users 1-43
2026-09-10 20:51:31,009 INFO o.a.j.t.JMeterThread: Stopping because end time detected by thread: Thread Group - until HTTP 503 - 208 users 1-52
2026-09-10 20:51:31,010 INFO o.a.j.t.JMeterThread: Thread finished: Thread Group - until HTTP 503 - 208 users 1-52
2026-09-10 20:51:31,005 INFO o.a.j.t.JMeterThread: Stopping because end time detected by thread: Thread Group - until HTTP 503 - 208 users 1-11
2026-09-10 20:51:31,006 INFO o.a.j.t.JMeterThread: Stopping because end time detected by thread: Thread Group - until HTTP 503 - 208 users 1-112
2026-09-10 20:51:31,010 INFO o.a.j.t.JMeterThread: Stopping because end time detected by thread: Thread Group - until HTTP 503 - 208 users 1-58
2026-09-10 20:51:31,006 INFO o.a.j.t.JMeterThread: Stopping because end time detected by thread: Thread Group - until HTTP 503 - 208 users 1-29
2026-09-10 20:51:31,010 INFO o.a.j.t.JMeterThread: Thread finished: Thread Group - until HTTP 503 - 208 users 1-112
2026-09-10 20:51:31,006 INFO o.a.j.t.JMeterThread: Thread finished: Thread Group - until HTTP 503 - 208 users 1-103
2026-09-10 20:51:31,007 INFO o.a.j.t.JMeterThread: Thread finished: Thread Group - until HTTP 503 - 208 users 1-185
2026-09-10 20:51:31,010 INFO o.a.j.t.JMeterThread: Stopping because end time detected by thread: Thread Group - until HTTP 503 - 208 users 1-47
2026-09-10 20:51:31,007 INFO o.a.j.t.JMeterThread: Stopping because end time detected by thread: Thread Group - until HTTP 503 - 208 users 1-151
2026-09-10 20:51:31,010 INFO o.a.j.t.JMeterThread: Stopping because end time detected by thread: Thread Group - until HTTP 503 - 208 users 1-2
2026-09-10 20:51:31,007 INFO o.a.j.t.JMeterThread: Stopping because end time detected by thread: Thread Group - until HTTP 503 - 208 users 1-1
2026-09-10 20:51:31,010 INFO o.a.j.t.JMeterThread: Thread finished: Thread Group - until HTTP 503 - 208 users 1-151
2026-09-10 20:51:31,007 INFO o.a.j.t.JMeterThread: Stopping because end time detected by thread: Thread Group - until HTTP 503 - 208 users 1-200
2026-09-10 20:51:31,007 INFO o.a.j.t.JMeterThread: Stopping because end time detected by thread: Thread Group - until HTTP 503 - 208 users 1-119
2026-09-10 20:51:31,007 INFO o.a.j.t.JMeterThread: Stopping because end time detected by thread: Thread Group - until HTTP 503 - 208 users 1-201
2026-09-10 20:51:31,010 INFO o.a.j.t.JMeterThread: Thread finished: Thread Group - until HTTP 503 - 208 users 1-200
2026-09-10 20:51:31,007 INFO o.a.j.t.JMeterThread: Stopping because end time detected by thread: Thread Group - until HTTP 503 - 208 users 1-123
2026-09-10 20:51:31,008 INFO o.a.j.t.JMeterThread: Thread finished: Thread Group - until HTTP 503 - 208 users 1-3
2026-09-10 20:51:31,009 INFO o.a.j.t.JMeterThread: Thread finished: Thread Group - until HTTP 503 - 208 users 1-25
2026-09-10 20:51:31,009 INFO o.a.j.t.JMeterThread: Thread finished: Thread Group - until HTTP 503 - 208 users 1-77
2026-09-10 20:51:31,010 INFO o.a.j.t.JMeterThread: Thread finished: Thread Group - until HTTP 503 - 208 users 1-102
2026-09-10 20:51:31,010 INFO o.a.j.t.JMeterThread: Thread finished: Thread Group - until HTTP 503 - 208 users 1-11
2026-09-10 20:51:31,011 INFO o.a.j.t.JMeterThread: Thread finished: Thread Group - until HTTP 503 - 208 users 1-58
2026-09-10 20:51:31,011 INFO o.a.j.t.JMeterThread: Thread finished: Thread Group - until HTTP 503 - 208 users 1-29
2026-09-10 20:51:31,011 INFO o.a.j.t.JMeterThread: Thread finished: Thread Group - until HTTP 503 - 208 users 1-47
2026-09-10 20:51:31,010 INFO o.a.j.t.JMeterThread: Thread finished: Thread Group - until HTTP 503 - 208 users 1-1
2026-09-10 20:51:31,010 INFO o.a.j.t.JMeterThread: Thread finished: Thread Group - until HTTP 503 - 208 users 1-119
2026-09-10 20:51:31,010 INFO o.a.j.t.JMeterThread: Thread finished: Thread Group - until HTTP 503 - 208 users 1-201
2026-09-10 20:51:31,011 INFO o.a.j.t.JMeterThread: Thread finished: Thread Group - until HTTP 503 - 208 users 1-123
2026-09-10 20:51:31,011 INFO o.a.j.t.JMeterThread: Thread finished: Thread Group - until HTTP 503 - 208 users 1-122
2026-09-10 20:51:31,011 INFO o.a.j.t.JMeterThread: Thread finished: Thread Group - until HTTP 503 - 208 users 1-2
2026-09-10 20:51:31,398 INFO o.a.j.t.JMeterThread: Stopping because end time detected by thread: Thread Group - until HTTP 503 - 208 users 1-15
2026-09-10 20:51:31,400 INFO o.a.j.t.JMeterThread: Thread finished: Thread Group - until HTTP 503 - 208 users 1-15
2026-09-10 20:51:34,855 INFO o.a.j.t.JMeterThread: Stopping because end time detected by thread: Thread Group - until HTTP 503 - 208 users 1-44
2026-09-10 20:51:34,856 INFO o.a.j.t.JMeterThread: Stopping because end time detected by thread: Thread Group - until HTTP 503 - 208 users 1-83
2026-09-10 20:51:34,856 INFO o.a.j.t.JMeterThread: Stopping because end time detected by thread: Thread Group - until HTTP 503 - 208 users 1-60
2026-09-10 20:51:34,856 INFO o.a.j.t.JMeterThread: Stopping because end time detected by thread: Thread Group - until HTTP 503 - 208 users 1-59
2026-09-10 20:51:34,857 INFO o.a.j.t.JMeterThread: Stopping because end time detected by thread: Thread Group - until HTTP 503 - 208 users 1-165
2026-09-10 20:51:34,857 INFO o.a.j.t.JMeterThread: Stopping because end time detected by thread: Thread Group - until HTTP 503 - 208 users 1-193
2026-09-10 20:51:34,857 INFO o.a.j.t.JMeterThread: Thread finished: Thread Group - until HTTP 503 - 208 users 1-165
2026-09-10 20:51:34,857 INFO o.a.j.t.JMeterThread: Thread finished: Thread Group - until HTTP 503 - 208 users 1-193
2026-09-10 20:51:34,857 INFO o.a.j.t.JMeterThread: Stopping because end time detected by thread: Thread Group - until HTTP 503 - 208 users 1-23
2026-09-10 20:51:34,858 INFO o.a.j.t.JMeterThread: Thread finished: Thread Group - until HTTP 503 - 208 users 1-23
2026-09-10 20:51:34,858 INFO o.a.j.t.JMeterThread: Stopping because end time detected by thread: Thread Group - until HTTP 503 - 208 users 1-96
2026-09-10 20:51:34,858 INFO o.a.j.t.JMeterThread: Stopping because end time detected by thread: Thread Group - until HTTP 503 - 208 users 1-167
2026-09-10 20:51:34,858 INFO o.a.j.t.JMeterThread: Thread finished: Thread Group - until HTTP 503 - 208 users 1-96
2026-09-10 20:51:34,858 INFO o.a.j.t.JMeterThread: Stopping because end time detected by thread: Thread Group - until HTTP 503 - 208 users 1-129
2026-09-10 20:51:34,859 INFO o.a.j.t.JMeterThread: Thread finished: Thread Group - until HTTP 503 - 208 users 1-129
2026-09-10 20:51:34,859 INFO o.a.j.t.JMeterThread: Stopping because end time detected by thread: Thread Group - until HTTP 503 - 208 users 1-132
2026-09-10 20:51:34,859 INFO o.a.j.t.JMeterThread: Stopping because end time detected by thread: Thread Group - until HTTP 503 - 208 users 1-88
2026-09-10 20:51:34,859 INFO o.a.j.t.JMeterThread: Thread finished: Thread Group - until HTTP 503 - 208 users 1-88
2026-09-10 20:51:34,860 INFO o.a.j.t.JMeterThread: Stopping because end time detected by thread: Thread Group - until HTTP 503 - 208 users 1-76
2026-09-10 20:51:34,860 INFO o.a.j.t.JMeterThread: Thread finished: Thread Group - until HTTP 503 - 208 users 1-76
2026-09-10 20:51:34,860 INFO o.a.j.t.JMeterThread: Stopping because end time detected by thread: Thread Group - until HTTP 503 - 208 users 1-162
2026-09-10 20:51:34,860 INFO o.a.j.t.JMeterThread: Stopping because end time detected by thread: Thread Group - until HTTP 503 - 208 users 1-63
2026-09-10 20:51:34,860 INFO o.a.j.t.JMeterThread: Thread finished: Thread Group - until HTTP 503 - 208 users 1-162
2026-09-10 20:51:34,860 INFO o.a.j.t.JMeterThread: Thread finished: Thread Group - until HTTP 503 - 208 users 1-63
2026-09-10 20:51:34,860 INFO o.a.j.t.JMeterThread: Stopping because end time detected by thread: Thread Group - until HTTP 503 - 208 users 1-189
2026-09-10 20:51:34,860 INFO o.a.j.t.JMeterThread: Thread finished: Thread Group - until HTTP 503 - 208 users 1-189
2026-09-10 20:51:34,860 INFO o.a.j.t.JMeterThread: Stopping because end time detected by thread: Thread Group - until HTTP 503 - 208 users 1-17
2026-09-10 20:51:34,860 INFO o.a.j.t.JMeterThread: Thread finished: Thread Group - until HTTP 503 - 208 users 1-17
2026-09-10 20:51:34,860 INFO o.a.j.t.JMeterThread: Stopping because end time detected by thread: Thread Group - until HTTP 503 - 208 users 1-72
2026-09-10 20:51:34,860 INFO o.a.j.t.JMeterThread: Stopping because end time detected by thread: Thread Group - until HTTP 503 - 208 users 1-178
2026-09-10 20:51:34,860 INFO o.a.j.t.JMeterThread: Thread finished: Thread Group - until HTTP 503 - 208 users 1-72
2026-09-10 20:51:34,860 INFO o.a.j.t.JMeterThread: Thread finished: Thread Group - until HTTP 503 - 208 users 1-178
2026-09-10 20:51:34,860 INFO o.a.j.t.JMeterThread: Stopping because end time detected by thread: Thread Group - until HTTP 503 - 208 users 1-182
2026-09-10 20:51:34,860 INFO o.a.j.t.JMeterThread: Thread finished: Thread Group - until HTTP 503 - 208 users 1-182
2026-09-10 20:51:34,860 INFO o.a.j.t.JMeterThread: Stopping because end time detected by thread: Thread Group - until HTTP 503 - 208 users 1-24
2026-09-10 20:51:34,861 INFO o.a.j.t.JMeterThread: Stopping because end time detected by thread: Thread Group - until HTTP 503 - 208 users 1-198
2026-09-10 20:51:34,861 INFO o.a.j.t.JMeterThread: Stopping because end time detected by thread: Thread Group - until HTTP 503 - 208 users 1-161
2026-09-10 20:51:34,861 INFO o.a.j.t.JMeterThread: Thread finished: Thread Group - until HTTP 503 - 208 users 1-198
2026-09-10 20:51:34,861 INFO o.a.j.t.JMeterThread: Thread finished: Thread Group - until HTTP 503 - 208 users 1-161
2026-09-10 20:51:34,861 INFO o.a.j.t.JMeterThread: Stopping because end time detected by thread: Thread Group - until HTTP 503 - 208 users 1-61
2026-09-10 20:51:34,861 INFO o.a.j.t.JMeterThread: Stopping because end time detected by thread: Thread Group - until HTTP 503 - 208 users 1-89
2026-09-10 20:51:34,861 INFO o.a.j.t.JMeterThread: Thread finished: Thread Group - until HTTP 503 - 208 users 1-89
2026-09-10 20:51:34,861 INFO o.a.j.t.JMeterThread: Stopping because end time detected by thread: Thread Group - until HTTP 503 - 208 users 1-199
2026-09-10 20:51:34,856 INFO o.a.j.t.JMeterThread: Stopping because end time detected by thread: Thread Group - until HTTP 503 - 208 users 1-45
2026-09-10 20:51:34,861 INFO o.a.j.t.JMeterThread: Thread finished: Thread Group - until HTTP 503 - 208 users 1-199
2026-09-10 20:51:34,861 INFO o.a.j.t.JMeterThread: Thread finished: Thread Group - until HTTP 503 - 208 users 1-45
2026-09-10 20:51:34,861 INFO o.a.j.t.JMeterThread: Stopping because end time detected by thread: Thread Group - until HTTP 503 - 208 users 1-166
2026-09-10 20:51:34,861 INFO o.a.j.t.JMeterThread: Stopping because end time detected by thread: Thread Group - until HTTP 503 - 208 users 1-183
2026-09-10 20:51:34,861 INFO o.a.j.t.JMeterThread: Stopping because end time detected by thread: Thread Group - until HTTP 503 - 208 users 1-176
2026-09-10 20:51:34,861 INFO o.a.j.t.JMeterThread: Thread finished: Thread Group - until HTTP 503 - 208 users 1-183
2026-09-10 20:51:34,861 INFO o.a.j.t.JMeterThread: Thread finished: Thread Group - until HTTP 503 - 208 users 1-176
2026-09-10 20:51:34,861 INFO o.a.j.t.JMeterThread: Stopping because end time detected by thread: Thread Group - until HTTP 503 - 208 users 1-187
2026-09-10 20:51:34,861 INFO o.a.j.t.JMeterThread: Thread finished: Thread Group - until HTTP 503 - 208 users 1-187
2026-09-10 20:51:34,861 INFO o.a.j.t.JMeterThread: Stopping because end time detected by thread: Thread Group - until HTTP 503 - 208 users 1-177
2026-09-10 20:51:34,861 INFO o.a.j.t.JMeterThread: Stopping because end time detected by thread: Thread Group - until HTTP 503 - 208 users 1-155
2026-09-10 20:51:34,861 INFO o.a.j.t.JMeterThread: Stopping because end time detected by thread: Thread Group - until HTTP 503 - 208 users 1-157
2026-09-10 20:51:34,861 INFO o.a.j.t.JMeterThread: Thread finished: Thread Group - until HTTP 503 - 208 users 1-177
2026-09-10 20:51:34,861 INFO o.a.j.t.JMeterThread: Thread finished: Thread Group - until HTTP 503 - 208 users 1-157
2026-09-10 20:51:34,861 INFO o.a.j.t.JMeterThread: Stopping because end time detected by thread: Thread Group - until HTTP 503 - 208 users 1-194
2026-09-10 20:51:34,861 INFO o.a.j.t.JMeterThread: Thread finished: Thread Group - until HTTP 503 - 208 users 1-194
2026-09-10 20:51:34,861 INFO o.a.j.t.JMeterThread: Stopping because end time detected by thread: Thread Group - until HTTP 503 - 208 users 1-128
2026-09-10 20:51:34,861 INFO o.a.j.t.JMeterThread: Stopping because end time detected by thread: Thread Group - until HTTP 503 - 208 users 1-208
2026-09-10 20:51:34,861 INFO o.a.j.t.JMeterThread: Stopping because end time detected by thread: Thread Group - until HTTP 503 - 208 users 1-156
2026-09-10 20:51:34,862 INFO o.a.j.t.JMeterThread: Thread finished: Thread Group - until HTTP 503 - 208 users 1-208
2026-09-10 20:51:34,862 INFO o.a.j.t.JMeterThread: Stopping because end time detected by thread: Thread Group - until HTTP 503 - 208 users 1-28
2026-09-10 20:51:34,856 INFO o.a.j.t.JMeterThread: Thread finished: Thread Group - until HTTP 503 - 208 users 1-44
2026-09-10 20:51:34,862 INFO o.a.j.t.JMeterThread: Stopping because end time detected by thread: Thread Group - until HTTP 503 - 208 users 1-85
2026-09-10 20:51:34,856 INFO o.a.j.t.JMeterThread: Stopping because end time detected by thread: Thread Group - until HTTP 503 - 208 users 1-197
2026-09-10 20:51:34,856 INFO o.a.j.t.JMeterThread: Stopping because end time detected by thread: Thread Group - until HTTP 503 - 208 users 1-53
2026-09-10 20:51:34,856 INFO o.a.j.t.JMeterThread: Stopping because end time detected by thread: Thread Group - until HTTP 503 - 208 users 1-144
2026-09-10 20:51:34,862 INFO o.a.j.t.JMeterThread: Thread finished: Thread Group - until HTTP 503 - 208 users 1-53
2026-09-10 20:51:34,856 INFO o.a.j.t.JMeterThread: Thread finished: Thread Group - until HTTP 503 - 208 users 1-83
2026-09-10 20:51:34,856 INFO o.a.j.t.JMeterThread: Stopping because end time detected by thread: Thread Group - until HTTP 503 - 208 users 1-84
2026-09-10 20:51:34,857 INFO o.a.j.t.JMeterThread: Thread finished: Thread Group - until HTTP 503 - 208 users 1-59
2026-09-10 20:51:34,857 INFO o.a.j.t.JMeterThread: Thread finished: Thread Group - until HTTP 503 - 208 users 1-60
2026-09-10 20:51:34,857 INFO o.a.j.t.JMeterThread: Stopping because end time detected by thread: Thread Group - until HTTP 503 - 208 users 1-81
2026-09-10 20:51:34,857 INFO o.a.j.t.JMeterThread: Stopping because end time detected by thread: Thread Group - until HTTP 503 - 208 users 1-191
2026-09-10 20:51:34,862 INFO o.a.j.t.JMeterThread: Thread finished: Thread Group - until HTTP 503 - 208 users 1-81
2026-09-10 20:51:34,862 INFO o.a.j.t.JMeterThread: Thread finished: Thread Group - until HTTP 503 - 208 users 1-191
2026-09-10 20:51:34,857 INFO o.a.j.t.JMeterThread: Stopping because end time detected by thread: Thread Group - until HTTP 503 - 208 users 1-163
2026-09-10 20:51:34,862 INFO o.a.j.t.JMeterThread: Thread finished: Thread Group - until HTTP 503 - 208 users 1-163
2026-09-10 20:51:34,857 INFO o.a.j.t.JMeterThread: Stopping because end time detected by thread: Thread Group - until HTTP 503 - 208 users 1-65
2026-09-10 20:51:34,862 INFO o.a.j.t.JMeterThread: Thread finished: Thread Group - until HTTP 503 - 208 users 1-65
2026-09-10 20:51:34,858 INFO o.a.j.t.JMeterThread: Stopping because end time detected by thread: Thread Group - until HTTP 503 - 208 users 1-188
2026-09-10 20:51:34,858 INFO o.a.j.t.JMeterThread: Stopping because end time detected by thread: Thread Group - until HTTP 503 - 208 users 1-110
2026-09-10 20:51:34,863 INFO o.a.j.t.JMeterThread: Thread finished: Thread Group - until HTTP 503 - 208 users 1-110
2026-09-10 20:51:34,858 INFO o.a.j.t.JMeterThread: Thread finished: Thread Group - until HTTP 503 - 208 users 1-167
2026-09-10 20:51:34,863 INFO o.a.j.t.JMeterThread: Stopping because end time detected by thread: Thread Group - until HTTP 503 - 208 users 1-30
2026-09-10 20:51:34,858 INFO o.a.j.t.JMeterThread: Stopping because end time detected by thread: Thread Group - until HTTP 503 - 208 users 1-66
2026-09-10 20:51:34,863 INFO o.a.j.t.JMeterThread: Thread finished: Thread Group - until HTTP 503 - 208 users 1-30
2026-09-10 20:51:34,863 INFO o.a.j.t.JMeterThread: Thread finished: Thread Group - until HTTP 503 - 208 users 1-66
2026-09-10 20:51:34,858 INFO o.a.j.t.JMeterThread: Stopping because end time detected by thread: Thread Group - until HTTP 503 - 208 users 1-190
2026-09-10 20:51:34,859 INFO o.a.j.t.JMeterThread: Stopping because end time detected by thread: Thread Group - until HTTP 503 - 208 users 1-70
2026-09-10 20:51:34,859 INFO o.a.j.t.JMeterThread: Stopping because end time detected by thread: Thread Group - until HTTP 503 - 208 users 1-62
2026-09-10 20:51:34,859 INFO o.a.j.t.JMeterThread: Thread finished: Thread Group - until HTTP 503 - 208 users 1-132
2026-09-10 20:51:34,863 INFO o.a.j.t.JMeterThread: Thread finished: Thread Group - until HTTP 503 - 208 users 1-70
2026-09-10 20:51:34,859 INFO o.a.j.t.JMeterThread: Stopping because end time detected by thread: Thread Group - until HTTP 503 - 208 users 1-50
2026-09-10 20:51:34,863 INFO o.a.j.t.JMeterThread: Thread finished: Thread Group - until HTTP 503 - 208 users 1-62
2026-09-10 20:51:34,863 INFO o.a.j.t.JMeterThread: Thread finished: Thread Group - until HTTP 503 - 208 users 1-50
2026-09-10 20:51:34,863 INFO o.a.j.t.JMeterThread: Stopping because end time detected by thread: Thread Group - until HTTP 503 - 208 users 1-164
2026-09-10 20:51:34,860 INFO o.a.j.t.JMeterThread: Stopping because end time detected by thread: Thread Group - until HTTP 503 - 208 users 1-115
2026-09-10 20:51:34,863 INFO o.a.j.t.JMeterThread: Thread finished: Thread Group - until HTTP 503 - 208 users 1-164
2026-09-10 20:51:34,863 INFO o.a.j.t.JMeterThread: Thread finished: Thread Group - until HTTP 503 - 208 users 1-115
2026-09-10 20:51:34,860 INFO o.a.j.t.JMeterThread: Stopping because end time detected by thread: Thread Group - until HTTP 503 - 208 users 1-127
2026-09-10 20:51:34,861 INFO o.a.j.t.JMeterThread: Stopping because end time detected by thread: Thread Group - until HTTP 503 - 208 users 1-73
2026-09-10 20:51:34,863 INFO o.a.j.t.JMeterThread: Thread finished: Thread Group - until HTTP 503 - 208 users 1-73
2026-09-10 20:51:34,861 INFO o.a.j.t.JMeterThread: Thread finished: Thread Group - until HTTP 503 - 208 users 1-24
2026-09-10 20:51:34,861 INFO o.a.j.t.JMeterThread: Thread finished: Thread Group - until HTTP 503 - 208 users 1-61
2026-09-10 20:51:34,861 INFO o.a.j.t.JMeterThread: Stopping because end time detected by thread: Thread Group - until HTTP 503 - 208 users 1-99
2026-09-10 20:51:34,861 INFO o.a.j.t.JMeterThread: Stopping because end time detected by thread: Thread Group - until HTTP 503 - 208 users 1-160
2026-09-10 20:51:34,861 INFO o.a.j.t.JMeterThread: Thread finished: Thread Group - until HTTP 503 - 208 users 1-166
2026-09-10 20:51:34,864 INFO o.a.j.t.JMeterThread: Thread finished: Thread Group - until HTTP 503 - 208 users 1-160
2026-09-10 20:51:34,864 INFO o.a.j.t.JMeterThread: Stopping because end time detected by thread: Thread Group - until HTTP 503 - 208 users 1-78
2026-09-10 20:51:34,861 INFO o.a.j.t.JMeterThread: Thread finished: Thread Group - until HTTP 503 - 208 users 1-155
2026-09-10 20:51:34,864 INFO o.a.j.t.JMeterThread: Thread finished: Thread Group - until HTTP 503 - 208 users 1-78
2026-09-10 20:51:34,864 INFO o.a.j.t.JMeterThread: Stopping because end time detected by thread: Thread Group - until HTTP 503 - 208 users 1-192
2026-09-10 20:51:34,861 INFO o.a.j.t.JMeterThread: Stopping because end time detected by thread: Thread Group - until HTTP 503 - 208 users 1-9
2026-09-10 20:51:34,864 INFO o.a.j.t.JMeterThread: Thread finished: Thread Group - until HTTP 503 - 208 users 1-192
2026-09-10 20:51:34,864 INFO o.a.j.t.JMeterThread: Thread finished: Thread Group - until HTTP 503 - 208 users 1-9
2026-09-10 20:51:34,864 INFO o.a.j.t.JMeterThread: Stopping because end time detected by thread: Thread Group - until HTTP 503 - 208 users 1-149
2026-09-10 20:51:34,861 INFO o.a.j.t.JMeterThread: Stopping because end time detected by thread: Thread Group - until HTTP 503 - 208 users 1-145
2026-09-10 20:51:34,864 INFO o.a.j.t.JMeterThread: Stopping because end time detected by thread: Thread Group - until HTTP 503 - 208 users 1-158
2026-09-10 20:51:34,864 INFO o.a.j.t.JMeterThread: Thread finished: Thread Group - until HTTP 503 - 208 users 1-149
2026-09-10 20:51:34,864 INFO o.a.j.t.JMeterThread: Thread finished: Thread Group - until HTTP 503 - 208 users 1-158
2026-09-10 20:51:34,864 INFO o.a.j.t.JMeterThread: Stopping because end time detected by thread: Thread Group - until HTTP 503 - 208 users 1-153
2026-09-10 20:51:34,864 INFO o.a.j.t.JMeterThread: Thread finished: Thread Group - until HTTP 503 - 208 users 1-153
2026-09-10 20:51:34,861 INFO o.a.j.t.JMeterThread: Thread finished: Thread Group - until HTTP 503 - 208 users 1-128
2026-09-10 20:51:34,861 INFO o.a.j.t.JMeterThread: Stopping because end time detected by thread: Thread Group - until HTTP 503 - 208 users 1-69
2026-09-10 20:51:34,862 INFO o.a.j.t.JMeterThread: Stopping because end time detected by thread: Thread Group - until HTTP 503 - 208 users 1-180
2026-09-10 20:51:34,865 INFO o.a.j.t.JMeterThread: Thread finished: Thread Group - until HTTP 503 - 208 users 1-69
2026-09-10 20:51:34,862 INFO o.a.j.t.JMeterThread: Thread finished: Thread Group - until HTTP 503 - 208 users 1-28
2026-09-10 20:51:34,862 INFO o.a.j.t.JMeterThread: Stopping because end time detected by thread: Thread Group - until HTTP 503 - 208 users 1-80
2026-09-10 20:51:34,865 INFO o.a.j.t.JMeterThread: Thread finished: Thread Group - until HTTP 503 - 208 users 1-80
2026-09-10 20:51:34,862 INFO o.a.j.t.JMeterThread: Thread finished: Thread Group - until HTTP 503 - 208 users 1-156
2026-09-10 20:51:34,862 INFO o.a.j.t.JMeterThread: Stopping because end time detected by thread: Thread Group - until HTTP 503 - 208 users 1-125
2026-09-10 20:51:34,862 INFO o.a.j.t.JMeterThread: Stopping because end time detected by thread: Thread Group - until HTTP 503 - 208 users 1-105
2026-09-10 20:51:34,862 INFO o.a.j.t.JMeterThread: Thread finished: Thread Group - until HTTP 503 - 208 users 1-85
2026-09-10 20:51:34,865 INFO o.a.j.t.JMeterThread: Thread finished: Thread Group - until HTTP 503 - 208 users 1-105
2026-09-10 20:51:34,862 INFO o.a.j.t.JMeterThread: Thread finished: Thread Group - until HTTP 503 - 208 users 1-197
2026-09-10 20:51:34,862 INFO o.a.j.t.JMeterThread: Thread finished: Thread Group - until HTTP 503 - 208 users 1-144
2026-09-10 20:51:34,862 INFO o.a.j.t.JMeterThread: Stopping because end time detected by thread: Thread Group - until HTTP 503 - 208 users 1-82
2026-09-10 20:51:34,862 INFO o.a.j.t.JMeterThread: Thread finished: Thread Group - until HTTP 503 - 208 users 1-84
2026-09-10 20:51:34,863 INFO o.a.j.t.JMeterThread: Thread finished: Thread Group - until HTTP 503 - 208 users 1-188
2026-09-10 20:51:34,863 INFO o.a.j.t.JMeterThread: Stopping because end time detected by thread: Thread Group - until HTTP 503 - 208 users 1-26
2026-09-10 20:51:34,863 INFO o.a.j.t.JMeterThread: Thread finished: Thread Group - until HTTP 503 - 208 users 1-190
2026-09-10 20:51:34,863 INFO o.a.j.t.JMeterThread: Stopping because end time detected by thread: Thread Group - until HTTP 503 - 208 users 1-107
2026-09-10 20:51:34,863 INFO o.a.j.t.JMeterThread: Thread finished: Thread Group - until HTTP 503 - 208 users 1-127
2026-09-10 20:51:34,863 INFO o.a.j.t.JMeterThread: Stopping because end time detected by thread: Thread Group - until HTTP 503 - 208 users 1-137
2026-09-10 20:51:34,864 INFO o.a.j.t.JMeterThread: Thread finished: Thread Group - until HTTP 503 - 208 users 1-99
2026-09-10 20:51:34,866 INFO o.a.j.t.JMeterThread: Thread finished: Thread Group - until HTTP 503 - 208 users 1-137
2026-09-10 20:51:34,864 INFO o.a.j.t.JMeterThread: Stopping because end time detected by thread: Thread Group - until HTTP 503 - 208 users 1-154
2026-09-10 20:51:34,866 INFO o.a.j.t.JMeterThread: Thread finished: Thread Group - until HTTP 503 - 208 users 1-154
2026-09-10 20:51:34,864 INFO o.a.j.t.JMeterThread: Stopping because end time detected by thread: Thread Group - until HTTP 503 - 208 users 1-141
2026-09-10 20:51:34,864 INFO o.a.j.t.JMeterThread: Stopping because end time detected by thread: Thread Group - until HTTP 503 - 208 users 1-113
2026-09-10 20:51:34,864 INFO o.a.j.t.JMeterThread: Stopping because end time detected by thread: Thread Group - until HTTP 503 - 208 users 1-142
2026-09-10 20:51:34,866 INFO o.a.j.t.JMeterThread: Thread finished: Thread Group - until HTTP 503 - 208 users 1-113
2026-09-10 20:51:34,865 INFO o.a.j.t.JMeterThread: Thread finished: Thread Group - until HTTP 503 - 208 users 1-180
2026-09-10 20:51:34,865 INFO o.a.j.t.JMeterThread: Thread finished: Thread Group - until HTTP 503 - 208 users 1-125
2026-09-10 20:51:34,865 INFO o.a.j.t.JMeterThread: Thread finished: Thread Group - until HTTP 503 - 208 users 1-82
2026-09-10 20:51:34,866 INFO o.a.j.t.JMeterThread: Thread finished: Thread Group - until HTTP 503 - 208 users 1-107
2026-09-10 20:51:34,866 INFO o.a.j.t.JMeterThread: Stopping because end time detected by thread: Thread Group - until HTTP 503 - 208 users 1-126
2026-09-10 20:51:34,866 INFO o.a.j.t.JMeterThread: Thread finished: Thread Group - until HTTP 503 - 208 users 1-26
2026-09-10 20:51:34,866 INFO o.a.j.t.JMeterThread: Thread finished: Thread Group - until HTTP 503 - 208 users 1-141
2026-09-10 20:51:34,866 INFO o.a.j.t.JMeterThread: Thread finished: Thread Group - until HTTP 503 - 208 users 1-142
2026-09-10 20:51:34,866 INFO o.a.j.t.JMeterThread: Thread finished: Thread Group - until HTTP 503 - 208 users 1-145
2026-09-10 20:51:34,866 INFO o.a.j.t.JMeterThread: Thread finished: Thread Group - until HTTP 503 - 208 users 1-126
2026-09-10 20:51:34,866 INFO o.a.j.t.JMeterThread: Stopping because end time detected by thread: Thread Group - until HTTP 503 - 208 users 1-16
2026-09-10 20:51:34,866 INFO o.a.j.t.JMeterThread: Thread finished: Thread Group - until HTTP 503 - 208 users 1-16
2026-09-10 20:51:34,866 INFO o.a.j.t.JMeterThread: Stopping because end time detected by thread: Thread Group - until HTTP 503 - 208 users 1-27
2026-09-10 20:51:34,866 INFO o.a.j.t.JMeterThread: Stopping because end time detected by thread: Thread Group - until HTTP 503 - 208 users 1-39
2026-09-10 20:51:34,866 INFO o.a.j.t.JMeterThread: Thread finished: Thread Group - until HTTP 503 - 208 users 1-27
2026-09-10 20:51:34,866 INFO o.a.j.t.JMeterThread: Stopping because end time detected by thread: Thread Group - until HTTP 503 - 208 users 1-35
2026-09-10 20:51:34,867 INFO o.a.j.t.JMeterThread: Thread finished: Thread Group - until HTTP 503 - 208 users 1-35
2026-09-10 20:51:34,866 INFO o.a.j.t.JMeterThread: Stopping because end time detected by thread: Thread Group - until HTTP 503 - 208 users 1-100
2026-09-10 20:51:34,867 INFO o.a.j.t.JMeterThread: Thread finished: Thread Group - until HTTP 503 - 208 users 1-100
2026-09-10 20:51:34,867 INFO o.a.j.t.JMeterThread: Thread finished: Thread Group - until HTTP 503 - 208 users 1-39
2026-09-10 20:51:34,867 INFO o.a.j.t.JMeterThread: Stopping because end time detected by thread: Thread Group - until HTTP 503 - 208 users 1-172
2026-09-10 20:51:34,867 INFO o.a.j.t.JMeterThread: Stopping because end time detected by thread: Thread Group - until HTTP 503 - 208 users 1-97
2026-09-10 20:51:34,867 INFO o.a.j.t.JMeterThread: Thread finished: Thread Group - until HTTP 503 - 208 users 1-172
2026-09-10 20:51:34,867 INFO o.a.j.t.JMeterThread: Thread finished: Thread Group - until HTTP 503 - 208 users 1-97
2026-09-10 20:51:34,867 INFO o.a.j.t.JMeterThread: Stopping because end time detected by thread: Thread Group - until HTTP 503 - 208 users 1-51
2026-09-10 20:51:34,867 INFO o.a.j.t.JMeterThread: Stopping because end time detected by thread: Thread Group - until HTTP 503 - 208 users 1-173
2026-09-10 20:51:34,867 INFO o.a.j.t.JMeterThread: Thread finished: Thread Group - until HTTP 503 - 208 users 1-51
2026-09-10 20:51:34,867 INFO o.a.j.t.JMeterThread: Thread finished: Thread Group - until HTTP 503 - 208 users 1-173
2026-09-10 20:51:34,867 INFO o.a.j.t.JMeterThread: Stopping because end time detected by thread: Thread Group - until HTTP 503 - 208 users 1-31
2026-09-10 20:51:34,867 INFO o.a.j.t.JMeterThread: Stopping because end time detected by thread: Thread Group - until HTTP 503 - 208 users 1-48
2026-09-10 20:51:34,867 INFO o.a.j.t.JMeterThread: Stopping because end time detected by thread: Thread Group - until HTTP 503 - 208 users 1-36
2026-09-10 20:51:34,867 INFO o.a.j.t.JMeterThread: Thread finished: Thread Group - until HTTP 503 - 208 users 1-48
2026-09-10 20:51:34,867 INFO o.a.j.t.JMeterThread: Stopping because end time detected by thread: Thread Group - until HTTP 503 - 208 users 1-206
2026-09-10 20:51:34,867 INFO o.a.j.t.JMeterThread: Thread finished: Thread Group - until HTTP 503 - 208 users 1-206
2026-09-10 20:51:34,867 INFO o.a.j.t.JMeterThread: Thread finished: Thread Group - until HTTP 503 - 208 users 1-31
2026-09-10 20:51:34,867 INFO o.a.j.t.JMeterThread: Stopping because end time detected by thread: Thread Group - until HTTP 503 - 208 users 1-10
2026-09-10 20:51:34,867 INFO o.a.j.t.JMeterThread: Thread finished: Thread Group - until HTTP 503 - 208 users 1-10
2026-09-10 20:51:34,867 INFO o.a.j.t.JMeterThread: Stopping because end time detected by thread: Thread Group - until HTTP 503 - 208 users 1-174
2026-09-10 20:51:34,867 INFO o.a.j.t.JMeterThread: Thread finished: Thread Group - until HTTP 503 - 208 users 1-36
2026-09-10 20:51:34,867 INFO o.a.j.t.JMeterThread: Stopping because end time detected by thread: Thread Group - until HTTP 503 - 208 users 1-13
2026-09-10 20:51:34,867 INFO o.a.j.t.JMeterThread: Thread finished: Thread Group - until HTTP 503 - 208 users 1-174
2026-09-10 20:51:34,868 INFO o.a.j.t.JMeterThread: Thread finished: Thread Group - until HTTP 503 - 208 users 1-13
2026-09-10 20:51:34,868 INFO o.a.j.t.JMeterThread: Stopping because end time detected by thread: Thread Group - until HTTP 503 - 208 users 1-118
2026-09-10 20:51:34,868 INFO o.a.j.t.JMeterThread: Thread finished: Thread Group - until HTTP 503 - 208 users 1-118
2026-09-10 20:51:34,876 INFO o.a.j.t.JMeterThread: Stopping because end time detected by thread: Thread Group - until HTTP 503 - 208 users 1-8
2026-09-10 20:51:34,876 INFO o.a.j.t.JMeterThread: Stopping because end time detected by thread: Thread Group - until HTTP 503 - 208 users 1-42
2026-09-10 20:51:34,876 INFO o.a.j.t.JMeterThread: Stopping because end time detected by thread: Thread Group - until HTTP 503 - 208 users 1-133
2026-09-10 20:51:34,876 INFO o.a.j.t.JMeterThread: Stopping because end time detected by thread: Thread Group - until HTTP 503 - 208 users 1-7
2026-09-10 20:51:34,876 INFO o.a.j.t.JMeterThread: Thread finished: Thread Group - until HTTP 503 - 208 users 1-8
2026-09-10 20:51:34,876 INFO o.a.j.t.JMeterThread: Thread finished: Thread Group - until HTTP 503 - 208 users 1-42
2026-09-10 20:51:34,876 INFO o.a.j.t.JMeterThread: Thread finished: Thread Group - until HTTP 503 - 208 users 1-133
2026-09-10 20:51:34,876 INFO o.a.j.t.JMeterThread: Thread finished: Thread Group - until HTTP 503 - 208 users 1-7
2026-09-10 20:51:34,877 INFO o.a.j.t.JMeterThread: Stopping because end time detected by thread: Thread Group - until HTTP 503 - 208 users 1-135
2026-09-10 20:51:34,877 INFO o.a.j.t.JMeterThread: Thread finished: Thread Group - until HTTP 503 - 208 users 1-135
2026-09-10 20:51:34,879 INFO o.a.j.t.JMeterThread: Stopping because end time detected by thread: Thread Group - until HTTP 503 - 208 users 1-19
2026-09-10 20:51:34,879 INFO o.a.j.t.JMeterThread: Stopping because end time detected by thread: Thread Group - until HTTP 503 - 208 users 1-104
2026-09-10 20:51:34,879 INFO o.a.j.t.JMeterThread: Stopping because end time detected by thread: Thread Group - until HTTP 503 - 208 users 1-68
2026-09-10 20:51:34,879 INFO o.a.j.t.JMeterThread: Thread finished: Thread Group - until HTTP 503 - 208 users 1-68
2026-09-10 20:51:34,879 INFO o.a.j.t.JMeterThread: Stopping because end time detected by thread: Thread Group - until HTTP 503 - 208 users 1-40
2026-09-10 20:51:34,879 INFO o.a.j.t.JMeterThread: Stopping because end time detected by thread: Thread Group - until HTTP 503 - 208 users 1-91
2026-09-10 20:51:34,879 INFO o.a.j.t.JMeterThread: Stopping because end time detected by thread: Thread Group - until HTTP 503 - 208 users 1-205
2026-09-10 20:51:34,879 INFO o.a.j.t.JMeterThread: Thread finished: Thread Group - until HTTP 503 - 208 users 1-40
2026-09-10 20:51:34,879 INFO o.a.j.t.JMeterThread: Stopping because end time detected by thread: Thread Group - until HTTP 503 - 208 users 1-170
2026-09-10 20:51:34,879 INFO o.a.j.t.JMeterThread: Thread finished: Thread Group - until HTTP 503 - 208 users 1-170
2026-09-10 20:51:34,879 INFO o.a.j.t.JMeterThread: Stopping because end time detected by thread: Thread Group - until HTTP 503 - 208 users 1-46
2026-09-10 20:51:34,879 INFO o.a.j.t.JMeterThread: Thread finished: Thread Group - until HTTP 503 - 208 users 1-46
2026-09-10 20:51:34,879 INFO o.a.j.t.JMeterThread: Stopping because end time detected by thread: Thread Group - until HTTP 503 - 208 users 1-87
2026-09-10 20:51:34,879 INFO o.a.j.t.JMeterThread: Stopping because end time detected by thread: Thread Group - until HTTP 503 - 208 users 1-159
2026-09-10 20:51:34,879 INFO o.a.j.t.JMeterThread: Thread finished: Thread Group - until HTTP 503 - 208 users 1-159
2026-09-10 20:51:34,879 INFO o.a.j.t.JMeterThread: Stopping because end time detected by thread: Thread Group - until HTTP 503 - 208 users 1-38
2026-09-10 20:51:34,879 INFO o.a.j.t.JMeterThread: Stopping because end time detected by thread: Thread Group - until HTTP 503 - 208 users 1-179
2026-09-10 20:51:34,879 INFO o.a.j.t.JMeterThread: Stopping because end time detected by thread: Thread Group - until HTTP 503 - 208 users 1-94
2026-09-10 20:51:34,879 INFO o.a.j.t.JMeterThread: Stopping because end time detected by thread: Thread Group - until HTTP 503 - 208 users 1-75
2026-09-10 20:51:34,879 INFO o.a.j.t.JMeterThread: Thread finished: Thread Group - until HTTP 503 - 208 users 1-179
2026-09-10 20:51:34,880 INFO o.a.j.t.JMeterThread: Thread finished: Thread Group - until HTTP 503 - 208 users 1-94
2026-09-10 20:51:34,879 INFO o.a.j.t.JMeterThread: Thread finished: Thread Group - until HTTP 503 - 208 users 1-19
2026-09-10 20:51:34,879 INFO o.a.j.t.JMeterThread: Thread finished: Thread Group - until HTTP 503 - 208 users 1-104
2026-09-10 20:51:34,879 INFO o.a.j.t.JMeterThread: Stopping because end time detected by thread: Thread Group - until HTTP 503 - 208 users 1-22
2026-09-10 20:51:34,879 INFO o.a.j.t.JMeterThread: Stopping because end time detected by thread: Thread Group - until HTTP 503 - 208 users 1-74
2026-09-10 20:51:34,880 INFO o.a.j.t.JMeterThread: Thread finished: Thread Group - until HTTP 503 - 208 users 1-22
2026-09-10 20:51:34,880 INFO o.a.j.t.JMeterThread: Thread finished: Thread Group - until HTTP 503 - 208 users 1-91
2026-09-10 20:51:34,879 INFO o.a.j.t.JMeterThread: Thread finished: Thread Group - until HTTP 503 - 208 users 1-205
2026-09-10 20:51:34,879 INFO o.a.j.t.JMeterThread: Stopping because end time detected by thread: Thread Group - until HTTP 503 - 208 users 1-34
2026-09-10 20:51:34,879 INFO o.a.j.t.JMeterThread: Thread finished: Thread Group - until HTTP 503 - 208 users 1-87
2026-09-10 20:51:34,879 INFO o.a.j.t.JMeterThread: Thread finished: Thread Group - until HTTP 503 - 208 users 1-38
2026-09-10 20:51:34,880 INFO o.a.j.t.JMeterThread: Stopping because end time detected by thread: Thread Group - until HTTP 503 - 208 users 1-203
2026-09-10 20:51:34,881 INFO o.a.j.t.JMeterThread: Thread finished: Thread Group - until HTTP 503 - 208 users 1-75
2026-09-10 20:51:34,880 INFO o.a.j.t.JMeterThread: Thread finished: Thread Group - until HTTP 503 - 208 users 1-74
2026-09-10 20:51:34,880 INFO o.a.j.t.JMeterThread: Thread finished: Thread Group - until HTTP 503 - 208 users 1-34
2026-09-10 20:51:34,881 INFO o.a.j.t.JMeterThread: Thread finished: Thread Group - until HTTP 503 - 208 users 1-203
2026-09-10 20:51:34,882 INFO o.a.j.t.JMeterThread: Stopping because end time detected by thread: Thread Group - until HTTP 503 - 208 users 1-20
2026-09-10 20:51:34,882 INFO o.a.j.t.JMeterThread: Stopping because end time detected by thread: Thread Group - until HTTP 503 - 208 users 1-86
2026-09-10 20:51:34,882 INFO o.a.j.t.JMeterThread: Stopping because end time detected by thread: Thread Group - until HTTP 503 - 208 users 1-169
2026-09-10 20:51:34,882 INFO o.a.j.t.JMeterThread: Stopping because end time detected by thread: Thread Group - until HTTP 503 - 208 users 1-171
2026-09-10 20:51:34,882 INFO o.a.j.t.JMeterThread: Thread finished: Thread Group - until HTTP 503 - 208 users 1-86
2026-09-10 20:51:34,882 INFO o.a.j.t.JMeterThread: Thread finished: Thread Group - until HTTP 503 - 208 users 1-169
2026-09-10 20:51:34,882 INFO o.a.j.t.JMeterThread: Stopping because end time detected by thread: Thread Group - until HTTP 503 - 208 users 1-181
2026-09-10 20:51:34,882 INFO o.a.j.t.JMeterThread: Stopping because end time detected by thread: Thread Group - until HTTP 503 - 208 users 1-93
2026-09-10 20:51:34,882 INFO o.a.j.t.JMeterThread: Thread finished: Thread Group - until HTTP 503 - 208 users 1-181
2026-09-10 20:51:34,883 INFO o.a.j.t.JMeterThread: Thread finished: Thread Group - until HTTP 503 - 208 users 1-93
2026-09-10 20:51:34,883 INFO o.a.j.t.JMeterThread: Stopping because end time detected by thread: Thread Group - until HTTP 503 - 208 users 1-186
2026-09-10 20:51:34,883 INFO o.a.j.t.JMeterThread: Thread finished: Thread Group - until HTTP 503 - 208 users 1-186
2026-09-10 20:51:34,882 INFO o.a.j.t.JMeterThread: Stopping because end time detected by thread: Thread Group - until HTTP 503 - 208 users 1-41
2026-09-10 20:51:34,882 INFO o.a.j.t.JMeterThread: Stopping because end time detected by thread: Thread Group - until HTTP 503 - 208 users 1-143
2026-09-10 20:51:34,883 INFO o.a.j.t.JMeterThread: Thread finished: Thread Group - until HTTP 503 - 208 users 1-41
2026-09-10 20:51:34,882 INFO o.a.j.t.JMeterThread: Thread finished: Thread Group - until HTTP 503 - 208 users 1-171
2026-09-10 20:51:34,882 INFO o.a.j.t.JMeterThread: Stopping because end time detected by thread: Thread Group - until HTTP 503 - 208 users 1-131
2026-09-10 20:51:34,882 INFO o.a.j.t.JMeterThread: Stopping because end time detected by thread: Thread Group - until HTTP 503 - 208 users 1-184
2026-09-10 20:51:34,883 INFO o.a.j.t.JMeterThread: Thread finished: Thread Group - until HTTP 503 - 208 users 1-20
2026-09-10 20:51:34,883 INFO o.a.j.t.JMeterThread: Thread finished: Thread Group - until HTTP 503 - 208 users 1-184
2026-09-10 20:51:34,883 INFO o.a.j.t.JMeterThread: Thread finished: Thread Group - until HTTP 503 - 208 users 1-143
2026-09-10 20:51:34,883 INFO o.a.j.t.JMeterThread: Thread finished: Thread Group - until HTTP 503 - 208 users 1-131
2026-09-10 20:51:34,883 INFO o.a.j.e.StandardJMeterEngine: Notifying test listeners of end of test
2026-09-10 20:51:34,884 INFO o.a.j.r.Summariser: summary +    207 in 00:00:04 =   51.4/s Avg:  7056 Min:  5518 Max:  9748 Err:   207 (100.00%) Active: 0 Started: 208 Finished: 208
2026-09-10 20:51:34,884 INFO o.a.j.r.Summariser: summary =   2655 in 00:01:35 =   28.0/s Avg:  4989 Min:   515 Max: 11200 Err:  2552 (96.12%)
2026-09-10 20:51:34,885 INFO o.a.j.JMeter: Generating Dashboard
2026-09-10 20:51:34,885 INFO o.a.j.r.d.ReportGenerator: Flushing result collector before report Generation
2026-09-10 20:51:34,911 INFO o.a.j.r.p.NormalizerSampleConsumer: Using format, 'ms', to parse timeStamp field
2026-09-10 20:51:35,114 INFO o.a.j.r.p.AbstractSampleConsumer: class org.apache.jmeter.report.processor.AggregateConsumer#stopProducing(): beginDate produced 0 samples
2026-09-10 20:51:35,114 INFO o.a.j.r.p.AbstractSampleConsumer: class org.apache.jmeter.report.processor.AggregateConsumer#stopProducing(): endDate produced 0 samples
2026-09-10 20:51:35,115 INFO o.a.j.r.p.AbstractSampleConsumer: class org.apache.jmeter.report.processor.ApdexSummaryConsumer#stopProducing(): apdexSummary produced 0 samples
2026-09-10 20:51:35,115 INFO o.a.j.r.p.AbstractSampleConsumer: class org.apache.jmeter.report.processor.RequestsSummaryConsumer#stopProducing(): requestsSummary produced 0 samples
2026-09-10 20:51:35,120 INFO o.a.j.r.p.AbstractSampleConsumer: class org.apache.jmeter.report.processor.StatisticsSummaryConsumer#stopProducing(): statisticsSummary produced 0 samples
2026-09-10 20:51:35,125 INFO o.a.j.r.p.AbstractSampleConsumer: class org.apache.jmeter.report.processor.Top5ErrorsBySamplerConsumer#stopProducing(): top5ErrorsBySampler produced 0 samples
2026-09-10 20:51:35,127 INFO o.a.j.r.p.AbstractSampleConsumer: class org.apache.jmeter.report.processor.ErrorsSummaryConsumer#stopProducing(): errorsSummary produced 0 samples
2026-09-10 20:51:35,127 INFO o.a.j.r.p.AbstractSampleConsumer: class org.apache.jmeter.report.processor.graph.impl.HitsPerSecondGraphConsumer#stopProducing(): hitsPerSecond produced 0 samples
2026-09-10 20:51:35,190 INFO o.a.j.r.p.AbstractSampleConsumer: class org.apache.jmeter.report.processor.graph.impl.LatencyVSRequestGraphConsumer#stopProducing(): latencyVsRequest produced 0 samples
2026-09-10 20:51:35,191 INFO o.a.j.r.p.AbstractSampleConsumer: class org.apache.jmeter.report.processor.graph.impl.SyntheticResponseTimeDistributionGraphConsumer#stopProducing(): syntheticResponseTimeDistribution produced 0 samples
2026-09-10 20:51:35,191 INFO o.a.j.r.p.AbstractSampleConsumer: class org.apache.jmeter.report.processor.graph.impl.BytesThroughputGraphConsumer#stopProducing(): bytesThroughputOverTime produced 0 samples
2026-09-10 20:51:35,191 INFO o.a.j.r.p.AbstractSampleConsumer: class org.apache.jmeter.report.processor.graph.impl.CodesPerSecondGraphConsumer#stopProducing(): codesPerSecond produced 0 samples
2026-09-10 20:51:35,236 INFO o.a.j.r.p.AbstractSampleConsumer: class org.apache.jmeter.report.processor.graph.impl.ResponseTimeVSRequestGraphConsumer#stopProducing(): responseTimeVsRequest produced 0 samples
2026-09-10 20:51:35,237 INFO o.a.j.r.p.AbstractSampleConsumer: class org.apache.jmeter.report.processor.FilterConsumer#stopProducing(): startIntervalControlerFilter produced 18585 samples
2026-09-10 20:51:35,237 INFO o.a.j.r.p.AbstractSampleConsumer: class org.apache.jmeter.report.processor.graph.impl.TotalTPSGraphConsumer#stopProducing(): totalTPS produced 0 samples
2026-09-10 20:51:35,237 INFO o.a.j.r.p.AbstractSampleConsumer: class org.apache.jmeter.report.processor.graph.impl.ActiveThreadsGraphConsumer#stopProducing(): activeThreadsOverTime produced 0 samples
2026-09-10 20:51:35,237 INFO o.a.j.r.p.AbstractSampleConsumer: class org.apache.jmeter.report.processor.graph.impl.TimeVSThreadGraphConsumer#stopProducing(): timeVsThreads produced 0 samples
2026-09-10 20:51:35,237 INFO o.a.j.r.p.AbstractSampleConsumer: class org.apache.jmeter.report.processor.graph.impl.ResponseTimeDistributionGraphConsumer#stopProducing(): responseTimeDistribution produced 0 samples
2026-09-10 20:51:35,237 INFO o.a.j.r.p.AbstractSampleConsumer: class org.apache.jmeter.report.processor.graph.impl.TransactionsPerSecondGraphConsumer#stopProducing(): transactionsPerSecond produced 0 samples
2026-09-10 20:51:35,237 INFO o.a.j.r.p.AbstractSampleConsumer: class org.apache.jmeter.report.processor.graph.impl.ResponseTimePercentilesGraphConsumer#stopProducing(): responseTimePercentiles produced 0 samples
2026-09-10 20:51:35,239 INFO o.a.j.r.p.AbstractSampleConsumer: class org.apache.jmeter.report.processor.graph.impl.ResponseTimePercentilesOverTimeGraphConsumer#stopProducing(): responseTimePercentilesOverTime produced 0 samples
2026-09-10 20:51:35,240 INFO o.a.j.r.p.AbstractSampleConsumer: class org.apache.jmeter.report.processor.graph.impl.ResponseTimeOverTimeGraphConsumer#stopProducing(): responseTimesOverTime produced 0 samples
2026-09-10 20:51:35,240 INFO o.a.j.r.p.AbstractSampleConsumer: class org.apache.jmeter.report.processor.graph.impl.ConnectTimeOverTimeGraphConsumer#stopProducing(): connectTimeOverTime produced 0 samples
2026-09-10 20:51:35,240 INFO o.a.j.r.p.AbstractSampleConsumer: class org.apache.jmeter.report.processor.graph.impl.LatencyOverTimeGraphConsumer#stopProducing(): latenciesOverTime produced 0 samples
2026-09-10 20:51:35,240 INFO o.a.j.r.p.AbstractSampleConsumer: class org.apache.jmeter.report.processor.FilterConsumer#stopProducing(): nameFilter produced 39825 samples
2026-09-10 20:51:35,240 INFO o.a.j.r.p.AbstractSampleConsumer: class org.apache.jmeter.report.processor.FilterConsumer#stopProducing(): dateRangeFilter produced 7965 samples
2026-09-10 20:51:35,240 INFO o.a.j.r.p.AbstractSampleConsumer: class org.apache.jmeter.report.processor.NormalizerSampleConsumer#stopProducing(): normalizer produced 2655 samples
2026-09-10 20:51:35,240 INFO o.a.j.r.p.CsvFileSampleSource: produce(): 2655 samples produced in 309ms on channel 0
2026-09-10 20:51:35,240 INFO o.a.j.r.d.ReportGenerator: Exporting data using exporter:'json' of className:'org.apache.jmeter.report.dashboard.JsonExporter'
2026-09-10 20:51:35,299 INFO o.a.j.r.d.JsonExporter: Found data for consumer statisticsSummary in context
2026-09-10 20:51:35,299 INFO o.a.j.r.d.JsonExporter: Creating statistics for overall
2026-09-10 20:51:35,299 INFO o.a.j.r.d.JsonExporter: Creating statistics for other transactions
2026-09-10 20:51:35,300 INFO o.a.j.r.d.JsonExporter: Checking output folder
2026-09-10 20:51:35,301 INFO o.a.j.r.d.JsonExporter: Writing statistics JSON to C:\University\Programming\Software Testing\Lab4\html_reports\stress_until_503\208users_4160rpm\statistics.json
2026-09-10 20:51:35,344 INFO o.a.j.r.d.ReportGenerator: Exporting data using exporter:'html' of className:'org.apache.jmeter.report.dashboard.HtmlTemplateExporter'
2026-09-10 20:51:35,348 INFO o.a.j.r.d.HtmlTemplateExporter: Will generate dashboard in folder: C:\University\Programming\Software Testing\Lab4\html_reports\stress_until_503\208users_4160rpm
2026-09-10 20:51:35,444 INFO o.a.j.r.d.HtmlTemplateExporter: Report will be generated in: C:\University\Programming\Software Testing\Lab4\html_reports\stress_until_503\208users_4160rpm, creating folder structure
2026-09-10 20:51:35,447 INFO o.a.j.r.d.TemplateVisitor: Copying folder from 'C:\Program Files\apache-jmeter-5.6.3\bin\report-template' to 'C:\University\Programming\Software Testing\Lab4\html_reports\stress_until_503\208users_4160rpm', got message: C:\University\Programming\Software Testing\Lab4\html_reports\stress_until_503\208users_4160rpm, found non empty folder with following content [C:\University\Programming\Software Testing\Lab4\html_reports\stress_until_503\208users_4160rpm\statistics.json], will be ignored
2026-09-10 20:51:35,691 INFO o.a.j.JMeter: Dashboard generated
