2026-09-10 20:27:14,053 INFO o.a.j.u.JMeterUtils: Setting Locale to en_EN
2026-09-10 20:27:14,067 INFO o.a.j.JMeter: Loading user properties from: C:\Program Files\apache-jmeter-5.6.3\bin\user.properties
2026-09-10 20:27:14,068 INFO o.a.j.JMeter: Loading system properties from: C:\Program Files\apache-jmeter-5.6.3\bin\system.properties
2026-09-10 20:27:14,068 INFO o.a.j.JMeter: Setting JMeter property: jmeter.save.saveservice.output_format=csv
2026-09-10 20:27:14,068 INFO o.a.j.JMeter: Setting JMeter property: jmeter.save.saveservice.print_field_names=true
2026-09-10 20:27:14,069 INFO o.a.j.JMeter: Setting JMeter property: jmeter.save.saveservice.timestamp_format=ms
2026-09-10 20:27:14,069 INFO o.a.j.JMeter: Setting JMeter property: jmeter.save.saveservice.time=true
2026-09-10 20:27:14,069 INFO o.a.j.JMeter: Setting JMeter property: jmeter.save.saveservice.latency=true
2026-09-10 20:27:14,069 INFO o.a.j.JMeter: Setting JMeter property: jmeter.save.saveservice.label=true
2026-09-10 20:27:14,069 INFO o.a.j.JMeter: Setting JMeter property: jmeter.save.saveservice.response_code=true
2026-09-10 20:27:14,069 INFO o.a.j.JMeter: Setting JMeter property: jmeter.save.saveservice.response_message=true
2026-09-10 20:27:14,070 INFO o.a.j.JMeter: Setting JMeter property: jmeter.save.saveservice.successful=true
2026-09-10 20:27:14,070 INFO o.a.j.JMeter: Setting JMeter property: jmeter.save.saveservice.assertion_results_failure_message=true
2026-09-10 20:27:14,070 INFO o.a.j.JMeter: Setting JMeter property: jmeter.save.saveservice.thread_name=true
2026-09-10 20:27:14,070 INFO o.a.j.JMeter: Setting JMeter property: jmeter.save.saveservice.thread_counts=true
2026-09-10 20:27:14,070 INFO o.a.j.JMeter: Setting JMeter property: jmeter.save.saveservice.connect_time=true
2026-09-10 20:27:14,075 INFO o.a.j.JMeter: Copyright (c) 1998-2024 The Apache Software Foundation
2026-09-10 20:27:14,075 INFO o.a.j.JMeter: Version 5.6.3
2026-09-10 20:27:14,075 INFO o.a.j.JMeter: java.version=26.0.1
2026-09-10 20:27:14,075 INFO o.a.j.JMeter: java.vm.name=Java HotSpot(TM) 64-Bit Server VM
2026-09-10 20:27:14,075 INFO o.a.j.JMeter: os.name=Windows 10
2026-09-10 20:27:14,075 INFO o.a.j.JMeter: os.arch=amd64
2026-09-10 20:27:14,075 INFO o.a.j.JMeter: os.version=10.0
2026-09-10 20:27:14,075 INFO o.a.j.JMeter: file.encoding=UTF-8
2026-09-10 20:27:14,075 INFO o.a.j.JMeter: java.awt.headless=true
2026-09-10 20:27:14,075 INFO o.a.j.JMeter: Max memory     =1073741824
2026-09-10 20:27:14,075 INFO o.a.j.JMeter: Available Processors =8
2026-09-10 20:27:14,086 INFO o.a.j.JMeter: Default Locale=English (EN)
2026-09-10 20:27:14,086 INFO o.a.j.JMeter: JMeter  Locale=English (EN)
2026-09-10 20:27:14,086 INFO o.a.j.JMeter: JMeterHome=C:\Program Files\apache-jmeter-5.6.3
2026-09-10 20:27:14,086 INFO o.a.j.JMeter: user.dir  =C:\University\Programming\Software Testing\Lab4
2026-09-10 20:27:14,086 INFO o.a.j.JMeter: PWD       =C:\University\Programming\Software Testing\Lab4
2026-09-10 20:27:14,087 INFO o.a.j.JMeter: IP: 172.28.17.195 Name: DESKTOP-74FQ4EV FullName: DESKTOP-74FQ4EV
2026-09-10 20:27:14,095 INFO o.a.j.JMeter: Setting property 'jmeter.reportgenerator.outputdir' to:'C:\University\Programming\Software Testing\Lab4\html_reports\stress_until_503\32users_640rpm'
2026-09-10 20:27:14,097 INFO o.a.j.s.FileServer: Default base='C:\University\Programming\Software Testing\Lab4'
2026-09-10 20:27:14,097 INFO o.a.j.s.FileServer: Set new base='C:\University\Programming\Software Testing\Lab4\quality_jmeter_plans\stress_until_503'
2026-09-10 20:27:14,294 INFO o.a.j.s.SaveService: Testplan (JMX) version: 2.2. Testlog (JTL) version: 2.2
2026-09-10 20:27:14,309 INFO o.a.j.s.SaveService: Using SaveService properties version 5.0
2026-09-10 20:27:14,312 INFO o.a.j.s.SaveService: Using SaveService properties file encoding UTF-8
2026-09-10 20:27:14,314 INFO o.a.j.s.SaveService: Loading file: quality_jmeter_plans\stress_until_503\stress_until_503_32users_640rpm_ctt.jmx
2026-09-10 20:27:14,357 INFO o.a.j.p.h.s.HTTPSamplerBase: Parser for text/html is org.apache.jmeter.protocol.http.parser.LagartoBasedHtmlParser
2026-09-10 20:27:14,357 INFO o.a.j.p.h.s.HTTPSamplerBase: Parser for application/xhtml+xml is org.apache.jmeter.protocol.http.parser.LagartoBasedHtmlParser
2026-09-10 20:27:14,357 INFO o.a.j.p.h.s.HTTPSamplerBase: Parser for application/xml is org.apache.jmeter.protocol.http.parser.LagartoBasedHtmlParser
2026-09-10 20:27:14,357 INFO o.a.j.p.h.s.HTTPSamplerBase: Parser for text/xml is org.apache.jmeter.protocol.http.parser.LagartoBasedHtmlParser
2026-09-10 20:27:14,357 INFO o.a.j.p.h.s.HTTPSamplerBase: Parser for text/vnd.wap.wml is org.apache.jmeter.protocol.http.parser.RegexpHTMLParser
2026-09-10 20:27:14,357 INFO o.a.j.p.h.s.HTTPSamplerBase: Parser for text/css is org.apache.jmeter.protocol.http.parser.CssParser
2026-09-10 20:27:14,367 INFO o.a.j.JMeter: Creating summariser <summary>
2026-09-10 20:27:14,375 INFO o.a.j.r.d.ReportGenerator: ReportGenerator will use for Parsing the separator: ','
2026-09-10 20:27:14,375 INFO o.a.j.r.d.ReportGenerator: Will generate report at end of test from  results file: results/stress_until_503/stress_until_503_32users_640rpm.jtl
2026-09-10 20:27:14,375 INFO o.a.j.r.d.ReportGenerator: Reading report generator properties from: C:\Program Files\apache-jmeter-5.6.3\bin\reportgenerator.properties
2026-09-10 20:27:14,376 INFO o.a.j.r.d.ReportGenerator: Merging with JMeter properties
2026-09-10 20:27:14,378 INFO o.a.j.r.c.ReportGeneratorConfiguration: Property 'jmeter.reportgenerator.temp_dir' not found, using default value 'temp' instead.
2026-09-10 20:27:14,380 INFO o.a.j.r.c.ReportGeneratorConfiguration: Property 'jmeter.reportgenerator.apdex_per_transaction' not found, using default value 'null' instead.
2026-09-10 20:27:14,380 INFO o.a.j.r.c.ReportGeneratorConfiguration: apdex_per_transaction is empty, not APDEX per transaction customization
2026-09-10 20:27:14,380 INFO o.a.j.r.c.ReportGeneratorConfiguration: Property 'jmeter.reportgenerator.sample_filter' not found, using default value 'null' instead.
2026-09-10 20:27:14,380 INFO o.a.j.r.c.ReportGeneratorConfiguration: Property 'jmeter.reportgenerator.report_title' not found, using default value 'null' instead.
2026-09-10 20:27:14,380 INFO o.a.j.r.c.ReportGeneratorConfiguration: Property 'jmeter.reportgenerator.start_date' not found, using default value 'null' instead.
2026-09-10 20:27:14,380 INFO o.a.j.r.c.ReportGeneratorConfiguration: Property 'jmeter.reportgenerator.end_date' not found, using default value 'null' instead.
2026-09-10 20:27:14,380 INFO o.a.j.r.c.ReportGeneratorConfiguration: Property 'jmeter.reportgenerator.date_format' not found, using default value 'null' instead.
2026-09-10 20:27:14,381 INFO o.a.j.r.c.ReportGeneratorConfiguration: Will use date range start date: null, end date: null
2026-09-10 20:27:14,383 INFO o.a.j.r.c.ReportGeneratorConfiguration: Property 'jmeter.reportgenerator.graph.totalTPS.exclude_controllers' not found, using default value 'false' instead.
2026-09-10 20:27:14,383 INFO o.a.j.r.c.ReportGeneratorConfiguration: Property 'jmeter.reportgenerator.graph.activeThreadsOverTime.exclude_controllers' not found, using default value 'false' instead.
2026-09-10 20:27:14,383 INFO o.a.j.r.c.ReportGeneratorConfiguration: Property 'jmeter.reportgenerator.graph.timeVsThreads.exclude_controllers' not found, using default value 'false' instead.
2026-09-10 20:27:14,383 INFO o.a.j.r.c.ReportGeneratorConfiguration: Property 'jmeter.reportgenerator.graph.responseTimeDistribution.exclude_controllers' not found, using default value 'false' instead.
2026-09-10 20:27:14,383 INFO o.a.j.r.c.ReportGeneratorConfiguration: Property 'jmeter.reportgenerator.graph.transactionsPerSecond.exclude_controllers' not found, using default value 'false' instead.
2026-09-10 20:27:14,383 INFO o.a.j.r.c.ReportGeneratorConfiguration: Property 'jmeter.reportgenerator.graph.responseTimePercentiles.exclude_controllers' not found, using default value 'false' instead.
2026-09-10 20:27:14,383 INFO o.a.j.r.c.ReportGeneratorConfiguration: Property 'jmeter.reportgenerator.graph.responseTimePercentilesOverTime.exclude_controllers' not found, using default value 'false' instead.
2026-09-10 20:27:14,384 INFO o.a.j.r.c.ReportGeneratorConfiguration: Property 'jmeter.reportgenerator.graph.responseTimesOverTime.exclude_controllers' not found, using default value 'false' instead.
2026-09-10 20:27:14,384 INFO o.a.j.r.c.ReportGeneratorConfiguration: Property 'jmeter.reportgenerator.graph.connectTimeOverTime.exclude_controllers' not found, using default value 'false' instead.
2026-09-10 20:27:14,384 INFO o.a.j.r.c.ReportGeneratorConfiguration: Property 'jmeter.reportgenerator.graph.latenciesOverTime.exclude_controllers' not found, using default value 'false' instead.
2026-09-10 20:27:14,386 INFO o.a.j.r.c.ReportGeneratorConfiguration: Property 'jmeter.reportgenerator.exporter.json.filters_only_sample_series' not found, using default value 'true' instead.
2026-09-10 20:27:14,386 INFO o.a.j.r.c.ReportGeneratorConfiguration: Property 'jmeter.reportgenerator.exporter.json.series_filter' not found, using default value '' instead.
2026-09-10 20:27:14,386 INFO o.a.j.r.c.ReportGeneratorConfiguration: Property 'jmeter.reportgenerator.exporter.json.show_controllers_only' not found, using default value 'false' instead.
2026-09-10 20:27:14,386 INFO o.a.j.r.c.ReportGeneratorConfiguration: Property 'jmeter.reportgenerator.exporter.html.filters_only_sample_series' not found, using default value 'true' instead.
2026-09-10 20:27:14,386 INFO o.a.j.r.c.ReportGeneratorConfiguration: Property 'jmeter.reportgenerator.exporter.html.series_filter' not found, using default value '' instead.
2026-09-10 20:27:14,386 INFO o.a.j.r.c.ReportGeneratorConfiguration: Property 'jmeter.reportgenerator.exporter.html.show_controllers_only' not found, using default value 'false' instead.
2026-09-10 20:27:14,396 INFO o.a.j.e.StandardJMeterEngine: Running the test!
2026-09-10 20:27:14,396 INFO o.a.j.s.SampleEvent: List of sample_variables: []
2026-09-10 20:27:14,397 INFO o.a.j.s.SampleEvent: List of sample_variables: []
2026-09-10 20:27:14,401 INFO o.a.j.e.u.CompoundVariable: Note: Function class names must contain the string: '.functions.'
2026-09-10 20:27:14,401 INFO o.a.j.e.u.CompoundVariable: Note: Function class names must not contain the string: '.gui.'
2026-09-10 20:27:14,454 INFO o.a.j.JMeter: Running test (1789061234454)
2026-09-10 20:27:14,471 INFO o.a.j.e.StandardJMeterEngine: Starting ThreadGroup: 1 : Thread Group - until HTTP 503 - 32 users
2026-09-10 20:27:14,471 INFO o.a.j.e.StandardJMeterEngine: Starting 32 threads for group Thread Group - until HTTP 503 - 32 users.
2026-09-10 20:27:14,471 INFO o.a.j.e.StandardJMeterEngine: Thread will continue on error
2026-09-10 20:27:14,471 INFO o.a.j.t.ThreadGroup: Starting thread group... number=1 threads=32 ramp-up=32 delayedStart=false
2026-09-10 20:27:14,476 INFO o.a.j.t.JMeterThread: Thread started: Thread Group - until HTTP 503 - 32 users 1-1
2026-09-10 20:27:14,484 INFO o.a.j.t.ThreadGroup: Started thread group number 1
2026-09-10 20:27:14,484 INFO o.a.j.e.StandardJMeterEngine: All thread groups have been started
2026-09-10 20:27:14,513 INFO o.a.j.p.h.s.HTTPHCAbstractImpl: Local host = DESKTOP-74FQ4EV
2026-09-10 20:27:14,517 INFO o.a.j.p.h.s.HTTPHC4Impl: HTTP request retry count = 0
2026-09-10 20:27:14,518 INFO o.a.j.s.SampleResult: Note: Sample TimeStamps are START times
2026-09-10 20:27:14,518 INFO o.a.j.s.SampleResult: sampleresult.default.encoding is set to UTF-8
2026-09-10 20:27:14,518 INFO o.a.j.s.SampleResult: sampleresult.useNanoTime=true
2026-09-10 20:27:14,518 INFO o.a.j.s.SampleResult: sampleresult.nanoThreadSleep=5000
2026-09-10 20:27:15,474 INFO o.a.j.t.JMeterThread: Thread started: Thread Group - until HTTP 503 - 32 users 1-2
2026-09-10 20:27:16,473 INFO o.a.j.t.JMeterThread: Thread started: Thread Group - until HTTP 503 - 32 users 1-3
2026-09-10 20:27:17,473 INFO o.a.j.t.JMeterThread: Thread started: Thread Group - until HTTP 503 - 32 users 1-4
2026-09-10 20:27:18,472 INFO o.a.j.t.JMeterThread: Thread started: Thread Group - until HTTP 503 - 32 users 1-5
2026-09-10 20:27:19,473 INFO o.a.j.t.JMeterThread: Thread started: Thread Group - until HTTP 503 - 32 users 1-6
2026-09-10 20:27:20,473 INFO o.a.j.t.JMeterThread: Thread started: Thread Group - until HTTP 503 - 32 users 1-7
2026-09-10 20:27:21,473 INFO o.a.j.t.JMeterThread: Thread started: Thread Group - until HTTP 503 - 32 users 1-8
2026-09-10 20:27:22,473 INFO o.a.j.t.JMeterThread: Thread started: Thread Group - until HTTP 503 - 32 users 1-9
2026-09-10 20:27:23,473 INFO o.a.j.t.JMeterThread: Thread started: Thread Group - until HTTP 503 - 32 users 1-10
2026-09-10 20:27:24,472 INFO o.a.j.t.JMeterThread: Thread started: Thread Group - until HTTP 503 - 32 users 1-11
2026-09-10 20:27:25,474 INFO o.a.j.t.JMeterThread: Thread started: Thread Group - until HTTP 503 - 32 users 1-12
2026-09-10 20:27:26,472 INFO o.a.j.t.JMeterThread: Thread started: Thread Group - until HTTP 503 - 32 users 1-13
2026-09-10 20:27:27,471 INFO o.a.j.t.JMeterThread: Thread started: Thread Group - until HTTP 503 - 32 users 1-14
2026-09-10 20:27:28,472 INFO o.a.j.t.JMeterThread: Thread started: Thread Group - until HTTP 503 - 32 users 1-15
2026-09-10 20:27:29,472 INFO o.a.j.t.JMeterThread: Thread started: Thread Group - until HTTP 503 - 32 users 1-16
2026-09-10 20:27:30,142 INFO o.a.j.r.Summariser: summary +    141 in 00:00:16 =    9.0/s Avg:   589 Min:   523 Max:   721 Err:    23 (16.31%) Active: 16 Started: 16 Finished: 0
2026-09-10 20:27:30,472 INFO o.a.j.t.JMeterThread: Thread started: Thread Group - until HTTP 503 - 32 users 1-17
2026-09-10 20:27:31,472 INFO o.a.j.t.JMeterThread: Thread started: Thread Group - until HTTP 503 - 32 users 1-18
2026-09-10 20:27:32,474 INFO o.a.j.t.JMeterThread: Thread started: Thread Group - until HTTP 503 - 32 users 1-19
2026-09-10 20:27:33,472 INFO o.a.j.t.JMeterThread: Thread started: Thread Group - until HTTP 503 - 32 users 1-20
2026-09-10 20:27:34,471 INFO o.a.j.t.JMeterThread: Thread started: Thread Group - until HTTP 503 - 32 users 1-21
2026-09-10 20:27:35,473 INFO o.a.j.t.JMeterThread: Thread started: Thread Group - until HTTP 503 - 32 users 1-22
2026-09-10 20:27:36,473 INFO o.a.j.t.JMeterThread: Thread started: Thread Group - until HTTP 503 - 32 users 1-23
2026-09-10 20:27:37,471 INFO o.a.j.t.JMeterThread: Thread started: Thread Group - until HTTP 503 - 32 users 1-24
2026-09-10 20:27:38,472 INFO o.a.j.t.JMeterThread: Thread started: Thread Group - until HTTP 503 - 32 users 1-25
2026-09-10 20:27:39,472 INFO o.a.j.t.JMeterThread: Thread started: Thread Group - until HTTP 503 - 32 users 1-26
2026-09-10 20:27:40,472 INFO o.a.j.t.JMeterThread: Thread started: Thread Group - until HTTP 503 - 32 users 1-27
2026-09-10 20:27:41,471 INFO o.a.j.t.JMeterThread: Thread started: Thread Group - until HTTP 503 - 32 users 1-28
2026-09-10 20:27:42,472 INFO o.a.j.t.JMeterThread: Thread started: Thread Group - until HTTP 503 - 32 users 1-29
2026-09-10 20:27:43,472 INFO o.a.j.t.JMeterThread: Thread started: Thread Group - until HTTP 503 - 32 users 1-30
2026-09-10 20:27:44,471 INFO o.a.j.t.JMeterThread: Thread started: Thread Group - until HTTP 503 - 32 users 1-31
2026-09-10 20:27:45,472 INFO o.a.j.t.JMeterThread: Thread started: Thread Group - until HTTP 503 - 32 users 1-32
2026-09-10 20:28:00,150 INFO o.a.j.r.Summariser: summary +    328 in 00:00:30 =   10.9/s Avg:   629 Min:   604 Max:   677 Err:   219 (66.77%) Active: 32 Started: 32 Finished: 0
2026-09-10 20:28:00,151 INFO o.a.j.r.Summariser: summary =    469 in 00:00:46 =   10.3/s Avg:   617 Min:   523 Max:   721 Err:   242 (51.60%)
2026-09-10 20:28:30,009 INFO o.a.j.r.Summariser: summary +    319 in 00:00:30 =   10.7/s Avg:   627 Min:   604 Max:   938 Err:   158 (49.53%) Active: 32 Started: 32 Finished: 0
2026-09-10 20:28:30,010 INFO o.a.j.r.Summariser: summary =    788 in 00:01:16 =   10.4/s Avg:   621 Min:   523 Max:   938 Err:   400 (50.76%)
2026-09-10 20:28:42,168 INFO o.a.j.t.JMeterThread: Thread finished: Thread Group - until HTTP 503 - 32 users 1-6
2026-09-10 20:28:42,221 INFO o.a.j.t.JMeterThread: Thread finished: Thread Group - until HTTP 503 - 32 users 1-5
2026-09-10 20:28:42,338 INFO o.a.j.t.JMeterThread: Thread finished: Thread Group - until HTTP 503 - 32 users 1-14
2026-09-10 20:28:42,493 INFO o.a.j.t.JMeterThread: Thread finished: Thread Group - until HTTP 503 - 32 users 1-24
2026-09-10 20:28:42,593 INFO o.a.j.t.JMeterThread: Thread finished: Thread Group - until HTTP 503 - 32 users 1-22
2026-09-10 20:28:42,835 INFO o.a.j.t.JMeterThread: Thread finished: Thread Group - until HTTP 503 - 32 users 1-29
2026-09-10 20:28:42,887 INFO o.a.j.t.JMeterThread: Thread finished: Thread Group - until HTTP 503 - 32 users 1-9
2026-09-10 20:28:42,921 INFO o.a.j.t.JMeterThread: Thread finished: Thread Group - until HTTP 503 - 32 users 1-17
2026-09-10 20:28:43,106 INFO o.a.j.t.JMeterThread: Thread finished: Thread Group - until HTTP 503 - 32 users 1-32
2026-09-10 20:28:43,137 INFO o.a.j.t.JMeterThread: Thread finished: Thread Group - until HTTP 503 - 32 users 1-13
2026-09-10 20:28:43,375 INFO o.a.j.t.JMeterThread: Thread finished: Thread Group - until HTTP 503 - 32 users 1-3
2026-09-10 20:28:43,398 INFO o.a.j.t.JMeterThread: Thread finished: Thread Group - until HTTP 503 - 32 users 1-10
2026-09-10 20:28:43,398 INFO o.a.j.t.JMeterThread: Thread finished: Thread Group - until HTTP 503 - 32 users 1-7
2026-09-10 20:28:43,443 INFO o.a.j.t.JMeterThread: Thread finished: Thread Group - until HTTP 503 - 32 users 1-12
2026-09-10 20:28:43,447 INFO o.a.j.t.JMeterThread: Thread finished: Thread Group - until HTTP 503 - 32 users 1-27
2026-09-10 20:28:43,685 INFO o.a.j.t.JMeterThread: Thread finished: Thread Group - until HTTP 503 - 32 users 1-19
2026-09-10 20:28:43,862 INFO o.a.j.t.JMeterThread: Thread finished: Thread Group - until HTTP 503 - 32 users 1-25
2026-09-10 20:28:43,900 INFO o.a.j.t.JMeterThread: Thread finished: Thread Group - until HTTP 503 - 32 users 1-30
2026-09-10 20:28:43,989 INFO o.a.j.t.JMeterThread: Thread finished: Thread Group - until HTTP 503 - 32 users 1-16
2026-09-10 20:28:44,012 INFO o.a.j.t.JMeterThread: Thread finished: Thread Group - until HTTP 503 - 32 users 1-21
2026-09-10 20:28:44,029 INFO o.a.j.t.JMeterThread: Thread finished: Thread Group - until HTTP 503 - 32 users 1-23
2026-09-10 20:28:44,447 INFO o.a.j.t.JMeterThread: Thread finished: Thread Group - until HTTP 503 - 32 users 1-2
2026-09-10 20:28:44,632 INFO o.a.j.t.JMeterThread: Stopping because end time detected by thread: Thread Group - until HTTP 503 - 32 users 1-28
2026-09-10 20:28:44,632 INFO o.a.j.t.JMeterThread: Thread finished: Thread Group - until HTTP 503 - 32 users 1-28
2026-09-10 20:28:44,923 INFO o.a.j.t.JMeterThread: Stopping because end time detected by thread: Thread Group - until HTTP 503 - 32 users 1-15
2026-09-10 20:28:44,923 INFO o.a.j.t.JMeterThread: Thread finished: Thread Group - until HTTP 503 - 32 users 1-15
2026-09-10 20:28:44,963 INFO o.a.j.t.JMeterThread: Stopping because end time detected by thread: Thread Group - until HTTP 503 - 32 users 1-18
2026-09-10 20:28:44,963 INFO o.a.j.t.JMeterThread: Thread finished: Thread Group - until HTTP 503 - 32 users 1-18
2026-09-10 20:28:44,984 INFO o.a.j.t.JMeterThread: Stopping because end time detected by thread: Thread Group - until HTTP 503 - 32 users 1-31
2026-09-10 20:28:44,984 INFO o.a.j.t.JMeterThread: Thread finished: Thread Group - until HTTP 503 - 32 users 1-31
2026-09-10 20:28:45,033 INFO o.a.j.t.JMeterThread: Stopping because end time detected by thread: Thread Group - until HTTP 503 - 32 users 1-1
2026-09-10 20:28:45,033 INFO o.a.j.t.JMeterThread: Thread finished: Thread Group - until HTTP 503 - 32 users 1-1
2026-09-10 20:28:45,049 INFO o.a.j.t.JMeterThread: Stopping because end time detected by thread: Thread Group - until HTTP 503 - 32 users 1-26
2026-09-10 20:28:45,049 INFO o.a.j.t.JMeterThread: Stopping because end time detected by thread: Thread Group - until HTTP 503 - 32 users 1-20
2026-09-10 20:28:45,049 INFO o.a.j.t.JMeterThread: Thread finished: Thread Group - until HTTP 503 - 32 users 1-26
2026-09-10 20:28:45,050 INFO o.a.j.t.JMeterThread: Thread finished: Thread Group - until HTTP 503 - 32 users 1-20
2026-09-10 20:28:45,052 INFO o.a.j.t.JMeterThread: Stopping because end time detected by thread: Thread Group - until HTTP 503 - 32 users 1-11
2026-09-10 20:28:45,052 INFO o.a.j.t.JMeterThread: Thread finished: Thread Group - until HTTP 503 - 32 users 1-11
2026-09-10 20:28:45,063 INFO o.a.j.t.JMeterThread: Stopping because end time detected by thread: Thread Group - until HTTP 503 - 32 users 1-4
2026-09-10 20:28:45,063 INFO o.a.j.t.JMeterThread: Thread finished: Thread Group - until HTTP 503 - 32 users 1-4
2026-09-10 20:28:45,065 INFO o.a.j.t.JMeterThread: Stopping because end time detected by thread: Thread Group - until HTTP 503 - 32 users 1-8
2026-09-10 20:28:45,065 INFO o.a.j.t.JMeterThread: Thread finished: Thread Group - until HTTP 503 - 32 users 1-8
2026-09-10 20:28:45,066 INFO o.a.j.e.StandardJMeterEngine: Notifying test listeners of end of test
2026-09-10 20:28:45,067 INFO o.a.j.r.Summariser: summary +    166 in 00:00:15 =   11.0/s Avg:   622 Min:   604 Max:   709 Err:    71 (42.77%) Active: 0 Started: 32 Finished: 32
2026-09-10 20:28:45,067 INFO o.a.j.r.Summariser: summary =    954 in 00:01:31 =   10.5/s Avg:   621 Min:   523 Max:   938 Err:   471 (49.37%)
2026-09-10 20:28:45,068 INFO o.a.j.JMeter: Generating Dashboard
2026-09-10 20:28:45,068 INFO o.a.j.r.d.ReportGenerator: Flushing result collector before report Generation
2026-09-10 20:28:45,105 INFO o.a.j.r.p.NormalizerSampleConsumer: Using format, 'ms', to parse timeStamp field
2026-09-10 20:28:45,359 INFO o.a.j.r.p.AbstractSampleConsumer: class org.apache.jmeter.report.processor.AggregateConsumer#stopProducing(): beginDate produced 0 samples
2026-09-10 20:28:45,359 INFO o.a.j.r.p.AbstractSampleConsumer: class org.apache.jmeter.report.processor.AggregateConsumer#stopProducing(): endDate produced 0 samples
2026-09-10 20:28:45,363 INFO o.a.j.r.p.AbstractSampleConsumer: class org.apache.jmeter.report.processor.ApdexSummaryConsumer#stopProducing(): apdexSummary produced 0 samples
2026-09-10 20:28:45,363 INFO o.a.j.r.p.AbstractSampleConsumer: class org.apache.jmeter.report.processor.RequestsSummaryConsumer#stopProducing(): requestsSummary produced 0 samples
2026-09-10 20:28:45,370 INFO o.a.j.r.p.AbstractSampleConsumer: class org.apache.jmeter.report.processor.StatisticsSummaryConsumer#stopProducing(): statisticsSummary produced 0 samples
2026-09-10 20:28:45,372 INFO o.a.j.r.p.AbstractSampleConsumer: class org.apache.jmeter.report.processor.Top5ErrorsBySamplerConsumer#stopProducing(): top5ErrorsBySampler produced 0 samples
2026-09-10 20:28:45,373 INFO o.a.j.r.p.AbstractSampleConsumer: class org.apache.jmeter.report.processor.ErrorsSummaryConsumer#stopProducing(): errorsSummary produced 0 samples
2026-09-10 20:28:45,373 INFO o.a.j.r.p.AbstractSampleConsumer: class org.apache.jmeter.report.processor.graph.impl.HitsPerSecondGraphConsumer#stopProducing(): hitsPerSecond produced 0 samples
2026-09-10 20:28:45,448 INFO o.a.j.r.p.AbstractSampleConsumer: class org.apache.jmeter.report.processor.graph.impl.LatencyVSRequestGraphConsumer#stopProducing(): latencyVsRequest produced 0 samples
2026-09-10 20:28:45,449 INFO o.a.j.r.p.AbstractSampleConsumer: class org.apache.jmeter.report.processor.graph.impl.SyntheticResponseTimeDistributionGraphConsumer#stopProducing(): syntheticResponseTimeDistribution produced 0 samples
2026-09-10 20:28:45,449 INFO o.a.j.r.p.AbstractSampleConsumer: class org.apache.jmeter.report.processor.graph.impl.BytesThroughputGraphConsumer#stopProducing(): bytesThroughputOverTime produced 0 samples
2026-09-10 20:28:45,449 INFO o.a.j.r.p.AbstractSampleConsumer: class org.apache.jmeter.report.processor.graph.impl.CodesPerSecondGraphConsumer#stopProducing(): codesPerSecond produced 0 samples
2026-09-10 20:28:45,504 INFO o.a.j.r.p.AbstractSampleConsumer: class org.apache.jmeter.report.processor.graph.impl.ResponseTimeVSRequestGraphConsumer#stopProducing(): responseTimeVsRequest produced 0 samples
2026-09-10 20:28:45,506 INFO o.a.j.r.p.AbstractSampleConsumer: class org.apache.jmeter.report.processor.FilterConsumer#stopProducing(): startIntervalControlerFilter produced 6678 samples
2026-09-10 20:28:45,506 INFO o.a.j.r.p.AbstractSampleConsumer: class org.apache.jmeter.report.processor.graph.impl.TotalTPSGraphConsumer#stopProducing(): totalTPS produced 0 samples
2026-09-10 20:28:45,507 INFO o.a.j.r.p.AbstractSampleConsumer: class org.apache.jmeter.report.processor.graph.impl.ActiveThreadsGraphConsumer#stopProducing(): activeThreadsOverTime produced 0 samples
2026-09-10 20:28:45,507 INFO o.a.j.r.p.AbstractSampleConsumer: class org.apache.jmeter.report.processor.graph.impl.TimeVSThreadGraphConsumer#stopProducing(): timeVsThreads produced 0 samples
2026-09-10 20:28:45,507 INFO o.a.j.r.p.AbstractSampleConsumer: class org.apache.jmeter.report.processor.graph.impl.ResponseTimeDistributionGraphConsumer#stopProducing(): responseTimeDistribution produced 0 samples
2026-09-10 20:28:45,507 INFO o.a.j.r.p.AbstractSampleConsumer: class org.apache.jmeter.report.processor.graph.impl.TransactionsPerSecondGraphConsumer#stopProducing(): transactionsPerSecond produced 0 samples
2026-09-10 20:28:45,507 INFO o.a.j.r.p.AbstractSampleConsumer: class org.apache.jmeter.report.processor.graph.impl.ResponseTimePercentilesGraphConsumer#stopProducing(): responseTimePercentiles produced 0 samples
2026-09-10 20:28:45,509 INFO o.a.j.r.p.AbstractSampleConsumer: class org.apache.jmeter.report.processor.graph.impl.ResponseTimePercentilesOverTimeGraphConsumer#stopProducing(): responseTimePercentilesOverTime produced 0 samples
2026-09-10 20:28:45,509 INFO o.a.j.r.p.AbstractSampleConsumer: class org.apache.jmeter.report.processor.graph.impl.ResponseTimeOverTimeGraphConsumer#stopProducing(): responseTimesOverTime produced 0 samples
2026-09-10 20:28:45,510 INFO o.a.j.r.p.AbstractSampleConsumer: class org.apache.jmeter.report.processor.graph.impl.ConnectTimeOverTimeGraphConsumer#stopProducing(): connectTimeOverTime produced 0 samples
2026-09-10 20:28:45,511 INFO o.a.j.r.p.AbstractSampleConsumer: class org.apache.jmeter.report.processor.graph.impl.LatencyOverTimeGraphConsumer#stopProducing(): latenciesOverTime produced 0 samples
2026-09-10 20:28:45,511 INFO o.a.j.r.p.AbstractSampleConsumer: class org.apache.jmeter.report.processor.FilterConsumer#stopProducing(): nameFilter produced 14310 samples
2026-09-10 20:28:45,511 INFO o.a.j.r.p.AbstractSampleConsumer: class org.apache.jmeter.report.processor.FilterConsumer#stopProducing(): dateRangeFilter produced 2862 samples
2026-09-10 20:28:45,511 INFO o.a.j.r.p.AbstractSampleConsumer: class org.apache.jmeter.report.processor.NormalizerSampleConsumer#stopProducing(): normalizer produced 954 samples
2026-09-10 20:28:45,512 INFO o.a.j.r.p.CsvFileSampleSource: produce(): 954 samples produced in 361ms on channel 0
2026-09-10 20:28:45,512 INFO o.a.j.r.d.ReportGenerator: Exporting data using exporter:'json' of className:'org.apache.jmeter.report.dashboard.JsonExporter'
2026-09-10 20:28:45,623 INFO o.a.j.r.d.JsonExporter: Found data for consumer statisticsSummary in context
2026-09-10 20:28:45,623 INFO o.a.j.r.d.JsonExporter: Creating statistics for overall
2026-09-10 20:28:45,624 INFO o.a.j.r.d.JsonExporter: Creating statistics for other transactions
2026-09-10 20:28:45,625 INFO o.a.j.r.d.JsonExporter: Checking output folder
2026-09-10 20:28:45,626 INFO o.a.j.r.d.JsonExporter: Writing statistics JSON to C:\University\Programming\Software Testing\Lab4\html_reports\stress_until_503\32users_640rpm\statistics.json
2026-09-10 20:28:45,707 INFO o.a.j.r.d.ReportGenerator: Exporting data using exporter:'html' of className:'org.apache.jmeter.report.dashboard.HtmlTemplateExporter'
2026-09-10 20:28:45,713 INFO o.a.j.r.d.HtmlTemplateExporter: Will generate dashboard in folder: C:\University\Programming\Software Testing\Lab4\html_reports\stress_until_503\32users_640rpm
2026-09-10 20:28:45,872 INFO o.a.j.r.d.HtmlTemplateExporter: Report will be generated in: C:\University\Programming\Software Testing\Lab4\html_reports\stress_until_503\32users_640rpm, creating folder structure
2026-09-10 20:28:45,878 INFO o.a.j.r.d.TemplateVisitor: Copying folder from 'C:\Program Files\apache-jmeter-5.6.3\bin\report-template' to 'C:\University\Programming\Software Testing\Lab4\html_reports\stress_until_503\32users_640rpm', got message: C:\University\Programming\Software Testing\Lab4\html_reports\stress_until_503\32users_640rpm, found non empty folder with following content [C:\University\Programming\Software Testing\Lab4\html_reports\stress_until_503\32users_640rpm\statistics.json], will be ignored
2026-09-10 20:28:46,277 INFO o.a.j.JMeter: Dashboard generated
