2026-09-10 20:35:14,473 INFO o.a.j.u.JMeterUtils: Setting Locale to en_EN
2026-09-10 20:35:14,486 INFO o.a.j.JMeter: Loading user properties from: C:\Program Files\apache-jmeter-5.6.3\bin\user.properties
2026-09-10 20:35:14,487 INFO o.a.j.JMeter: Loading system properties from: C:\Program Files\apache-jmeter-5.6.3\bin\system.properties
2026-09-10 20:35:14,487 INFO o.a.j.JMeter: Setting JMeter property: jmeter.save.saveservice.output_format=csv
2026-09-10 20:35:14,487 INFO o.a.j.JMeter: Setting JMeter property: jmeter.save.saveservice.print_field_names=true
2026-09-10 20:35:14,489 INFO o.a.j.JMeter: Setting JMeter property: jmeter.save.saveservice.timestamp_format=ms
2026-09-10 20:35:14,489 INFO o.a.j.JMeter: Setting JMeter property: jmeter.save.saveservice.time=true
2026-09-10 20:35:14,489 INFO o.a.j.JMeter: Setting JMeter property: jmeter.save.saveservice.latency=true
2026-09-10 20:35:14,489 INFO o.a.j.JMeter: Setting JMeter property: jmeter.save.saveservice.label=true
2026-09-10 20:35:14,489 INFO o.a.j.JMeter: Setting JMeter property: jmeter.save.saveservice.response_code=true
2026-09-10 20:35:14,489 INFO o.a.j.JMeter: Setting JMeter property: jmeter.save.saveservice.response_message=true
2026-09-10 20:35:14,489 INFO o.a.j.JMeter: Setting JMeter property: jmeter.save.saveservice.successful=true
2026-09-10 20:35:14,489 INFO o.a.j.JMeter: Setting JMeter property: jmeter.save.saveservice.assertion_results_failure_message=true
2026-09-10 20:35:14,489 INFO o.a.j.JMeter: Setting JMeter property: jmeter.save.saveservice.thread_name=true
2026-09-10 20:35:14,489 INFO o.a.j.JMeter: Setting JMeter property: jmeter.save.saveservice.thread_counts=true
2026-09-10 20:35:14,489 INFO o.a.j.JMeter: Setting JMeter property: jmeter.save.saveservice.connect_time=true
2026-09-10 20:35:14,495 INFO o.a.j.JMeter: Copyright (c) 1998-2024 The Apache Software Foundation
2026-09-10 20:35:14,495 INFO o.a.j.JMeter: Version 5.6.3
2026-09-10 20:35:14,495 INFO o.a.j.JMeter: java.version=26.0.1
2026-09-10 20:35:14,495 INFO o.a.j.JMeter: java.vm.name=Java HotSpot(TM) 64-Bit Server VM
2026-09-10 20:35:14,495 INFO o.a.j.JMeter: os.name=Windows 10
2026-09-10 20:35:14,495 INFO o.a.j.JMeter: os.arch=amd64
2026-09-10 20:35:14,495 INFO o.a.j.JMeter: os.version=10.0
2026-09-10 20:35:14,495 INFO o.a.j.JMeter: file.encoding=UTF-8
2026-09-10 20:35:14,495 INFO o.a.j.JMeter: java.awt.headless=true
2026-09-10 20:35:14,495 INFO o.a.j.JMeter: Max memory     =1073741824
2026-09-10 20:35:14,495 INFO o.a.j.JMeter: Available Processors =8
2026-09-10 20:35:14,509 INFO o.a.j.JMeter: Default Locale=English (EN)
2026-09-10 20:35:14,509 INFO o.a.j.JMeter: JMeter  Locale=English (EN)
2026-09-10 20:35:14,509 INFO o.a.j.JMeter: JMeterHome=C:\Program Files\apache-jmeter-5.6.3
2026-09-10 20:35:14,509 INFO o.a.j.JMeter: user.dir  =C:\University\Programming\Software Testing\Lab4
2026-09-10 20:35:14,510 INFO o.a.j.JMeter: PWD       =C:\University\Programming\Software Testing\Lab4
2026-09-10 20:35:14,511 INFO o.a.j.JMeter: IP: 172.28.17.195 Name: DESKTOP-74FQ4EV FullName: DESKTOP-74FQ4EV
2026-09-10 20:35:14,521 INFO o.a.j.JMeter: Setting property 'jmeter.reportgenerator.outputdir' to:'C:\University\Programming\Software Testing\Lab4\html_reports\stress_until_503\72users_1440rpm'
2026-09-10 20:35:14,523 INFO o.a.j.s.FileServer: Default base='C:\University\Programming\Software Testing\Lab4'
2026-09-10 20:35:14,524 INFO o.a.j.s.FileServer: Set new base='C:\University\Programming\Software Testing\Lab4\quality_jmeter_plans\stress_until_503'
2026-09-10 20:35:14,723 INFO o.a.j.s.SaveService: Testplan (JMX) version: 2.2. Testlog (JTL) version: 2.2
2026-09-10 20:35:14,738 INFO o.a.j.s.SaveService: Using SaveService properties version 5.0
2026-09-10 20:35:14,740 INFO o.a.j.s.SaveService: Using SaveService properties file encoding UTF-8
2026-09-10 20:35:14,743 INFO o.a.j.s.SaveService: Loading file: quality_jmeter_plans\stress_until_503\stress_until_503_72users_1440rpm_ctt.jmx
2026-09-10 20:35:14,785 INFO o.a.j.p.h.s.HTTPSamplerBase: Parser for text/html is org.apache.jmeter.protocol.http.parser.LagartoBasedHtmlParser
2026-09-10 20:35:14,785 INFO o.a.j.p.h.s.HTTPSamplerBase: Parser for application/xhtml+xml is org.apache.jmeter.protocol.http.parser.LagartoBasedHtmlParser
2026-09-10 20:35:14,785 INFO o.a.j.p.h.s.HTTPSamplerBase: Parser for application/xml is org.apache.jmeter.protocol.http.parser.LagartoBasedHtmlParser
2026-09-10 20:35:14,785 INFO o.a.j.p.h.s.HTTPSamplerBase: Parser for text/xml is org.apache.jmeter.protocol.http.parser.LagartoBasedHtmlParser
2026-09-10 20:35:14,785 INFO o.a.j.p.h.s.HTTPSamplerBase: Parser for text/vnd.wap.wml is org.apache.jmeter.protocol.http.parser.RegexpHTMLParser
2026-09-10 20:35:14,785 INFO o.a.j.p.h.s.HTTPSamplerBase: Parser for text/css is org.apache.jmeter.protocol.http.parser.CssParser
2026-09-10 20:35:14,795 INFO o.a.j.JMeter: Creating summariser <summary>
2026-09-10 20:35:14,802 INFO o.a.j.r.d.ReportGenerator: ReportGenerator will use for Parsing the separator: ','
2026-09-10 20:35:14,802 INFO o.a.j.r.d.ReportGenerator: Will generate report at end of test from  results file: results/stress_until_503/stress_until_503_72users_1440rpm.jtl
2026-09-10 20:35:14,802 INFO o.a.j.r.d.ReportGenerator: Reading report generator properties from: C:\Program Files\apache-jmeter-5.6.3\bin\reportgenerator.properties
2026-09-10 20:35:14,803 INFO o.a.j.r.d.ReportGenerator: Merging with JMeter properties
2026-09-10 20:35:14,805 INFO o.a.j.r.c.ReportGeneratorConfiguration: Property 'jmeter.reportgenerator.temp_dir' not found, using default value 'temp' instead.
2026-09-10 20:35:14,807 INFO o.a.j.r.c.ReportGeneratorConfiguration: Property 'jmeter.reportgenerator.apdex_per_transaction' not found, using default value 'null' instead.
2026-09-10 20:35:14,807 INFO o.a.j.r.c.ReportGeneratorConfiguration: apdex_per_transaction is empty, not APDEX per transaction customization
2026-09-10 20:35:14,807 INFO o.a.j.r.c.ReportGeneratorConfiguration: Property 'jmeter.reportgenerator.sample_filter' not found, using default value 'null' instead.
2026-09-10 20:35:14,807 INFO o.a.j.r.c.ReportGeneratorConfiguration: Property 'jmeter.reportgenerator.report_title' not found, using default value 'null' instead.
2026-09-10 20:35:14,807 INFO o.a.j.r.c.ReportGeneratorConfiguration: Property 'jmeter.reportgenerator.start_date' not found, using default value 'null' instead.
2026-09-10 20:35:14,807 INFO o.a.j.r.c.ReportGeneratorConfiguration: Property 'jmeter.reportgenerator.end_date' not found, using default value 'null' instead.
2026-09-10 20:35:14,807 INFO o.a.j.r.c.ReportGeneratorConfiguration: Property 'jmeter.reportgenerator.date_format' not found, using default value 'null' instead.
2026-09-10 20:35:14,808 INFO o.a.j.r.c.ReportGeneratorConfiguration: Will use date range start date: null, end date: null
2026-09-10 20:35:14,810 INFO o.a.j.r.c.ReportGeneratorConfiguration: Property 'jmeter.reportgenerator.graph.totalTPS.exclude_controllers' not found, using default value 'false' instead.
2026-09-10 20:35:14,810 INFO o.a.j.r.c.ReportGeneratorConfiguration: Property 'jmeter.reportgenerator.graph.activeThreadsOverTime.exclude_controllers' not found, using default value 'false' instead.
2026-09-10 20:35:14,810 INFO o.a.j.r.c.ReportGeneratorConfiguration: Property 'jmeter.reportgenerator.graph.timeVsThreads.exclude_controllers' not found, using default value 'false' instead.
2026-09-10 20:35:14,811 INFO o.a.j.r.c.ReportGeneratorConfiguration: Property 'jmeter.reportgenerator.graph.responseTimeDistribution.exclude_controllers' not found, using default value 'false' instead.
2026-09-10 20:35:14,811 INFO o.a.j.r.c.ReportGeneratorConfiguration: Property 'jmeter.reportgenerator.graph.transactionsPerSecond.exclude_controllers' not found, using default value 'false' instead.
2026-09-10 20:35:14,811 INFO o.a.j.r.c.ReportGeneratorConfiguration: Property 'jmeter.reportgenerator.graph.responseTimePercentiles.exclude_controllers' not found, using default value 'false' instead.
2026-09-10 20:35:14,811 INFO o.a.j.r.c.ReportGeneratorConfiguration: Property 'jmeter.reportgenerator.graph.responseTimePercentilesOverTime.exclude_controllers' not found, using default value 'false' instead.
2026-09-10 20:35:14,811 INFO o.a.j.r.c.ReportGeneratorConfiguration: Property 'jmeter.reportgenerator.graph.responseTimesOverTime.exclude_controllers' not found, using default value 'false' instead.
2026-09-10 20:35:14,811 INFO o.a.j.r.c.ReportGeneratorConfiguration: Property 'jmeter.reportgenerator.graph.connectTimeOverTime.exclude_controllers' not found, using default value 'false' instead.
2026-09-10 20:35:14,811 INFO o.a.j.r.c.ReportGeneratorConfiguration: Property 'jmeter.reportgenerator.graph.latenciesOverTime.exclude_controllers' not found, using default value 'false' instead.
2026-09-10 20:35:14,812 INFO o.a.j.r.c.ReportGeneratorConfiguration: Property 'jmeter.reportgenerator.exporter.json.filters_only_sample_series' not found, using default value 'true' instead.
2026-09-10 20:35:14,812 INFO o.a.j.r.c.ReportGeneratorConfiguration: Property 'jmeter.reportgenerator.exporter.json.series_filter' not found, using default value '' instead.
2026-09-10 20:35:14,812 INFO o.a.j.r.c.ReportGeneratorConfiguration: Property 'jmeter.reportgenerator.exporter.json.show_controllers_only' not found, using default value 'false' instead.
2026-09-10 20:35:14,812 INFO o.a.j.r.c.ReportGeneratorConfiguration: Property 'jmeter.reportgenerator.exporter.html.filters_only_sample_series' not found, using default value 'true' instead.
2026-09-10 20:35:14,812 INFO o.a.j.r.c.ReportGeneratorConfiguration: Property 'jmeter.reportgenerator.exporter.html.series_filter' not found, using default value '' instead.
2026-09-10 20:35:14,812 INFO o.a.j.r.c.ReportGeneratorConfiguration: Property 'jmeter.reportgenerator.exporter.html.show_controllers_only' not found, using default value 'false' instead.
2026-09-10 20:35:14,822 INFO o.a.j.e.StandardJMeterEngine: Running the test!
2026-09-10 20:35:14,823 INFO o.a.j.s.SampleEvent: List of sample_variables: []
2026-09-10 20:35:14,823 INFO o.a.j.s.SampleEvent: List of sample_variables: []
2026-09-10 20:35:14,827 INFO o.a.j.e.u.CompoundVariable: Note: Function class names must contain the string: '.functions.'
2026-09-10 20:35:14,828 INFO o.a.j.e.u.CompoundVariable: Note: Function class names must not contain the string: '.gui.'
2026-09-10 20:35:14,882 INFO o.a.j.JMeter: Running test (1789061714882)
2026-09-10 20:35:14,898 INFO o.a.j.e.StandardJMeterEngine: Starting ThreadGroup: 1 : Thread Group - until HTTP 503 - 72 users
2026-09-10 20:35:14,898 INFO o.a.j.e.StandardJMeterEngine: Starting 72 threads for group Thread Group - until HTTP 503 - 72 users.
2026-09-10 20:35:14,898 INFO o.a.j.e.StandardJMeterEngine: Thread will continue on error
2026-09-10 20:35:14,898 INFO o.a.j.t.ThreadGroup: Starting thread group... number=1 threads=72 ramp-up=60 delayedStart=false
2026-09-10 20:35:14,903 INFO o.a.j.t.JMeterThread: Thread started: Thread Group - until HTTP 503 - 72 users 1-1
2026-09-10 20:35:14,919 INFO o.a.j.t.ThreadGroup: Started thread group number 1
2026-09-10 20:35:14,920 INFO o.a.j.e.StandardJMeterEngine: All thread groups have been started
2026-09-10 20:35:14,944 INFO o.a.j.p.h.s.HTTPHCAbstractImpl: Local host = DESKTOP-74FQ4EV
2026-09-10 20:35:14,950 INFO o.a.j.p.h.s.HTTPHC4Impl: HTTP request retry count = 0
2026-09-10 20:35:14,951 INFO o.a.j.s.SampleResult: Note: Sample TimeStamps are START times
2026-09-10 20:35:14,951 INFO o.a.j.s.SampleResult: sampleresult.default.encoding is set to UTF-8
2026-09-10 20:35:14,951 INFO o.a.j.s.SampleResult: sampleresult.useNanoTime=true
2026-09-10 20:35:14,951 INFO o.a.j.s.SampleResult: sampleresult.nanoThreadSleep=5000
2026-09-10 20:35:15,734 INFO o.a.j.t.JMeterThread: Thread started: Thread Group - until HTTP 503 - 72 users 1-2
2026-09-10 20:35:16,566 INFO o.a.j.t.JMeterThread: Thread started: Thread Group - until HTTP 503 - 72 users 1-3
2026-09-10 20:35:17,398 INFO o.a.j.t.JMeterThread: Thread started: Thread Group - until HTTP 503 - 72 users 1-4
2026-09-10 20:35:18,232 INFO o.a.j.t.JMeterThread: Thread started: Thread Group - until HTTP 503 - 72 users 1-5
2026-09-10 20:35:19,063 INFO o.a.j.t.JMeterThread: Thread started: Thread Group - until HTTP 503 - 72 users 1-6
2026-09-10 20:35:19,897 INFO o.a.j.t.JMeterThread: Thread started: Thread Group - until HTTP 503 - 72 users 1-7
2026-09-10 20:35:20,730 INFO o.a.j.t.JMeterThread: Thread started: Thread Group - until HTTP 503 - 72 users 1-8
2026-09-10 20:35:21,562 INFO o.a.j.t.JMeterThread: Thread started: Thread Group - until HTTP 503 - 72 users 1-9
2026-09-10 20:35:22,395 INFO o.a.j.t.JMeterThread: Thread started: Thread Group - until HTTP 503 - 72 users 1-10
2026-09-10 20:35:23,229 INFO o.a.j.t.JMeterThread: Thread started: Thread Group - until HTTP 503 - 72 users 1-11
2026-09-10 20:35:24,063 INFO o.a.j.t.JMeterThread: Thread started: Thread Group - until HTTP 503 - 72 users 1-12
2026-09-10 20:35:24,894 INFO o.a.j.t.JMeterThread: Thread started: Thread Group - until HTTP 503 - 72 users 1-13
2026-09-10 20:35:25,728 INFO o.a.j.t.JMeterThread: Thread started: Thread Group - until HTTP 503 - 72 users 1-14
2026-09-10 20:35:26,562 INFO o.a.j.t.JMeterThread: Thread started: Thread Group - until HTTP 503 - 72 users 1-15
2026-09-10 20:35:27,393 INFO o.a.j.t.JMeterThread: Thread started: Thread Group - until HTTP 503 - 72 users 1-16
2026-09-10 20:35:28,226 INFO o.a.j.t.JMeterThread: Thread started: Thread Group - until HTTP 503 - 72 users 1-17
2026-09-10 20:35:29,060 INFO o.a.j.t.JMeterThread: Thread started: Thread Group - until HTTP 503 - 72 users 1-18
2026-09-10 20:35:29,893 INFO o.a.j.t.JMeterThread: Thread started: Thread Group - until HTTP 503 - 72 users 1-19
2026-09-10 20:35:30,055 INFO o.a.j.r.Summariser: summary +    214 in 00:00:15 =   14.1/s Avg:   646 Min:   524 Max:  1025 Err:   120 (56.07%) Active: 19 Started: 19 Finished: 0
2026-09-10 20:35:30,726 INFO o.a.j.t.JMeterThread: Thread started: Thread Group - until HTTP 503 - 72 users 1-20
2026-09-10 20:35:31,558 INFO o.a.j.t.JMeterThread: Thread started: Thread Group - until HTTP 503 - 72 users 1-21
2026-09-10 20:35:32,391 INFO o.a.j.t.JMeterThread: Thread started: Thread Group - until HTTP 503 - 72 users 1-22
2026-09-10 20:35:33,226 INFO o.a.j.t.JMeterThread: Thread started: Thread Group - until HTTP 503 - 72 users 1-23
2026-09-10 20:35:34,058 INFO o.a.j.t.JMeterThread: Thread started: Thread Group - until HTTP 503 - 72 users 1-24
2026-09-10 20:35:34,891 INFO o.a.j.t.JMeterThread: Thread started: Thread Group - until HTTP 503 - 72 users 1-25
2026-09-10 20:35:35,723 INFO o.a.j.t.JMeterThread: Thread started: Thread Group - until HTTP 503 - 72 users 1-26
2026-09-10 20:35:36,556 INFO o.a.j.t.JMeterThread: Thread started: Thread Group - until HTTP 503 - 72 users 1-27
2026-09-10 20:35:37,389 INFO o.a.j.t.JMeterThread: Thread started: Thread Group - until HTTP 503 - 72 users 1-28
2026-09-10 20:35:38,224 INFO o.a.j.t.JMeterThread: Thread started: Thread Group - until HTTP 503 - 72 users 1-29
2026-09-10 20:35:39,055 INFO o.a.j.t.JMeterThread: Thread started: Thread Group - until HTTP 503 - 72 users 1-30
2026-09-10 20:35:39,889 INFO o.a.j.t.JMeterThread: Thread started: Thread Group - until HTTP 503 - 72 users 1-31
2026-09-10 20:35:40,723 INFO o.a.j.t.JMeterThread: Thread started: Thread Group - until HTTP 503 - 72 users 1-32
2026-09-10 20:35:41,555 INFO o.a.j.t.JMeterThread: Thread started: Thread Group - until HTTP 503 - 72 users 1-33
2026-09-10 20:35:42,389 INFO o.a.j.t.JMeterThread: Thread started: Thread Group - until HTTP 503 - 72 users 1-34
2026-09-10 20:35:43,221 INFO o.a.j.t.JMeterThread: Thread started: Thread Group - until HTTP 503 - 72 users 1-35
2026-09-10 20:35:44,054 INFO o.a.j.t.JMeterThread: Thread started: Thread Group - until HTTP 503 - 72 users 1-36
2026-09-10 20:35:44,887 INFO o.a.j.t.JMeterThread: Thread started: Thread Group - until HTTP 503 - 72 users 1-37
2026-09-10 20:35:45,719 INFO o.a.j.t.JMeterThread: Thread started: Thread Group - until HTTP 503 - 72 users 1-38
2026-09-10 20:35:46,552 INFO o.a.j.t.JMeterThread: Thread started: Thread Group - until HTTP 503 - 72 users 1-39
2026-09-10 20:35:47,386 INFO o.a.j.t.JMeterThread: Thread started: Thread Group - until HTTP 503 - 72 users 1-40
2026-09-10 20:35:48,220 INFO o.a.j.t.JMeterThread: Thread started: Thread Group - until HTTP 503 - 72 users 1-41
2026-09-10 20:35:49,052 INFO o.a.j.t.JMeterThread: Thread started: Thread Group - until HTTP 503 - 72 users 1-42
2026-09-10 20:35:49,885 INFO o.a.j.t.JMeterThread: Thread started: Thread Group - until HTTP 503 - 72 users 1-43
2026-09-10 20:35:50,718 INFO o.a.j.t.JMeterThread: Thread started: Thread Group - until HTTP 503 - 72 users 1-44
2026-09-10 20:35:51,552 INFO o.a.j.t.JMeterThread: Thread started: Thread Group - until HTTP 503 - 72 users 1-45
2026-09-10 20:35:52,384 INFO o.a.j.t.JMeterThread: Thread started: Thread Group - until HTTP 503 - 72 users 1-46
2026-09-10 20:35:53,217 INFO o.a.j.t.JMeterThread: Thread started: Thread Group - until HTTP 503 - 72 users 1-47
2026-09-10 20:35:54,049 INFO o.a.j.t.JMeterThread: Thread started: Thread Group - until HTTP 503 - 72 users 1-48
2026-09-10 20:35:54,883 INFO o.a.j.t.JMeterThread: Thread started: Thread Group - until HTTP 503 - 72 users 1-49
2026-09-10 20:35:55,716 INFO o.a.j.t.JMeterThread: Thread started: Thread Group - until HTTP 503 - 72 users 1-50
2026-09-10 20:35:56,548 INFO o.a.j.t.JMeterThread: Thread started: Thread Group - until HTTP 503 - 72 users 1-51
2026-09-10 20:35:57,382 INFO o.a.j.t.JMeterThread: Thread started: Thread Group - until HTTP 503 - 72 users 1-52
2026-09-10 20:35:58,215 INFO o.a.j.t.JMeterThread: Thread started: Thread Group - until HTTP 503 - 72 users 1-53
2026-09-10 20:35:59,049 INFO o.a.j.t.JMeterThread: Thread started: Thread Group - until HTTP 503 - 72 users 1-54
2026-09-10 20:35:59,880 INFO o.a.j.t.JMeterThread: Thread started: Thread Group - until HTTP 503 - 72 users 1-55
2026-09-10 20:36:00,020 INFO o.a.j.r.Summariser: summary +    728 in 00:00:30 =   24.3/s Avg:   919 Min:   761 Max:   996 Err:   728 (100.00%) Active: 55 Started: 55 Finished: 0
2026-09-10 20:36:00,022 INFO o.a.j.r.Summariser: summary =    942 in 00:00:45 =   20.9/s Avg:   857 Min:   524 Max:  1025 Err:   848 (90.02%)
2026-09-10 20:36:00,715 INFO o.a.j.t.JMeterThread: Thread started: Thread Group - until HTTP 503 - 72 users 1-56
2026-09-10 20:36:01,548 INFO o.a.j.t.JMeterThread: Thread started: Thread Group - until HTTP 503 - 72 users 1-57
2026-09-10 20:36:02,380 INFO o.a.j.t.JMeterThread: Thread started: Thread Group - until HTTP 503 - 72 users 1-58
2026-09-10 20:36:03,213 INFO o.a.j.t.JMeterThread: Thread started: Thread Group - until HTTP 503 - 72 users 1-59
2026-09-10 20:36:04,045 INFO o.a.j.t.JMeterThread: Thread started: Thread Group - until HTTP 503 - 72 users 1-60
2026-09-10 20:36:04,879 INFO o.a.j.t.JMeterThread: Thread started: Thread Group - until HTTP 503 - 72 users 1-61
2026-09-10 20:36:05,713 INFO o.a.j.t.JMeterThread: Thread started: Thread Group - until HTTP 503 - 72 users 1-62
2026-09-10 20:36:06,546 INFO o.a.j.t.JMeterThread: Thread started: Thread Group - until HTTP 503 - 72 users 1-63
2026-09-10 20:36:07,378 INFO o.a.j.t.JMeterThread: Thread started: Thread Group - until HTTP 503 - 72 users 1-64
2026-09-10 20:36:08,211 INFO o.a.j.t.JMeterThread: Thread started: Thread Group - until HTTP 503 - 72 users 1-65
2026-09-10 20:36:09,043 INFO o.a.j.t.JMeterThread: Thread started: Thread Group - until HTTP 503 - 72 users 1-66
2026-09-10 20:36:09,878 INFO o.a.j.t.JMeterThread: Thread started: Thread Group - until HTTP 503 - 72 users 1-67
2026-09-10 20:36:10,711 INFO o.a.j.t.JMeterThread: Thread started: Thread Group - until HTTP 503 - 72 users 1-68
2026-09-10 20:36:11,543 INFO o.a.j.t.JMeterThread: Thread started: Thread Group - until HTTP 503 - 72 users 1-69
2026-09-10 20:36:12,376 INFO o.a.j.t.JMeterThread: Thread started: Thread Group - until HTTP 503 - 72 users 1-70
2026-09-10 20:36:13,209 INFO o.a.j.t.JMeterThread: Thread started: Thread Group - until HTTP 503 - 72 users 1-71
2026-09-10 20:36:14,042 INFO o.a.j.t.JMeterThread: Thread started: Thread Group - until HTTP 503 - 72 users 1-72
2026-09-10 20:36:30,000 INFO o.a.j.r.Summariser: summary +    732 in 00:00:30 =   24.4/s Avg:   953 Min:   891 Max:  1450 Err:   732 (100.00%) Active: 72 Started: 72 Finished: 0
2026-09-10 20:36:30,002 INFO o.a.j.r.Summariser: summary =   1674 in 00:01:15 =   22.3/s Avg:   899 Min:   524 Max:  1450 Err:  1580 (94.38%)
2026-09-10 20:36:42,844 INFO o.a.j.t.JMeterThread: Thread finished: Thread Group - until HTTP 503 - 72 users 1-13
2026-09-10 20:36:42,895 INFO o.a.j.t.JMeterThread: Thread finished: Thread Group - until HTTP 503 - 72 users 1-60
2026-09-10 20:36:43,048 INFO o.a.j.t.JMeterThread: Thread finished: Thread Group - until HTTP 503 - 72 users 1-47
2026-09-10 20:36:43,125 INFO o.a.j.t.JMeterThread: Thread finished: Thread Group - until HTTP 503 - 72 users 1-35
2026-09-10 20:36:43,164 INFO o.a.j.t.JMeterThread: Thread finished: Thread Group - until HTTP 503 - 72 users 1-2
2026-09-10 20:36:43,167 INFO o.a.j.t.JMeterThread: Thread finished: Thread Group - until HTTP 503 - 72 users 1-52
2026-09-10 20:36:43,177 INFO o.a.j.t.JMeterThread: Thread finished: Thread Group - until HTTP 503 - 72 users 1-26
2026-09-10 20:36:43,262 INFO o.a.j.t.JMeterThread: Thread finished: Thread Group - until HTTP 503 - 72 users 1-70
2026-09-10 20:36:43,329 INFO o.a.j.t.JMeterThread: Thread finished: Thread Group - until HTTP 503 - 72 users 1-14
2026-09-10 20:36:43,354 INFO o.a.j.t.JMeterThread: Thread finished: Thread Group - until HTTP 503 - 72 users 1-45
2026-09-10 20:36:43,562 INFO o.a.j.t.JMeterThread: Thread finished: Thread Group - until HTTP 503 - 72 users 1-55
2026-09-10 20:36:43,590 INFO o.a.j.t.JMeterThread: Thread finished: Thread Group - until HTTP 503 - 72 users 1-67
2026-09-10 20:36:43,696 INFO o.a.j.t.JMeterThread: Thread finished: Thread Group - until HTTP 503 - 72 users 1-43
2026-09-10 20:36:43,723 INFO o.a.j.t.JMeterThread: Thread finished: Thread Group - until HTTP 503 - 72 users 1-37
2026-09-10 20:36:43,776 INFO o.a.j.t.JMeterThread: Thread finished: Thread Group - until HTTP 503 - 72 users 1-64
2026-09-10 20:36:43,817 INFO o.a.j.t.JMeterThread: Thread finished: Thread Group - until HTTP 503 - 72 users 1-58
2026-09-10 20:36:43,824 INFO o.a.j.t.JMeterThread: Thread finished: Thread Group - until HTTP 503 - 72 users 1-39
2026-09-10 20:36:43,827 INFO o.a.j.t.JMeterThread: Thread finished: Thread Group - until HTTP 503 - 72 users 1-50
2026-09-10 20:36:43,832 INFO o.a.j.t.JMeterThread: Thread finished: Thread Group - until HTTP 503 - 72 users 1-41
2026-09-10 20:36:43,867 INFO o.a.j.t.JMeterThread: Thread finished: Thread Group - until HTTP 503 - 72 users 1-61
2026-09-10 20:36:43,921 INFO o.a.j.t.JMeterThread: Thread finished: Thread Group - until HTTP 503 - 72 users 1-32
2026-09-10 20:36:43,925 INFO o.a.j.t.JMeterThread: Thread finished: Thread Group - until HTTP 503 - 72 users 1-29
2026-09-10 20:36:43,935 INFO o.a.j.t.JMeterThread: Thread finished: Thread Group - until HTTP 503 - 72 users 1-15
2026-09-10 20:36:44,009 INFO o.a.j.t.JMeterThread: Thread finished: Thread Group - until HTTP 503 - 72 users 1-25
2026-09-10 20:36:44,076 INFO o.a.j.t.JMeterThread: Thread finished: Thread Group - until HTTP 503 - 72 users 1-12
2026-09-10 20:36:44,083 INFO o.a.j.t.JMeterThread: Thread finished: Thread Group - until HTTP 503 - 72 users 1-16
2026-09-10 20:36:44,091 INFO o.a.j.t.JMeterThread: Thread finished: Thread Group - until HTTP 503 - 72 users 1-9
2026-09-10 20:36:44,097 INFO o.a.j.t.JMeterThread: Thread finished: Thread Group - until HTTP 503 - 72 users 1-6
2026-09-10 20:36:44,181 INFO o.a.j.t.JMeterThread: Thread finished: Thread Group - until HTTP 503 - 72 users 1-7
2026-09-10 20:36:44,184 INFO o.a.j.t.JMeterThread: Thread finished: Thread Group - until HTTP 503 - 72 users 1-71
2026-09-10 20:36:44,294 INFO o.a.j.t.JMeterThread: Thread finished: Thread Group - until HTTP 503 - 72 users 1-48
2026-09-10 20:36:44,296 INFO o.a.j.t.JMeterThread: Thread finished: Thread Group - until HTTP 503 - 72 users 1-53
2026-09-10 20:36:44,304 INFO o.a.j.t.JMeterThread: Thread finished: Thread Group - until HTTP 503 - 72 users 1-1
2026-09-10 20:36:44,326 INFO o.a.j.t.JMeterThread: Thread finished: Thread Group - until HTTP 503 - 72 users 1-3
2026-09-10 20:36:44,330 INFO o.a.j.t.JMeterThread: Thread finished: Thread Group - until HTTP 503 - 72 users 1-10
2026-09-10 20:36:44,373 INFO o.a.j.t.JMeterThread: Thread finished: Thread Group - until HTTP 503 - 72 users 1-34
2026-09-10 20:36:44,453 INFO o.a.j.t.JMeterThread: Thread finished: Thread Group - until HTTP 503 - 72 users 1-24
2026-09-10 20:36:44,455 INFO o.a.j.t.JMeterThread: Thread finished: Thread Group - until HTTP 503 - 72 users 1-8
2026-09-10 20:36:44,461 INFO o.a.j.t.JMeterThread: Thread finished: Thread Group - until HTTP 503 - 72 users 1-5
2026-09-10 20:36:44,496 INFO o.a.j.t.JMeterThread: Thread finished: Thread Group - until HTTP 503 - 72 users 1-4
2026-09-10 20:36:44,527 INFO o.a.j.t.JMeterThread: Thread finished: Thread Group - until HTTP 503 - 72 users 1-68
2026-09-10 20:36:44,766 INFO o.a.j.t.JMeterThread: Thread finished: Thread Group - until HTTP 503 - 72 users 1-65
2026-09-10 20:36:44,773 INFO o.a.j.t.JMeterThread: Thread finished: Thread Group - until HTTP 503 - 72 users 1-56
2026-09-10 20:36:44,822 INFO o.a.j.t.JMeterThread: Thread finished: Thread Group - until HTTP 503 - 72 users 1-46
2026-09-10 20:36:44,853 INFO o.a.j.t.JMeterThread: Thread finished: Thread Group - until HTTP 503 - 72 users 1-28
2026-09-10 20:36:44,858 INFO o.a.j.t.JMeterThread: Thread finished: Thread Group - until HTTP 503 - 72 users 1-36
2026-09-10 20:36:44,891 INFO o.a.j.t.JMeterThread: Thread finished: Thread Group - until HTTP 503 - 72 users 1-59
2026-09-10 20:36:44,895 INFO o.a.j.t.JMeterThread: Thread finished: Thread Group - until HTTP 503 - 72 users 1-62
2026-09-10 20:36:44,914 INFO o.a.j.t.JMeterThread: Stopping because end time detected by thread: Thread Group - until HTTP 503 - 72 users 1-17
2026-09-10 20:36:44,914 INFO o.a.j.t.JMeterThread: Thread finished: Thread Group - until HTTP 503 - 72 users 1-17
2026-09-10 20:36:44,967 INFO o.a.j.t.JMeterThread: Stopping because end time detected by thread: Thread Group - until HTTP 503 - 72 users 1-31
2026-09-10 20:36:44,967 INFO o.a.j.t.JMeterThread: Thread finished: Thread Group - until HTTP 503 - 72 users 1-31
2026-09-10 20:36:44,999 INFO o.a.j.t.JMeterThread: Stopping because end time detected by thread: Thread Group - until HTTP 503 - 72 users 1-72
2026-09-10 20:36:44,999 INFO o.a.j.t.JMeterThread: Thread finished: Thread Group - until HTTP 503 - 72 users 1-72
2026-09-10 20:36:45,024 INFO o.a.j.t.JMeterThread: Stopping because end time detected by thread: Thread Group - until HTTP 503 - 72 users 1-51
2026-09-10 20:36:45,024 INFO o.a.j.t.JMeterThread: Thread finished: Thread Group - until HTTP 503 - 72 users 1-51
2026-09-10 20:36:45,071 INFO o.a.j.t.JMeterThread: Stopping because end time detected by thread: Thread Group - until HTTP 503 - 72 users 1-44
2026-09-10 20:36:45,072 INFO o.a.j.t.JMeterThread: Thread finished: Thread Group - until HTTP 503 - 72 users 1-44
2026-09-10 20:36:45,109 INFO o.a.j.t.JMeterThread: Stopping because end time detected by thread: Thread Group - until HTTP 503 - 72 users 1-23
2026-09-10 20:36:45,109 INFO o.a.j.t.JMeterThread: Thread finished: Thread Group - until HTTP 503 - 72 users 1-23
2026-09-10 20:36:45,139 INFO o.a.j.t.JMeterThread: Stopping because end time detected by thread: Thread Group - until HTTP 503 - 72 users 1-11
2026-09-10 20:36:45,139 INFO o.a.j.t.JMeterThread: Thread finished: Thread Group - until HTTP 503 - 72 users 1-11
2026-09-10 20:36:45,163 INFO o.a.j.t.JMeterThread: Stopping because end time detected by thread: Thread Group - until HTTP 503 - 72 users 1-18
2026-09-10 20:36:45,163 INFO o.a.j.t.JMeterThread: Thread finished: Thread Group - until HTTP 503 - 72 users 1-18
2026-09-10 20:36:45,187 INFO o.a.j.t.JMeterThread: Stopping because end time detected by thread: Thread Group - until HTTP 503 - 72 users 1-42
2026-09-10 20:36:45,187 INFO o.a.j.t.JMeterThread: Thread finished: Thread Group - until HTTP 503 - 72 users 1-42
2026-09-10 20:36:45,191 INFO o.a.j.t.JMeterThread: Stopping because end time detected by thread: Thread Group - until HTTP 503 - 72 users 1-38
2026-09-10 20:36:45,192 INFO o.a.j.t.JMeterThread: Thread finished: Thread Group - until HTTP 503 - 72 users 1-38
2026-09-10 20:36:45,279 INFO o.a.j.t.JMeterThread: Stopping because end time detected by thread: Thread Group - until HTTP 503 - 72 users 1-40
2026-09-10 20:36:45,279 INFO o.a.j.t.JMeterThread: Thread finished: Thread Group - until HTTP 503 - 72 users 1-40
2026-09-10 20:36:45,369 INFO o.a.j.t.JMeterThread: Stopping because end time detected by thread: Thread Group - until HTTP 503 - 72 users 1-22
2026-09-10 20:36:45,369 INFO o.a.j.t.JMeterThread: Thread finished: Thread Group - until HTTP 503 - 72 users 1-22
2026-09-10 20:36:45,379 INFO o.a.j.t.JMeterThread: Stopping because end time detected by thread: Thread Group - until HTTP 503 - 72 users 1-69
2026-09-10 20:36:45,380 INFO o.a.j.t.JMeterThread: Thread finished: Thread Group - until HTTP 503 - 72 users 1-69
2026-09-10 20:36:45,432 INFO o.a.j.t.JMeterThread: Stopping because end time detected by thread: Thread Group - until HTTP 503 - 72 users 1-54
2026-09-10 20:36:45,432 INFO o.a.j.t.JMeterThread: Thread finished: Thread Group - until HTTP 503 - 72 users 1-54
2026-09-10 20:36:45,465 INFO o.a.j.t.JMeterThread: Stopping because end time detected by thread: Thread Group - until HTTP 503 - 72 users 1-19
2026-09-10 20:36:45,465 INFO o.a.j.t.JMeterThread: Thread finished: Thread Group - until HTTP 503 - 72 users 1-19
2026-09-10 20:36:45,548 INFO o.a.j.t.JMeterThread: Stopping because end time detected by thread: Thread Group - until HTTP 503 - 72 users 1-49
2026-09-10 20:36:45,548 INFO o.a.j.t.JMeterThread: Thread finished: Thread Group - until HTTP 503 - 72 users 1-49
2026-09-10 20:36:45,599 INFO o.a.j.t.JMeterThread: Stopping because end time detected by thread: Thread Group - until HTTP 503 - 72 users 1-27
2026-09-10 20:36:45,599 INFO o.a.j.t.JMeterThread: Thread finished: Thread Group - until HTTP 503 - 72 users 1-27
2026-09-10 20:36:45,628 INFO o.a.j.t.JMeterThread: Stopping because end time detected by thread: Thread Group - until HTTP 503 - 72 users 1-21
2026-09-10 20:36:45,629 INFO o.a.j.t.JMeterThread: Thread finished: Thread Group - until HTTP 503 - 72 users 1-21
2026-09-10 20:36:45,660 INFO o.a.j.t.JMeterThread: Stopping because end time detected by thread: Thread Group - until HTTP 503 - 72 users 1-33
2026-09-10 20:36:45,661 INFO o.a.j.t.JMeterThread: Thread finished: Thread Group - until HTTP 503 - 72 users 1-33
2026-09-10 20:36:45,693 INFO o.a.j.t.JMeterThread: Stopping because end time detected by thread: Thread Group - until HTTP 503 - 72 users 1-66
2026-09-10 20:36:45,693 INFO o.a.j.t.JMeterThread: Thread finished: Thread Group - until HTTP 503 - 72 users 1-66
2026-09-10 20:36:45,777 INFO o.a.j.t.JMeterThread: Stopping because end time detected by thread: Thread Group - until HTTP 503 - 72 users 1-20
2026-09-10 20:36:45,777 INFO o.a.j.t.JMeterThread: Thread finished: Thread Group - until HTTP 503 - 72 users 1-20
2026-09-10 20:36:45,807 INFO o.a.j.t.JMeterThread: Stopping because end time detected by thread: Thread Group - until HTTP 503 - 72 users 1-63
2026-09-10 20:36:45,807 INFO o.a.j.t.JMeterThread: Thread finished: Thread Group - until HTTP 503 - 72 users 1-63
2026-09-10 20:36:45,819 INFO o.a.j.t.JMeterThread: Stopping because end time detected by thread: Thread Group - until HTTP 503 - 72 users 1-30
2026-09-10 20:36:45,819 INFO o.a.j.t.JMeterThread: Thread finished: Thread Group - until HTTP 503 - 72 users 1-30
2026-09-10 20:36:45,822 INFO o.a.j.t.JMeterThread: Stopping because end time detected by thread: Thread Group - until HTTP 503 - 72 users 1-57
2026-09-10 20:36:45,822 INFO o.a.j.t.JMeterThread: Thread finished: Thread Group - until HTTP 503 - 72 users 1-57
2026-09-10 20:36:45,822 INFO o.a.j.e.StandardJMeterEngine: Notifying test listeners of end of test
2026-09-10 20:36:45,824 INFO o.a.j.r.Summariser: summary +    381 in 00:00:16 =   24.1/s Avg:   927 Min:   890 Max:   987 Err:   381 (100.00%) Active: 0 Started: 72 Finished: 72
2026-09-10 20:36:45,825 INFO o.a.j.r.Summariser: summary =   2055 in 00:01:31 =   22.6/s Avg:   904 Min:   524 Max:  1450 Err:  1961 (95.43%)
2026-09-10 20:36:45,827 INFO o.a.j.JMeter: Generating Dashboard
2026-09-10 20:36:45,827 INFO o.a.j.r.d.ReportGenerator: Flushing result collector before report Generation
2026-09-10 20:36:45,869 INFO o.a.j.r.p.NormalizerSampleConsumer: Using format, 'ms', to parse timeStamp field
2026-09-10 20:36:46,179 INFO o.a.j.r.p.AbstractSampleConsumer: class org.apache.jmeter.report.processor.AggregateConsumer#stopProducing(): beginDate produced 0 samples
2026-09-10 20:36:46,179 INFO o.a.j.r.p.AbstractSampleConsumer: class org.apache.jmeter.report.processor.AggregateConsumer#stopProducing(): endDate produced 0 samples
2026-09-10 20:36:46,182 INFO o.a.j.r.p.AbstractSampleConsumer: class org.apache.jmeter.report.processor.ApdexSummaryConsumer#stopProducing(): apdexSummary produced 0 samples
2026-09-10 20:36:46,182 INFO o.a.j.r.p.AbstractSampleConsumer: class org.apache.jmeter.report.processor.RequestsSummaryConsumer#stopProducing(): requestsSummary produced 0 samples
2026-09-10 20:36:46,189 INFO o.a.j.r.p.AbstractSampleConsumer: class org.apache.jmeter.report.processor.StatisticsSummaryConsumer#stopProducing(): statisticsSummary produced 0 samples
2026-09-10 20:36:46,194 INFO o.a.j.r.p.AbstractSampleConsumer: class org.apache.jmeter.report.processor.Top5ErrorsBySamplerConsumer#stopProducing(): top5ErrorsBySampler produced 0 samples
2026-09-10 20:36:46,194 INFO o.a.j.r.p.AbstractSampleConsumer: class org.apache.jmeter.report.processor.ErrorsSummaryConsumer#stopProducing(): errorsSummary produced 0 samples
2026-09-10 20:36:46,196 INFO o.a.j.r.p.AbstractSampleConsumer: class org.apache.jmeter.report.processor.graph.impl.HitsPerSecondGraphConsumer#stopProducing(): hitsPerSecond produced 0 samples
2026-09-10 20:36:46,284 INFO o.a.j.r.p.AbstractSampleConsumer: class org.apache.jmeter.report.processor.graph.impl.LatencyVSRequestGraphConsumer#stopProducing(): latencyVsRequest produced 0 samples
2026-09-10 20:36:46,285 INFO o.a.j.r.p.AbstractSampleConsumer: class org.apache.jmeter.report.processor.graph.impl.SyntheticResponseTimeDistributionGraphConsumer#stopProducing(): syntheticResponseTimeDistribution produced 0 samples
2026-09-10 20:36:46,285 INFO o.a.j.r.p.AbstractSampleConsumer: class org.apache.jmeter.report.processor.graph.impl.BytesThroughputGraphConsumer#stopProducing(): bytesThroughputOverTime produced 0 samples
2026-09-10 20:36:46,285 INFO o.a.j.r.p.AbstractSampleConsumer: class org.apache.jmeter.report.processor.graph.impl.CodesPerSecondGraphConsumer#stopProducing(): codesPerSecond produced 0 samples
2026-09-10 20:36:46,345 INFO o.a.j.r.p.AbstractSampleConsumer: class org.apache.jmeter.report.processor.graph.impl.ResponseTimeVSRequestGraphConsumer#stopProducing(): responseTimeVsRequest produced 0 samples
2026-09-10 20:36:46,346 INFO o.a.j.r.p.AbstractSampleConsumer: class org.apache.jmeter.report.processor.FilterConsumer#stopProducing(): startIntervalControlerFilter produced 14385 samples
2026-09-10 20:36:46,346 INFO o.a.j.r.p.AbstractSampleConsumer: class org.apache.jmeter.report.processor.graph.impl.TotalTPSGraphConsumer#stopProducing(): totalTPS produced 0 samples
2026-09-10 20:36:46,346 INFO o.a.j.r.p.AbstractSampleConsumer: class org.apache.jmeter.report.processor.graph.impl.ActiveThreadsGraphConsumer#stopProducing(): activeThreadsOverTime produced 0 samples
2026-09-10 20:36:46,346 INFO o.a.j.r.p.AbstractSampleConsumer: class org.apache.jmeter.report.processor.graph.impl.TimeVSThreadGraphConsumer#stopProducing(): timeVsThreads produced 0 samples
2026-09-10 20:36:46,346 INFO o.a.j.r.p.AbstractSampleConsumer: class org.apache.jmeter.report.processor.graph.impl.ResponseTimeDistributionGraphConsumer#stopProducing(): responseTimeDistribution produced 0 samples
2026-09-10 20:36:46,346 INFO o.a.j.r.p.AbstractSampleConsumer: class org.apache.jmeter.report.processor.graph.impl.TransactionsPerSecondGraphConsumer#stopProducing(): transactionsPerSecond produced 0 samples
2026-09-10 20:36:46,346 INFO o.a.j.r.p.AbstractSampleConsumer: class org.apache.jmeter.report.processor.graph.impl.ResponseTimePercentilesGraphConsumer#stopProducing(): responseTimePercentiles produced 0 samples
2026-09-10 20:36:46,347 INFO o.a.j.r.p.AbstractSampleConsumer: class org.apache.jmeter.report.processor.graph.impl.ResponseTimePercentilesOverTimeGraphConsumer#stopProducing(): responseTimePercentilesOverTime produced 0 samples
2026-09-10 20:36:46,348 INFO o.a.j.r.p.AbstractSampleConsumer: class org.apache.jmeter.report.processor.graph.impl.ResponseTimeOverTimeGraphConsumer#stopProducing(): responseTimesOverTime produced 0 samples
2026-09-10 20:36:46,348 INFO o.a.j.r.p.AbstractSampleConsumer: class org.apache.jmeter.report.processor.graph.impl.ConnectTimeOverTimeGraphConsumer#stopProducing(): connectTimeOverTime produced 0 samples
2026-09-10 20:36:46,348 INFO o.a.j.r.p.AbstractSampleConsumer: class org.apache.jmeter.report.processor.graph.impl.LatencyOverTimeGraphConsumer#stopProducing(): latenciesOverTime produced 0 samples
2026-09-10 20:36:46,349 INFO o.a.j.r.p.AbstractSampleConsumer: class org.apache.jmeter.report.processor.FilterConsumer#stopProducing(): nameFilter produced 30825 samples
2026-09-10 20:36:46,349 INFO o.a.j.r.p.AbstractSampleConsumer: class org.apache.jmeter.report.processor.FilterConsumer#stopProducing(): dateRangeFilter produced 6165 samples
2026-09-10 20:36:46,349 INFO o.a.j.r.p.AbstractSampleConsumer: class org.apache.jmeter.report.processor.NormalizerSampleConsumer#stopProducing(): normalizer produced 2055 samples
2026-09-10 20:36:46,349 INFO o.a.j.r.p.CsvFileSampleSource: produce(): 2055 samples produced in 446ms on channel 0
2026-09-10 20:36:46,349 INFO o.a.j.r.d.ReportGenerator: Exporting data using exporter:'json' of className:'org.apache.jmeter.report.dashboard.JsonExporter'
2026-09-10 20:36:46,449 INFO o.a.j.r.d.JsonExporter: Found data for consumer statisticsSummary in context
2026-09-10 20:36:46,451 INFO o.a.j.r.d.JsonExporter: Creating statistics for overall
2026-09-10 20:36:46,452 INFO o.a.j.r.d.JsonExporter: Creating statistics for other transactions
2026-09-10 20:36:46,453 INFO o.a.j.r.d.JsonExporter: Checking output folder
2026-09-10 20:36:46,456 INFO o.a.j.r.d.JsonExporter: Writing statistics JSON to C:\University\Programming\Software Testing\Lab4\html_reports\stress_until_503\72users_1440rpm\statistics.json
2026-09-10 20:36:46,542 INFO o.a.j.r.d.ReportGenerator: Exporting data using exporter:'html' of className:'org.apache.jmeter.report.dashboard.HtmlTemplateExporter'
2026-09-10 20:36:46,544 INFO o.a.j.r.d.HtmlTemplateExporter: Will generate dashboard in folder: C:\University\Programming\Software Testing\Lab4\html_reports\stress_until_503\72users_1440rpm
2026-09-10 20:36:46,652 INFO o.a.j.r.d.HtmlTemplateExporter: Report will be generated in: C:\University\Programming\Software Testing\Lab4\html_reports\stress_until_503\72users_1440rpm, creating folder structure
2026-09-10 20:36:46,654 INFO o.a.j.r.d.TemplateVisitor: Copying folder from 'C:\Program Files\apache-jmeter-5.6.3\bin\report-template' to 'C:\University\Programming\Software Testing\Lab4\html_reports\stress_until_503\72users_1440rpm', got message: C:\University\Programming\Software Testing\Lab4\html_reports\stress_until_503\72users_1440rpm, found non empty folder with following content [C:\University\Programming\Software Testing\Lab4\html_reports\stress_until_503\72users_1440rpm\statistics.json], will be ignored
2026-09-10 20:36:46,903 INFO o.a.j.JMeter: Dashboard generated
