2026-09-10 20:38:28,146 INFO o.a.j.u.JMeterUtils: Setting Locale to en_EN
2026-09-10 20:38:28,166 INFO o.a.j.JMeter: Loading user properties from: C:\Program Files\apache-jmeter-5.6.3\bin\user.properties
2026-09-10 20:38:28,167 INFO o.a.j.JMeter: Loading system properties from: C:\Program Files\apache-jmeter-5.6.3\bin\system.properties
2026-09-10 20:38:28,167 INFO o.a.j.JMeter: Setting JMeter property: jmeter.save.saveservice.output_format=csv
2026-09-10 20:38:28,167 INFO o.a.j.JMeter: Setting JMeter property: jmeter.save.saveservice.print_field_names=true
2026-09-10 20:38:28,169 INFO o.a.j.JMeter: Setting JMeter property: jmeter.save.saveservice.timestamp_format=ms
2026-09-10 20:38:28,169 INFO o.a.j.JMeter: Setting JMeter property: jmeter.save.saveservice.time=true
2026-09-10 20:38:28,169 INFO o.a.j.JMeter: Setting JMeter property: jmeter.save.saveservice.latency=true
2026-09-10 20:38:28,169 INFO o.a.j.JMeter: Setting JMeter property: jmeter.save.saveservice.label=true
2026-09-10 20:38:28,169 INFO o.a.j.JMeter: Setting JMeter property: jmeter.save.saveservice.response_code=true
2026-09-10 20:38:28,169 INFO o.a.j.JMeter: Setting JMeter property: jmeter.save.saveservice.response_message=true
2026-09-10 20:38:28,169 INFO o.a.j.JMeter: Setting JMeter property: jmeter.save.saveservice.successful=true
2026-09-10 20:38:28,169 INFO o.a.j.JMeter: Setting JMeter property: jmeter.save.saveservice.assertion_results_failure_message=true
2026-09-10 20:38:28,169 INFO o.a.j.JMeter: Setting JMeter property: jmeter.save.saveservice.thread_name=true
2026-09-10 20:38:28,169 INFO o.a.j.JMeter: Setting JMeter property: jmeter.save.saveservice.thread_counts=true
2026-09-10 20:38:28,169 INFO o.a.j.JMeter: Setting JMeter property: jmeter.save.saveservice.connect_time=true
2026-09-10 20:38:28,175 INFO o.a.j.JMeter: Copyright (c) 1998-2024 The Apache Software Foundation
2026-09-10 20:38:28,175 INFO o.a.j.JMeter: Version 5.6.3
2026-09-10 20:38:28,175 INFO o.a.j.JMeter: java.version=26.0.1
2026-09-10 20:38:28,175 INFO o.a.j.JMeter: java.vm.name=Java HotSpot(TM) 64-Bit Server VM
2026-09-10 20:38:28,175 INFO o.a.j.JMeter: os.name=Windows 10
2026-09-10 20:38:28,175 INFO o.a.j.JMeter: os.arch=amd64
2026-09-10 20:38:28,176 INFO o.a.j.JMeter: os.version=10.0
2026-09-10 20:38:28,176 INFO o.a.j.JMeter: file.encoding=UTF-8
2026-09-10 20:38:28,176 INFO o.a.j.JMeter: java.awt.headless=true
2026-09-10 20:38:28,176 INFO o.a.j.JMeter: Max memory     =1073741824
2026-09-10 20:38:28,176 INFO o.a.j.JMeter: Available Processors =8
2026-09-10 20:38:28,189 INFO o.a.j.JMeter: Default Locale=English (EN)
2026-09-10 20:38:28,190 INFO o.a.j.JMeter: JMeter  Locale=English (EN)
2026-09-10 20:38:28,190 INFO o.a.j.JMeter: JMeterHome=C:\Program Files\apache-jmeter-5.6.3
2026-09-10 20:38:28,190 INFO o.a.j.JMeter: user.dir  =C:\University\Programming\Software Testing\Lab4
2026-09-10 20:38:28,190 INFO o.a.j.JMeter: PWD       =C:\University\Programming\Software Testing\Lab4
2026-09-10 20:38:28,191 INFO o.a.j.JMeter: IP: 172.28.17.195 Name: DESKTOP-74FQ4EV FullName: DESKTOP-74FQ4EV
2026-09-10 20:38:28,199 INFO o.a.j.JMeter: Setting property 'jmeter.reportgenerator.outputdir' to:'C:\University\Programming\Software Testing\Lab4\html_reports\stress_until_503\96users_1920rpm'
2026-09-10 20:38:28,201 INFO o.a.j.s.FileServer: Default base='C:\University\Programming\Software Testing\Lab4'
2026-09-10 20:38:28,202 INFO o.a.j.s.FileServer: Set new base='C:\University\Programming\Software Testing\Lab4\quality_jmeter_plans\stress_until_503'
2026-09-10 20:38:28,511 INFO o.a.j.s.SaveService: Testplan (JMX) version: 2.2. Testlog (JTL) version: 2.2
2026-09-10 20:38:28,539 INFO o.a.j.s.SaveService: Using SaveService properties version 5.0
2026-09-10 20:38:28,546 INFO o.a.j.s.SaveService: Using SaveService properties file encoding UTF-8
2026-09-10 20:38:28,552 INFO o.a.j.s.SaveService: Loading file: quality_jmeter_plans\stress_until_503\stress_until_503_96users_1920rpm_ctt.jmx
2026-09-10 20:38:28,619 INFO o.a.j.p.h.s.HTTPSamplerBase: Parser for text/html is org.apache.jmeter.protocol.http.parser.LagartoBasedHtmlParser
2026-09-10 20:38:28,620 INFO o.a.j.p.h.s.HTTPSamplerBase: Parser for application/xhtml+xml is org.apache.jmeter.protocol.http.parser.LagartoBasedHtmlParser
2026-09-10 20:38:28,620 INFO o.a.j.p.h.s.HTTPSamplerBase: Parser for application/xml is org.apache.jmeter.protocol.http.parser.LagartoBasedHtmlParser
2026-09-10 20:38:28,620 INFO o.a.j.p.h.s.HTTPSamplerBase: Parser for text/xml is org.apache.jmeter.protocol.http.parser.LagartoBasedHtmlParser
2026-09-10 20:38:28,620 INFO o.a.j.p.h.s.HTTPSamplerBase: Parser for text/vnd.wap.wml is org.apache.jmeter.protocol.http.parser.RegexpHTMLParser
2026-09-10 20:38:28,620 INFO o.a.j.p.h.s.HTTPSamplerBase: Parser for text/css is org.apache.jmeter.protocol.http.parser.CssParser
2026-09-10 20:38:28,638 INFO o.a.j.JMeter: Creating summariser <summary>
2026-09-10 20:38:28,649 INFO o.a.j.r.d.ReportGenerator: ReportGenerator will use for Parsing the separator: ','
2026-09-10 20:38:28,649 INFO o.a.j.r.d.ReportGenerator: Will generate report at end of test from  results file: results/stress_until_503/stress_until_503_96users_1920rpm.jtl
2026-09-10 20:38:28,649 INFO o.a.j.r.d.ReportGenerator: Reading report generator properties from: C:\Program Files\apache-jmeter-5.6.3\bin\reportgenerator.properties
2026-09-10 20:38:28,651 INFO o.a.j.r.d.ReportGenerator: Merging with JMeter properties
2026-09-10 20:38:28,655 INFO o.a.j.r.c.ReportGeneratorConfiguration: Property 'jmeter.reportgenerator.temp_dir' not found, using default value 'temp' instead.
2026-09-10 20:38:28,658 INFO o.a.j.r.c.ReportGeneratorConfiguration: Property 'jmeter.reportgenerator.apdex_per_transaction' not found, using default value 'null' instead.
2026-09-10 20:38:28,659 INFO o.a.j.r.c.ReportGeneratorConfiguration: apdex_per_transaction is empty, not APDEX per transaction customization
2026-09-10 20:38:28,659 INFO o.a.j.r.c.ReportGeneratorConfiguration: Property 'jmeter.reportgenerator.sample_filter' not found, using default value 'null' instead.
2026-09-10 20:38:28,659 INFO o.a.j.r.c.ReportGeneratorConfiguration: Property 'jmeter.reportgenerator.report_title' not found, using default value 'null' instead.
2026-09-10 20:38:28,659 INFO o.a.j.r.c.ReportGeneratorConfiguration: Property 'jmeter.reportgenerator.start_date' not found, using default value 'null' instead.
2026-09-10 20:38:28,660 INFO o.a.j.r.c.ReportGeneratorConfiguration: Property 'jmeter.reportgenerator.end_date' not found, using default value 'null' instead.
2026-09-10 20:38:28,660 INFO o.a.j.r.c.ReportGeneratorConfiguration: Property 'jmeter.reportgenerator.date_format' not found, using default value 'null' instead.
2026-09-10 20:38:28,660 INFO o.a.j.r.c.ReportGeneratorConfiguration: Will use date range start date: null, end date: null
2026-09-10 20:38:28,663 INFO o.a.j.r.c.ReportGeneratorConfiguration: Property 'jmeter.reportgenerator.graph.totalTPS.exclude_controllers' not found, using default value 'false' instead.
2026-09-10 20:38:28,664 INFO o.a.j.r.c.ReportGeneratorConfiguration: Property 'jmeter.reportgenerator.graph.activeThreadsOverTime.exclude_controllers' not found, using default value 'false' instead.
2026-09-10 20:38:28,664 INFO o.a.j.r.c.ReportGeneratorConfiguration: Property 'jmeter.reportgenerator.graph.timeVsThreads.exclude_controllers' not found, using default value 'false' instead.
2026-09-10 20:38:28,664 INFO o.a.j.r.c.ReportGeneratorConfiguration: Property 'jmeter.reportgenerator.graph.responseTimeDistribution.exclude_controllers' not found, using default value 'false' instead.
2026-09-10 20:38:28,664 INFO o.a.j.r.c.ReportGeneratorConfiguration: Property 'jmeter.reportgenerator.graph.transactionsPerSecond.exclude_controllers' not found, using default value 'false' instead.
2026-09-10 20:38:28,664 INFO o.a.j.r.c.ReportGeneratorConfiguration: Property 'jmeter.reportgenerator.graph.responseTimePercentiles.exclude_controllers' not found, using default value 'false' instead.
2026-09-10 20:38:28,664 INFO o.a.j.r.c.ReportGeneratorConfiguration: Property 'jmeter.reportgenerator.graph.responseTimePercentilesOverTime.exclude_controllers' not found, using default value 'false' instead.
2026-09-10 20:38:28,664 INFO o.a.j.r.c.ReportGeneratorConfiguration: Property 'jmeter.reportgenerator.graph.responseTimesOverTime.exclude_controllers' not found, using default value 'false' instead.
2026-09-10 20:38:28,664 INFO o.a.j.r.c.ReportGeneratorConfiguration: Property 'jmeter.reportgenerator.graph.connectTimeOverTime.exclude_controllers' not found, using default value 'false' instead.
2026-09-10 20:38:28,665 INFO o.a.j.r.c.ReportGeneratorConfiguration: Property 'jmeter.reportgenerator.graph.latenciesOverTime.exclude_controllers' not found, using default value 'false' instead.
2026-09-10 20:38:28,665 INFO o.a.j.r.c.ReportGeneratorConfiguration: Property 'jmeter.reportgenerator.exporter.json.filters_only_sample_series' not found, using default value 'true' instead.
2026-09-10 20:38:28,665 INFO o.a.j.r.c.ReportGeneratorConfiguration: Property 'jmeter.reportgenerator.exporter.json.series_filter' not found, using default value '' instead.
2026-09-10 20:38:28,665 INFO o.a.j.r.c.ReportGeneratorConfiguration: Property 'jmeter.reportgenerator.exporter.json.show_controllers_only' not found, using default value 'false' instead.
2026-09-10 20:38:28,666 INFO o.a.j.r.c.ReportGeneratorConfiguration: Property 'jmeter.reportgenerator.exporter.html.filters_only_sample_series' not found, using default value 'true' instead.
2026-09-10 20:38:28,666 INFO o.a.j.r.c.ReportGeneratorConfiguration: Property 'jmeter.reportgenerator.exporter.html.series_filter' not found, using default value '' instead.
2026-09-10 20:38:28,666 INFO o.a.j.r.c.ReportGeneratorConfiguration: Property 'jmeter.reportgenerator.exporter.html.show_controllers_only' not found, using default value 'false' instead.
2026-09-10 20:38:28,688 INFO o.a.j.e.StandardJMeterEngine: Running the test!
2026-09-10 20:38:28,688 INFO o.a.j.s.SampleEvent: List of sample_variables: []
2026-09-10 20:38:28,689 INFO o.a.j.s.SampleEvent: List of sample_variables: []
2026-09-10 20:38:28,694 INFO o.a.j.e.u.CompoundVariable: Note: Function class names must contain the string: '.functions.'
2026-09-10 20:38:28,695 INFO o.a.j.e.u.CompoundVariable: Note: Function class names must not contain the string: '.gui.'
2026-09-10 20:38:28,773 INFO o.a.j.JMeter: Running test (1789061908773)
2026-09-10 20:38:28,798 INFO o.a.j.e.StandardJMeterEngine: Starting ThreadGroup: 1 : Thread Group - until HTTP 503 - 96 users
2026-09-10 20:38:28,798 INFO o.a.j.e.StandardJMeterEngine: Starting 96 threads for group Thread Group - until HTTP 503 - 96 users.
2026-09-10 20:38:28,798 INFO o.a.j.e.StandardJMeterEngine: Thread will continue on error
2026-09-10 20:38:28,798 INFO o.a.j.t.ThreadGroup: Starting thread group... number=1 threads=96 ramp-up=60 delayedStart=false
2026-09-10 20:38:28,805 INFO o.a.j.t.JMeterThread: Thread started: Thread Group - until HTTP 503 - 96 users 1-1
2026-09-10 20:38:28,834 INFO o.a.j.t.ThreadGroup: Started thread group number 1
2026-09-10 20:38:28,834 INFO o.a.j.e.StandardJMeterEngine: All thread groups have been started
2026-09-10 20:38:28,869 INFO o.a.j.p.h.s.HTTPHCAbstractImpl: Local host = DESKTOP-74FQ4EV
2026-09-10 20:38:28,882 INFO o.a.j.p.h.s.HTTPHC4Impl: HTTP request retry count = 0
2026-09-10 20:38:28,883 INFO o.a.j.s.SampleResult: Note: Sample TimeStamps are START times
2026-09-10 20:38:28,883 INFO o.a.j.s.SampleResult: sampleresult.default.encoding is set to UTF-8
2026-09-10 20:38:28,883 INFO o.a.j.s.SampleResult: sampleresult.useNanoTime=true
2026-09-10 20:38:28,884 INFO o.a.j.s.SampleResult: sampleresult.nanoThreadSleep=5000
2026-09-10 20:38:29,429 INFO o.a.j.t.JMeterThread: Thread started: Thread Group - until HTTP 503 - 96 users 1-2
2026-09-10 20:38:30,036 INFO o.a.j.r.Summariser: summary +      2 in 00:00:01 =    1.6/s Avg:   610 Min:   601 Max:   620 Err:     0 (0.00%) Active: 2 Started: 2 Finished: 0
2026-09-10 20:38:30,053 INFO o.a.j.t.JMeterThread: Thread started: Thread Group - until HTTP 503 - 96 users 1-3
2026-09-10 20:38:30,677 INFO o.a.j.t.JMeterThread: Thread started: Thread Group - until HTTP 503 - 96 users 1-4
2026-09-10 20:38:31,300 INFO o.a.j.t.JMeterThread: Thread started: Thread Group - until HTTP 503 - 96 users 1-5
2026-09-10 20:38:31,924 INFO o.a.j.t.JMeterThread: Thread started: Thread Group - until HTTP 503 - 96 users 1-6
2026-09-10 20:38:32,549 INFO o.a.j.t.JMeterThread: Thread started: Thread Group - until HTTP 503 - 96 users 1-7
2026-09-10 20:38:33,175 INFO o.a.j.t.JMeterThread: Thread started: Thread Group - until HTTP 503 - 96 users 1-8
2026-09-10 20:38:33,799 INFO o.a.j.t.JMeterThread: Thread started: Thread Group - until HTTP 503 - 96 users 1-9
2026-09-10 20:38:34,425 INFO o.a.j.t.JMeterThread: Thread started: Thread Group - until HTTP 503 - 96 users 1-10
2026-09-10 20:38:35,049 INFO o.a.j.t.JMeterThread: Thread started: Thread Group - until HTTP 503 - 96 users 1-11
2026-09-10 20:38:35,674 INFO o.a.j.t.JMeterThread: Thread started: Thread Group - until HTTP 503 - 96 users 1-12
2026-09-10 20:38:36,298 INFO o.a.j.t.JMeterThread: Thread started: Thread Group - until HTTP 503 - 96 users 1-13
2026-09-10 20:38:36,924 INFO o.a.j.t.JMeterThread: Thread started: Thread Group - until HTTP 503 - 96 users 1-14
2026-09-10 20:38:37,549 INFO o.a.j.t.JMeterThread: Thread started: Thread Group - until HTTP 503 - 96 users 1-15
2026-09-10 20:38:38,174 INFO o.a.j.t.JMeterThread: Thread started: Thread Group - until HTTP 503 - 96 users 1-16
2026-09-10 20:38:38,798 INFO o.a.j.t.JMeterThread: Thread started: Thread Group - until HTTP 503 - 96 users 1-17
2026-09-10 20:38:39,423 INFO o.a.j.t.JMeterThread: Thread started: Thread Group - until HTTP 503 - 96 users 1-18
2026-09-10 20:38:40,048 INFO o.a.j.t.JMeterThread: Thread started: Thread Group - until HTTP 503 - 96 users 1-19
2026-09-10 20:38:40,675 INFO o.a.j.t.JMeterThread: Thread started: Thread Group - until HTTP 503 - 96 users 1-20
2026-09-10 20:38:41,298 INFO o.a.j.t.JMeterThread: Thread started: Thread Group - until HTTP 503 - 96 users 1-21
2026-09-10 20:38:41,924 INFO o.a.j.t.JMeterThread: Thread started: Thread Group - until HTTP 503 - 96 users 1-22
2026-09-10 20:38:42,549 INFO o.a.j.t.JMeterThread: Thread started: Thread Group - until HTTP 503 - 96 users 1-23
2026-09-10 20:38:43,174 INFO o.a.j.t.JMeterThread: Thread started: Thread Group - until HTTP 503 - 96 users 1-24
2026-09-10 20:38:43,800 INFO o.a.j.t.JMeterThread: Thread started: Thread Group - until HTTP 503 - 96 users 1-25
2026-09-10 20:38:44,423 INFO o.a.j.t.JMeterThread: Thread started: Thread Group - until HTTP 503 - 96 users 1-26
2026-09-10 20:38:45,050 INFO o.a.j.t.JMeterThread: Thread started: Thread Group - until HTTP 503 - 96 users 1-27
2026-09-10 20:38:45,675 INFO o.a.j.t.JMeterThread: Thread started: Thread Group - until HTTP 503 - 96 users 1-28
2026-09-10 20:38:46,300 INFO o.a.j.t.JMeterThread: Thread started: Thread Group - until HTTP 503 - 96 users 1-29
2026-09-10 20:38:46,925 INFO o.a.j.t.JMeterThread: Thread started: Thread Group - until HTTP 503 - 96 users 1-30
2026-09-10 20:38:47,549 INFO o.a.j.t.JMeterThread: Thread started: Thread Group - until HTTP 503 - 96 users 1-31
2026-09-10 20:38:48,175 INFO o.a.j.t.JMeterThread: Thread started: Thread Group - until HTTP 503 - 96 users 1-32
2026-09-10 20:38:48,800 INFO o.a.j.t.JMeterThread: Thread started: Thread Group - until HTTP 503 - 96 users 1-33
2026-09-10 20:38:49,424 INFO o.a.j.t.JMeterThread: Thread started: Thread Group - until HTTP 503 - 96 users 1-34
2026-09-10 20:38:50,048 INFO o.a.j.t.JMeterThread: Thread started: Thread Group - until HTTP 503 - 96 users 1-35
2026-09-10 20:38:50,674 INFO o.a.j.t.JMeterThread: Thread started: Thread Group - until HTTP 503 - 96 users 1-36
2026-09-10 20:38:51,299 INFO o.a.j.t.JMeterThread: Thread started: Thread Group - until HTTP 503 - 96 users 1-37
2026-09-10 20:38:51,924 INFO o.a.j.t.JMeterThread: Thread started: Thread Group - until HTTP 503 - 96 users 1-38
2026-09-10 20:38:52,549 INFO o.a.j.t.JMeterThread: Thread started: Thread Group - until HTTP 503 - 96 users 1-39
2026-09-10 20:38:53,174 INFO o.a.j.t.JMeterThread: Thread started: Thread Group - until HTTP 503 - 96 users 1-40
2026-09-10 20:38:53,800 INFO o.a.j.t.JMeterThread: Thread started: Thread Group - until HTTP 503 - 96 users 1-41
2026-09-10 20:38:54,423 INFO o.a.j.t.JMeterThread: Thread started: Thread Group - until HTTP 503 - 96 users 1-42
2026-09-10 20:38:55,050 INFO o.a.j.t.JMeterThread: Thread started: Thread Group - until HTTP 503 - 96 users 1-43
2026-09-10 20:38:55,675 INFO o.a.j.t.JMeterThread: Thread started: Thread Group - until HTTP 503 - 96 users 1-44
2026-09-10 20:38:56,299 INFO o.a.j.t.JMeterThread: Thread started: Thread Group - until HTTP 503 - 96 users 1-45
2026-09-10 20:38:56,925 INFO o.a.j.t.JMeterThread: Thread started: Thread Group - until HTTP 503 - 96 users 1-46
2026-09-10 20:38:57,548 INFO o.a.j.t.JMeterThread: Thread started: Thread Group - until HTTP 503 - 96 users 1-47
2026-09-10 20:38:58,173 INFO o.a.j.t.JMeterThread: Thread started: Thread Group - until HTTP 503 - 96 users 1-48
2026-09-10 20:38:58,800 INFO o.a.j.t.JMeterThread: Thread started: Thread Group - until HTTP 503 - 96 users 1-49
2026-09-10 20:38:59,424 INFO o.a.j.t.JMeterThread: Thread started: Thread Group - until HTTP 503 - 96 users 1-50
2026-09-10 20:39:00,049 INFO o.a.j.t.JMeterThread: Thread started: Thread Group - until HTTP 503 - 96 users 1-51
2026-09-10 20:39:00,111 INFO o.a.j.r.Summariser: summary +    707 in 00:00:30 =   23.5/s Avg:  1052 Min:   520 Max:  1858 Err:   609 (86.14%) Active: 51 Started: 51 Finished: 0
2026-09-10 20:39:00,111 INFO o.a.j.r.Summariser: summary =    709 in 00:00:31 =   22.6/s Avg:  1051 Min:   520 Max:  1858 Err:   609 (85.90%)
2026-09-10 20:39:00,674 INFO o.a.j.t.JMeterThread: Thread started: Thread Group - until HTTP 503 - 96 users 1-52
2026-09-10 20:39:01,300 INFO o.a.j.t.JMeterThread: Thread started: Thread Group - until HTTP 503 - 96 users 1-53
2026-09-10 20:39:01,924 INFO o.a.j.t.JMeterThread: Thread started: Thread Group - until HTTP 503 - 96 users 1-54
2026-09-10 20:39:02,550 INFO o.a.j.t.JMeterThread: Thread started: Thread Group - until HTTP 503 - 96 users 1-55
2026-09-10 20:39:03,175 INFO o.a.j.t.JMeterThread: Thread started: Thread Group - until HTTP 503 - 96 users 1-56
2026-09-10 20:39:03,801 INFO o.a.j.t.JMeterThread: Thread started: Thread Group - until HTTP 503 - 96 users 1-57
2026-09-10 20:39:04,425 INFO o.a.j.t.JMeterThread: Thread started: Thread Group - until HTTP 503 - 96 users 1-58
2026-09-10 20:39:05,050 INFO o.a.j.t.JMeterThread: Thread started: Thread Group - until HTTP 503 - 96 users 1-59
2026-09-10 20:39:05,674 INFO o.a.j.t.JMeterThread: Thread started: Thread Group - until HTTP 503 - 96 users 1-60
2026-09-10 20:39:06,299 INFO o.a.j.t.JMeterThread: Thread started: Thread Group - until HTTP 503 - 96 users 1-61
2026-09-10 20:39:06,925 INFO o.a.j.t.JMeterThread: Thread started: Thread Group - until HTTP 503 - 96 users 1-62
2026-09-10 20:39:07,549 INFO o.a.j.t.JMeterThread: Thread started: Thread Group - until HTTP 503 - 96 users 1-63
2026-09-10 20:39:08,173 INFO o.a.j.t.JMeterThread: Thread started: Thread Group - until HTTP 503 - 96 users 1-64
2026-09-10 20:39:08,798 INFO o.a.j.t.JMeterThread: Thread started: Thread Group - until HTTP 503 - 96 users 1-65
2026-09-10 20:39:09,423 INFO o.a.j.t.JMeterThread: Thread started: Thread Group - until HTTP 503 - 96 users 1-66
2026-09-10 20:39:10,050 INFO o.a.j.t.JMeterThread: Thread started: Thread Group - until HTTP 503 - 96 users 1-67
2026-09-10 20:39:10,675 INFO o.a.j.t.JMeterThread: Thread started: Thread Group - until HTTP 503 - 96 users 1-68
2026-09-10 20:39:11,299 INFO o.a.j.t.JMeterThread: Thread started: Thread Group - until HTTP 503 - 96 users 1-69
2026-09-10 20:39:11,924 INFO o.a.j.t.JMeterThread: Thread started: Thread Group - until HTTP 503 - 96 users 1-70
2026-09-10 20:39:12,549 INFO o.a.j.t.JMeterThread: Thread started: Thread Group - until HTTP 503 - 96 users 1-71
2026-09-10 20:39:13,174 INFO o.a.j.t.JMeterThread: Thread started: Thread Group - until HTTP 503 - 96 users 1-72
2026-09-10 20:39:13,798 INFO o.a.j.t.JMeterThread: Thread started: Thread Group - until HTTP 503 - 96 users 1-73
2026-09-10 20:39:14,423 INFO o.a.j.t.JMeterThread: Thread started: Thread Group - until HTTP 503 - 96 users 1-74
2026-09-10 20:39:15,049 INFO o.a.j.t.JMeterThread: Thread started: Thread Group - until HTTP 503 - 96 users 1-75
2026-09-10 20:39:15,676 INFO o.a.j.t.JMeterThread: Thread started: Thread Group - until HTTP 503 - 96 users 1-76
2026-09-10 20:39:16,300 INFO o.a.j.t.JMeterThread: Thread started: Thread Group - until HTTP 503 - 96 users 1-77
2026-09-10 20:39:16,924 INFO o.a.j.t.JMeterThread: Thread started: Thread Group - until HTTP 503 - 96 users 1-78
2026-09-10 20:39:17,549 INFO o.a.j.t.JMeterThread: Thread started: Thread Group - until HTTP 503 - 96 users 1-79
2026-09-10 20:39:18,179 INFO o.a.j.t.JMeterThread: Thread started: Thread Group - until HTTP 503 - 96 users 1-80
2026-09-10 20:39:18,807 INFO o.a.j.t.JMeterThread: Thread started: Thread Group - until HTTP 503 - 96 users 1-81
2026-09-10 20:39:19,430 INFO o.a.j.t.JMeterThread: Thread started: Thread Group - until HTTP 503 - 96 users 1-82
2026-09-10 20:39:20,054 INFO o.a.j.t.JMeterThread: Thread started: Thread Group - until HTTP 503 - 96 users 1-83
2026-09-10 20:39:20,680 INFO o.a.j.t.JMeterThread: Thread started: Thread Group - until HTTP 503 - 96 users 1-84
2026-09-10 20:39:21,303 INFO o.a.j.t.JMeterThread: Thread started: Thread Group - until HTTP 503 - 96 users 1-85
2026-09-10 20:39:21,927 INFO o.a.j.t.JMeterThread: Thread started: Thread Group - until HTTP 503 - 96 users 1-86
2026-09-10 20:39:22,552 INFO o.a.j.t.JMeterThread: Thread started: Thread Group - until HTTP 503 - 96 users 1-87
2026-09-10 20:39:23,176 INFO o.a.j.t.JMeterThread: Thread started: Thread Group - until HTTP 503 - 96 users 1-88
2026-09-10 20:39:23,802 INFO o.a.j.t.JMeterThread: Thread started: Thread Group - until HTTP 503 - 96 users 1-89
2026-09-10 20:39:24,425 INFO o.a.j.t.JMeterThread: Thread started: Thread Group - until HTTP 503 - 96 users 1-90
2026-09-10 20:39:25,050 INFO o.a.j.t.JMeterThread: Thread started: Thread Group - until HTTP 503 - 96 users 1-91
2026-09-10 20:39:25,675 INFO o.a.j.t.JMeterThread: Thread started: Thread Group - until HTTP 503 - 96 users 1-92
2026-09-10 20:39:26,301 INFO o.a.j.t.JMeterThread: Thread started: Thread Group - until HTTP 503 - 96 users 1-93
2026-09-10 20:39:26,924 INFO o.a.j.t.JMeterThread: Thread started: Thread Group - until HTTP 503 - 96 users 1-94
2026-09-10 20:39:27,549 INFO o.a.j.t.JMeterThread: Thread started: Thread Group - until HTTP 503 - 96 users 1-95
2026-09-10 20:39:28,175 INFO o.a.j.t.JMeterThread: Thread started: Thread Group - until HTTP 503 - 96 users 1-96
2026-09-10 20:39:30,536 INFO o.a.j.r.Summariser: summary +    851 in 00:00:30 =   28.0/s Avg:  2448 Min:  1371 Max:  4234 Err:   851 (100.00%) Active: 96 Started: 96 Finished: 0
2026-09-10 20:39:30,537 INFO o.a.j.r.Summariser: summary =   1560 in 00:01:02 =   25.3/s Avg:  1813 Min:   520 Max:  4234 Err:  1460 (93.59%)
2026-09-10 20:39:58,597 INFO o.a.j.t.JMeterThread: Thread finished: Thread Group - until HTTP 503 - 96 users 1-22
2026-09-10 20:39:58,597 INFO o.a.j.t.JMeterThread: Thread finished: Thread Group - until HTTP 503 - 96 users 1-8
2026-09-10 20:39:58,597 INFO o.a.j.t.JMeterThread: Thread finished: Thread Group - until HTTP 503 - 96 users 1-56
2026-09-10 20:39:58,598 INFO o.a.j.t.JMeterThread: Thread finished: Thread Group - until HTTP 503 - 96 users 1-67
2026-09-10 20:39:58,598 INFO o.a.j.t.JMeterThread: Thread finished: Thread Group - until HTTP 503 - 96 users 1-80
2026-09-10 20:39:58,598 INFO o.a.j.t.JMeterThread: Thread finished: Thread Group - until HTTP 503 - 96 users 1-78
2026-09-10 20:39:59,687 INFO o.a.j.t.JMeterThread: Stopping because end time detected by thread: Thread Group - until HTTP 503 - 96 users 1-45
2026-09-10 20:39:59,687 INFO o.a.j.t.JMeterThread: Stopping because end time detected by thread: Thread Group - until HTTP 503 - 96 users 1-51
2026-09-10 20:39:59,687 INFO o.a.j.t.JMeterThread: Thread finished: Thread Group - until HTTP 503 - 96 users 1-45
2026-09-10 20:39:59,687 INFO o.a.j.t.JMeterThread: Thread finished: Thread Group - until HTTP 503 - 96 users 1-51
2026-09-10 20:39:59,687 INFO o.a.j.t.JMeterThread: Stopping because end time detected by thread: Thread Group - until HTTP 503 - 96 users 1-59
2026-09-10 20:39:59,687 INFO o.a.j.t.JMeterThread: Thread finished: Thread Group - until HTTP 503 - 96 users 1-59
2026-09-10 20:39:59,688 INFO o.a.j.t.JMeterThread: Stopping because end time detected by thread: Thread Group - until HTTP 503 - 96 users 1-74
2026-09-10 20:39:59,689 INFO o.a.j.t.JMeterThread: Thread finished: Thread Group - until HTTP 503 - 96 users 1-74
2026-09-10 20:39:59,689 INFO o.a.j.t.JMeterThread: Stopping because end time detected by thread: Thread Group - until HTTP 503 - 96 users 1-28
2026-09-10 20:39:59,689 INFO o.a.j.t.JMeterThread: Stopping because end time detected by thread: Thread Group - until HTTP 503 - 96 users 1-27
2026-09-10 20:39:59,689 INFO o.a.j.t.JMeterThread: Stopping because end time detected by thread: Thread Group - until HTTP 503 - 96 users 1-24
2026-09-10 20:39:59,689 INFO o.a.j.t.JMeterThread: Thread finished: Thread Group - until HTTP 503 - 96 users 1-27
2026-09-10 20:39:59,689 INFO o.a.j.t.JMeterThread: Stopping because end time detected by thread: Thread Group - until HTTP 503 - 96 users 1-44
2026-09-10 20:39:59,689 INFO o.a.j.t.JMeterThread: Stopping because end time detected by thread: Thread Group - until HTTP 503 - 96 users 1-18
2026-09-10 20:39:59,689 INFO o.a.j.t.JMeterThread: Stopping because end time detected by thread: Thread Group - until HTTP 503 - 96 users 1-21
2026-09-10 20:39:59,690 INFO o.a.j.t.JMeterThread: Stopping because end time detected by thread: Thread Group - until HTTP 503 - 96 users 1-92
2026-09-10 20:39:59,690 INFO o.a.j.t.JMeterThread: Stopping because end time detected by thread: Thread Group - until HTTP 503 - 96 users 1-61
2026-09-10 20:39:59,690 INFO o.a.j.t.JMeterThread: Stopping because end time detected by thread: Thread Group - until HTTP 503 - 96 users 1-57
2026-09-10 20:39:59,690 INFO o.a.j.t.JMeterThread: Stopping because end time detected by thread: Thread Group - until HTTP 503 - 96 users 1-41
2026-09-10 20:39:59,690 INFO o.a.j.t.JMeterThread: Thread finished: Thread Group - until HTTP 503 - 96 users 1-24
2026-09-10 20:39:59,690 INFO o.a.j.t.JMeterThread: Thread finished: Thread Group - until HTTP 503 - 96 users 1-44
2026-09-10 20:39:59,689 INFO o.a.j.t.JMeterThread: Thread finished: Thread Group - until HTTP 503 - 96 users 1-28
2026-09-10 20:39:59,691 INFO o.a.j.t.JMeterThread: Thread finished: Thread Group - until HTTP 503 - 96 users 1-92
2026-09-10 20:39:59,691 INFO o.a.j.t.JMeterThread: Thread finished: Thread Group - until HTTP 503 - 96 users 1-61
2026-09-10 20:39:59,690 INFO o.a.j.t.JMeterThread: Thread finished: Thread Group - until HTTP 503 - 96 users 1-18
2026-09-10 20:39:59,691 INFO o.a.j.t.JMeterThread: Thread finished: Thread Group - until HTTP 503 - 96 users 1-41
2026-09-10 20:39:59,691 INFO o.a.j.t.JMeterThread: Thread finished: Thread Group - until HTTP 503 - 96 users 1-21
2026-09-10 20:39:59,691 INFO o.a.j.t.JMeterThread: Thread finished: Thread Group - until HTTP 503 - 96 users 1-57
2026-09-10 20:39:59,691 INFO o.a.j.t.JMeterThread: Stopping because end time detected by thread: Thread Group - until HTTP 503 - 96 users 1-87
2026-09-10 20:39:59,691 INFO o.a.j.t.JMeterThread: Stopping because end time detected by thread: Thread Group - until HTTP 503 - 96 users 1-47
2026-09-10 20:39:59,692 INFO o.a.j.t.JMeterThread: Thread finished: Thread Group - until HTTP 503 - 96 users 1-47
2026-09-10 20:39:59,692 INFO o.a.j.t.JMeterThread: Thread finished: Thread Group - until HTTP 503 - 96 users 1-87
2026-09-10 20:39:59,692 INFO o.a.j.t.JMeterThread: Stopping because end time detected by thread: Thread Group - until HTTP 503 - 96 users 1-5
2026-09-10 20:39:59,692 INFO o.a.j.t.JMeterThread: Thread finished: Thread Group - until HTTP 503 - 96 users 1-5
2026-09-10 20:39:59,692 INFO o.a.j.t.JMeterThread: Stopping because end time detected by thread: Thread Group - until HTTP 503 - 96 users 1-12
2026-09-10 20:39:59,692 INFO o.a.j.t.JMeterThread: Stopping because end time detected by thread: Thread Group - until HTTP 503 - 96 users 1-10
2026-09-10 20:39:59,692 INFO o.a.j.t.JMeterThread: Stopping because end time detected by thread: Thread Group - until HTTP 503 - 96 users 1-13
2026-09-10 20:39:59,693 INFO o.a.j.t.JMeterThread: Thread finished: Thread Group - until HTTP 503 - 96 users 1-12
2026-09-10 20:39:59,693 INFO o.a.j.t.JMeterThread: Thread finished: Thread Group - until HTTP 503 - 96 users 1-10
2026-09-10 20:39:59,693 INFO o.a.j.t.JMeterThread: Stopping because end time detected by thread: Thread Group - until HTTP 503 - 96 users 1-14
2026-09-10 20:39:59,693 INFO o.a.j.t.JMeterThread: Thread finished: Thread Group - until HTTP 503 - 96 users 1-13
2026-09-10 20:39:59,693 INFO o.a.j.t.JMeterThread: Stopping because end time detected by thread: Thread Group - until HTTP 503 - 96 users 1-20
2026-09-10 20:39:59,693 INFO o.a.j.t.JMeterThread: Thread finished: Thread Group - until HTTP 503 - 96 users 1-14
2026-09-10 20:39:59,693 INFO o.a.j.t.JMeterThread: Stopping because end time detected by thread: Thread Group - until HTTP 503 - 96 users 1-38
2026-09-10 20:39:59,693 INFO o.a.j.t.JMeterThread: Thread finished: Thread Group - until HTTP 503 - 96 users 1-20
2026-09-10 20:39:59,693 INFO o.a.j.t.JMeterThread: Thread finished: Thread Group - until HTTP 503 - 96 users 1-38
2026-09-10 20:39:59,693 INFO o.a.j.t.JMeterThread: Stopping because end time detected by thread: Thread Group - until HTTP 503 - 96 users 1-52
2026-09-10 20:39:59,693 INFO o.a.j.t.JMeterThread: Stopping because end time detected by thread: Thread Group - until HTTP 503 - 96 users 1-55
2026-09-10 20:39:59,693 INFO o.a.j.t.JMeterThread: Stopping because end time detected by thread: Thread Group - until HTTP 503 - 96 users 1-64
2026-09-10 20:39:59,693 INFO o.a.j.t.JMeterThread: Stopping because end time detected by thread: Thread Group - until HTTP 503 - 96 users 1-53
2026-09-10 20:39:59,693 INFO o.a.j.t.JMeterThread: Thread finished: Thread Group - until HTTP 503 - 96 users 1-64
2026-09-10 20:39:59,693 INFO o.a.j.t.JMeterThread: Stopping because end time detected by thread: Thread Group - until HTTP 503 - 96 users 1-79
2026-09-10 20:39:59,693 INFO o.a.j.t.JMeterThread: Stopping because end time detected by thread: Thread Group - until HTTP 503 - 96 users 1-76
2026-09-10 20:39:59,693 INFO o.a.j.t.JMeterThread: Thread finished: Thread Group - until HTTP 503 - 96 users 1-76
2026-09-10 20:39:59,693 INFO o.a.j.t.JMeterThread: Thread finished: Thread Group - until HTTP 503 - 96 users 1-52
2026-09-10 20:39:59,693 INFO o.a.j.t.JMeterThread: Thread finished: Thread Group - until HTTP 503 - 96 users 1-55
2026-09-10 20:39:59,693 INFO o.a.j.t.JMeterThread: Stopping because end time detected by thread: Thread Group - until HTTP 503 - 96 users 1-71
2026-09-10 20:39:59,694 INFO o.a.j.t.JMeterThread: Stopping because end time detected by thread: Thread Group - until HTTP 503 - 96 users 1-89
2026-09-10 20:39:59,694 INFO o.a.j.t.JMeterThread: Thread finished: Thread Group - until HTTP 503 - 96 users 1-71
2026-09-10 20:39:59,693 INFO o.a.j.t.JMeterThread: Thread finished: Thread Group - until HTTP 503 - 96 users 1-53
2026-09-10 20:39:59,693 INFO o.a.j.t.JMeterThread: Thread finished: Thread Group - until HTTP 503 - 96 users 1-79
2026-09-10 20:39:59,693 INFO o.a.j.t.JMeterThread: Stopping because end time detected by thread: Thread Group - until HTTP 503 - 96 users 1-88
2026-09-10 20:39:59,694 INFO o.a.j.t.JMeterThread: Thread finished: Thread Group - until HTTP 503 - 96 users 1-89
2026-09-10 20:39:59,694 INFO o.a.j.t.JMeterThread: Thread finished: Thread Group - until HTTP 503 - 96 users 1-88
2026-09-10 20:39:59,694 INFO o.a.j.t.JMeterThread: Stopping because end time detected by thread: Thread Group - until HTTP 503 - 96 users 1-94
2026-09-10 20:39:59,694 INFO o.a.j.t.JMeterThread: Stopping because end time detected by thread: Thread Group - until HTTP 503 - 96 users 1-15
2026-09-10 20:39:59,694 INFO o.a.j.t.JMeterThread: Thread finished: Thread Group - until HTTP 503 - 96 users 1-94
2026-09-10 20:39:59,694 INFO o.a.j.t.JMeterThread: Thread finished: Thread Group - until HTTP 503 - 96 users 1-15
2026-09-10 20:39:59,694 INFO o.a.j.t.JMeterThread: Stopping because end time detected by thread: Thread Group - until HTTP 503 - 96 users 1-31
2026-09-10 20:39:59,694 INFO o.a.j.t.JMeterThread: Stopping because end time detected by thread: Thread Group - until HTTP 503 - 96 users 1-40
2026-09-10 20:39:59,694 INFO o.a.j.t.JMeterThread: Thread finished: Thread Group - until HTTP 503 - 96 users 1-31
2026-09-10 20:39:59,694 INFO o.a.j.t.JMeterThread: Stopping because end time detected by thread: Thread Group - until HTTP 503 - 96 users 1-34
2026-09-10 20:39:59,694 INFO o.a.j.t.JMeterThread: Thread finished: Thread Group - until HTTP 503 - 96 users 1-40
2026-09-10 20:39:59,695 INFO o.a.j.t.JMeterThread: Thread finished: Thread Group - until HTTP 503 - 96 users 1-34
2026-09-10 20:40:00,694 INFO o.a.j.t.JMeterThread: Stopping because end time detected by thread: Thread Group - until HTTP 503 - 96 users 1-39
2026-09-10 20:40:00,694 INFO o.a.j.t.JMeterThread: Stopping because end time detected by thread: Thread Group - until HTTP 503 - 96 users 1-50
2026-09-10 20:40:00,694 INFO o.a.j.r.Summariser: summary +    883 in 00:00:30 =   29.3/s Avg:  3153 Min:  2114 Max:  4533 Err:   883 (100.00%) Active: 53 Started: 96 Finished: 43
2026-09-10 20:40:00,694 INFO o.a.j.t.JMeterThread: Stopping because end time detected by thread: Thread Group - until HTTP 503 - 96 users 1-17
2026-09-10 20:40:00,694 INFO o.a.j.t.JMeterThread: Thread finished: Thread Group - until HTTP 503 - 96 users 1-50
2026-09-10 20:40:00,695 INFO o.a.j.t.JMeterThread: Stopping because end time detected by thread: Thread Group - until HTTP 503 - 96 users 1-75
2026-09-10 20:40:00,695 INFO o.a.j.t.JMeterThread: Stopping because end time detected by thread: Thread Group - until HTTP 503 - 96 users 1-35
2026-09-10 20:40:00,695 INFO o.a.j.t.JMeterThread: Thread finished: Thread Group - until HTTP 503 - 96 users 1-17
2026-09-10 20:40:00,695 INFO o.a.j.t.JMeterThread: Thread finished: Thread Group - until HTTP 503 - 96 users 1-35
2026-09-10 20:40:00,695 INFO o.a.j.t.JMeterThread: Stopping because end time detected by thread: Thread Group - until HTTP 503 - 96 users 1-90
2026-09-10 20:40:00,695 INFO o.a.j.t.JMeterThread: Stopping because end time detected by thread: Thread Group - until HTTP 503 - 96 users 1-91
2026-09-10 20:40:00,695 INFO o.a.j.t.JMeterThread: Stopping because end time detected by thread: Thread Group - until HTTP 503 - 96 users 1-72
2026-09-10 20:40:00,694 INFO o.a.j.t.JMeterThread: Stopping because end time detected by thread: Thread Group - until HTTP 503 - 96 users 1-62
2026-09-10 20:40:00,695 INFO o.a.j.t.JMeterThread: Thread finished: Thread Group - until HTTP 503 - 96 users 1-72
2026-09-10 20:40:00,695 INFO o.a.j.t.JMeterThread: Thread finished: Thread Group - until HTTP 503 - 96 users 1-62
2026-09-10 20:40:00,695 INFO o.a.j.t.JMeterThread: Stopping because end time detected by thread: Thread Group - until HTTP 503 - 96 users 1-84
2026-09-10 20:40:00,696 INFO o.a.j.t.JMeterThread: Stopping because end time detected by thread: Thread Group - until HTTP 503 - 96 users 1-11
2026-09-10 20:40:00,696 INFO o.a.j.t.JMeterThread: Thread finished: Thread Group - until HTTP 503 - 96 users 1-84
2026-09-10 20:40:00,696 INFO o.a.j.t.JMeterThread: Thread finished: Thread Group - until HTTP 503 - 96 users 1-11
2026-09-10 20:40:00,696 INFO o.a.j.t.JMeterThread: Stopping because end time detected by thread: Thread Group - until HTTP 503 - 96 users 1-3
2026-09-10 20:40:00,696 INFO o.a.j.t.JMeterThread: Stopping because end time detected by thread: Thread Group - until HTTP 503 - 96 users 1-58
2026-09-10 20:40:00,696 INFO o.a.j.t.JMeterThread: Stopping because end time detected by thread: Thread Group - until HTTP 503 - 96 users 1-85
2026-09-10 20:40:00,694 INFO o.a.j.t.JMeterThread: Stopping because end time detected by thread: Thread Group - until HTTP 503 - 96 users 1-49
2026-09-10 20:40:00,696 INFO o.a.j.t.JMeterThread: Thread finished: Thread Group - until HTTP 503 - 96 users 1-85
2026-09-10 20:40:00,696 INFO o.a.j.t.JMeterThread: Stopping because end time detected by thread: Thread Group - until HTTP 503 - 96 users 1-93
2026-09-10 20:40:00,697 INFO o.a.j.t.JMeterThread: Thread finished: Thread Group - until HTTP 503 - 96 users 1-49
2026-09-10 20:40:00,697 INFO o.a.j.t.JMeterThread: Stopping because end time detected by thread: Thread Group - until HTTP 503 - 96 users 1-96
2026-09-10 20:40:00,694 INFO o.a.j.t.JMeterThread: Stopping because end time detected by thread: Thread Group - until HTTP 503 - 96 users 1-63
2026-09-10 20:40:00,697 INFO o.a.j.t.JMeterThread: Thread finished: Thread Group - until HTTP 503 - 96 users 1-96
2026-09-10 20:40:00,694 INFO o.a.j.t.JMeterThread: Stopping because end time detected by thread: Thread Group - until HTTP 503 - 96 users 1-66
2026-09-10 20:40:00,697 INFO o.a.j.t.JMeterThread: Thread finished: Thread Group - until HTTP 503 - 96 users 1-63
2026-09-10 20:40:00,695 INFO o.a.j.t.JMeterThread: Stopping because end time detected by thread: Thread Group - until HTTP 503 - 96 users 1-68
2026-09-10 20:40:00,697 INFO o.a.j.t.JMeterThread: Thread finished: Thread Group - until HTTP 503 - 96 users 1-66
2026-09-10 20:40:00,697 INFO o.a.j.t.JMeterThread: Thread finished: Thread Group - until HTTP 503 - 96 users 1-68
2026-09-10 20:40:00,698 INFO o.a.j.t.JMeterThread: Thread finished: Thread Group - until HTTP 503 - 96 users 1-75
2026-09-10 20:40:00,695 INFO o.a.j.t.JMeterThread: Thread finished: Thread Group - until HTTP 503 - 96 users 1-91
2026-09-10 20:40:00,695 INFO o.a.j.t.JMeterThread: Thread finished: Thread Group - until HTTP 503 - 96 users 1-90
2026-09-10 20:40:00,696 INFO o.a.j.t.JMeterThread: Thread finished: Thread Group - until HTTP 503 - 96 users 1-58
2026-09-10 20:40:00,696 INFO o.a.j.t.JMeterThread: Thread finished: Thread Group - until HTTP 503 - 96 users 1-3
2026-09-10 20:40:00,698 INFO o.a.j.r.Summariser: summary =   2443 in 00:01:32 =   26.6/s Avg:  2297 Min:   520 Max:  4533 Err:  2343 (95.91%)
2026-09-10 20:40:00,697 INFO o.a.j.t.JMeterThread: Stopping because end time detected by thread: Thread Group - until HTTP 503 - 96 users 1-77
2026-09-10 20:40:00,697 INFO o.a.j.t.JMeterThread: Thread finished: Thread Group - until HTTP 503 - 96 users 1-93
2026-09-10 20:40:00,697 INFO o.a.j.t.JMeterThread: Thread finished: Thread Group - until HTTP 503 - 96 users 1-39
2026-09-10 20:40:00,698 INFO o.a.j.t.JMeterThread: Thread finished: Thread Group - until HTTP 503 - 96 users 1-77
2026-09-10 20:40:00,698 INFO o.a.j.t.JMeterThread: Stopping because end time detected by thread: Thread Group - until HTTP 503 - 96 users 1-33
2026-09-10 20:40:00,698 INFO o.a.j.t.JMeterThread: Thread finished: Thread Group - until HTTP 503 - 96 users 1-33
2026-09-10 20:40:00,700 INFO o.a.j.t.JMeterThread: Stopping because end time detected by thread: Thread Group - until HTTP 503 - 96 users 1-16
2026-09-10 20:40:00,700 INFO o.a.j.t.JMeterThread: Thread finished: Thread Group - until HTTP 503 - 96 users 1-16
2026-09-10 20:40:00,710 INFO o.a.j.t.JMeterThread: Stopping because end time detected by thread: Thread Group - until HTTP 503 - 96 users 1-69
2026-09-10 20:40:00,710 INFO o.a.j.t.JMeterThread: Thread finished: Thread Group - until HTTP 503 - 96 users 1-69
2026-09-10 20:40:00,723 INFO o.a.j.t.JMeterThread: Stopping because end time detected by thread: Thread Group - until HTTP 503 - 96 users 1-65
2026-09-10 20:40:00,723 INFO o.a.j.t.JMeterThread: Thread finished: Thread Group - until HTTP 503 - 96 users 1-65
2026-09-10 20:40:00,733 INFO o.a.j.t.JMeterThread: Stopping because end time detected by thread: Thread Group - until HTTP 503 - 96 users 1-4
2026-09-10 20:40:00,733 INFO o.a.j.t.JMeterThread: Thread finished: Thread Group - until HTTP 503 - 96 users 1-4
2026-09-10 20:40:00,738 INFO o.a.j.t.JMeterThread: Stopping because end time detected by thread: Thread Group - until HTTP 503 - 96 users 1-19
2026-09-10 20:40:00,739 INFO o.a.j.t.JMeterThread: Thread finished: Thread Group - until HTTP 503 - 96 users 1-19
2026-09-10 20:40:00,758 INFO o.a.j.t.JMeterThread: Stopping because end time detected by thread: Thread Group - until HTTP 503 - 96 users 1-9
2026-09-10 20:40:00,758 INFO o.a.j.t.JMeterThread: Thread finished: Thread Group - until HTTP 503 - 96 users 1-9
2026-09-10 20:40:00,767 INFO o.a.j.t.JMeterThread: Stopping because end time detected by thread: Thread Group - until HTTP 503 - 96 users 1-73
2026-09-10 20:40:00,767 INFO o.a.j.t.JMeterThread: Thread finished: Thread Group - until HTTP 503 - 96 users 1-73
2026-09-10 20:40:00,782 INFO o.a.j.t.JMeterThread: Stopping because end time detected by thread: Thread Group - until HTTP 503 - 96 users 1-25
2026-09-10 20:40:00,782 INFO o.a.j.t.JMeterThread: Thread finished: Thread Group - until HTTP 503 - 96 users 1-25
2026-09-10 20:40:00,791 INFO o.a.j.t.JMeterThread: Stopping because end time detected by thread: Thread Group - until HTTP 503 - 96 users 1-7
2026-09-10 20:40:00,791 INFO o.a.j.t.JMeterThread: Thread finished: Thread Group - until HTTP 503 - 96 users 1-7
2026-09-10 20:40:00,798 INFO o.a.j.t.JMeterThread: Stopping because end time detected by thread: Thread Group - until HTTP 503 - 96 users 1-42
2026-09-10 20:40:00,798 INFO o.a.j.t.JMeterThread: Thread finished: Thread Group - until HTTP 503 - 96 users 1-42
2026-09-10 20:40:00,802 INFO o.a.j.t.JMeterThread: Stopping because end time detected by thread: Thread Group - until HTTP 503 - 96 users 1-86
2026-09-10 20:40:00,802 INFO o.a.j.t.JMeterThread: Thread finished: Thread Group - until HTTP 503 - 96 users 1-86
2026-09-10 20:40:00,816 INFO o.a.j.t.JMeterThread: Stopping because end time detected by thread: Thread Group - until HTTP 503 - 96 users 1-6
2026-09-10 20:40:00,816 INFO o.a.j.t.JMeterThread: Thread finished: Thread Group - until HTTP 503 - 96 users 1-6
2026-09-10 20:40:00,834 INFO o.a.j.t.JMeterThread: Stopping because end time detected by thread: Thread Group - until HTTP 503 - 96 users 1-2
2026-09-10 20:40:00,834 INFO o.a.j.t.JMeterThread: Thread finished: Thread Group - until HTTP 503 - 96 users 1-2
2026-09-10 20:40:00,961 INFO o.a.j.t.JMeterThread: Stopping because end time detected by thread: Thread Group - until HTTP 503 - 96 users 1-32
2026-09-10 20:40:00,962 INFO o.a.j.t.JMeterThread: Thread finished: Thread Group - until HTTP 503 - 96 users 1-32
2026-09-10 20:40:01,047 INFO o.a.j.t.JMeterThread: Stopping because end time detected by thread: Thread Group - until HTTP 503 - 96 users 1-30
2026-09-10 20:40:01,047 INFO o.a.j.t.JMeterThread: Thread finished: Thread Group - until HTTP 503 - 96 users 1-30
2026-09-10 20:40:01,139 INFO o.a.j.t.JMeterThread: Stopping because end time detected by thread: Thread Group - until HTTP 503 - 96 users 1-83
2026-09-10 20:40:01,140 INFO o.a.j.t.JMeterThread: Thread finished: Thread Group - until HTTP 503 - 96 users 1-83
2026-09-10 20:40:01,204 INFO o.a.j.t.JMeterThread: Stopping because end time detected by thread: Thread Group - until HTTP 503 - 96 users 1-95
2026-09-10 20:40:01,205 INFO o.a.j.t.JMeterThread: Thread finished: Thread Group - until HTTP 503 - 96 users 1-95
2026-09-10 20:40:01,271 INFO o.a.j.t.JMeterThread: Stopping because end time detected by thread: Thread Group - until HTTP 503 - 96 users 1-37
2026-09-10 20:40:01,271 INFO o.a.j.t.JMeterThread: Thread finished: Thread Group - until HTTP 503 - 96 users 1-37
2026-09-10 20:40:01,329 INFO o.a.j.t.JMeterThread: Stopping because end time detected by thread: Thread Group - until HTTP 503 - 96 users 1-82
2026-09-10 20:40:01,329 INFO o.a.j.t.JMeterThread: Thread finished: Thread Group - until HTTP 503 - 96 users 1-82
2026-09-10 20:40:01,407 INFO o.a.j.t.JMeterThread: Stopping because end time detected by thread: Thread Group - until HTTP 503 - 96 users 1-60
2026-09-10 20:40:01,407 INFO o.a.j.t.JMeterThread: Thread finished: Thread Group - until HTTP 503 - 96 users 1-60
2026-09-10 20:40:01,472 INFO o.a.j.t.JMeterThread: Stopping because end time detected by thread: Thread Group - until HTTP 503 - 96 users 1-36
2026-09-10 20:40:01,472 INFO o.a.j.t.JMeterThread: Thread finished: Thread Group - until HTTP 503 - 96 users 1-36
2026-09-10 20:40:01,513 INFO o.a.j.t.JMeterThread: Stopping because end time detected by thread: Thread Group - until HTTP 503 - 96 users 1-70
2026-09-10 20:40:01,513 INFO o.a.j.t.JMeterThread: Thread finished: Thread Group - until HTTP 503 - 96 users 1-70
2026-09-10 20:40:01,542 INFO o.a.j.t.JMeterThread: Stopping because end time detected by thread: Thread Group - until HTTP 503 - 96 users 1-54
2026-09-10 20:40:01,542 INFO o.a.j.t.JMeterThread: Thread finished: Thread Group - until HTTP 503 - 96 users 1-54
2026-09-10 20:40:01,589 INFO o.a.j.t.JMeterThread: Stopping because end time detected by thread: Thread Group - until HTTP 503 - 96 users 1-26
2026-09-10 20:40:01,589 INFO o.a.j.t.JMeterThread: Thread finished: Thread Group - until HTTP 503 - 96 users 1-26
2026-09-10 20:40:01,622 INFO o.a.j.t.JMeterThread: Stopping because end time detected by thread: Thread Group - until HTTP 503 - 96 users 1-81
2026-09-10 20:40:01,622 INFO o.a.j.t.JMeterThread: Thread finished: Thread Group - until HTTP 503 - 96 users 1-81
2026-09-10 20:40:01,652 INFO o.a.j.t.JMeterThread: Stopping because end time detected by thread: Thread Group - until HTTP 503 - 96 users 1-29
2026-09-10 20:40:01,653 INFO o.a.j.t.JMeterThread: Thread finished: Thread Group - until HTTP 503 - 96 users 1-29
2026-09-10 20:40:01,700 INFO o.a.j.t.JMeterThread: Stopping because end time detected by thread: Thread Group - until HTTP 503 - 96 users 1-23
2026-09-10 20:40:01,700 INFO o.a.j.t.JMeterThread: Thread finished: Thread Group - until HTTP 503 - 96 users 1-23
2026-09-10 20:40:01,733 INFO o.a.j.t.JMeterThread: Stopping because end time detected by thread: Thread Group - until HTTP 503 - 96 users 1-1
2026-09-10 20:40:01,733 INFO o.a.j.t.JMeterThread: Thread finished: Thread Group - until HTTP 503 - 96 users 1-1
2026-09-10 20:40:01,756 INFO o.a.j.t.JMeterThread: Stopping because end time detected by thread: Thread Group - until HTTP 503 - 96 users 1-43
2026-09-10 20:40:01,756 INFO o.a.j.t.JMeterThread: Thread finished: Thread Group - until HTTP 503 - 96 users 1-43
2026-09-10 20:40:01,767 INFO o.a.j.t.JMeterThread: Stopping because end time detected by thread: Thread Group - until HTTP 503 - 96 users 1-48
2026-09-10 20:40:01,768 INFO o.a.j.t.JMeterThread: Thread finished: Thread Group - until HTTP 503 - 96 users 1-48
2026-09-10 20:40:01,775 INFO o.a.j.t.JMeterThread: Stopping because end time detected by thread: Thread Group - until HTTP 503 - 96 users 1-46
2026-09-10 20:40:01,775 INFO o.a.j.t.JMeterThread: Thread finished: Thread Group - until HTTP 503 - 96 users 1-46
2026-09-10 20:40:01,776 INFO o.a.j.e.StandardJMeterEngine: Notifying test listeners of end of test
2026-09-10 20:40:01,778 INFO o.a.j.r.Summariser: summary +     52 in 00:00:01 =   48.0/s Avg:  2869 Min:  2104 Max:  3177 Err:    52 (100.00%) Active: 0 Started: 96 Finished: 96
2026-09-10 20:40:01,778 INFO o.a.j.r.Summariser: summary =   2495 in 00:01:33 =   26.8/s Avg:  2309 Min:   520 Max:  4533 Err:  2395 (95.99%)
2026-09-10 20:40:01,780 INFO o.a.j.JMeter: Generating Dashboard
2026-09-10 20:40:01,780 INFO o.a.j.r.d.ReportGenerator: Flushing result collector before report Generation
2026-09-10 20:40:01,806 INFO o.a.j.r.p.NormalizerSampleConsumer: Using format, 'ms', to parse timeStamp field
2026-09-10 20:40:01,992 INFO o.a.j.r.p.AbstractSampleConsumer: class org.apache.jmeter.report.processor.AggregateConsumer#stopProducing(): beginDate produced 0 samples
2026-09-10 20:40:01,992 INFO o.a.j.r.p.AbstractSampleConsumer: class org.apache.jmeter.report.processor.AggregateConsumer#stopProducing(): endDate produced 0 samples
2026-09-10 20:40:01,993 INFO o.a.j.r.p.AbstractSampleConsumer: class org.apache.jmeter.report.processor.ApdexSummaryConsumer#stopProducing(): apdexSummary produced 0 samples
2026-09-10 20:40:01,993 INFO o.a.j.r.p.AbstractSampleConsumer: class org.apache.jmeter.report.processor.RequestsSummaryConsumer#stopProducing(): requestsSummary produced 0 samples
2026-09-10 20:40:01,998 INFO o.a.j.r.p.AbstractSampleConsumer: class org.apache.jmeter.report.processor.StatisticsSummaryConsumer#stopProducing(): statisticsSummary produced 0 samples
2026-09-10 20:40:02,002 INFO o.a.j.r.p.AbstractSampleConsumer: class org.apache.jmeter.report.processor.Top5ErrorsBySamplerConsumer#stopProducing(): top5ErrorsBySampler produced 0 samples
2026-09-10 20:40:02,004 INFO o.a.j.r.p.AbstractSampleConsumer: class org.apache.jmeter.report.processor.ErrorsSummaryConsumer#stopProducing(): errorsSummary produced 0 samples
2026-09-10 20:40:02,004 INFO o.a.j.r.p.AbstractSampleConsumer: class org.apache.jmeter.report.processor.graph.impl.HitsPerSecondGraphConsumer#stopProducing(): hitsPerSecond produced 0 samples
2026-09-10 20:40:02,069 INFO o.a.j.r.p.AbstractSampleConsumer: class org.apache.jmeter.report.processor.graph.impl.LatencyVSRequestGraphConsumer#stopProducing(): latencyVsRequest produced 0 samples
2026-09-10 20:40:02,070 INFO o.a.j.r.p.AbstractSampleConsumer: class org.apache.jmeter.report.processor.graph.impl.SyntheticResponseTimeDistributionGraphConsumer#stopProducing(): syntheticResponseTimeDistribution produced 0 samples
2026-09-10 20:40:02,071 INFO o.a.j.r.p.AbstractSampleConsumer: class org.apache.jmeter.report.processor.graph.impl.BytesThroughputGraphConsumer#stopProducing(): bytesThroughputOverTime produced 0 samples
2026-09-10 20:40:02,071 INFO o.a.j.r.p.AbstractSampleConsumer: class org.apache.jmeter.report.processor.graph.impl.CodesPerSecondGraphConsumer#stopProducing(): codesPerSecond produced 0 samples
2026-09-10 20:40:02,130 INFO o.a.j.r.p.AbstractSampleConsumer: class org.apache.jmeter.report.processor.graph.impl.ResponseTimeVSRequestGraphConsumer#stopProducing(): responseTimeVsRequest produced 0 samples
2026-09-10 20:40:02,131 INFO o.a.j.r.p.AbstractSampleConsumer: class org.apache.jmeter.report.processor.FilterConsumer#stopProducing(): startIntervalControlerFilter produced 17465 samples
2026-09-10 20:40:02,132 INFO o.a.j.r.p.AbstractSampleConsumer: class org.apache.jmeter.report.processor.graph.impl.TotalTPSGraphConsumer#stopProducing(): totalTPS produced 0 samples
2026-09-10 20:40:02,132 INFO o.a.j.r.p.AbstractSampleConsumer: class org.apache.jmeter.report.processor.graph.impl.ActiveThreadsGraphConsumer#stopProducing(): activeThreadsOverTime produced 0 samples
2026-09-10 20:40:02,132 INFO o.a.j.r.p.AbstractSampleConsumer: class org.apache.jmeter.report.processor.graph.impl.TimeVSThreadGraphConsumer#stopProducing(): timeVsThreads produced 0 samples
2026-09-10 20:40:02,132 INFO o.a.j.r.p.AbstractSampleConsumer: class org.apache.jmeter.report.processor.graph.impl.ResponseTimeDistributionGraphConsumer#stopProducing(): responseTimeDistribution produced 0 samples
2026-09-10 20:40:02,132 INFO o.a.j.r.p.AbstractSampleConsumer: class org.apache.jmeter.report.processor.graph.impl.TransactionsPerSecondGraphConsumer#stopProducing(): transactionsPerSecond produced 0 samples
2026-09-10 20:40:02,132 INFO o.a.j.r.p.AbstractSampleConsumer: class org.apache.jmeter.report.processor.graph.impl.ResponseTimePercentilesGraphConsumer#stopProducing(): responseTimePercentiles produced 0 samples
2026-09-10 20:40:02,134 INFO o.a.j.r.p.AbstractSampleConsumer: class org.apache.jmeter.report.processor.graph.impl.ResponseTimePercentilesOverTimeGraphConsumer#stopProducing(): responseTimePercentilesOverTime produced 0 samples
2026-09-10 20:40:02,134 INFO o.a.j.r.p.AbstractSampleConsumer: class org.apache.jmeter.report.processor.graph.impl.ResponseTimeOverTimeGraphConsumer#stopProducing(): responseTimesOverTime produced 0 samples
2026-09-10 20:40:02,134 INFO o.a.j.r.p.AbstractSampleConsumer: class org.apache.jmeter.report.processor.graph.impl.ConnectTimeOverTimeGraphConsumer#stopProducing(): connectTimeOverTime produced 0 samples
2026-09-10 20:40:02,134 INFO o.a.j.r.p.AbstractSampleConsumer: class org.apache.jmeter.report.processor.graph.impl.LatencyOverTimeGraphConsumer#stopProducing(): latenciesOverTime produced 0 samples
2026-09-10 20:40:02,134 INFO o.a.j.r.p.AbstractSampleConsumer: class org.apache.jmeter.report.processor.FilterConsumer#stopProducing(): nameFilter produced 37425 samples
2026-09-10 20:40:02,134 INFO o.a.j.r.p.AbstractSampleConsumer: class org.apache.jmeter.report.processor.FilterConsumer#stopProducing(): dateRangeFilter produced 7485 samples
2026-09-10 20:40:02,134 INFO o.a.j.r.p.AbstractSampleConsumer: class org.apache.jmeter.report.processor.NormalizerSampleConsumer#stopProducing(): normalizer produced 2495 samples
2026-09-10 20:40:02,135 INFO o.a.j.r.p.CsvFileSampleSource: produce(): 2495 samples produced in 310ms on channel 0
2026-09-10 20:40:02,135 INFO o.a.j.r.d.ReportGenerator: Exporting data using exporter:'json' of className:'org.apache.jmeter.report.dashboard.JsonExporter'
2026-09-10 20:40:02,188 INFO o.a.j.r.d.JsonExporter: Found data for consumer statisticsSummary in context
2026-09-10 20:40:02,188 INFO o.a.j.r.d.JsonExporter: Creating statistics for overall
2026-09-10 20:40:02,188 INFO o.a.j.r.d.JsonExporter: Creating statistics for other transactions
2026-09-10 20:40:02,189 INFO o.a.j.r.d.JsonExporter: Checking output folder
2026-09-10 20:40:02,189 INFO o.a.j.r.d.JsonExporter: Writing statistics JSON to C:\University\Programming\Software Testing\Lab4\html_reports\stress_until_503\96users_1920rpm\statistics.json
2026-09-10 20:40:02,221 INFO o.a.j.r.d.ReportGenerator: Exporting data using exporter:'html' of className:'org.apache.jmeter.report.dashboard.HtmlTemplateExporter'
2026-09-10 20:40:02,223 INFO o.a.j.r.d.HtmlTemplateExporter: Will generate dashboard in folder: C:\University\Programming\Software Testing\Lab4\html_reports\stress_until_503\96users_1920rpm
2026-09-10 20:40:02,304 INFO o.a.j.r.d.HtmlTemplateExporter: Report will be generated in: C:\University\Programming\Software Testing\Lab4\html_reports\stress_until_503\96users_1920rpm, creating folder structure
2026-09-10 20:40:02,305 INFO o.a.j.r.d.TemplateVisitor: Copying folder from 'C:\Program Files\apache-jmeter-5.6.3\bin\report-template' to 'C:\University\Programming\Software Testing\Lab4\html_reports\stress_until_503\96users_1920rpm', got message: C:\University\Programming\Software Testing\Lab4\html_reports\stress_until_503\96users_1920rpm, found non empty folder with following content [C:\University\Programming\Software Testing\Lab4\html_reports\stress_until_503\96users_1920rpm\statistics.json], will be ignored
2026-09-10 20:40:02,556 INFO o.a.j.JMeter: Dashboard generated
