2026-09-10 20:30:26,568 INFO o.a.j.u.JMeterUtils: Setting Locale to en_EN
2026-09-10 20:30:26,581 INFO o.a.j.JMeter: Loading user properties from: C:\Program Files\apache-jmeter-5.6.3\bin\user.properties
2026-09-10 20:30:26,582 INFO o.a.j.JMeter: Loading system properties from: C:\Program Files\apache-jmeter-5.6.3\bin\system.properties
2026-09-10 20:30:26,582 INFO o.a.j.JMeter: Setting JMeter property: jmeter.save.saveservice.output_format=csv
2026-09-10 20:30:26,582 INFO o.a.j.JMeter: Setting JMeter property: jmeter.save.saveservice.print_field_names=true
2026-09-10 20:30:26,584 INFO o.a.j.JMeter: Setting JMeter property: jmeter.save.saveservice.timestamp_format=ms
2026-09-10 20:30:26,584 INFO o.a.j.JMeter: Setting JMeter property: jmeter.save.saveservice.time=true
2026-09-10 20:30:26,584 INFO o.a.j.JMeter: Setting JMeter property: jmeter.save.saveservice.latency=true
2026-09-10 20:30:26,584 INFO o.a.j.JMeter: Setting JMeter property: jmeter.save.saveservice.label=true
2026-09-10 20:30:26,584 INFO o.a.j.JMeter: Setting JMeter property: jmeter.save.saveservice.response_code=true
2026-09-10 20:30:26,584 INFO o.a.j.JMeter: Setting JMeter property: jmeter.save.saveservice.response_message=true
2026-09-10 20:30:26,584 INFO o.a.j.JMeter: Setting JMeter property: jmeter.save.saveservice.successful=true
2026-09-10 20:30:26,584 INFO o.a.j.JMeter: Setting JMeter property: jmeter.save.saveservice.assertion_results_failure_message=true
2026-09-10 20:30:26,584 INFO o.a.j.JMeter: Setting JMeter property: jmeter.save.saveservice.thread_name=true
2026-09-10 20:30:26,584 INFO o.a.j.JMeter: Setting JMeter property: jmeter.save.saveservice.thread_counts=true
2026-09-10 20:30:26,584 INFO o.a.j.JMeter: Setting JMeter property: jmeter.save.saveservice.connect_time=true
2026-09-10 20:30:26,589 INFO o.a.j.JMeter: Copyright (c) 1998-2024 The Apache Software Foundation
2026-09-10 20:30:26,589 INFO o.a.j.JMeter: Version 5.6.3
2026-09-10 20:30:26,590 INFO o.a.j.JMeter: java.version=26.0.1
2026-09-10 20:30:26,590 INFO o.a.j.JMeter: java.vm.name=Java HotSpot(TM) 64-Bit Server VM
2026-09-10 20:30:26,590 INFO o.a.j.JMeter: os.name=Windows 10
2026-09-10 20:30:26,590 INFO o.a.j.JMeter: os.arch=amd64
2026-09-10 20:30:26,590 INFO o.a.j.JMeter: os.version=10.0
2026-09-10 20:30:26,590 INFO o.a.j.JMeter: file.encoding=UTF-8
2026-09-10 20:30:26,590 INFO o.a.j.JMeter: java.awt.headless=true
2026-09-10 20:30:26,590 INFO o.a.j.JMeter: Max memory     =1073741824
2026-09-10 20:30:26,590 INFO o.a.j.JMeter: Available Processors =8
2026-09-10 20:30:26,601 INFO o.a.j.JMeter: Default Locale=English (EN)
2026-09-10 20:30:26,601 INFO o.a.j.JMeter: JMeter  Locale=English (EN)
2026-09-10 20:30:26,601 INFO o.a.j.JMeter: JMeterHome=C:\Program Files\apache-jmeter-5.6.3
2026-09-10 20:30:26,601 INFO o.a.j.JMeter: user.dir  =C:\University\Programming\Software Testing\Lab4
2026-09-10 20:30:26,602 INFO o.a.j.JMeter: PWD       =C:\University\Programming\Software Testing\Lab4
2026-09-10 20:30:26,602 INFO o.a.j.JMeter: IP: 172.28.17.195 Name: DESKTOP-74FQ4EV FullName: DESKTOP-74FQ4EV
2026-09-10 20:30:26,610 INFO o.a.j.JMeter: Setting property 'jmeter.reportgenerator.outputdir' to:'C:\University\Programming\Software Testing\Lab4\html_reports\stress_until_503\48users_960rpm'
2026-09-10 20:30:26,612 INFO o.a.j.s.FileServer: Default base='C:\University\Programming\Software Testing\Lab4'
2026-09-10 20:30:26,613 INFO o.a.j.s.FileServer: Set new base='C:\University\Programming\Software Testing\Lab4\quality_jmeter_plans\stress_until_503'
2026-09-10 20:30:26,813 INFO o.a.j.s.SaveService: Testplan (JMX) version: 2.2. Testlog (JTL) version: 2.2
2026-09-10 20:30:26,828 INFO o.a.j.s.SaveService: Using SaveService properties version 5.0
2026-09-10 20:30:26,831 INFO o.a.j.s.SaveService: Using SaveService properties file encoding UTF-8
2026-09-10 20:30:26,833 INFO o.a.j.s.SaveService: Loading file: quality_jmeter_plans\stress_until_503\stress_until_503_48users_960rpm_ctt.jmx
2026-09-10 20:30:26,876 INFO o.a.j.p.h.s.HTTPSamplerBase: Parser for text/html is org.apache.jmeter.protocol.http.parser.LagartoBasedHtmlParser
2026-09-10 20:30:26,876 INFO o.a.j.p.h.s.HTTPSamplerBase: Parser for application/xhtml+xml is org.apache.jmeter.protocol.http.parser.LagartoBasedHtmlParser
2026-09-10 20:30:26,877 INFO o.a.j.p.h.s.HTTPSamplerBase: Parser for application/xml is org.apache.jmeter.protocol.http.parser.LagartoBasedHtmlParser
2026-09-10 20:30:26,877 INFO o.a.j.p.h.s.HTTPSamplerBase: Parser for text/xml is org.apache.jmeter.protocol.http.parser.LagartoBasedHtmlParser
2026-09-10 20:30:26,877 INFO o.a.j.p.h.s.HTTPSamplerBase: Parser for text/vnd.wap.wml is org.apache.jmeter.protocol.http.parser.RegexpHTMLParser
2026-09-10 20:30:26,877 INFO o.a.j.p.h.s.HTTPSamplerBase: Parser for text/css is org.apache.jmeter.protocol.http.parser.CssParser
2026-09-10 20:30:26,887 INFO o.a.j.JMeter: Creating summariser <summary>
2026-09-10 20:30:26,893 INFO o.a.j.r.d.ReportGenerator: ReportGenerator will use for Parsing the separator: ','
2026-09-10 20:30:26,894 INFO o.a.j.r.d.ReportGenerator: Will generate report at end of test from  results file: results/stress_until_503/stress_until_503_48users_960rpm.jtl
2026-09-10 20:30:26,894 INFO o.a.j.r.d.ReportGenerator: Reading report generator properties from: C:\Program Files\apache-jmeter-5.6.3\bin\reportgenerator.properties
2026-09-10 20:30:26,895 INFO o.a.j.r.d.ReportGenerator: Merging with JMeter properties
2026-09-10 20:30:26,897 INFO o.a.j.r.c.ReportGeneratorConfiguration: Property 'jmeter.reportgenerator.temp_dir' not found, using default value 'temp' instead.
2026-09-10 20:30:26,899 INFO o.a.j.r.c.ReportGeneratorConfiguration: Property 'jmeter.reportgenerator.apdex_per_transaction' not found, using default value 'null' instead.
2026-09-10 20:30:26,899 INFO o.a.j.r.c.ReportGeneratorConfiguration: apdex_per_transaction is empty, not APDEX per transaction customization
2026-09-10 20:30:26,899 INFO o.a.j.r.c.ReportGeneratorConfiguration: Property 'jmeter.reportgenerator.sample_filter' not found, using default value 'null' instead.
2026-09-10 20:30:26,899 INFO o.a.j.r.c.ReportGeneratorConfiguration: Property 'jmeter.reportgenerator.report_title' not found, using default value 'null' instead.
2026-09-10 20:30:26,899 INFO o.a.j.r.c.ReportGeneratorConfiguration: Property 'jmeter.reportgenerator.start_date' not found, using default value 'null' instead.
2026-09-10 20:30:26,899 INFO o.a.j.r.c.ReportGeneratorConfiguration: Property 'jmeter.reportgenerator.end_date' not found, using default value 'null' instead.
2026-09-10 20:30:26,899 INFO o.a.j.r.c.ReportGeneratorConfiguration: Property 'jmeter.reportgenerator.date_format' not found, using default value 'null' instead.
2026-09-10 20:30:26,899 INFO o.a.j.r.c.ReportGeneratorConfiguration: Will use date range start date: null, end date: null
2026-09-10 20:30:26,903 INFO o.a.j.r.c.ReportGeneratorConfiguration: Property 'jmeter.reportgenerator.graph.totalTPS.exclude_controllers' not found, using default value 'false' instead.
2026-09-10 20:30:26,903 INFO o.a.j.r.c.ReportGeneratorConfiguration: Property 'jmeter.reportgenerator.graph.activeThreadsOverTime.exclude_controllers' not found, using default value 'false' instead.
2026-09-10 20:30:26,903 INFO o.a.j.r.c.ReportGeneratorConfiguration: Property 'jmeter.reportgenerator.graph.timeVsThreads.exclude_controllers' not found, using default value 'false' instead.
2026-09-10 20:30:26,903 INFO o.a.j.r.c.ReportGeneratorConfiguration: Property 'jmeter.reportgenerator.graph.responseTimeDistribution.exclude_controllers' not found, using default value 'false' instead.
2026-09-10 20:30:26,903 INFO o.a.j.r.c.ReportGeneratorConfiguration: Property 'jmeter.reportgenerator.graph.transactionsPerSecond.exclude_controllers' not found, using default value 'false' instead.
2026-09-10 20:30:26,903 INFO o.a.j.r.c.ReportGeneratorConfiguration: Property 'jmeter.reportgenerator.graph.responseTimePercentiles.exclude_controllers' not found, using default value 'false' instead.
2026-09-10 20:30:26,903 INFO o.a.j.r.c.ReportGeneratorConfiguration: Property 'jmeter.reportgenerator.graph.responseTimePercentilesOverTime.exclude_controllers' not found, using default value 'false' instead.
2026-09-10 20:30:26,903 INFO o.a.j.r.c.ReportGeneratorConfiguration: Property 'jmeter.reportgenerator.graph.responseTimesOverTime.exclude_controllers' not found, using default value 'false' instead.
2026-09-10 20:30:26,904 INFO o.a.j.r.c.ReportGeneratorConfiguration: Property 'jmeter.reportgenerator.graph.connectTimeOverTime.exclude_controllers' not found, using default value 'false' instead.
2026-09-10 20:30:26,904 INFO o.a.j.r.c.ReportGeneratorConfiguration: Property 'jmeter.reportgenerator.graph.latenciesOverTime.exclude_controllers' not found, using default value 'false' instead.
2026-09-10 20:30:26,904 INFO o.a.j.r.c.ReportGeneratorConfiguration: Property 'jmeter.reportgenerator.exporter.json.filters_only_sample_series' not found, using default value 'true' instead.
2026-09-10 20:30:26,904 INFO o.a.j.r.c.ReportGeneratorConfiguration: Property 'jmeter.reportgenerator.exporter.json.series_filter' not found, using default value '' instead.
2026-09-10 20:30:26,904 INFO o.a.j.r.c.ReportGeneratorConfiguration: Property 'jmeter.reportgenerator.exporter.json.show_controllers_only' not found, using default value 'false' instead.
2026-09-10 20:30:26,905 INFO o.a.j.r.c.ReportGeneratorConfiguration: Property 'jmeter.reportgenerator.exporter.html.filters_only_sample_series' not found, using default value 'true' instead.
2026-09-10 20:30:26,905 INFO o.a.j.r.c.ReportGeneratorConfiguration: Property 'jmeter.reportgenerator.exporter.html.series_filter' not found, using default value '' instead.
2026-09-10 20:30:26,905 INFO o.a.j.r.c.ReportGeneratorConfiguration: Property 'jmeter.reportgenerator.exporter.html.show_controllers_only' not found, using default value 'false' instead.
2026-09-10 20:30:26,913 INFO o.a.j.e.StandardJMeterEngine: Running the test!
2026-09-10 20:30:26,913 INFO o.a.j.s.SampleEvent: List of sample_variables: []
2026-09-10 20:30:26,913 INFO o.a.j.s.SampleEvent: List of sample_variables: []
2026-09-10 20:30:26,918 INFO o.a.j.e.u.CompoundVariable: Note: Function class names must contain the string: '.functions.'
2026-09-10 20:30:26,918 INFO o.a.j.e.u.CompoundVariable: Note: Function class names must not contain the string: '.gui.'
2026-09-10 20:30:26,974 INFO o.a.j.JMeter: Running test (1789061426974)
2026-09-10 20:30:26,990 INFO o.a.j.e.StandardJMeterEngine: Starting ThreadGroup: 1 : Thread Group - until HTTP 503 - 48 users
2026-09-10 20:30:26,990 INFO o.a.j.e.StandardJMeterEngine: Starting 48 threads for group Thread Group - until HTTP 503 - 48 users.
2026-09-10 20:30:26,990 INFO o.a.j.e.StandardJMeterEngine: Thread will continue on error
2026-09-10 20:30:26,990 INFO o.a.j.t.ThreadGroup: Starting thread group... number=1 threads=48 ramp-up=48 delayedStart=false
2026-09-10 20:30:26,996 INFO o.a.j.t.JMeterThread: Thread started: Thread Group - until HTTP 503 - 48 users 1-1
2026-09-10 20:30:27,007 INFO o.a.j.t.ThreadGroup: Started thread group number 1
2026-09-10 20:30:27,007 INFO o.a.j.e.StandardJMeterEngine: All thread groups have been started
2026-09-10 20:30:27,036 INFO o.a.j.p.h.s.HTTPHCAbstractImpl: Local host = DESKTOP-74FQ4EV
2026-09-10 20:30:27,040 INFO o.a.j.p.h.s.HTTPHC4Impl: HTTP request retry count = 0
2026-09-10 20:30:27,040 INFO o.a.j.s.SampleResult: Note: Sample TimeStamps are START times
2026-09-10 20:30:27,040 INFO o.a.j.s.SampleResult: sampleresult.default.encoding is set to UTF-8
2026-09-10 20:30:27,040 INFO o.a.j.s.SampleResult: sampleresult.useNanoTime=true
2026-09-10 20:30:27,040 INFO o.a.j.s.SampleResult: sampleresult.nanoThreadSleep=5000
2026-09-10 20:30:27,992 INFO o.a.j.t.JMeterThread: Thread started: Thread Group - until HTTP 503 - 48 users 1-2
2026-09-10 20:30:28,992 INFO o.a.j.t.JMeterThread: Thread started: Thread Group - until HTTP 503 - 48 users 1-3
2026-09-10 20:30:29,992 INFO o.a.j.t.JMeterThread: Thread started: Thread Group - until HTTP 503 - 48 users 1-4
2026-09-10 20:30:30,143 INFO o.a.j.r.Summariser: summary +     10 in 00:00:03 =    3.2/s Avg:   567 Min:   550 Max:   604 Err:     0 (0.00%) Active: 4 Started: 4 Finished: 0
2026-09-10 20:30:30,992 INFO o.a.j.t.JMeterThread: Thread started: Thread Group - until HTTP 503 - 48 users 1-5
2026-09-10 20:30:31,991 INFO o.a.j.t.JMeterThread: Thread started: Thread Group - until HTTP 503 - 48 users 1-6
2026-09-10 20:30:32,991 INFO o.a.j.t.JMeterThread: Thread started: Thread Group - until HTTP 503 - 48 users 1-7
2026-09-10 20:30:33,991 INFO o.a.j.t.JMeterThread: Thread started: Thread Group - until HTTP 503 - 48 users 1-8
2026-09-10 20:30:34,991 INFO o.a.j.t.JMeterThread: Thread started: Thread Group - until HTTP 503 - 48 users 1-9
2026-09-10 20:30:35,990 INFO o.a.j.t.JMeterThread: Thread started: Thread Group - until HTTP 503 - 48 users 1-10
2026-09-10 20:30:36,991 INFO o.a.j.t.JMeterThread: Thread started: Thread Group - until HTTP 503 - 48 users 1-11
2026-09-10 20:30:37,991 INFO o.a.j.t.JMeterThread: Thread started: Thread Group - until HTTP 503 - 48 users 1-12
2026-09-10 20:30:38,991 INFO o.a.j.t.JMeterThread: Thread started: Thread Group - until HTTP 503 - 48 users 1-13
2026-09-10 20:30:39,991 INFO o.a.j.t.JMeterThread: Thread started: Thread Group - until HTTP 503 - 48 users 1-14
2026-09-10 20:30:40,991 INFO o.a.j.t.JMeterThread: Thread started: Thread Group - until HTTP 503 - 48 users 1-15
2026-09-10 20:30:41,992 INFO o.a.j.t.JMeterThread: Thread started: Thread Group - until HTTP 503 - 48 users 1-16
2026-09-10 20:30:42,990 INFO o.a.j.t.JMeterThread: Thread started: Thread Group - until HTTP 503 - 48 users 1-17
2026-09-10 20:30:43,990 INFO o.a.j.t.JMeterThread: Thread started: Thread Group - until HTTP 503 - 48 users 1-18
2026-09-10 20:30:44,990 INFO o.a.j.t.JMeterThread: Thread started: Thread Group - until HTTP 503 - 48 users 1-19
2026-09-10 20:30:45,992 INFO o.a.j.t.JMeterThread: Thread started: Thread Group - until HTTP 503 - 48 users 1-20
2026-09-10 20:30:46,990 INFO o.a.j.t.JMeterThread: Thread started: Thread Group - until HTTP 503 - 48 users 1-21
2026-09-10 20:30:47,991 INFO o.a.j.t.JMeterThread: Thread started: Thread Group - until HTTP 503 - 48 users 1-22
2026-09-10 20:30:48,991 INFO o.a.j.t.JMeterThread: Thread started: Thread Group - until HTTP 503 - 48 users 1-23
2026-09-10 20:30:49,990 INFO o.a.j.t.JMeterThread: Thread started: Thread Group - until HTTP 503 - 48 users 1-24
2026-09-10 20:30:50,991 INFO o.a.j.t.JMeterThread: Thread started: Thread Group - until HTTP 503 - 48 users 1-25
2026-09-10 20:30:51,991 INFO o.a.j.t.JMeterThread: Thread started: Thread Group - until HTTP 503 - 48 users 1-26
2026-09-10 20:30:52,991 INFO o.a.j.t.JMeterThread: Thread started: Thread Group - until HTTP 503 - 48 users 1-27
2026-09-10 20:30:53,990 INFO o.a.j.t.JMeterThread: Thread started: Thread Group - until HTTP 503 - 48 users 1-28
2026-09-10 20:30:54,991 INFO o.a.j.t.JMeterThread: Thread started: Thread Group - until HTTP 503 - 48 users 1-29
2026-09-10 20:30:55,991 INFO o.a.j.t.JMeterThread: Thread started: Thread Group - until HTTP 503 - 48 users 1-30
2026-09-10 20:30:56,991 INFO o.a.j.t.JMeterThread: Thread started: Thread Group - until HTTP 503 - 48 users 1-31
2026-09-10 20:30:57,990 INFO o.a.j.t.JMeterThread: Thread started: Thread Group - until HTTP 503 - 48 users 1-32
2026-09-10 20:30:58,992 INFO o.a.j.t.JMeterThread: Thread started: Thread Group - until HTTP 503 - 48 users 1-33
2026-09-10 20:30:59,992 INFO o.a.j.t.JMeterThread: Thread started: Thread Group - until HTTP 503 - 48 users 1-34
2026-09-10 20:31:00,025 INFO o.a.j.r.Summariser: summary +    460 in 00:00:30 =   15.4/s Avg:   684 Min:   526 Max:  1029 Err:   364 (79.13%) Active: 34 Started: 34 Finished: 0
2026-09-10 20:31:00,026 INFO o.a.j.r.Summariser: summary =    470 in 00:00:33 =   14.2/s Avg:   681 Min:   526 Max:  1029 Err:   364 (77.45%)
2026-09-10 20:31:00,991 INFO o.a.j.t.JMeterThread: Thread started: Thread Group - until HTTP 503 - 48 users 1-35
2026-09-10 20:31:01,991 INFO o.a.j.t.JMeterThread: Thread started: Thread Group - until HTTP 503 - 48 users 1-36
2026-09-10 20:31:02,990 INFO o.a.j.t.JMeterThread: Thread started: Thread Group - until HTTP 503 - 48 users 1-37
2026-09-10 20:31:03,990 INFO o.a.j.t.JMeterThread: Thread started: Thread Group - until HTTP 503 - 48 users 1-38
2026-09-10 20:31:04,992 INFO o.a.j.t.JMeterThread: Thread started: Thread Group - until HTTP 503 - 48 users 1-39
2026-09-10 20:31:05,991 INFO o.a.j.t.JMeterThread: Thread started: Thread Group - until HTTP 503 - 48 users 1-40
2026-09-10 20:31:06,990 INFO o.a.j.t.JMeterThread: Thread started: Thread Group - until HTTP 503 - 48 users 1-41
2026-09-10 20:31:07,991 INFO o.a.j.t.JMeterThread: Thread started: Thread Group - until HTTP 503 - 48 users 1-42
2026-09-10 20:31:08,992 INFO o.a.j.t.JMeterThread: Thread started: Thread Group - until HTTP 503 - 48 users 1-43
2026-09-10 20:31:09,991 INFO o.a.j.t.JMeterThread: Thread started: Thread Group - until HTTP 503 - 48 users 1-44
2026-09-10 20:31:10,990 INFO o.a.j.t.JMeterThread: Thread started: Thread Group - until HTTP 503 - 48 users 1-45
2026-09-10 20:31:11,990 INFO o.a.j.t.JMeterThread: Thread started: Thread Group - until HTTP 503 - 48 users 1-46
2026-09-10 20:31:12,991 INFO o.a.j.t.JMeterThread: Thread started: Thread Group - until HTTP 503 - 48 users 1-47
2026-09-10 20:31:13,991 INFO o.a.j.t.JMeterThread: Thread started: Thread Group - until HTTP 503 - 48 users 1-48
2026-09-10 20:31:30,195 INFO o.a.j.r.Summariser: summary +    490 in 00:00:30 =   16.2/s Avg:   729 Min:   692 Max:  1250 Err:   490 (100.00%) Active: 48 Started: 48 Finished: 0
2026-09-10 20:31:30,196 INFO o.a.j.r.Summariser: summary =    960 in 00:01:03 =   15.2/s Avg:   705 Min:   526 Max:  1250 Err:   854 (88.96%)
2026-09-10 20:31:54,758 INFO o.a.j.t.JMeterThread: Thread finished: Thread Group - until HTTP 503 - 48 users 1-2
2026-09-10 20:31:54,934 INFO o.a.j.t.JMeterThread: Thread finished: Thread Group - until HTTP 503 - 48 users 1-41
2026-09-10 20:31:55,071 INFO o.a.j.t.JMeterThread: Thread finished: Thread Group - until HTTP 503 - 48 users 1-21
2026-09-10 20:31:55,074 INFO o.a.j.t.JMeterThread: Thread finished: Thread Group - until HTTP 503 - 48 users 1-12
2026-09-10 20:31:55,085 INFO o.a.j.t.JMeterThread: Thread finished: Thread Group - until HTTP 503 - 48 users 1-10
2026-09-10 20:31:55,373 INFO o.a.j.t.JMeterThread: Thread finished: Thread Group - until HTTP 503 - 48 users 1-44
2026-09-10 20:31:55,393 INFO o.a.j.t.JMeterThread: Thread finished: Thread Group - until HTTP 503 - 48 users 1-6
2026-09-10 20:31:55,435 INFO o.a.j.t.JMeterThread: Thread finished: Thread Group - until HTTP 503 - 48 users 1-39
2026-09-10 20:31:55,483 INFO o.a.j.t.JMeterThread: Thread finished: Thread Group - until HTTP 503 - 48 users 1-27
2026-09-10 20:31:55,500 INFO o.a.j.t.JMeterThread: Thread finished: Thread Group - until HTTP 503 - 48 users 1-5
2026-09-10 20:31:55,572 INFO o.a.j.t.JMeterThread: Thread finished: Thread Group - until HTTP 503 - 48 users 1-24
2026-09-10 20:31:55,574 INFO o.a.j.t.JMeterThread: Thread finished: Thread Group - until HTTP 503 - 48 users 1-20
2026-09-10 20:31:55,577 INFO o.a.j.t.JMeterThread: Thread finished: Thread Group - until HTTP 503 - 48 users 1-13
2026-09-10 20:31:55,590 INFO o.a.j.t.JMeterThread: Thread finished: Thread Group - until HTTP 503 - 48 users 1-1
2026-09-10 20:31:55,651 INFO o.a.j.t.JMeterThread: Thread finished: Thread Group - until HTTP 503 - 48 users 1-47
2026-09-10 20:31:55,742 INFO o.a.j.t.JMeterThread: Thread finished: Thread Group - until HTTP 503 - 48 users 1-9
2026-09-10 20:31:55,898 INFO o.a.j.t.JMeterThread: Thread finished: Thread Group - until HTTP 503 - 48 users 1-37
2026-09-10 20:31:55,906 INFO o.a.j.t.JMeterThread: Thread finished: Thread Group - until HTTP 503 - 48 users 1-29
2026-09-10 20:31:55,994 INFO o.a.j.t.JMeterThread: Thread finished: Thread Group - until HTTP 503 - 48 users 1-4
2026-09-10 20:31:56,079 INFO o.a.j.t.JMeterThread: Thread finished: Thread Group - until HTTP 503 - 48 users 1-14
2026-09-10 20:31:56,082 INFO o.a.j.t.JMeterThread: Thread finished: Thread Group - until HTTP 503 - 48 users 1-19
2026-09-10 20:31:56,135 INFO o.a.j.t.JMeterThread: Thread finished: Thread Group - until HTTP 503 - 48 users 1-42
2026-09-10 20:31:56,201 INFO o.a.j.t.JMeterThread: Thread finished: Thread Group - until HTTP 503 - 48 users 1-35
2026-09-10 20:31:56,204 INFO o.a.j.t.JMeterThread: Thread finished: Thread Group - until HTTP 503 - 48 users 1-31
2026-09-10 20:31:56,253 INFO o.a.j.t.JMeterThread: Thread finished: Thread Group - until HTTP 503 - 48 users 1-3
2026-09-10 20:31:56,291 INFO o.a.j.t.JMeterThread: Thread finished: Thread Group - until HTTP 503 - 48 users 1-11
2026-09-10 20:31:56,516 INFO o.a.j.t.JMeterThread: Thread finished: Thread Group - until HTTP 503 - 48 users 1-45
2026-09-10 20:31:56,534 INFO o.a.j.t.JMeterThread: Thread finished: Thread Group - until HTTP 503 - 48 users 1-26
2026-09-10 20:31:56,534 INFO o.a.j.t.JMeterThread: Thread finished: Thread Group - until HTTP 503 - 48 users 1-23
2026-09-10 20:31:56,534 INFO o.a.j.t.JMeterThread: Thread finished: Thread Group - until HTTP 503 - 48 users 1-15
2026-09-10 20:31:56,534 INFO o.a.j.t.JMeterThread: Thread finished: Thread Group - until HTTP 503 - 48 users 1-18
2026-09-10 20:31:56,700 INFO o.a.j.t.JMeterThread: Thread finished: Thread Group - until HTTP 503 - 48 users 1-40
2026-09-10 20:31:56,768 INFO o.a.j.t.JMeterThread: Thread finished: Thread Group - until HTTP 503 - 48 users 1-17
2026-09-10 20:31:56,921 INFO o.a.j.t.JMeterThread: Thread finished: Thread Group - until HTTP 503 - 48 users 1-7
2026-09-10 20:31:57,193 INFO o.a.j.t.JMeterThread: Stopping because end time detected by thread: Thread Group - until HTTP 503 - 48 users 1-38
2026-09-10 20:31:57,194 INFO o.a.j.t.JMeterThread: Thread finished: Thread Group - until HTTP 503 - 48 users 1-38
2026-09-10 20:31:57,236 INFO o.a.j.t.JMeterThread: Stopping because end time detected by thread: Thread Group - until HTTP 503 - 48 users 1-28
2026-09-10 20:31:57,238 INFO o.a.j.t.JMeterThread: Thread finished: Thread Group - until HTTP 503 - 48 users 1-28
2026-09-10 20:31:57,257 INFO o.a.j.t.JMeterThread: Stopping because end time detected by thread: Thread Group - until HTTP 503 - 48 users 1-43
2026-09-10 20:31:57,258 INFO o.a.j.t.JMeterThread: Thread finished: Thread Group - until HTTP 503 - 48 users 1-43
2026-09-10 20:31:57,343 INFO o.a.j.t.JMeterThread: Stopping because end time detected by thread: Thread Group - until HTTP 503 - 48 users 1-22
2026-09-10 20:31:57,344 INFO o.a.j.t.JMeterThread: Thread finished: Thread Group - until HTTP 503 - 48 users 1-22
2026-09-10 20:31:57,442 INFO o.a.j.t.JMeterThread: Stopping because end time detected by thread: Thread Group - until HTTP 503 - 48 users 1-36
2026-09-10 20:31:57,442 INFO o.a.j.t.JMeterThread: Thread finished: Thread Group - until HTTP 503 - 48 users 1-36
2026-09-10 20:31:57,456 INFO o.a.j.t.JMeterThread: Stopping because end time detected by thread: Thread Group - until HTTP 503 - 48 users 1-25
2026-09-10 20:31:57,456 INFO o.a.j.t.JMeterThread: Thread finished: Thread Group - until HTTP 503 - 48 users 1-25
2026-09-10 20:31:57,469 INFO o.a.j.t.JMeterThread: Stopping because end time detected by thread: Thread Group - until HTTP 503 - 48 users 1-30
2026-09-10 20:31:57,470 INFO o.a.j.t.JMeterThread: Thread finished: Thread Group - until HTTP 503 - 48 users 1-30
2026-09-10 20:31:57,574 INFO o.a.j.t.JMeterThread: Stopping because end time detected by thread: Thread Group - until HTTP 503 - 48 users 1-46
2026-09-10 20:31:57,575 INFO o.a.j.t.JMeterThread: Thread finished: Thread Group - until HTTP 503 - 48 users 1-46
2026-09-10 20:31:57,690 INFO o.a.j.t.JMeterThread: Stopping because end time detected by thread: Thread Group - until HTTP 503 - 48 users 1-8
2026-09-10 20:31:57,690 INFO o.a.j.t.JMeterThread: Thread finished: Thread Group - until HTTP 503 - 48 users 1-8
2026-09-10 20:31:57,692 INFO o.a.j.t.JMeterThread: Stopping because end time detected by thread: Thread Group - until HTTP 503 - 48 users 1-32
2026-09-10 20:31:57,692 INFO o.a.j.t.JMeterThread: Thread finished: Thread Group - until HTTP 503 - 48 users 1-32
2026-09-10 20:31:57,695 INFO o.a.j.t.JMeterThread: Stopping because end time detected by thread: Thread Group - until HTTP 503 - 48 users 1-48
2026-09-10 20:31:57,695 INFO o.a.j.t.JMeterThread: Thread finished: Thread Group - until HTTP 503 - 48 users 1-48
2026-09-10 20:31:57,697 INFO o.a.j.t.JMeterThread: Stopping because end time detected by thread: Thread Group - until HTTP 503 - 48 users 1-33
2026-09-10 20:31:57,697 INFO o.a.j.t.JMeterThread: Thread finished: Thread Group - until HTTP 503 - 48 users 1-33
2026-09-10 20:31:57,698 INFO o.a.j.t.JMeterThread: Stopping because end time detected by thread: Thread Group - until HTTP 503 - 48 users 1-34
2026-09-10 20:31:57,698 INFO o.a.j.t.JMeterThread: Thread finished: Thread Group - until HTTP 503 - 48 users 1-34
2026-09-10 20:31:57,703 INFO o.a.j.t.JMeterThread: Stopping because end time detected by thread: Thread Group - until HTTP 503 - 48 users 1-16
2026-09-10 20:31:57,703 INFO o.a.j.t.JMeterThread: Thread finished: Thread Group - until HTTP 503 - 48 users 1-16
2026-09-10 20:31:57,704 INFO o.a.j.e.StandardJMeterEngine: Notifying test listeners of end of test
2026-09-10 20:31:57,705 INFO o.a.j.r.Summariser: summary +    445 in 00:00:28 =   16.2/s Avg:   710 Min:   691 Max:   828 Err:   445 (100.00%) Active: 0 Started: 48 Finished: 48
2026-09-10 20:31:57,706 INFO o.a.j.r.Summariser: summary =   1405 in 00:01:31 =   15.5/s Avg:   707 Min:   526 Max:  1250 Err:  1299 (92.46%)
2026-09-10 20:31:57,707 INFO o.a.j.JMeter: Generating Dashboard
2026-09-10 20:31:57,707 INFO o.a.j.r.d.ReportGenerator: Flushing result collector before report Generation
2026-09-10 20:31:57,736 INFO o.a.j.r.p.NormalizerSampleConsumer: Using format, 'ms', to parse timeStamp field
2026-09-10 20:31:57,902 INFO o.a.j.r.p.AbstractSampleConsumer: class org.apache.jmeter.report.processor.AggregateConsumer#stopProducing(): beginDate produced 0 samples
2026-09-10 20:31:57,902 INFO o.a.j.r.p.AbstractSampleConsumer: class org.apache.jmeter.report.processor.AggregateConsumer#stopProducing(): endDate produced 0 samples
2026-09-10 20:31:57,904 INFO o.a.j.r.p.AbstractSampleConsumer: class org.apache.jmeter.report.processor.ApdexSummaryConsumer#stopProducing(): apdexSummary produced 0 samples
2026-09-10 20:31:57,904 INFO o.a.j.r.p.AbstractSampleConsumer: class org.apache.jmeter.report.processor.RequestsSummaryConsumer#stopProducing(): requestsSummary produced 0 samples
2026-09-10 20:31:57,909 INFO o.a.j.r.p.AbstractSampleConsumer: class org.apache.jmeter.report.processor.StatisticsSummaryConsumer#stopProducing(): statisticsSummary produced 0 samples
2026-09-10 20:31:57,913 INFO o.a.j.r.p.AbstractSampleConsumer: class org.apache.jmeter.report.processor.Top5ErrorsBySamplerConsumer#stopProducing(): top5ErrorsBySampler produced 0 samples
2026-09-10 20:31:57,914 INFO o.a.j.r.p.AbstractSampleConsumer: class org.apache.jmeter.report.processor.ErrorsSummaryConsumer#stopProducing(): errorsSummary produced 0 samples
2026-09-10 20:31:57,914 INFO o.a.j.r.p.AbstractSampleConsumer: class org.apache.jmeter.report.processor.graph.impl.HitsPerSecondGraphConsumer#stopProducing(): hitsPerSecond produced 0 samples
2026-09-10 20:31:57,968 INFO o.a.j.r.p.AbstractSampleConsumer: class org.apache.jmeter.report.processor.graph.impl.LatencyVSRequestGraphConsumer#stopProducing(): latencyVsRequest produced 0 samples
2026-09-10 20:31:57,968 INFO o.a.j.r.p.AbstractSampleConsumer: class org.apache.jmeter.report.processor.graph.impl.SyntheticResponseTimeDistributionGraphConsumer#stopProducing(): syntheticResponseTimeDistribution produced 0 samples
2026-09-10 20:31:57,969 INFO o.a.j.r.p.AbstractSampleConsumer: class org.apache.jmeter.report.processor.graph.impl.BytesThroughputGraphConsumer#stopProducing(): bytesThroughputOverTime produced 0 samples
2026-09-10 20:31:57,969 INFO o.a.j.r.p.AbstractSampleConsumer: class org.apache.jmeter.report.processor.graph.impl.CodesPerSecondGraphConsumer#stopProducing(): codesPerSecond produced 0 samples
2026-09-10 20:31:58,006 INFO o.a.j.r.p.AbstractSampleConsumer: class org.apache.jmeter.report.processor.graph.impl.ResponseTimeVSRequestGraphConsumer#stopProducing(): responseTimeVsRequest produced 0 samples
2026-09-10 20:31:58,008 INFO o.a.j.r.p.AbstractSampleConsumer: class org.apache.jmeter.report.processor.FilterConsumer#stopProducing(): startIntervalControlerFilter produced 9835 samples
2026-09-10 20:31:58,008 INFO o.a.j.r.p.AbstractSampleConsumer: class org.apache.jmeter.report.processor.graph.impl.TotalTPSGraphConsumer#stopProducing(): totalTPS produced 0 samples
2026-09-10 20:31:58,008 INFO o.a.j.r.p.AbstractSampleConsumer: class org.apache.jmeter.report.processor.graph.impl.ActiveThreadsGraphConsumer#stopProducing(): activeThreadsOverTime produced 0 samples
2026-09-10 20:31:58,008 INFO o.a.j.r.p.AbstractSampleConsumer: class org.apache.jmeter.report.processor.graph.impl.TimeVSThreadGraphConsumer#stopProducing(): timeVsThreads produced 0 samples
2026-09-10 20:31:58,008 INFO o.a.j.r.p.AbstractSampleConsumer: class org.apache.jmeter.report.processor.graph.impl.ResponseTimeDistributionGraphConsumer#stopProducing(): responseTimeDistribution produced 0 samples
2026-09-10 20:31:58,008 INFO o.a.j.r.p.AbstractSampleConsumer: class org.apache.jmeter.report.processor.graph.impl.TransactionsPerSecondGraphConsumer#stopProducing(): transactionsPerSecond produced 0 samples
2026-09-10 20:31:58,008 INFO o.a.j.r.p.AbstractSampleConsumer: class org.apache.jmeter.report.processor.graph.impl.ResponseTimePercentilesGraphConsumer#stopProducing(): responseTimePercentiles produced 0 samples
2026-09-10 20:31:58,009 INFO o.a.j.r.p.AbstractSampleConsumer: class org.apache.jmeter.report.processor.graph.impl.ResponseTimePercentilesOverTimeGraphConsumer#stopProducing(): responseTimePercentilesOverTime produced 0 samples
2026-09-10 20:31:58,009 INFO o.a.j.r.p.AbstractSampleConsumer: class org.apache.jmeter.report.processor.graph.impl.ResponseTimeOverTimeGraphConsumer#stopProducing(): responseTimesOverTime produced 0 samples
2026-09-10 20:31:58,009 INFO o.a.j.r.p.AbstractSampleConsumer: class org.apache.jmeter.report.processor.graph.impl.ConnectTimeOverTimeGraphConsumer#stopProducing(): connectTimeOverTime produced 0 samples
2026-09-10 20:31:58,009 INFO o.a.j.r.p.AbstractSampleConsumer: class org.apache.jmeter.report.processor.graph.impl.LatencyOverTimeGraphConsumer#stopProducing(): latenciesOverTime produced 0 samples
2026-09-10 20:31:58,009 INFO o.a.j.r.p.AbstractSampleConsumer: class org.apache.jmeter.report.processor.FilterConsumer#stopProducing(): nameFilter produced 21075 samples
2026-09-10 20:31:58,009 INFO o.a.j.r.p.AbstractSampleConsumer: class org.apache.jmeter.report.processor.FilterConsumer#stopProducing(): dateRangeFilter produced 4215 samples
2026-09-10 20:31:58,009 INFO o.a.j.r.p.AbstractSampleConsumer: class org.apache.jmeter.report.processor.NormalizerSampleConsumer#stopProducing(): normalizer produced 1405 samples
2026-09-10 20:31:58,010 INFO o.a.j.r.p.CsvFileSampleSource: produce(): 1405 samples produced in 254ms on channel 0
2026-09-10 20:31:58,010 INFO o.a.j.r.d.ReportGenerator: Exporting data using exporter:'json' of className:'org.apache.jmeter.report.dashboard.JsonExporter'
2026-09-10 20:31:58,062 INFO o.a.j.r.d.JsonExporter: Found data for consumer statisticsSummary in context
2026-09-10 20:31:58,062 INFO o.a.j.r.d.JsonExporter: Creating statistics for overall
2026-09-10 20:31:58,062 INFO o.a.j.r.d.JsonExporter: Creating statistics for other transactions
2026-09-10 20:31:58,062 INFO o.a.j.r.d.JsonExporter: Checking output folder
2026-09-10 20:31:58,063 INFO o.a.j.r.d.JsonExporter: Writing statistics JSON to C:\University\Programming\Software Testing\Lab4\html_reports\stress_until_503\48users_960rpm\statistics.json
2026-09-10 20:31:58,099 INFO o.a.j.r.d.ReportGenerator: Exporting data using exporter:'html' of className:'org.apache.jmeter.report.dashboard.HtmlTemplateExporter'
2026-09-10 20:31:58,103 INFO o.a.j.r.d.HtmlTemplateExporter: Will generate dashboard in folder: C:\University\Programming\Software Testing\Lab4\html_reports\stress_until_503\48users_960rpm
2026-09-10 20:31:58,182 INFO o.a.j.r.d.HtmlTemplateExporter: Report will be generated in: C:\University\Programming\Software Testing\Lab4\html_reports\stress_until_503\48users_960rpm, creating folder structure
2026-09-10 20:31:58,184 INFO o.a.j.r.d.TemplateVisitor: Copying folder from 'C:\Program Files\apache-jmeter-5.6.3\bin\report-template' to 'C:\University\Programming\Software Testing\Lab4\html_reports\stress_until_503\48users_960rpm', got message: C:\University\Programming\Software Testing\Lab4\html_reports\stress_until_503\48users_960rpm, found non empty folder with following content [C:\University\Programming\Software Testing\Lab4\html_reports\stress_until_503\48users_960rpm\statistics.json], will be ignored
2026-09-10 20:31:58,481 INFO o.a.j.JMeter: Dashboard generated
