2026-09-10 20:20:50,461 INFO o.a.j.u.JMeterUtils: Setting Locale to en_EN
2026-09-10 20:20:50,474 INFO o.a.j.JMeter: Loading user properties from: C:\Program Files\apache-jmeter-5.6.3\bin\user.properties
2026-09-10 20:20:50,475 INFO o.a.j.JMeter: Loading system properties from: C:\Program Files\apache-jmeter-5.6.3\bin\system.properties
2026-09-10 20:20:50,476 INFO o.a.j.JMeter: Setting JMeter property: jmeter.save.saveservice.output_format=csv
2026-09-10 20:20:50,476 INFO o.a.j.JMeter: Setting JMeter property: jmeter.save.saveservice.print_field_names=true
2026-09-10 20:20:50,477 INFO o.a.j.JMeter: Setting JMeter property: jmeter.save.saveservice.timestamp_format=ms
2026-09-10 20:20:50,477 INFO o.a.j.JMeter: Setting JMeter property: jmeter.save.saveservice.time=true
2026-09-10 20:20:50,477 INFO o.a.j.JMeter: Setting JMeter property: jmeter.save.saveservice.latency=true
2026-09-10 20:20:50,477 INFO o.a.j.JMeter: Setting JMeter property: jmeter.save.saveservice.label=true
2026-09-10 20:20:50,478 INFO o.a.j.JMeter: Setting JMeter property: jmeter.save.saveservice.response_code=true
2026-09-10 20:20:50,478 INFO o.a.j.JMeter: Setting JMeter property: jmeter.save.saveservice.response_message=true
2026-09-10 20:20:50,478 INFO o.a.j.JMeter: Setting JMeter property: jmeter.save.saveservice.successful=true
2026-09-10 20:20:50,478 INFO o.a.j.JMeter: Setting JMeter property: jmeter.save.saveservice.assertion_results_failure_message=true
2026-09-10 20:20:50,478 INFO o.a.j.JMeter: Setting JMeter property: jmeter.save.saveservice.thread_name=true
2026-09-10 20:20:50,478 INFO o.a.j.JMeter: Setting JMeter property: jmeter.save.saveservice.thread_counts=true
2026-09-10 20:20:50,478 INFO o.a.j.JMeter: Setting JMeter property: jmeter.save.saveservice.connect_time=true
2026-09-10 20:20:50,483 INFO o.a.j.JMeter: Copyright (c) 1998-2024 The Apache Software Foundation
2026-09-10 20:20:50,483 INFO o.a.j.JMeter: Version 5.6.3
2026-09-10 20:20:50,483 INFO o.a.j.JMeter: java.version=26.0.1
2026-09-10 20:20:50,483 INFO o.a.j.JMeter: java.vm.name=Java HotSpot(TM) 64-Bit Server VM
2026-09-10 20:20:50,483 INFO o.a.j.JMeter: os.name=Windows 10
2026-09-10 20:20:50,483 INFO o.a.j.JMeter: os.arch=amd64
2026-09-10 20:20:50,483 INFO o.a.j.JMeter: os.version=10.0
2026-09-10 20:20:50,483 INFO o.a.j.JMeter: file.encoding=UTF-8
2026-09-10 20:20:50,483 INFO o.a.j.JMeter: java.awt.headless=true
2026-09-10 20:20:50,483 INFO o.a.j.JMeter: Max memory     =1073741824
2026-09-10 20:20:50,484 INFO o.a.j.JMeter: Available Processors =8
2026-09-10 20:20:50,494 INFO o.a.j.JMeter: Default Locale=English (EN)
2026-09-10 20:20:50,494 INFO o.a.j.JMeter: JMeter  Locale=English (EN)
2026-09-10 20:20:50,494 INFO o.a.j.JMeter: JMeterHome=C:\Program Files\apache-jmeter-5.6.3
2026-09-10 20:20:50,495 INFO o.a.j.JMeter: user.dir  =C:\University\Programming\Software Testing\Lab4
2026-09-10 20:20:50,495 INFO o.a.j.JMeter: PWD       =C:\University\Programming\Software Testing\Lab4
2026-09-10 20:20:50,496 INFO o.a.j.JMeter: IP: 172.28.17.195 Name: DESKTOP-74FQ4EV FullName: DESKTOP-74FQ4EV
2026-09-10 20:20:50,503 INFO o.a.j.JMeter: Setting property 'jmeter.reportgenerator.outputdir' to:'C:\University\Programming\Software Testing\Lab4\html_reports\stress_until_503\12users_240rpm'
2026-09-10 20:20:50,505 INFO o.a.j.s.FileServer: Default base='C:\University\Programming\Software Testing\Lab4'
2026-09-10 20:20:50,506 INFO o.a.j.s.FileServer: Set new base='C:\University\Programming\Software Testing\Lab4\quality_jmeter_plans\stress_until_503'
2026-09-10 20:20:50,697 INFO o.a.j.s.SaveService: Testplan (JMX) version: 2.2. Testlog (JTL) version: 2.2
2026-09-10 20:20:50,710 INFO o.a.j.s.SaveService: Using SaveService properties version 5.0
2026-09-10 20:20:50,712 INFO o.a.j.s.SaveService: Using SaveService properties file encoding UTF-8
2026-09-10 20:20:50,714 INFO o.a.j.s.SaveService: Loading file: quality_jmeter_plans\stress_until_503\stress_until_503_12users_240rpm_ctt.jmx
2026-09-10 20:20:50,758 INFO o.a.j.p.h.s.HTTPSamplerBase: Parser for text/html is org.apache.jmeter.protocol.http.parser.LagartoBasedHtmlParser
2026-09-10 20:20:50,758 INFO o.a.j.p.h.s.HTTPSamplerBase: Parser for application/xhtml+xml is org.apache.jmeter.protocol.http.parser.LagartoBasedHtmlParser
2026-09-10 20:20:50,758 INFO o.a.j.p.h.s.HTTPSamplerBase: Parser for application/xml is org.apache.jmeter.protocol.http.parser.LagartoBasedHtmlParser
2026-09-10 20:20:50,759 INFO o.a.j.p.h.s.HTTPSamplerBase: Parser for text/xml is org.apache.jmeter.protocol.http.parser.LagartoBasedHtmlParser
2026-09-10 20:20:50,759 INFO o.a.j.p.h.s.HTTPSamplerBase: Parser for text/vnd.wap.wml is org.apache.jmeter.protocol.http.parser.RegexpHTMLParser
2026-09-10 20:20:50,759 INFO o.a.j.p.h.s.HTTPSamplerBase: Parser for text/css is org.apache.jmeter.protocol.http.parser.CssParser
2026-09-10 20:20:50,769 INFO o.a.j.JMeter: Creating summariser <summary>
2026-09-10 20:20:50,775 INFO o.a.j.r.d.ReportGenerator: ReportGenerator will use for Parsing the separator: ','
2026-09-10 20:20:50,775 INFO o.a.j.r.d.ReportGenerator: Will generate report at end of test from  results file: results/stress_until_503/stress_until_503_12users_240rpm.jtl
2026-09-10 20:20:50,775 INFO o.a.j.r.d.ReportGenerator: Reading report generator properties from: C:\Program Files\apache-jmeter-5.6.3\bin\reportgenerator.properties
2026-09-10 20:20:50,776 INFO o.a.j.r.d.ReportGenerator: Merging with JMeter properties
2026-09-10 20:20:50,779 INFO o.a.j.r.c.ReportGeneratorConfiguration: Property 'jmeter.reportgenerator.temp_dir' not found, using default value 'temp' instead.
2026-09-10 20:20:50,781 INFO o.a.j.r.c.ReportGeneratorConfiguration: Property 'jmeter.reportgenerator.apdex_per_transaction' not found, using default value 'null' instead.
2026-09-10 20:20:50,781 INFO o.a.j.r.c.ReportGeneratorConfiguration: apdex_per_transaction is empty, not APDEX per transaction customization
2026-09-10 20:20:50,781 INFO o.a.j.r.c.ReportGeneratorConfiguration: Property 'jmeter.reportgenerator.sample_filter' not found, using default value 'null' instead.
2026-09-10 20:20:50,781 INFO o.a.j.r.c.ReportGeneratorConfiguration: Property 'jmeter.reportgenerator.report_title' not found, using default value 'null' instead.
2026-09-10 20:20:50,781 INFO o.a.j.r.c.ReportGeneratorConfiguration: Property 'jmeter.reportgenerator.start_date' not found, using default value 'null' instead.
2026-09-10 20:20:50,781 INFO o.a.j.r.c.ReportGeneratorConfiguration: Property 'jmeter.reportgenerator.end_date' not found, using default value 'null' instead.
2026-09-10 20:20:50,781 INFO o.a.j.r.c.ReportGeneratorConfiguration: Property 'jmeter.reportgenerator.date_format' not found, using default value 'null' instead.
2026-09-10 20:20:50,781 INFO o.a.j.r.c.ReportGeneratorConfiguration: Will use date range start date: null, end date: null
2026-09-10 20:20:50,784 INFO o.a.j.r.c.ReportGeneratorConfiguration: Property 'jmeter.reportgenerator.graph.totalTPS.exclude_controllers' not found, using default value 'false' instead.
2026-09-10 20:20:50,784 INFO o.a.j.r.c.ReportGeneratorConfiguration: Property 'jmeter.reportgenerator.graph.activeThreadsOverTime.exclude_controllers' not found, using default value 'false' instead.
2026-09-10 20:20:50,784 INFO o.a.j.r.c.ReportGeneratorConfiguration: Property 'jmeter.reportgenerator.graph.timeVsThreads.exclude_controllers' not found, using default value 'false' instead.
2026-09-10 20:20:50,784 INFO o.a.j.r.c.ReportGeneratorConfiguration: Property 'jmeter.reportgenerator.graph.responseTimeDistribution.exclude_controllers' not found, using default value 'false' instead.
2026-09-10 20:20:50,784 INFO o.a.j.r.c.ReportGeneratorConfiguration: Property 'jmeter.reportgenerator.graph.transactionsPerSecond.exclude_controllers' not found, using default value 'false' instead.
2026-09-10 20:20:50,784 INFO o.a.j.r.c.ReportGeneratorConfiguration: Property 'jmeter.reportgenerator.graph.responseTimePercentiles.exclude_controllers' not found, using default value 'false' instead.
2026-09-10 20:20:50,784 INFO o.a.j.r.c.ReportGeneratorConfiguration: Property 'jmeter.reportgenerator.graph.responseTimePercentilesOverTime.exclude_controllers' not found, using default value 'false' instead.
2026-09-10 20:20:50,784 INFO o.a.j.r.c.ReportGeneratorConfiguration: Property 'jmeter.reportgenerator.graph.responseTimesOverTime.exclude_controllers' not found, using default value 'false' instead.
2026-09-10 20:20:50,785 INFO o.a.j.r.c.ReportGeneratorConfiguration: Property 'jmeter.reportgenerator.graph.connectTimeOverTime.exclude_controllers' not found, using default value 'false' instead.
2026-09-10 20:20:50,785 INFO o.a.j.r.c.ReportGeneratorConfiguration: Property 'jmeter.reportgenerator.graph.latenciesOverTime.exclude_controllers' not found, using default value 'false' instead.
2026-09-10 20:20:50,785 INFO o.a.j.r.c.ReportGeneratorConfiguration: Property 'jmeter.reportgenerator.exporter.json.filters_only_sample_series' not found, using default value 'true' instead.
2026-09-10 20:20:50,786 INFO o.a.j.r.c.ReportGeneratorConfiguration: Property 'jmeter.reportgenerator.exporter.json.series_filter' not found, using default value '' instead.
2026-09-10 20:20:50,786 INFO o.a.j.r.c.ReportGeneratorConfiguration: Property 'jmeter.reportgenerator.exporter.json.show_controllers_only' not found, using default value 'false' instead.
2026-09-10 20:20:50,786 INFO o.a.j.r.c.ReportGeneratorConfiguration: Property 'jmeter.reportgenerator.exporter.html.filters_only_sample_series' not found, using default value 'true' instead.
2026-09-10 20:20:50,786 INFO o.a.j.r.c.ReportGeneratorConfiguration: Property 'jmeter.reportgenerator.exporter.html.series_filter' not found, using default value '' instead.
2026-09-10 20:20:50,786 INFO o.a.j.r.c.ReportGeneratorConfiguration: Property 'jmeter.reportgenerator.exporter.html.show_controllers_only' not found, using default value 'false' instead.
2026-09-10 20:20:50,794 INFO o.a.j.e.StandardJMeterEngine: Running the test!
2026-09-10 20:20:50,795 INFO o.a.j.s.SampleEvent: List of sample_variables: []
2026-09-10 20:20:50,795 INFO o.a.j.s.SampleEvent: List of sample_variables: []
2026-09-10 20:20:50,799 INFO o.a.j.e.u.CompoundVariable: Note: Function class names must contain the string: '.functions.'
2026-09-10 20:20:50,799 INFO o.a.j.e.u.CompoundVariable: Note: Function class names must not contain the string: '.gui.'
2026-09-10 20:20:50,852 INFO o.a.j.JMeter: Running test (1789060850852)
2026-09-10 20:20:50,868 INFO o.a.j.e.StandardJMeterEngine: Starting ThreadGroup: 1 : Thread Group - until HTTP 503 - 12 users
2026-09-10 20:20:50,868 INFO o.a.j.e.StandardJMeterEngine: Starting 12 threads for group Thread Group - until HTTP 503 - 12 users.
2026-09-10 20:20:50,869 INFO o.a.j.e.StandardJMeterEngine: Thread will continue on error
2026-09-10 20:20:50,869 INFO o.a.j.t.ThreadGroup: Starting thread group... number=1 threads=12 ramp-up=12 delayedStart=false
2026-09-10 20:20:50,874 INFO o.a.j.t.JMeterThread: Thread started: Thread Group - until HTTP 503 - 12 users 1-1
2026-09-10 20:20:50,876 INFO o.a.j.t.ThreadGroup: Started thread group number 1
2026-09-10 20:20:50,876 INFO o.a.j.e.StandardJMeterEngine: All thread groups have been started
2026-09-10 20:20:50,909 INFO o.a.j.p.h.s.HTTPHCAbstractImpl: Local host = DESKTOP-74FQ4EV
2026-09-10 20:20:50,914 INFO o.a.j.p.h.s.HTTPHC4Impl: HTTP request retry count = 0
2026-09-10 20:20:50,914 INFO o.a.j.s.SampleResult: Note: Sample TimeStamps are START times
2026-09-10 20:20:50,915 INFO o.a.j.s.SampleResult: sampleresult.default.encoding is set to UTF-8
2026-09-10 20:20:50,915 INFO o.a.j.s.SampleResult: sampleresult.useNanoTime=true
2026-09-10 20:20:50,915 INFO o.a.j.s.SampleResult: sampleresult.nanoThreadSleep=5000
2026-09-10 20:20:51,871 INFO o.a.j.t.JMeterThread: Thread started: Thread Group - until HTTP 503 - 12 users 1-2
2026-09-10 20:20:52,871 INFO o.a.j.t.JMeterThread: Thread started: Thread Group - until HTTP 503 - 12 users 1-3
2026-09-10 20:20:53,870 INFO o.a.j.t.JMeterThread: Thread started: Thread Group - until HTTP 503 - 12 users 1-4
2026-09-10 20:20:54,869 INFO o.a.j.t.JMeterThread: Thread started: Thread Group - until HTTP 503 - 12 users 1-5
2026-09-10 20:20:55,871 INFO o.a.j.t.JMeterThread: Thread started: Thread Group - until HTTP 503 - 12 users 1-6
2026-09-10 20:20:56,869 INFO o.a.j.t.JMeterThread: Thread started: Thread Group - until HTTP 503 - 12 users 1-7
2026-09-10 20:20:57,870 INFO o.a.j.t.JMeterThread: Thread started: Thread Group - until HTTP 503 - 12 users 1-8
2026-09-10 20:20:58,871 INFO o.a.j.t.JMeterThread: Thread started: Thread Group - until HTTP 503 - 12 users 1-9
2026-09-10 20:20:59,869 INFO o.a.j.t.JMeterThread: Thread started: Thread Group - until HTTP 503 - 12 users 1-10
2026-09-10 20:21:00,161 INFO o.a.j.r.Summariser: summary +     37 in 00:00:09 =    4.0/s Avg:   539 Min:   517 Max:   583 Err:     0 (0.00%) Active: 10 Started: 10 Finished: 0
2026-09-10 20:21:00,870 INFO o.a.j.t.JMeterThread: Thread started: Thread Group - until HTTP 503 - 12 users 1-11
2026-09-10 20:21:01,871 INFO o.a.j.t.JMeterThread: Thread started: Thread Group - until HTTP 503 - 12 users 1-12
2026-09-10 20:21:31,153 INFO o.a.j.r.Summariser: summary +    125 in 00:00:31 =    4.0/s Avg:   548 Min:   533 Max:   636 Err:     2 (1.60%) Active: 12 Started: 12 Finished: 0
2026-09-10 20:21:31,154 INFO o.a.j.r.Summariser: summary =    162 in 00:00:40 =    4.0/s Avg:   546 Min:   517 Max:   636 Err:     2 (1.23%)
2026-09-10 20:22:01,198 INFO o.a.j.r.Summariser: summary +    120 in 00:00:30 =    4.0/s Avg:   550 Min:   533 Max:   657 Err:     4 (3.33%) Active: 12 Started: 12 Finished: 0
2026-09-10 20:22:01,199 INFO o.a.j.r.Summariser: summary =    282 in 00:01:10 =    4.0/s Avg:   547 Min:   517 Max:   657 Err:     6 (2.13%)
2026-09-10 20:22:19,155 INFO o.a.j.t.JMeterThread: Thread finished: Thread Group - until HTTP 503 - 12 users 1-11
2026-09-10 20:22:19,156 INFO o.a.j.t.JMeterThread: Thread finished: Thread Group - until HTTP 503 - 12 users 1-7
2026-09-10 20:22:19,372 INFO o.a.j.t.JMeterThread: Thread finished: Thread Group - until HTTP 503 - 12 users 1-1
2026-09-10 20:22:19,439 INFO o.a.j.t.JMeterThread: Thread finished: Thread Group - until HTTP 503 - 12 users 1-9
2026-09-10 20:22:20,408 INFO o.a.j.t.JMeterThread: Thread finished: Thread Group - until HTTP 503 - 12 users 1-3
2026-09-10 20:22:20,408 INFO o.a.j.t.JMeterThread: Thread finished: Thread Group - until HTTP 503 - 12 users 1-6
2026-09-10 20:22:20,408 INFO o.a.j.t.JMeterThread: Thread finished: Thread Group - until HTTP 503 - 12 users 1-12
2026-09-10 20:22:20,659 INFO o.a.j.t.JMeterThread: Thread finished: Thread Group - until HTTP 503 - 12 users 1-5
2026-09-10 20:22:20,685 INFO o.a.j.t.JMeterThread: Thread finished: Thread Group - until HTTP 503 - 12 users 1-4
2026-09-10 20:22:20,739 INFO o.a.j.t.JMeterThread: Thread finished: Thread Group - until HTTP 503 - 12 users 1-2
2026-09-10 20:22:20,910 INFO o.a.j.t.JMeterThread: Stopping because end time detected by thread: Thread Group - until HTTP 503 - 12 users 1-10
2026-09-10 20:22:20,911 INFO o.a.j.t.JMeterThread: Thread finished: Thread Group - until HTTP 503 - 12 users 1-10
2026-09-10 20:22:20,936 INFO o.a.j.t.JMeterThread: Stopping because end time detected by thread: Thread Group - until HTTP 503 - 12 users 1-8
2026-09-10 20:22:20,936 INFO o.a.j.t.JMeterThread: Thread finished: Thread Group - until HTTP 503 - 12 users 1-8
2026-09-10 20:22:20,937 INFO o.a.j.e.StandardJMeterEngine: Notifying test listeners of end of test
2026-09-10 20:22:20,939 INFO o.a.j.r.Summariser: summary +     83 in 00:00:20 =    4.2/s Avg:   552 Min:   533 Max:   726 Err:     4 (4.82%) Active: 0 Started: 12 Finished: 12
2026-09-10 20:22:20,941 INFO o.a.j.r.Summariser: summary =    365 in 00:01:30 =    4.1/s Avg:   548 Min:   517 Max:   726 Err:    10 (2.74%)
2026-09-10 20:22:20,943 INFO o.a.j.JMeter: Generating Dashboard
2026-09-10 20:22:20,943 INFO o.a.j.r.d.ReportGenerator: Flushing result collector before report Generation
2026-09-10 20:22:20,997 INFO o.a.j.r.p.NormalizerSampleConsumer: Using format, 'ms', to parse timeStamp field
2026-09-10 20:22:21,169 INFO o.a.j.r.p.AbstractSampleConsumer: class org.apache.jmeter.report.processor.AggregateConsumer#stopProducing(): beginDate produced 0 samples
2026-09-10 20:22:21,169 INFO o.a.j.r.p.AbstractSampleConsumer: class org.apache.jmeter.report.processor.AggregateConsumer#stopProducing(): endDate produced 0 samples
2026-09-10 20:22:21,170 INFO o.a.j.r.p.AbstractSampleConsumer: class org.apache.jmeter.report.processor.ApdexSummaryConsumer#stopProducing(): apdexSummary produced 0 samples
2026-09-10 20:22:21,170 INFO o.a.j.r.p.AbstractSampleConsumer: class org.apache.jmeter.report.processor.RequestsSummaryConsumer#stopProducing(): requestsSummary produced 0 samples
2026-09-10 20:22:21,175 INFO o.a.j.r.p.AbstractSampleConsumer: class org.apache.jmeter.report.processor.StatisticsSummaryConsumer#stopProducing(): statisticsSummary produced 0 samples
2026-09-10 20:22:21,177 INFO o.a.j.r.p.AbstractSampleConsumer: class org.apache.jmeter.report.processor.Top5ErrorsBySamplerConsumer#stopProducing(): top5ErrorsBySampler produced 0 samples
2026-09-10 20:22:21,177 INFO o.a.j.r.p.AbstractSampleConsumer: class org.apache.jmeter.report.processor.ErrorsSummaryConsumer#stopProducing(): errorsSummary produced 0 samples
2026-09-10 20:22:21,177 INFO o.a.j.r.p.AbstractSampleConsumer: class org.apache.jmeter.report.processor.graph.impl.HitsPerSecondGraphConsumer#stopProducing(): hitsPerSecond produced 0 samples
2026-09-10 20:22:21,231 INFO o.a.j.r.p.AbstractSampleConsumer: class org.apache.jmeter.report.processor.graph.impl.LatencyVSRequestGraphConsumer#stopProducing(): latencyVsRequest produced 0 samples
2026-09-10 20:22:21,232 INFO o.a.j.r.p.AbstractSampleConsumer: class org.apache.jmeter.report.processor.graph.impl.SyntheticResponseTimeDistributionGraphConsumer#stopProducing(): syntheticResponseTimeDistribution produced 0 samples
2026-09-10 20:22:21,232 INFO o.a.j.r.p.AbstractSampleConsumer: class org.apache.jmeter.report.processor.graph.impl.BytesThroughputGraphConsumer#stopProducing(): bytesThroughputOverTime produced 0 samples
2026-09-10 20:22:21,232 INFO o.a.j.r.p.AbstractSampleConsumer: class org.apache.jmeter.report.processor.graph.impl.CodesPerSecondGraphConsumer#stopProducing(): codesPerSecond produced 0 samples
2026-09-10 20:22:21,269 INFO o.a.j.r.p.AbstractSampleConsumer: class org.apache.jmeter.report.processor.graph.impl.ResponseTimeVSRequestGraphConsumer#stopProducing(): responseTimeVsRequest produced 0 samples
2026-09-10 20:22:21,269 INFO o.a.j.r.p.AbstractSampleConsumer: class org.apache.jmeter.report.processor.FilterConsumer#stopProducing(): startIntervalControlerFilter produced 2555 samples
2026-09-10 20:22:21,269 INFO o.a.j.r.p.AbstractSampleConsumer: class org.apache.jmeter.report.processor.graph.impl.TotalTPSGraphConsumer#stopProducing(): totalTPS produced 0 samples
2026-09-10 20:22:21,269 INFO o.a.j.r.p.AbstractSampleConsumer: class org.apache.jmeter.report.processor.graph.impl.ActiveThreadsGraphConsumer#stopProducing(): activeThreadsOverTime produced 0 samples
2026-09-10 20:22:21,269 INFO o.a.j.r.p.AbstractSampleConsumer: class org.apache.jmeter.report.processor.graph.impl.TimeVSThreadGraphConsumer#stopProducing(): timeVsThreads produced 0 samples
2026-09-10 20:22:21,270 INFO o.a.j.r.p.AbstractSampleConsumer: class org.apache.jmeter.report.processor.graph.impl.ResponseTimeDistributionGraphConsumer#stopProducing(): responseTimeDistribution produced 0 samples
2026-09-10 20:22:21,270 INFO o.a.j.r.p.AbstractSampleConsumer: class org.apache.jmeter.report.processor.graph.impl.TransactionsPerSecondGraphConsumer#stopProducing(): transactionsPerSecond produced 0 samples
2026-09-10 20:22:21,270 INFO o.a.j.r.p.AbstractSampleConsumer: class org.apache.jmeter.report.processor.graph.impl.ResponseTimePercentilesGraphConsumer#stopProducing(): responseTimePercentiles produced 0 samples
2026-09-10 20:22:21,272 INFO o.a.j.r.p.AbstractSampleConsumer: class org.apache.jmeter.report.processor.graph.impl.ResponseTimePercentilesOverTimeGraphConsumer#stopProducing(): responseTimePercentilesOverTime produced 0 samples
2026-09-10 20:22:21,273 INFO o.a.j.r.p.AbstractSampleConsumer: class org.apache.jmeter.report.processor.graph.impl.ResponseTimeOverTimeGraphConsumer#stopProducing(): responseTimesOverTime produced 0 samples
2026-09-10 20:22:21,273 INFO o.a.j.r.p.AbstractSampleConsumer: class org.apache.jmeter.report.processor.graph.impl.ConnectTimeOverTimeGraphConsumer#stopProducing(): connectTimeOverTime produced 0 samples
2026-09-10 20:22:21,274 INFO o.a.j.r.p.AbstractSampleConsumer: class org.apache.jmeter.report.processor.graph.impl.LatencyOverTimeGraphConsumer#stopProducing(): latenciesOverTime produced 0 samples
2026-09-10 20:22:21,274 INFO o.a.j.r.p.AbstractSampleConsumer: class org.apache.jmeter.report.processor.FilterConsumer#stopProducing(): nameFilter produced 5475 samples
2026-09-10 20:22:21,274 INFO o.a.j.r.p.AbstractSampleConsumer: class org.apache.jmeter.report.processor.FilterConsumer#stopProducing(): dateRangeFilter produced 1095 samples
2026-09-10 20:22:21,274 INFO o.a.j.r.p.AbstractSampleConsumer: class org.apache.jmeter.report.processor.NormalizerSampleConsumer#stopProducing(): normalizer produced 365 samples
2026-09-10 20:22:21,275 INFO o.a.j.r.p.CsvFileSampleSource: produce(): 365 samples produced in 245ms on channel 0
2026-09-10 20:22:21,275 INFO o.a.j.r.d.ReportGenerator: Exporting data using exporter:'json' of className:'org.apache.jmeter.report.dashboard.JsonExporter'
2026-09-10 20:22:21,368 INFO o.a.j.r.d.JsonExporter: Found data for consumer statisticsSummary in context
2026-09-10 20:22:21,369 INFO o.a.j.r.d.JsonExporter: Creating statistics for overall
2026-09-10 20:22:21,369 INFO o.a.j.r.d.JsonExporter: Creating statistics for other transactions
2026-09-10 20:22:21,370 INFO o.a.j.r.d.JsonExporter: Checking output folder
2026-09-10 20:22:21,371 INFO o.a.j.r.d.JsonExporter: Writing statistics JSON to C:\University\Programming\Software Testing\Lab4\html_reports\stress_until_503\12users_240rpm\statistics.json
2026-09-10 20:22:21,430 INFO o.a.j.r.d.ReportGenerator: Exporting data using exporter:'html' of className:'org.apache.jmeter.report.dashboard.HtmlTemplateExporter'
2026-09-10 20:22:21,433 INFO o.a.j.r.d.HtmlTemplateExporter: Will generate dashboard in folder: C:\University\Programming\Software Testing\Lab4\html_reports\stress_until_503\12users_240rpm
2026-09-10 20:22:21,540 INFO o.a.j.r.d.HtmlTemplateExporter: Report will be generated in: C:\University\Programming\Software Testing\Lab4\html_reports\stress_until_503\12users_240rpm, creating folder structure
2026-09-10 20:22:21,544 INFO o.a.j.r.d.TemplateVisitor: Copying folder from 'C:\Program Files\apache-jmeter-5.6.3\bin\report-template' to 'C:\University\Programming\Software Testing\Lab4\html_reports\stress_until_503\12users_240rpm', got message: C:\University\Programming\Software Testing\Lab4\html_reports\stress_until_503\12users_240rpm, found non empty folder with following content [C:\University\Programming\Software Testing\Lab4\html_reports\stress_until_503\12users_240rpm\statistics.json], will be ignored
2026-09-10 20:22:22,045 INFO o.a.j.JMeter: Dashboard generated
