2026-09-10 20:45:00,348 INFO o.a.j.u.JMeterUtils: Setting Locale to en_EN
2026-09-10 20:45:00,360 INFO o.a.j.JMeter: Loading user properties from: C:\Program Files\apache-jmeter-5.6.3\bin\user.properties
2026-09-10 20:45:00,360 INFO o.a.j.JMeter: Loading system properties from: C:\Program Files\apache-jmeter-5.6.3\bin\system.properties
2026-09-10 20:45:00,360 INFO o.a.j.JMeter: Setting JMeter property: jmeter.save.saveservice.output_format=csv
2026-09-10 20:45:00,360 INFO o.a.j.JMeter: Setting JMeter property: jmeter.save.saveservice.print_field_names=true
2026-09-10 20:45:00,362 INFO o.a.j.JMeter: Setting JMeter property: jmeter.save.saveservice.timestamp_format=ms
2026-09-10 20:45:00,362 INFO o.a.j.JMeter: Setting JMeter property: jmeter.save.saveservice.time=true
2026-09-10 20:45:00,362 INFO o.a.j.JMeter: Setting JMeter property: jmeter.save.saveservice.latency=true
2026-09-10 20:45:00,362 INFO o.a.j.JMeter: Setting JMeter property: jmeter.save.saveservice.label=true
2026-09-10 20:45:00,362 INFO o.a.j.JMeter: Setting JMeter property: jmeter.save.saveservice.response_code=true
2026-09-10 20:45:00,362 INFO o.a.j.JMeter: Setting JMeter property: jmeter.save.saveservice.response_message=true
2026-09-10 20:45:00,362 INFO o.a.j.JMeter: Setting JMeter property: jmeter.save.saveservice.successful=true
2026-09-10 20:45:00,362 INFO o.a.j.JMeter: Setting JMeter property: jmeter.save.saveservice.assertion_results_failure_message=true
2026-09-10 20:45:00,362 INFO o.a.j.JMeter: Setting JMeter property: jmeter.save.saveservice.thread_name=true
2026-09-10 20:45:00,362 INFO o.a.j.JMeter: Setting JMeter property: jmeter.save.saveservice.thread_counts=true
2026-09-10 20:45:00,362 INFO o.a.j.JMeter: Setting JMeter property: jmeter.save.saveservice.connect_time=true
2026-09-10 20:45:00,367 INFO o.a.j.JMeter: Copyright (c) 1998-2024 The Apache Software Foundation
2026-09-10 20:45:00,367 INFO o.a.j.JMeter: Version 5.6.3
2026-09-10 20:45:00,368 INFO o.a.j.JMeter: java.version=26.0.1
2026-09-10 20:45:00,368 INFO o.a.j.JMeter: java.vm.name=Java HotSpot(TM) 64-Bit Server VM
2026-09-10 20:45:00,368 INFO o.a.j.JMeter: os.name=Windows 10
2026-09-10 20:45:00,368 INFO o.a.j.JMeter: os.arch=amd64
2026-09-10 20:45:00,368 INFO o.a.j.JMeter: os.version=10.0
2026-09-10 20:45:00,368 INFO o.a.j.JMeter: file.encoding=UTF-8
2026-09-10 20:45:00,368 INFO o.a.j.JMeter: java.awt.headless=true
2026-09-10 20:45:00,368 INFO o.a.j.JMeter: Max memory     =1073741824
2026-09-10 20:45:00,368 INFO o.a.j.JMeter: Available Processors =8
2026-09-10 20:45:00,379 INFO o.a.j.JMeter: Default Locale=English (EN)
2026-09-10 20:45:00,379 INFO o.a.j.JMeter: JMeter  Locale=English (EN)
2026-09-10 20:45:00,379 INFO o.a.j.JMeter: JMeterHome=C:\Program Files\apache-jmeter-5.6.3
2026-09-10 20:45:00,379 INFO o.a.j.JMeter: user.dir  =C:\University\Programming\Software Testing\Lab4
2026-09-10 20:45:00,379 INFO o.a.j.JMeter: PWD       =C:\University\Programming\Software Testing\Lab4
2026-09-10 20:45:00,380 INFO o.a.j.JMeter: IP: 172.28.17.195 Name: DESKTOP-74FQ4EV FullName: DESKTOP-74FQ4EV
2026-09-10 20:45:00,388 INFO o.a.j.JMeter: Setting property 'jmeter.reportgenerator.outputdir' to:'C:\University\Programming\Software Testing\Lab4\html_reports\stress_until_503\160users_3200rpm'
2026-09-10 20:45:00,390 INFO o.a.j.s.FileServer: Default base='C:\University\Programming\Software Testing\Lab4'
2026-09-10 20:45:00,391 INFO o.a.j.s.FileServer: Set new base='C:\University\Programming\Software Testing\Lab4\quality_jmeter_plans\stress_until_503'
2026-09-10 20:45:00,582 INFO o.a.j.s.SaveService: Testplan (JMX) version: 2.2. Testlog (JTL) version: 2.2
2026-09-10 20:45:00,602 INFO o.a.j.s.SaveService: Using SaveService properties version 5.0
2026-09-10 20:45:00,605 INFO o.a.j.s.SaveService: Using SaveService properties file encoding UTF-8
2026-09-10 20:45:00,607 INFO o.a.j.s.SaveService: Loading file: quality_jmeter_plans\stress_until_503\stress_until_503_160users_3200rpm_ctt.jmx
2026-09-10 20:45:00,653 INFO o.a.j.p.h.s.HTTPSamplerBase: Parser for text/html is org.apache.jmeter.protocol.http.parser.LagartoBasedHtmlParser
2026-09-10 20:45:00,654 INFO o.a.j.p.h.s.HTTPSamplerBase: Parser for application/xhtml+xml is org.apache.jmeter.protocol.http.parser.LagartoBasedHtmlParser
2026-09-10 20:45:00,654 INFO o.a.j.p.h.s.HTTPSamplerBase: Parser for application/xml is org.apache.jmeter.protocol.http.parser.LagartoBasedHtmlParser
2026-09-10 20:45:00,654 INFO o.a.j.p.h.s.HTTPSamplerBase: Parser for text/xml is org.apache.jmeter.protocol.http.parser.LagartoBasedHtmlParser
2026-09-10 20:45:00,654 INFO o.a.j.p.h.s.HTTPSamplerBase: Parser for text/vnd.wap.wml is org.apache.jmeter.protocol.http.parser.RegexpHTMLParser
2026-09-10 20:45:00,654 INFO o.a.j.p.h.s.HTTPSamplerBase: Parser for text/css is org.apache.jmeter.protocol.http.parser.CssParser
2026-09-10 20:45:00,664 INFO o.a.j.JMeter: Creating summariser <summary>
2026-09-10 20:45:00,671 INFO o.a.j.r.d.ReportGenerator: ReportGenerator will use for Parsing the separator: ','
2026-09-10 20:45:00,671 INFO o.a.j.r.d.ReportGenerator: Will generate report at end of test from  results file: results/stress_until_503/stress_until_503_160users_3200rpm.jtl
2026-09-10 20:45:00,671 INFO o.a.j.r.d.ReportGenerator: Reading report generator properties from: C:\Program Files\apache-jmeter-5.6.3\bin\reportgenerator.properties
2026-09-10 20:45:00,672 INFO o.a.j.r.d.ReportGenerator: Merging with JMeter properties
2026-09-10 20:45:00,674 INFO o.a.j.r.c.ReportGeneratorConfiguration: Property 'jmeter.reportgenerator.temp_dir' not found, using default value 'temp' instead.
2026-09-10 20:45:00,676 INFO o.a.j.r.c.ReportGeneratorConfiguration: Property 'jmeter.reportgenerator.apdex_per_transaction' not found, using default value 'null' instead.
2026-09-10 20:45:00,676 INFO o.a.j.r.c.ReportGeneratorConfiguration: apdex_per_transaction is empty, not APDEX per transaction customization
2026-09-10 20:45:00,676 INFO o.a.j.r.c.ReportGeneratorConfiguration: Property 'jmeter.reportgenerator.sample_filter' not found, using default value 'null' instead.
2026-09-10 20:45:00,676 INFO o.a.j.r.c.ReportGeneratorConfiguration: Property 'jmeter.reportgenerator.report_title' not found, using default value 'null' instead.
2026-09-10 20:45:00,677 INFO o.a.j.r.c.ReportGeneratorConfiguration: Property 'jmeter.reportgenerator.start_date' not found, using default value 'null' instead.
2026-09-10 20:45:00,677 INFO o.a.j.r.c.ReportGeneratorConfiguration: Property 'jmeter.reportgenerator.end_date' not found, using default value 'null' instead.
2026-09-10 20:45:00,677 INFO o.a.j.r.c.ReportGeneratorConfiguration: Property 'jmeter.reportgenerator.date_format' not found, using default value 'null' instead.
2026-09-10 20:45:00,677 INFO o.a.j.r.c.ReportGeneratorConfiguration: Will use date range start date: null, end date: null
2026-09-10 20:45:00,679 INFO o.a.j.r.c.ReportGeneratorConfiguration: Property 'jmeter.reportgenerator.graph.totalTPS.exclude_controllers' not found, using default value 'false' instead.
2026-09-10 20:45:00,679 INFO o.a.j.r.c.ReportGeneratorConfiguration: Property 'jmeter.reportgenerator.graph.activeThreadsOverTime.exclude_controllers' not found, using default value 'false' instead.
2026-09-10 20:45:00,679 INFO o.a.j.r.c.ReportGeneratorConfiguration: Property 'jmeter.reportgenerator.graph.timeVsThreads.exclude_controllers' not found, using default value 'false' instead.
2026-09-10 20:45:00,680 INFO o.a.j.r.c.ReportGeneratorConfiguration: Property 'jmeter.reportgenerator.graph.responseTimeDistribution.exclude_controllers' not found, using default value 'false' instead.
2026-09-10 20:45:00,680 INFO o.a.j.r.c.ReportGeneratorConfiguration: Property 'jmeter.reportgenerator.graph.transactionsPerSecond.exclude_controllers' not found, using default value 'false' instead.
2026-09-10 20:45:00,680 INFO o.a.j.r.c.ReportGeneratorConfiguration: Property 'jmeter.reportgenerator.graph.responseTimePercentiles.exclude_controllers' not found, using default value 'false' instead.
2026-09-10 20:45:00,680 INFO o.a.j.r.c.ReportGeneratorConfiguration: Property 'jmeter.reportgenerator.graph.responseTimePercentilesOverTime.exclude_controllers' not found, using default value 'false' instead.
2026-09-10 20:45:00,680 INFO o.a.j.r.c.ReportGeneratorConfiguration: Property 'jmeter.reportgenerator.graph.responseTimesOverTime.exclude_controllers' not found, using default value 'false' instead.
2026-09-10 20:45:00,680 INFO o.a.j.r.c.ReportGeneratorConfiguration: Property 'jmeter.reportgenerator.graph.connectTimeOverTime.exclude_controllers' not found, using default value 'false' instead.
2026-09-10 20:45:00,680 INFO o.a.j.r.c.ReportGeneratorConfiguration: Property 'jmeter.reportgenerator.graph.latenciesOverTime.exclude_controllers' not found, using default value 'false' instead.
2026-09-10 20:45:00,681 INFO o.a.j.r.c.ReportGeneratorConfiguration: Property 'jmeter.reportgenerator.exporter.json.filters_only_sample_series' not found, using default value 'true' instead.
2026-09-10 20:45:00,681 INFO o.a.j.r.c.ReportGeneratorConfiguration: Property 'jmeter.reportgenerator.exporter.json.series_filter' not found, using default value '' instead.
2026-09-10 20:45:00,681 INFO o.a.j.r.c.ReportGeneratorConfiguration: Property 'jmeter.reportgenerator.exporter.json.show_controllers_only' not found, using default value 'false' instead.
2026-09-10 20:45:00,681 INFO o.a.j.r.c.ReportGeneratorConfiguration: Property 'jmeter.reportgenerator.exporter.html.filters_only_sample_series' not found, using default value 'true' instead.
2026-09-10 20:45:00,681 INFO o.a.j.r.c.ReportGeneratorConfiguration: Property 'jmeter.reportgenerator.exporter.html.series_filter' not found, using default value '' instead.
2026-09-10 20:45:00,681 INFO o.a.j.r.c.ReportGeneratorConfiguration: Property 'jmeter.reportgenerator.exporter.html.show_controllers_only' not found, using default value 'false' instead.
2026-09-10 20:45:00,689 INFO o.a.j.e.StandardJMeterEngine: Running the test!
2026-09-10 20:45:00,690 INFO o.a.j.s.SampleEvent: List of sample_variables: []
2026-09-10 20:45:00,690 INFO o.a.j.s.SampleEvent: List of sample_variables: []
2026-09-10 20:45:00,694 INFO o.a.j.e.u.CompoundVariable: Note: Function class names must contain the string: '.functions.'
2026-09-10 20:45:00,695 INFO o.a.j.e.u.CompoundVariable: Note: Function class names must not contain the string: '.gui.'
2026-09-10 20:45:00,749 INFO o.a.j.JMeter: Running test (1789062300749)
2026-09-10 20:45:00,765 INFO o.a.j.e.StandardJMeterEngine: Starting ThreadGroup: 1 : Thread Group - until HTTP 503 - 160 users
2026-09-10 20:45:00,766 INFO o.a.j.e.StandardJMeterEngine: Starting 160 threads for group Thread Group - until HTTP 503 - 160 users.
2026-09-10 20:45:00,766 INFO o.a.j.e.StandardJMeterEngine: Thread will continue on error
2026-09-10 20:45:00,766 INFO o.a.j.t.ThreadGroup: Starting thread group... number=1 threads=160 ramp-up=60 delayedStart=false
2026-09-10 20:45:00,772 INFO o.a.j.t.JMeterThread: Thread started: Thread Group - until HTTP 503 - 160 users 1-1
2026-09-10 20:45:00,807 INFO o.a.j.t.ThreadGroup: Started thread group number 1
2026-09-10 20:45:00,807 INFO o.a.j.e.StandardJMeterEngine: All thread groups have been started
2026-09-10 20:45:00,824 INFO o.a.j.p.h.s.HTTPHCAbstractImpl: Local host = DESKTOP-74FQ4EV
2026-09-10 20:45:00,829 INFO o.a.j.p.h.s.HTTPHC4Impl: HTTP request retry count = 0
2026-09-10 20:45:00,830 INFO o.a.j.s.SampleResult: Note: Sample TimeStamps are START times
2026-09-10 20:45:00,830 INFO o.a.j.s.SampleResult: sampleresult.default.encoding is set to UTF-8
2026-09-10 20:45:00,830 INFO o.a.j.s.SampleResult: sampleresult.useNanoTime=true
2026-09-10 20:45:00,830 INFO o.a.j.s.SampleResult: sampleresult.nanoThreadSleep=5000
2026-09-10 20:45:01,145 INFO o.a.j.t.JMeterThread: Thread started: Thread Group - until HTTP 503 - 160 users 1-2
2026-09-10 20:45:01,441 INFO o.a.j.r.Summariser: summary +      1 in 00:00:01 =    1.5/s Avg:   552 Min:   552 Max:   552 Err:     0 (0.00%) Active: 2 Started: 2 Finished: 0
2026-09-10 20:45:01,520 INFO o.a.j.t.JMeterThread: Thread started: Thread Group - until HTTP 503 - 160 users 1-3
2026-09-10 20:45:01,893 INFO o.a.j.t.JMeterThread: Thread started: Thread Group - until HTTP 503 - 160 users 1-4
2026-09-10 20:45:02,268 INFO o.a.j.t.JMeterThread: Thread started: Thread Group - until HTTP 503 - 160 users 1-5
2026-09-10 20:45:02,644 INFO o.a.j.t.JMeterThread: Thread started: Thread Group - until HTTP 503 - 160 users 1-6
2026-09-10 20:45:03,016 INFO o.a.j.t.JMeterThread: Thread started: Thread Group - until HTTP 503 - 160 users 1-7
2026-09-10 20:45:03,391 INFO o.a.j.t.JMeterThread: Thread started: Thread Group - until HTTP 503 - 160 users 1-8
2026-09-10 20:45:03,767 INFO o.a.j.t.JMeterThread: Thread started: Thread Group - until HTTP 503 - 160 users 1-9
2026-09-10 20:45:04,142 INFO o.a.j.t.JMeterThread: Thread started: Thread Group - until HTTP 503 - 160 users 1-10
2026-09-10 20:45:04,516 INFO o.a.j.t.JMeterThread: Thread started: Thread Group - until HTTP 503 - 160 users 1-11
2026-09-10 20:45:04,893 INFO o.a.j.t.JMeterThread: Thread started: Thread Group - until HTTP 503 - 160 users 1-12
2026-09-10 20:45:05,268 INFO o.a.j.t.JMeterThread: Thread started: Thread Group - until HTTP 503 - 160 users 1-13
2026-09-10 20:45:05,641 INFO o.a.j.t.JMeterThread: Thread started: Thread Group - until HTTP 503 - 160 users 1-14
2026-09-10 20:45:06,016 INFO o.a.j.t.JMeterThread: Thread started: Thread Group - until HTTP 503 - 160 users 1-15
2026-09-10 20:45:06,392 INFO o.a.j.t.JMeterThread: Thread started: Thread Group - until HTTP 503 - 160 users 1-16
2026-09-10 20:45:06,767 INFO o.a.j.t.JMeterThread: Thread started: Thread Group - until HTTP 503 - 160 users 1-17
2026-09-10 20:45:07,142 INFO o.a.j.t.JMeterThread: Thread started: Thread Group - until HTTP 503 - 160 users 1-18
2026-09-10 20:45:07,518 INFO o.a.j.t.JMeterThread: Thread started: Thread Group - until HTTP 503 - 160 users 1-19
2026-09-10 20:45:07,891 INFO o.a.j.t.JMeterThread: Thread started: Thread Group - until HTTP 503 - 160 users 1-20
2026-09-10 20:45:08,267 INFO o.a.j.t.JMeterThread: Thread started: Thread Group - until HTTP 503 - 160 users 1-21
2026-09-10 20:45:08,642 INFO o.a.j.t.JMeterThread: Thread started: Thread Group - until HTTP 503 - 160 users 1-22
2026-09-10 20:45:09,018 INFO o.a.j.t.JMeterThread: Thread started: Thread Group - until HTTP 503 - 160 users 1-23
2026-09-10 20:45:09,392 INFO o.a.j.t.JMeterThread: Thread started: Thread Group - until HTTP 503 - 160 users 1-24
2026-09-10 20:45:09,767 INFO o.a.j.t.JMeterThread: Thread started: Thread Group - until HTTP 503 - 160 users 1-25
2026-09-10 20:45:10,142 INFO o.a.j.t.JMeterThread: Thread started: Thread Group - until HTTP 503 - 160 users 1-26
2026-09-10 20:45:10,517 INFO o.a.j.t.JMeterThread: Thread started: Thread Group - until HTTP 503 - 160 users 1-27
2026-09-10 20:45:10,892 INFO o.a.j.t.JMeterThread: Thread started: Thread Group - until HTTP 503 - 160 users 1-28
2026-09-10 20:45:11,266 INFO o.a.j.t.JMeterThread: Thread started: Thread Group - until HTTP 503 - 160 users 1-29
2026-09-10 20:45:11,642 INFO o.a.j.t.JMeterThread: Thread started: Thread Group - until HTTP 503 - 160 users 1-30
2026-09-10 20:45:12,016 INFO o.a.j.t.JMeterThread: Thread started: Thread Group - until HTTP 503 - 160 users 1-31
2026-09-10 20:45:12,392 INFO o.a.j.t.JMeterThread: Thread started: Thread Group - until HTTP 503 - 160 users 1-32
2026-09-10 20:45:12,767 INFO o.a.j.t.JMeterThread: Thread started: Thread Group - until HTTP 503 - 160 users 1-33
2026-09-10 20:45:13,142 INFO o.a.j.t.JMeterThread: Thread started: Thread Group - until HTTP 503 - 160 users 1-34
2026-09-10 20:45:13,516 INFO o.a.j.t.JMeterThread: Thread started: Thread Group - until HTTP 503 - 160 users 1-35
2026-09-10 20:45:13,892 INFO o.a.j.t.JMeterThread: Thread started: Thread Group - until HTTP 503 - 160 users 1-36
2026-09-10 20:45:14,268 INFO o.a.j.t.JMeterThread: Thread started: Thread Group - until HTTP 503 - 160 users 1-37
2026-09-10 20:45:14,642 INFO o.a.j.t.JMeterThread: Thread started: Thread Group - until HTTP 503 - 160 users 1-38
2026-09-10 20:45:15,016 INFO o.a.j.t.JMeterThread: Thread started: Thread Group - until HTTP 503 - 160 users 1-39
2026-09-10 20:45:15,391 INFO o.a.j.t.JMeterThread: Thread started: Thread Group - until HTTP 503 - 160 users 1-40
2026-09-10 20:45:15,767 INFO o.a.j.t.JMeterThread: Thread started: Thread Group - until HTTP 503 - 160 users 1-41
2026-09-10 20:45:16,141 INFO o.a.j.t.JMeterThread: Thread started: Thread Group - until HTTP 503 - 160 users 1-42
2026-09-10 20:45:16,516 INFO o.a.j.t.JMeterThread: Thread started: Thread Group - until HTTP 503 - 160 users 1-43
2026-09-10 20:45:16,893 INFO o.a.j.t.JMeterThread: Thread started: Thread Group - until HTTP 503 - 160 users 1-44
2026-09-10 20:45:17,266 INFO o.a.j.t.JMeterThread: Thread started: Thread Group - until HTTP 503 - 160 users 1-45
2026-09-10 20:45:17,641 INFO o.a.j.t.JMeterThread: Thread started: Thread Group - until HTTP 503 - 160 users 1-46
2026-09-10 20:45:18,016 INFO o.a.j.t.JMeterThread: Thread started: Thread Group - until HTTP 503 - 160 users 1-47
2026-09-10 20:45:18,394 INFO o.a.j.t.JMeterThread: Thread started: Thread Group - until HTTP 503 - 160 users 1-48
2026-09-10 20:45:18,767 INFO o.a.j.t.JMeterThread: Thread started: Thread Group - until HTTP 503 - 160 users 1-49
2026-09-10 20:45:19,143 INFO o.a.j.t.JMeterThread: Thread started: Thread Group - until HTTP 503 - 160 users 1-50
2026-09-10 20:45:19,534 INFO o.a.j.t.JMeterThread: Thread started: Thread Group - until HTTP 503 - 160 users 1-51
2026-09-10 20:45:19,891 INFO o.a.j.t.JMeterThread: Thread started: Thread Group - until HTTP 503 - 160 users 1-52
2026-09-10 20:45:20,267 INFO o.a.j.t.JMeterThread: Thread started: Thread Group - until HTTP 503 - 160 users 1-53
2026-09-10 20:45:20,642 INFO o.a.j.t.JMeterThread: Thread started: Thread Group - until HTTP 503 - 160 users 1-54
2026-09-10 20:45:21,019 INFO o.a.j.t.JMeterThread: Thread started: Thread Group - until HTTP 503 - 160 users 1-55
2026-09-10 20:45:21,391 INFO o.a.j.t.JMeterThread: Thread started: Thread Group - until HTTP 503 - 160 users 1-56
2026-09-10 20:45:21,767 INFO o.a.j.t.JMeterThread: Thread started: Thread Group - until HTTP 503 - 160 users 1-57
2026-09-10 20:45:22,142 INFO o.a.j.t.JMeterThread: Thread started: Thread Group - until HTTP 503 - 160 users 1-58
2026-09-10 20:45:22,517 INFO o.a.j.t.JMeterThread: Thread started: Thread Group - until HTTP 503 - 160 users 1-59
2026-09-10 20:45:22,893 INFO o.a.j.t.JMeterThread: Thread started: Thread Group - until HTTP 503 - 160 users 1-60
2026-09-10 20:45:23,267 INFO o.a.j.t.JMeterThread: Thread started: Thread Group - until HTTP 503 - 160 users 1-61
2026-09-10 20:45:23,641 INFO o.a.j.t.JMeterThread: Thread started: Thread Group - until HTTP 503 - 160 users 1-62
2026-09-10 20:45:24,016 INFO o.a.j.t.JMeterThread: Thread started: Thread Group - until HTTP 503 - 160 users 1-63
2026-09-10 20:45:24,392 INFO o.a.j.t.JMeterThread: Thread started: Thread Group - until HTTP 503 - 160 users 1-64
2026-09-10 20:45:24,767 INFO o.a.j.t.JMeterThread: Thread started: Thread Group - until HTTP 503 - 160 users 1-65
2026-09-10 20:45:25,142 INFO o.a.j.t.JMeterThread: Thread started: Thread Group - until HTTP 503 - 160 users 1-66
2026-09-10 20:45:25,516 INFO o.a.j.t.JMeterThread: Thread started: Thread Group - until HTTP 503 - 160 users 1-67
2026-09-10 20:45:25,892 INFO o.a.j.t.JMeterThread: Thread started: Thread Group - until HTTP 503 - 160 users 1-68
2026-09-10 20:45:26,269 INFO o.a.j.t.JMeterThread: Thread started: Thread Group - until HTTP 503 - 160 users 1-69
2026-09-10 20:45:26,641 INFO o.a.j.t.JMeterThread: Thread started: Thread Group - until HTTP 503 - 160 users 1-70
2026-09-10 20:45:27,017 INFO o.a.j.t.JMeterThread: Thread started: Thread Group - until HTTP 503 - 160 users 1-71
2026-09-10 20:45:27,392 INFO o.a.j.t.JMeterThread: Thread started: Thread Group - until HTTP 503 - 160 users 1-72
2026-09-10 20:45:27,766 INFO o.a.j.t.JMeterThread: Thread started: Thread Group - until HTTP 503 - 160 users 1-73
2026-09-10 20:45:28,142 INFO o.a.j.t.JMeterThread: Thread started: Thread Group - until HTTP 503 - 160 users 1-74
2026-09-10 20:45:28,517 INFO o.a.j.t.JMeterThread: Thread started: Thread Group - until HTTP 503 - 160 users 1-75
2026-09-10 20:45:28,893 INFO o.a.j.t.JMeterThread: Thread started: Thread Group - until HTTP 503 - 160 users 1-76
2026-09-10 20:45:29,267 INFO o.a.j.t.JMeterThread: Thread started: Thread Group - until HTTP 503 - 160 users 1-77
2026-09-10 20:45:29,642 INFO o.a.j.t.JMeterThread: Thread started: Thread Group - until HTTP 503 - 160 users 1-78
2026-09-10 20:45:30,018 INFO o.a.j.t.JMeterThread: Thread started: Thread Group - until HTTP 503 - 160 users 1-79
2026-09-10 20:45:30,393 INFO o.a.j.t.JMeterThread: Thread started: Thread Group - until HTTP 503 - 160 users 1-80
2026-09-10 20:45:30,767 INFO o.a.j.t.JMeterThread: Thread started: Thread Group - until HTTP 503 - 160 users 1-81
2026-09-10 20:45:31,142 INFO o.a.j.t.JMeterThread: Thread started: Thread Group - until HTTP 503 - 160 users 1-82
2026-09-10 20:45:31,518 INFO o.a.j.t.JMeterThread: Thread started: Thread Group - until HTTP 503 - 160 users 1-83
2026-09-10 20:45:31,892 INFO o.a.j.t.JMeterThread: Thread started: Thread Group - until HTTP 503 - 160 users 1-84
2026-09-10 20:45:32,267 INFO o.a.j.t.JMeterThread: Thread started: Thread Group - until HTTP 503 - 160 users 1-85
2026-09-10 20:45:32,641 INFO o.a.j.t.JMeterThread: Thread started: Thread Group - until HTTP 503 - 160 users 1-86
2026-09-10 20:45:33,018 INFO o.a.j.t.JMeterThread: Thread started: Thread Group - until HTTP 503 - 160 users 1-87
2026-09-10 20:45:33,392 INFO o.a.j.t.JMeterThread: Thread started: Thread Group - until HTTP 503 - 160 users 1-88
2026-09-10 20:45:33,766 INFO o.a.j.t.JMeterThread: Thread started: Thread Group - until HTTP 503 - 160 users 1-89
2026-09-10 20:45:34,141 INFO o.a.j.t.JMeterThread: Thread started: Thread Group - until HTTP 503 - 160 users 1-90
2026-09-10 20:45:34,517 INFO o.a.j.t.JMeterThread: Thread started: Thread Group - until HTTP 503 - 160 users 1-91
2026-09-10 20:45:34,893 INFO o.a.j.t.JMeterThread: Thread started: Thread Group - until HTTP 503 - 160 users 1-92
2026-09-10 20:45:35,268 INFO o.a.j.t.JMeterThread: Thread started: Thread Group - until HTTP 503 - 160 users 1-93
2026-09-10 20:45:35,348 INFO o.a.j.r.Summariser: summary +    651 in 00:00:34 =   19.2/s Avg:  1511 Min:   512 Max:  9830 Err:   549 (84.33%) Active: 93 Started: 93 Finished: 0
2026-09-10 20:45:35,349 INFO o.a.j.r.Summariser: summary =    652 in 00:00:35 =   18.8/s Avg:  1510 Min:   512 Max:  9830 Err:   549 (84.20%)
2026-09-10 20:45:35,641 INFO o.a.j.t.JMeterThread: Thread started: Thread Group - until HTTP 503 - 160 users 1-94
2026-09-10 20:45:36,016 INFO o.a.j.t.JMeterThread: Thread started: Thread Group - until HTTP 503 - 160 users 1-95
2026-09-10 20:45:36,393 INFO o.a.j.t.JMeterThread: Thread started: Thread Group - until HTTP 503 - 160 users 1-96
2026-09-10 20:45:36,767 INFO o.a.j.t.JMeterThread: Thread started: Thread Group - until HTTP 503 - 160 users 1-97
2026-09-10 20:45:37,142 INFO o.a.j.t.JMeterThread: Thread started: Thread Group - until HTTP 503 - 160 users 1-98
2026-09-10 20:45:37,517 INFO o.a.j.t.JMeterThread: Thread started: Thread Group - until HTTP 503 - 160 users 1-99
2026-09-10 20:45:37,891 INFO o.a.j.t.JMeterThread: Thread started: Thread Group - until HTTP 503 - 160 users 1-100
2026-09-10 20:45:38,266 INFO o.a.j.t.JMeterThread: Thread started: Thread Group - until HTTP 503 - 160 users 1-101
2026-09-10 20:45:38,643 INFO o.a.j.t.JMeterThread: Thread started: Thread Group - until HTTP 503 - 160 users 1-102
2026-09-10 20:45:39,016 INFO o.a.j.t.JMeterThread: Thread started: Thread Group - until HTTP 503 - 160 users 1-103
2026-09-10 20:45:39,391 INFO o.a.j.t.JMeterThread: Thread started: Thread Group - until HTTP 503 - 160 users 1-104
2026-09-10 20:45:39,766 INFO o.a.j.t.JMeterThread: Thread started: Thread Group - until HTTP 503 - 160 users 1-105
2026-09-10 20:45:40,141 INFO o.a.j.t.JMeterThread: Thread started: Thread Group - until HTTP 503 - 160 users 1-106
2026-09-10 20:45:40,518 INFO o.a.j.t.JMeterThread: Thread started: Thread Group - until HTTP 503 - 160 users 1-107
2026-09-10 20:45:40,891 INFO o.a.j.t.JMeterThread: Thread started: Thread Group - until HTTP 503 - 160 users 1-108
2026-09-10 20:45:41,266 INFO o.a.j.t.JMeterThread: Thread started: Thread Group - until HTTP 503 - 160 users 1-109
2026-09-10 20:45:41,642 INFO o.a.j.t.JMeterThread: Thread started: Thread Group - until HTTP 503 - 160 users 1-110
2026-09-10 20:45:42,017 INFO o.a.j.t.JMeterThread: Thread started: Thread Group - until HTTP 503 - 160 users 1-111
2026-09-10 20:45:42,392 INFO o.a.j.t.JMeterThread: Thread started: Thread Group - until HTTP 503 - 160 users 1-112
2026-09-10 20:45:42,768 INFO o.a.j.t.JMeterThread: Thread started: Thread Group - until HTTP 503 - 160 users 1-113
2026-09-10 20:45:43,141 INFO o.a.j.t.JMeterThread: Thread started: Thread Group - until HTTP 503 - 160 users 1-114
2026-09-10 20:45:43,517 INFO o.a.j.t.JMeterThread: Thread started: Thread Group - until HTTP 503 - 160 users 1-115
2026-09-10 20:45:43,892 INFO o.a.j.t.JMeterThread: Thread started: Thread Group - until HTTP 503 - 160 users 1-116
2026-09-10 20:45:44,266 INFO o.a.j.t.JMeterThread: Thread started: Thread Group - until HTTP 503 - 160 users 1-117
2026-09-10 20:45:44,641 INFO o.a.j.t.JMeterThread: Thread started: Thread Group - until HTTP 503 - 160 users 1-118
2026-09-10 20:45:45,016 INFO o.a.j.t.JMeterThread: Thread started: Thread Group - until HTTP 503 - 160 users 1-119
2026-09-10 20:45:45,391 INFO o.a.j.t.JMeterThread: Thread started: Thread Group - until HTTP 503 - 160 users 1-120
2026-09-10 20:45:45,766 INFO o.a.j.t.JMeterThread: Thread started: Thread Group - until HTTP 503 - 160 users 1-121
2026-09-10 20:45:46,144 INFO o.a.j.t.JMeterThread: Thread started: Thread Group - until HTTP 503 - 160 users 1-122
2026-09-10 20:45:46,519 INFO o.a.j.t.JMeterThread: Thread started: Thread Group - until HTTP 503 - 160 users 1-123
2026-09-10 20:45:46,892 INFO o.a.j.t.JMeterThread: Thread started: Thread Group - until HTTP 503 - 160 users 1-124
2026-09-10 20:45:47,268 INFO o.a.j.t.JMeterThread: Thread started: Thread Group - until HTTP 503 - 160 users 1-125
2026-09-10 20:45:47,644 INFO o.a.j.t.JMeterThread: Thread started: Thread Group - until HTTP 503 - 160 users 1-126
2026-09-10 20:45:48,017 INFO o.a.j.t.JMeterThread: Thread started: Thread Group - until HTTP 503 - 160 users 1-127
2026-09-10 20:45:48,392 INFO o.a.j.t.JMeterThread: Thread started: Thread Group - until HTTP 503 - 160 users 1-128
2026-09-10 20:45:48,767 INFO o.a.j.t.JMeterThread: Thread started: Thread Group - until HTTP 503 - 160 users 1-129
2026-09-10 20:45:49,143 INFO o.a.j.t.JMeterThread: Thread started: Thread Group - until HTTP 503 - 160 users 1-130
2026-09-10 20:45:49,518 INFO o.a.j.t.JMeterThread: Thread started: Thread Group - until HTTP 503 - 160 users 1-131
2026-09-10 20:45:49,892 INFO o.a.j.t.JMeterThread: Thread started: Thread Group - until HTTP 503 - 160 users 1-132
2026-09-10 20:45:50,267 INFO o.a.j.t.JMeterThread: Thread started: Thread Group - until HTTP 503 - 160 users 1-133
2026-09-10 20:45:50,642 INFO o.a.j.t.JMeterThread: Thread started: Thread Group - until HTTP 503 - 160 users 1-134
2026-09-10 20:45:51,016 INFO o.a.j.t.JMeterThread: Thread started: Thread Group - until HTTP 503 - 160 users 1-135
2026-09-10 20:45:51,392 INFO o.a.j.t.JMeterThread: Thread started: Thread Group - until HTTP 503 - 160 users 1-136
2026-09-10 20:45:51,766 INFO o.a.j.t.JMeterThread: Thread started: Thread Group - until HTTP 503 - 160 users 1-137
2026-09-10 20:45:52,142 INFO o.a.j.t.JMeterThread: Thread started: Thread Group - until HTTP 503 - 160 users 1-138
2026-09-10 20:45:52,517 INFO o.a.j.t.JMeterThread: Thread started: Thread Group - until HTTP 503 - 160 users 1-139
2026-09-10 20:45:52,892 INFO o.a.j.t.JMeterThread: Thread started: Thread Group - until HTTP 503 - 160 users 1-140
2026-09-10 20:45:53,292 INFO o.a.j.t.JMeterThread: Thread started: Thread Group - until HTTP 503 - 160 users 1-141
2026-09-10 20:45:53,642 INFO o.a.j.t.JMeterThread: Thread started: Thread Group - until HTTP 503 - 160 users 1-142
2026-09-10 20:45:54,017 INFO o.a.j.t.JMeterThread: Thread started: Thread Group - until HTTP 503 - 160 users 1-143
2026-09-10 20:45:54,393 INFO o.a.j.t.JMeterThread: Thread started: Thread Group - until HTTP 503 - 160 users 1-144
2026-09-10 20:45:54,768 INFO o.a.j.t.JMeterThread: Thread started: Thread Group - until HTTP 503 - 160 users 1-145
2026-09-10 20:45:55,141 INFO o.a.j.t.JMeterThread: Thread started: Thread Group - until HTTP 503 - 160 users 1-146
2026-09-10 20:45:55,516 INFO o.a.j.t.JMeterThread: Thread started: Thread Group - until HTTP 503 - 160 users 1-147
2026-09-10 20:45:55,891 INFO o.a.j.t.JMeterThread: Thread started: Thread Group - until HTTP 503 - 160 users 1-148
2026-09-10 20:45:56,266 INFO o.a.j.t.JMeterThread: Thread started: Thread Group - until HTTP 503 - 160 users 1-149
2026-09-10 20:45:56,643 INFO o.a.j.t.JMeterThread: Thread started: Thread Group - until HTTP 503 - 160 users 1-150
2026-09-10 20:45:57,017 INFO o.a.j.t.JMeterThread: Thread started: Thread Group - until HTTP 503 - 160 users 1-151
2026-09-10 20:45:57,391 INFO o.a.j.t.JMeterThread: Thread started: Thread Group - until HTTP 503 - 160 users 1-152
2026-09-10 20:45:57,767 INFO o.a.j.t.JMeterThread: Thread started: Thread Group - until HTTP 503 - 160 users 1-153
2026-09-10 20:45:58,141 INFO o.a.j.t.JMeterThread: Thread started: Thread Group - until HTTP 503 - 160 users 1-154
2026-09-10 20:45:58,516 INFO o.a.j.t.JMeterThread: Thread started: Thread Group - until HTTP 503 - 160 users 1-155
2026-09-10 20:45:58,893 INFO o.a.j.t.JMeterThread: Thread started: Thread Group - until HTTP 503 - 160 users 1-156
2026-09-10 20:45:59,268 INFO o.a.j.t.JMeterThread: Thread started: Thread Group - until HTTP 503 - 160 users 1-157
2026-09-10 20:45:59,642 INFO o.a.j.t.JMeterThread: Thread started: Thread Group - until HTTP 503 - 160 users 1-158
2026-09-10 20:46:00,017 INFO o.a.j.t.JMeterThread: Thread started: Thread Group - until HTTP 503 - 160 users 1-159
2026-09-10 20:46:00,391 INFO o.a.j.t.JMeterThread: Thread started: Thread Group - until HTTP 503 - 160 users 1-160
2026-09-10 20:46:00,430 INFO o.a.j.r.Summariser: summary +    411 in 00:00:25 =   16.4/s Avg:  7879 Min:  1609 Max: 22618 Err:   411 (100.00%) Active: 160 Started: 160 Finished: 0
2026-09-10 20:46:00,431 INFO o.a.j.r.Summariser: summary =   1063 in 00:01:00 =   17.8/s Avg:  3972 Min:   512 Max: 22618 Err:   960 (90.31%)
2026-09-10 20:46:30,721 INFO o.a.j.r.Summariser: summary +    853 in 00:00:30 =   28.2/s Avg:  5679 Min:  3890 Max:  9002 Err:   853 (100.00%) Active: 160 Started: 160 Finished: 0
2026-09-10 20:46:30,723 INFO o.a.j.r.Summariser: summary =   1916 in 00:01:30 =   21.3/s Avg:  4732 Min:   512 Max: 22618 Err:  1813 (94.62%)
2026-09-10 20:46:31,317 INFO o.a.j.t.JMeterThread: Stopping because end time detected by thread: Thread Group - until HTTP 503 - 160 users 1-106
2026-09-10 20:46:31,317 INFO o.a.j.t.JMeterThread: Stopping because end time detected by thread: Thread Group - until HTTP 503 - 160 users 1-52
2026-09-10 20:46:31,317 INFO o.a.j.t.JMeterThread: Stopping because end time detected by thread: Thread Group - until HTTP 503 - 160 users 1-116
2026-09-10 20:46:31,317 INFO o.a.j.t.JMeterThread: Stopping because end time detected by thread: Thread Group - until HTTP 503 - 160 users 1-124
2026-09-10 20:46:31,317 INFO o.a.j.t.JMeterThread: Thread finished: Thread Group - until HTTP 503 - 160 users 1-52
2026-09-10 20:46:31,317 INFO o.a.j.t.JMeterThread: Thread finished: Thread Group - until HTTP 503 - 160 users 1-106
2026-09-10 20:46:31,318 INFO o.a.j.t.JMeterThread: Thread finished: Thread Group - until HTTP 503 - 160 users 1-124
2026-09-10 20:46:31,318 INFO o.a.j.t.JMeterThread: Stopping because end time detected by thread: Thread Group - until HTTP 503 - 160 users 1-129
2026-09-10 20:46:31,318 INFO o.a.j.t.JMeterThread: Stopping because end time detected by thread: Thread Group - until HTTP 503 - 160 users 1-103
2026-09-10 20:46:31,317 INFO o.a.j.t.JMeterThread: Stopping because end time detected by thread: Thread Group - until HTTP 503 - 160 users 1-117
2026-09-10 20:46:31,318 INFO o.a.j.t.JMeterThread: Thread finished: Thread Group - until HTTP 503 - 160 users 1-116
2026-09-10 20:46:31,317 INFO o.a.j.t.JMeterThread: Stopping because end time detected by thread: Thread Group - until HTTP 503 - 160 users 1-59
2026-09-10 20:46:31,318 INFO o.a.j.t.JMeterThread: Thread finished: Thread Group - until HTTP 503 - 160 users 1-59
2026-09-10 20:46:31,318 INFO o.a.j.t.JMeterThread: Thread finished: Thread Group - until HTTP 503 - 160 users 1-103
2026-09-10 20:46:31,318 INFO o.a.j.t.JMeterThread: Thread finished: Thread Group - until HTTP 503 - 160 users 1-129
2026-09-10 20:46:31,318 INFO o.a.j.t.JMeterThread: Thread finished: Thread Group - until HTTP 503 - 160 users 1-117
2026-09-10 20:46:31,318 INFO o.a.j.t.JMeterThread: Stopping because end time detected by thread: Thread Group - until HTTP 503 - 160 users 1-123
2026-09-10 20:46:31,320 INFO o.a.j.t.JMeterThread: Thread finished: Thread Group - until HTTP 503 - 160 users 1-123
2026-09-10 20:46:31,318 INFO o.a.j.t.JMeterThread: Stopping because end time detected by thread: Thread Group - until HTTP 503 - 160 users 1-141
2026-09-10 20:46:31,318 INFO o.a.j.t.JMeterThread: Stopping because end time detected by thread: Thread Group - until HTTP 503 - 160 users 1-131
2026-09-10 20:46:31,321 INFO o.a.j.t.JMeterThread: Thread finished: Thread Group - until HTTP 503 - 160 users 1-141
2026-09-10 20:46:31,321 INFO o.a.j.t.JMeterThread: Thread finished: Thread Group - until HTTP 503 - 160 users 1-131
2026-09-10 20:46:31,322 INFO o.a.j.t.JMeterThread: Stopping because end time detected by thread: Thread Group - until HTTP 503 - 160 users 1-84
2026-09-10 20:46:31,322 INFO o.a.j.t.JMeterThread: Thread finished: Thread Group - until HTTP 503 - 160 users 1-84
2026-09-10 20:46:31,322 INFO o.a.j.t.JMeterThread: Stopping because end time detected by thread: Thread Group - until HTTP 503 - 160 users 1-20
2026-09-10 20:46:31,322 INFO o.a.j.t.JMeterThread: Stopping because end time detected by thread: Thread Group - until HTTP 503 - 160 users 1-22
2026-09-10 20:46:31,322 INFO o.a.j.t.JMeterThread: Stopping because end time detected by thread: Thread Group - until HTTP 503 - 160 users 1-26
2026-09-10 20:46:31,322 INFO o.a.j.t.JMeterThread: Thread finished: Thread Group - until HTTP 503 - 160 users 1-22
2026-09-10 20:46:31,322 INFO o.a.j.t.JMeterThread: Thread finished: Thread Group - until HTTP 503 - 160 users 1-26
2026-09-10 20:46:31,322 INFO o.a.j.t.JMeterThread: Stopping because end time detected by thread: Thread Group - until HTTP 503 - 160 users 1-30
2026-09-10 20:46:31,322 INFO o.a.j.t.JMeterThread: Thread finished: Thread Group - until HTTP 503 - 160 users 1-30
2026-09-10 20:46:31,322 INFO o.a.j.t.JMeterThread: Stopping because end time detected by thread: Thread Group - until HTTP 503 - 160 users 1-17
2026-09-10 20:46:31,322 INFO o.a.j.t.JMeterThread: Thread finished: Thread Group - until HTTP 503 - 160 users 1-20
2026-09-10 20:46:31,322 INFO o.a.j.t.JMeterThread: Thread finished: Thread Group - until HTTP 503 - 160 users 1-17
2026-09-10 20:46:31,322 INFO o.a.j.t.JMeterThread: Stopping because end time detected by thread: Thread Group - until HTTP 503 - 160 users 1-47
2026-09-10 20:46:31,322 INFO o.a.j.t.JMeterThread: Thread finished: Thread Group - until HTTP 503 - 160 users 1-47
2026-09-10 20:46:31,322 INFO o.a.j.t.JMeterThread: Stopping because end time detected by thread: Thread Group - until HTTP 503 - 160 users 1-81
2026-09-10 20:46:31,322 INFO o.a.j.t.JMeterThread: Stopping because end time detected by thread: Thread Group - until HTTP 503 - 160 users 1-42
2026-09-10 20:46:31,323 INFO o.a.j.t.JMeterThread: Thread finished: Thread Group - until HTTP 503 - 160 users 1-81
2026-09-10 20:46:31,323 INFO o.a.j.t.JMeterThread: Thread finished: Thread Group - until HTTP 503 - 160 users 1-42
2026-09-10 20:46:31,323 INFO o.a.j.t.JMeterThread: Stopping because end time detected by thread: Thread Group - until HTTP 503 - 160 users 1-78
2026-09-10 20:46:31,323 INFO o.a.j.t.JMeterThread: Stopping because end time detected by thread: Thread Group - until HTTP 503 - 160 users 1-24
2026-09-10 20:46:31,323 INFO o.a.j.t.JMeterThread: Stopping because end time detected by thread: Thread Group - until HTTP 503 - 160 users 1-82
2026-09-10 20:46:31,323 INFO o.a.j.t.JMeterThread: Stopping because end time detected by thread: Thread Group - until HTTP 503 - 160 users 1-120
2026-09-10 20:46:31,323 INFO o.a.j.t.JMeterThread: Thread finished: Thread Group - until HTTP 503 - 160 users 1-24
2026-09-10 20:46:31,323 INFO o.a.j.t.JMeterThread: Thread finished: Thread Group - until HTTP 503 - 160 users 1-82
2026-09-10 20:46:31,323 INFO o.a.j.t.JMeterThread: Thread finished: Thread Group - until HTTP 503 - 160 users 1-120
2026-09-10 20:46:31,323 INFO o.a.j.t.JMeterThread: Thread finished: Thread Group - until HTTP 503 - 160 users 1-78
2026-09-10 20:46:32,306 INFO o.a.j.t.JMeterThread: Stopping because end time detected by thread: Thread Group - until HTTP 503 - 160 users 1-77
2026-09-10 20:46:32,306 INFO o.a.j.t.JMeterThread: Stopping because end time detected by thread: Thread Group - until HTTP 503 - 160 users 1-43
2026-09-10 20:46:32,306 INFO o.a.j.t.JMeterThread: Stopping because end time detected by thread: Thread Group - until HTTP 503 - 160 users 1-66
2026-09-10 20:46:32,306 INFO o.a.j.t.JMeterThread: Thread finished: Thread Group - until HTTP 503 - 160 users 1-77
2026-09-10 20:46:32,306 INFO o.a.j.t.JMeterThread: Stopping because end time detected by thread: Thread Group - until HTTP 503 - 160 users 1-18
2026-09-10 20:46:32,306 INFO o.a.j.t.JMeterThread: Stopping because end time detected by thread: Thread Group - until HTTP 503 - 160 users 1-29
2026-09-10 20:46:32,306 INFO o.a.j.t.JMeterThread: Stopping because end time detected by thread: Thread Group - until HTTP 503 - 160 users 1-48
2026-09-10 20:46:32,306 INFO o.a.j.t.JMeterThread: Thread finished: Thread Group - until HTTP 503 - 160 users 1-18
2026-09-10 20:46:32,307 INFO o.a.j.t.JMeterThread: Thread finished: Thread Group - until HTTP 503 - 160 users 1-48
2026-09-10 20:46:32,307 INFO o.a.j.t.JMeterThread: Thread finished: Thread Group - until HTTP 503 - 160 users 1-43
2026-09-10 20:46:32,307 INFO o.a.j.t.JMeterThread: Stopping because end time detected by thread: Thread Group - until HTTP 503 - 160 users 1-159
2026-09-10 20:46:32,307 INFO o.a.j.t.JMeterThread: Thread finished: Thread Group - until HTTP 503 - 160 users 1-159
2026-09-10 20:46:32,308 INFO o.a.j.t.JMeterThread: Stopping because end time detected by thread: Thread Group - until HTTP 503 - 160 users 1-27
2026-09-10 20:46:32,308 INFO o.a.j.t.JMeterThread: Thread finished: Thread Group - until HTTP 503 - 160 users 1-27
2026-09-10 20:46:32,306 INFO o.a.j.t.JMeterThread: Thread finished: Thread Group - until HTTP 503 - 160 users 1-66
2026-09-10 20:46:32,308 INFO o.a.j.t.JMeterThread: Stopping because end time detected by thread: Thread Group - until HTTP 503 - 160 users 1-34
2026-09-10 20:46:32,309 INFO o.a.j.t.JMeterThread: Stopping because end time detected by thread: Thread Group - until HTTP 503 - 160 users 1-35
2026-09-10 20:46:32,309 INFO o.a.j.t.JMeterThread: Stopping because end time detected by thread: Thread Group - until HTTP 503 - 160 users 1-144
2026-09-10 20:46:32,309 INFO o.a.j.t.JMeterThread: Stopping because end time detected by thread: Thread Group - until HTTP 503 - 160 users 1-132
2026-09-10 20:46:32,309 INFO o.a.j.t.JMeterThread: Stopping because end time detected by thread: Thread Group - until HTTP 503 - 160 users 1-127
2026-09-10 20:46:32,306 INFO o.a.j.t.JMeterThread: Stopping because end time detected by thread: Thread Group - until HTTP 503 - 160 users 1-49
2026-09-10 20:46:32,307 INFO o.a.j.t.JMeterThread: Thread finished: Thread Group - until HTTP 503 - 160 users 1-29
2026-09-10 20:46:32,309 INFO o.a.j.t.JMeterThread: Thread finished: Thread Group - until HTTP 503 - 160 users 1-127
2026-09-10 20:46:32,309 INFO o.a.j.t.JMeterThread: Thread finished: Thread Group - until HTTP 503 - 160 users 1-49
2026-09-10 20:46:32,308 INFO o.a.j.t.JMeterThread: Stopping because end time detected by thread: Thread Group - until HTTP 503 - 160 users 1-76
2026-09-10 20:46:32,308 INFO o.a.j.t.JMeterThread: Stopping because end time detected by thread: Thread Group - until HTTP 503 - 160 users 1-28
2026-09-10 20:46:32,309 INFO o.a.j.t.JMeterThread: Thread finished: Thread Group - until HTTP 503 - 160 users 1-34
2026-09-10 20:46:32,309 INFO o.a.j.t.JMeterThread: Thread finished: Thread Group - until HTTP 503 - 160 users 1-28
2026-09-10 20:46:32,309 INFO o.a.j.t.JMeterThread: Stopping because end time detected by thread: Thread Group - until HTTP 503 - 160 users 1-79
2026-09-10 20:46:32,309 INFO o.a.j.t.JMeterThread: Thread finished: Thread Group - until HTTP 503 - 160 users 1-132
2026-09-10 20:46:32,310 INFO o.a.j.t.JMeterThread: Thread finished: Thread Group - until HTTP 503 - 160 users 1-79
2026-09-10 20:46:32,309 INFO o.a.j.t.JMeterThread: Thread finished: Thread Group - until HTTP 503 - 160 users 1-35
2026-09-10 20:46:32,309 INFO o.a.j.t.JMeterThread: Thread finished: Thread Group - until HTTP 503 - 160 users 1-144
2026-09-10 20:46:32,309 INFO o.a.j.t.JMeterThread: Stopping because end time detected by thread: Thread Group - until HTTP 503 - 160 users 1-9
2026-09-10 20:46:32,309 INFO o.a.j.t.JMeterThread: Stopping because end time detected by thread: Thread Group - until HTTP 503 - 160 users 1-32
2026-09-10 20:46:32,310 INFO o.a.j.t.JMeterThread: Thread finished: Thread Group - until HTTP 503 - 160 users 1-9
2026-09-10 20:46:32,310 INFO o.a.j.t.JMeterThread: Stopping because end time detected by thread: Thread Group - until HTTP 503 - 160 users 1-91
2026-09-10 20:46:32,309 INFO o.a.j.t.JMeterThread: Stopping because end time detected by thread: Thread Group - until HTTP 503 - 160 users 1-58
2026-09-10 20:46:32,309 INFO o.a.j.t.JMeterThread: Thread finished: Thread Group - until HTTP 503 - 160 users 1-76
2026-09-10 20:46:32,310 INFO o.a.j.t.JMeterThread: Thread finished: Thread Group - until HTTP 503 - 160 users 1-32
2026-09-10 20:46:32,310 INFO o.a.j.t.JMeterThread: Thread finished: Thread Group - until HTTP 503 - 160 users 1-58
2026-09-10 20:46:32,310 INFO o.a.j.t.JMeterThread: Thread finished: Thread Group - until HTTP 503 - 160 users 1-91
2026-09-10 20:46:32,599 INFO o.a.j.t.JMeterThread: Stopping because end time detected by thread: Thread Group - until HTTP 503 - 160 users 1-140
2026-09-10 20:46:32,599 INFO o.a.j.t.JMeterThread: Stopping because end time detected by thread: Thread Group - until HTTP 503 - 160 users 1-21
2026-09-10 20:46:32,599 INFO o.a.j.t.JMeterThread: Thread finished: Thread Group - until HTTP 503 - 160 users 1-140
2026-09-10 20:46:32,599 INFO o.a.j.t.JMeterThread: Thread finished: Thread Group - until HTTP 503 - 160 users 1-21
2026-09-10 20:46:32,599 INFO o.a.j.t.JMeterThread: Stopping because end time detected by thread: Thread Group - until HTTP 503 - 160 users 1-25
2026-09-10 20:46:32,600 INFO o.a.j.t.JMeterThread: Thread finished: Thread Group - until HTTP 503 - 160 users 1-25
2026-09-10 20:46:32,599 INFO o.a.j.t.JMeterThread: Stopping because end time detected by thread: Thread Group - until HTTP 503 - 160 users 1-2
2026-09-10 20:46:32,600 INFO o.a.j.t.JMeterThread: Stopping because end time detected by thread: Thread Group - until HTTP 503 - 160 users 1-154
2026-09-10 20:46:32,600 INFO o.a.j.t.JMeterThread: Stopping because end time detected by thread: Thread Group - until HTTP 503 - 160 users 1-146
2026-09-10 20:46:32,600 INFO o.a.j.t.JMeterThread: Stopping because end time detected by thread: Thread Group - until HTTP 503 - 160 users 1-64
2026-09-10 20:46:32,600 INFO o.a.j.t.JMeterThread: Thread finished: Thread Group - until HTTP 503 - 160 users 1-146
2026-09-10 20:46:32,601 INFO o.a.j.t.JMeterThread: Thread finished: Thread Group - until HTTP 503 - 160 users 1-64
2026-09-10 20:46:32,601 INFO o.a.j.t.JMeterThread: Stopping because end time detected by thread: Thread Group - until HTTP 503 - 160 users 1-63
2026-09-10 20:46:32,601 INFO o.a.j.t.JMeterThread: Thread finished: Thread Group - until HTTP 503 - 160 users 1-63
2026-09-10 20:46:32,601 INFO o.a.j.t.JMeterThread: Stopping because end time detected by thread: Thread Group - until HTTP 503 - 160 users 1-1
2026-09-10 20:46:32,601 INFO o.a.j.t.JMeterThread: Thread finished: Thread Group - until HTTP 503 - 160 users 1-1
2026-09-10 20:46:32,602 INFO o.a.j.t.JMeterThread: Stopping because end time detected by thread: Thread Group - until HTTP 503 - 160 users 1-104
2026-09-10 20:46:32,602 INFO o.a.j.t.JMeterThread: Stopping because end time detected by thread: Thread Group - until HTTP 503 - 160 users 1-88
2026-09-10 20:46:32,599 INFO o.a.j.t.JMeterThread: Stopping because end time detected by thread: Thread Group - until HTTP 503 - 160 users 1-36
2026-09-10 20:46:32,599 INFO o.a.j.t.JMeterThread: Stopping because end time detected by thread: Thread Group - until HTTP 503 - 160 users 1-139
2026-09-10 20:46:32,602 INFO o.a.j.t.JMeterThread: Thread finished: Thread Group - until HTTP 503 - 160 users 1-88
2026-09-10 20:46:32,599 INFO o.a.j.t.JMeterThread: Stopping because end time detected by thread: Thread Group - until HTTP 503 - 160 users 1-142
2026-09-10 20:46:32,600 INFO o.a.j.t.JMeterThread: Stopping because end time detected by thread: Thread Group - until HTTP 503 - 160 users 1-39
2026-09-10 20:46:32,600 INFO o.a.j.t.JMeterThread: Thread finished: Thread Group - until HTTP 503 - 160 users 1-2
2026-09-10 20:46:32,602 INFO o.a.j.t.JMeterThread: Thread finished: Thread Group - until HTTP 503 - 160 users 1-142
2026-09-10 20:46:32,600 INFO o.a.j.t.JMeterThread: Thread finished: Thread Group - until HTTP 503 - 160 users 1-154
2026-09-10 20:46:32,603 INFO o.a.j.t.JMeterThread: Thread finished: Thread Group - until HTTP 503 - 160 users 1-39
2026-09-10 20:46:32,601 INFO o.a.j.t.JMeterThread: Stopping because end time detected by thread: Thread Group - until HTTP 503 - 160 users 1-8
2026-09-10 20:46:32,603 INFO o.a.j.t.JMeterThread: Thread finished: Thread Group - until HTTP 503 - 160 users 1-8
2026-09-10 20:46:32,601 INFO o.a.j.t.JMeterThread: Stopping because end time detected by thread: Thread Group - until HTTP 503 - 160 users 1-45
2026-09-10 20:46:32,603 INFO o.a.j.t.JMeterThread: Thread finished: Thread Group - until HTTP 503 - 160 users 1-45
2026-09-10 20:46:32,601 INFO o.a.j.t.JMeterThread: Stopping because end time detected by thread: Thread Group - until HTTP 503 - 160 users 1-92
2026-09-10 20:46:32,602 INFO o.a.j.t.JMeterThread: Stopping because end time detected by thread: Thread Group - until HTTP 503 - 160 users 1-152
2026-09-10 20:46:32,604 INFO o.a.j.t.JMeterThread: Thread finished: Thread Group - until HTTP 503 - 160 users 1-152
2026-09-10 20:46:32,604 INFO o.a.j.t.JMeterThread: Thread finished: Thread Group - until HTTP 503 - 160 users 1-139
2026-09-10 20:46:32,602 INFO o.a.j.t.JMeterThread: Stopping because end time detected by thread: Thread Group - until HTTP 503 - 160 users 1-4
2026-09-10 20:46:32,602 INFO o.a.j.t.JMeterThread: Thread finished: Thread Group - until HTTP 503 - 160 users 1-104
2026-09-10 20:46:32,602 INFO o.a.j.t.JMeterThread: Thread finished: Thread Group - until HTTP 503 - 160 users 1-36
2026-09-10 20:46:32,604 INFO o.a.j.t.JMeterThread: Thread finished: Thread Group - until HTTP 503 - 160 users 1-4
2026-09-10 20:46:32,603 INFO o.a.j.t.JMeterThread: Stopping because end time detected by thread: Thread Group - until HTTP 503 - 160 users 1-90
2026-09-10 20:46:32,604 INFO o.a.j.t.JMeterThread: Thread finished: Thread Group - until HTTP 503 - 160 users 1-92
2026-09-10 20:46:32,605 INFO o.a.j.t.JMeterThread: Thread finished: Thread Group - until HTTP 503 - 160 users 1-90
2026-09-10 20:46:33,300 INFO o.a.j.t.JMeterThread: Stopping because end time detected by thread: Thread Group - until HTTP 503 - 160 users 1-143
2026-09-10 20:46:33,300 INFO o.a.j.t.JMeterThread: Stopping because end time detected by thread: Thread Group - until HTTP 503 - 160 users 1-19
2026-09-10 20:46:33,300 INFO o.a.j.t.JMeterThread: Thread finished: Thread Group - until HTTP 503 - 160 users 1-143
2026-09-10 20:46:33,301 INFO o.a.j.t.JMeterThread: Thread finished: Thread Group - until HTTP 503 - 160 users 1-19
2026-09-10 20:46:33,301 INFO o.a.j.t.JMeterThread: Stopping because end time detected by thread: Thread Group - until HTTP 503 - 160 users 1-54
2026-09-10 20:46:33,301 INFO o.a.j.t.JMeterThread: Stopping because end time detected by thread: Thread Group - until HTTP 503 - 160 users 1-94
2026-09-10 20:46:33,301 INFO o.a.j.t.JMeterThread: Stopping because end time detected by thread: Thread Group - until HTTP 503 - 160 users 1-98
2026-09-10 20:46:33,301 INFO o.a.j.t.JMeterThread: Thread finished: Thread Group - until HTTP 503 - 160 users 1-94
2026-09-10 20:46:33,301 INFO o.a.j.t.JMeterThread: Thread finished: Thread Group - until HTTP 503 - 160 users 1-98
2026-09-10 20:46:33,300 INFO o.a.j.t.JMeterThread: Stopping because end time detected by thread: Thread Group - until HTTP 503 - 160 users 1-156
2026-09-10 20:46:33,301 INFO o.a.j.t.JMeterThread: Thread finished: Thread Group - until HTTP 503 - 160 users 1-156
2026-09-10 20:46:33,301 INFO o.a.j.t.JMeterThread: Stopping because end time detected by thread: Thread Group - until HTTP 503 - 160 users 1-110
2026-09-10 20:46:33,301 INFO o.a.j.t.JMeterThread: Stopping because end time detected by thread: Thread Group - until HTTP 503 - 160 users 1-111
2026-09-10 20:46:33,301 INFO o.a.j.t.JMeterThread: Thread finished: Thread Group - until HTTP 503 - 160 users 1-110
2026-09-10 20:46:33,302 INFO o.a.j.t.JMeterThread: Stopping because end time detected by thread: Thread Group - until HTTP 503 - 160 users 1-108
2026-09-10 20:46:33,302 INFO o.a.j.t.JMeterThread: Stopping because end time detected by thread: Thread Group - until HTTP 503 - 160 users 1-126
2026-09-10 20:46:33,302 INFO o.a.j.t.JMeterThread: Stopping because end time detected by thread: Thread Group - until HTTP 503 - 160 users 1-60
2026-09-10 20:46:33,302 INFO o.a.j.t.JMeterThread: Thread finished: Thread Group - until HTTP 503 - 160 users 1-126
2026-09-10 20:46:33,302 INFO o.a.j.t.JMeterThread: Thread finished: Thread Group - until HTTP 503 - 160 users 1-60
2026-09-10 20:46:33,302 INFO o.a.j.t.JMeterThread: Stopping because end time detected by thread: Thread Group - until HTTP 503 - 160 users 1-115
2026-09-10 20:46:33,302 INFO o.a.j.t.JMeterThread: Stopping because end time detected by thread: Thread Group - until HTTP 503 - 160 users 1-109
2026-09-10 20:46:33,302 INFO o.a.j.t.JMeterThread: Thread finished: Thread Group - until HTTP 503 - 160 users 1-115
2026-09-10 20:46:33,302 INFO o.a.j.t.JMeterThread: Stopping because end time detected by thread: Thread Group - until HTTP 503 - 160 users 1-112
2026-09-10 20:46:33,302 INFO o.a.j.t.JMeterThread: Thread finished: Thread Group - until HTTP 503 - 160 users 1-112
2026-09-10 20:46:33,302 INFO o.a.j.t.JMeterThread: Stopping because end time detected by thread: Thread Group - until HTTP 503 - 160 users 1-136
2026-09-10 20:46:33,303 INFO o.a.j.t.JMeterThread: Stopping because end time detected by thread: Thread Group - until HTTP 503 - 160 users 1-130
2026-09-10 20:46:33,303 INFO o.a.j.t.JMeterThread: Stopping because end time detected by thread: Thread Group - until HTTP 503 - 160 users 1-134
2026-09-10 20:46:33,303 INFO o.a.j.t.JMeterThread: Thread finished: Thread Group - until HTTP 503 - 160 users 1-134
2026-09-10 20:46:33,303 INFO o.a.j.t.JMeterThread: Stopping because end time detected by thread: Thread Group - until HTTP 503 - 160 users 1-145
2026-09-10 20:46:33,303 INFO o.a.j.t.JMeterThread: Stopping because end time detected by thread: Thread Group - until HTTP 503 - 160 users 1-55
2026-09-10 20:46:33,303 INFO o.a.j.t.JMeterThread: Stopping because end time detected by thread: Thread Group - until HTTP 503 - 160 users 1-137
2026-09-10 20:46:33,303 INFO o.a.j.t.JMeterThread: Thread finished: Thread Group - until HTTP 503 - 160 users 1-55
2026-09-10 20:46:33,300 INFO o.a.j.t.JMeterThread: Stopping because end time detected by thread: Thread Group - until HTTP 503 - 160 users 1-14
2026-09-10 20:46:33,300 INFO o.a.j.t.JMeterThread: Stopping because end time detected by thread: Thread Group - until HTTP 503 - 160 users 1-13
2026-09-10 20:46:33,300 INFO o.a.j.t.JMeterThread: Stopping because end time detected by thread: Thread Group - until HTTP 503 - 160 users 1-16
2026-09-10 20:46:33,301 INFO o.a.j.t.JMeterThread: Thread finished: Thread Group - until HTTP 503 - 160 users 1-54
2026-09-10 20:46:33,302 INFO o.a.j.t.JMeterThread: Stopping because end time detected by thread: Thread Group - until HTTP 503 - 160 users 1-100
2026-09-10 20:46:33,304 INFO o.a.j.t.JMeterThread: Thread finished: Thread Group - until HTTP 503 - 160 users 1-16
2026-09-10 20:46:33,302 INFO o.a.j.t.JMeterThread: Thread finished: Thread Group - until HTTP 503 - 160 users 1-111
2026-09-10 20:46:33,302 INFO o.a.j.t.JMeterThread: Thread finished: Thread Group - until HTTP 503 - 160 users 1-108
2026-09-10 20:46:33,303 INFO o.a.j.t.JMeterThread: Thread finished: Thread Group - until HTTP 503 - 160 users 1-136
2026-09-10 20:46:33,304 INFO o.a.j.t.JMeterThread: Thread finished: Thread Group - until HTTP 503 - 160 users 1-109
2026-09-10 20:46:33,303 INFO o.a.j.t.JMeterThread: Thread finished: Thread Group - until HTTP 503 - 160 users 1-130
2026-09-10 20:46:33,303 INFO o.a.j.t.JMeterThread: Stopping because end time detected by thread: Thread Group - until HTTP 503 - 160 users 1-148
2026-09-10 20:46:33,305 INFO o.a.j.t.JMeterThread: Thread finished: Thread Group - until HTTP 503 - 160 users 1-148
2026-09-10 20:46:33,303 INFO o.a.j.t.JMeterThread: Thread finished: Thread Group - until HTTP 503 - 160 users 1-145
2026-09-10 20:46:33,303 INFO o.a.j.t.JMeterThread: Stopping because end time detected by thread: Thread Group - until HTTP 503 - 160 users 1-147
2026-09-10 20:46:33,303 INFO o.a.j.t.JMeterThread: Thread finished: Thread Group - until HTTP 503 - 160 users 1-137
2026-09-10 20:46:33,303 INFO o.a.j.t.JMeterThread: Stopping because end time detected by thread: Thread Group - until HTTP 503 - 160 users 1-149
2026-09-10 20:46:33,305 INFO o.a.j.t.JMeterThread: Thread finished: Thread Group - until HTTP 503 - 160 users 1-149
2026-09-10 20:46:33,304 INFO o.a.j.t.JMeterThread: Thread finished: Thread Group - until HTTP 503 - 160 users 1-14
2026-09-10 20:46:33,305 INFO o.a.j.t.JMeterThread: Thread finished: Thread Group - until HTTP 503 - 160 users 1-147
2026-09-10 20:46:33,304 INFO o.a.j.t.JMeterThread: Thread finished: Thread Group - until HTTP 503 - 160 users 1-13
2026-09-10 20:46:33,304 INFO o.a.j.t.JMeterThread: Thread finished: Thread Group - until HTTP 503 - 160 users 1-100
2026-09-10 20:46:33,461 INFO o.a.j.t.JMeterThread: Stopping because end time detected by thread: Thread Group - until HTTP 503 - 160 users 1-95
2026-09-10 20:46:33,461 INFO o.a.j.t.JMeterThread: Stopping because end time detected by thread: Thread Group - until HTTP 503 - 160 users 1-56
2026-09-10 20:46:33,461 INFO o.a.j.t.JMeterThread: Stopping because end time detected by thread: Thread Group - until HTTP 503 - 160 users 1-105
2026-09-10 20:46:33,461 INFO o.a.j.t.JMeterThread: Stopping because end time detected by thread: Thread Group - until HTTP 503 - 160 users 1-118
2026-09-10 20:46:33,461 INFO o.a.j.t.JMeterThread: Thread finished: Thread Group - until HTTP 503 - 160 users 1-56
2026-09-10 20:46:33,461 INFO o.a.j.t.JMeterThread: Thread finished: Thread Group - until HTTP 503 - 160 users 1-95
2026-09-10 20:46:33,462 INFO o.a.j.t.JMeterThread: Thread finished: Thread Group - until HTTP 503 - 160 users 1-118
2026-09-10 20:46:33,461 INFO o.a.j.t.JMeterThread: Stopping because end time detected by thread: Thread Group - until HTTP 503 - 160 users 1-62
2026-09-10 20:46:33,461 INFO o.a.j.t.JMeterThread: Stopping because end time detected by thread: Thread Group - until HTTP 503 - 160 users 1-6
2026-09-10 20:46:33,462 INFO o.a.j.t.JMeterThread: Thread finished: Thread Group - until HTTP 503 - 160 users 1-105
2026-09-10 20:46:33,462 INFO o.a.j.t.JMeterThread: Thread finished: Thread Group - until HTTP 503 - 160 users 1-6
2026-09-10 20:46:33,462 INFO o.a.j.t.JMeterThread: Thread finished: Thread Group - until HTTP 503 - 160 users 1-62
2026-09-10 20:46:33,638 INFO o.a.j.t.JMeterThread: Stopping because end time detected by thread: Thread Group - until HTTP 503 - 160 users 1-40
2026-09-10 20:46:33,638 INFO o.a.j.t.JMeterThread: Stopping because end time detected by thread: Thread Group - until HTTP 503 - 160 users 1-71
2026-09-10 20:46:33,638 INFO o.a.j.t.JMeterThread: Stopping because end time detected by thread: Thread Group - until HTTP 503 - 160 users 1-61
2026-09-10 20:46:33,638 INFO o.a.j.t.JMeterThread: Stopping because end time detected by thread: Thread Group - until HTTP 503 - 160 users 1-151
2026-09-10 20:46:33,638 INFO o.a.j.t.JMeterThread: Thread finished: Thread Group - until HTTP 503 - 160 users 1-71
2026-09-10 20:46:33,638 INFO o.a.j.t.JMeterThread: Thread finished: Thread Group - until HTTP 503 - 160 users 1-61
2026-09-10 20:46:33,638 INFO o.a.j.t.JMeterThread: Stopping because end time detected by thread: Thread Group - until HTTP 503 - 160 users 1-155
2026-09-10 20:46:33,638 INFO o.a.j.t.JMeterThread: Stopping because end time detected by thread: Thread Group - until HTTP 503 - 160 users 1-107
2026-09-10 20:46:33,638 INFO o.a.j.t.JMeterThread: Stopping because end time detected by thread: Thread Group - until HTTP 503 - 160 users 1-38
2026-09-10 20:46:33,639 INFO o.a.j.t.JMeterThread: Stopping because end time detected by thread: Thread Group - until HTTP 503 - 160 users 1-128
2026-09-10 20:46:33,638 INFO o.a.j.t.JMeterThread: Stopping because end time detected by thread: Thread Group - until HTTP 503 - 160 users 1-46
2026-09-10 20:46:33,639 INFO o.a.j.t.JMeterThread: Stopping because end time detected by thread: Thread Group - until HTTP 503 - 160 users 1-153
2026-09-10 20:46:33,639 INFO o.a.j.t.JMeterThread: Stopping because end time detected by thread: Thread Group - until HTTP 503 - 160 users 1-157
2026-09-10 20:46:33,639 INFO o.a.j.t.JMeterThread: Thread finished: Thread Group - until HTTP 503 - 160 users 1-153
2026-09-10 20:46:33,638 INFO o.a.j.t.JMeterThread: Stopping because end time detected by thread: Thread Group - until HTTP 503 - 160 users 1-51
2026-09-10 20:46:33,639 INFO o.a.j.t.JMeterThread: Stopping because end time detected by thread: Thread Group - until HTTP 503 - 160 users 1-160
2026-09-10 20:46:33,638 INFO o.a.j.t.JMeterThread: Stopping because end time detected by thread: Thread Group - until HTTP 503 - 160 users 1-96
2026-09-10 20:46:33,638 INFO o.a.j.t.JMeterThread: Thread finished: Thread Group - until HTTP 503 - 160 users 1-40
2026-09-10 20:46:33,639 INFO o.a.j.t.JMeterThread: Thread finished: Thread Group - until HTTP 503 - 160 users 1-96
2026-09-10 20:46:33,639 INFO o.a.j.t.JMeterThread: Thread finished: Thread Group - until HTTP 503 - 160 users 1-151
2026-09-10 20:46:33,639 INFO o.a.j.t.JMeterThread: Stopping because end time detected by thread: Thread Group - until HTTP 503 - 160 users 1-33
2026-09-10 20:46:33,640 INFO o.a.j.t.JMeterThread: Thread finished: Thread Group - until HTTP 503 - 160 users 1-33
2026-09-10 20:46:33,638 INFO o.a.j.t.JMeterThread: Stopping because end time detected by thread: Thread Group - until HTTP 503 - 160 users 1-11
2026-09-10 20:46:33,640 INFO o.a.j.t.JMeterThread: Stopping because end time detected by thread: Thread Group - until HTTP 503 - 160 users 1-50
2026-09-10 20:46:33,640 INFO o.a.j.t.JMeterThread: Thread finished: Thread Group - until HTTP 503 - 160 users 1-11
2026-09-10 20:46:33,640 INFO o.a.j.t.JMeterThread: Thread finished: Thread Group - until HTTP 503 - 160 users 1-50
2026-09-10 20:46:33,640 INFO o.a.j.t.JMeterThread: Thread finished: Thread Group - until HTTP 503 - 160 users 1-107
2026-09-10 20:46:33,640 INFO o.a.j.t.JMeterThread: Stopping because end time detected by thread: Thread Group - until HTTP 503 - 160 users 1-114
2026-09-10 20:46:33,638 INFO o.a.j.t.JMeterThread: Stopping because end time detected by thread: Thread Group - until HTTP 503 - 160 users 1-89
2026-09-10 20:46:33,641 INFO o.a.j.t.JMeterThread: Thread finished: Thread Group - until HTTP 503 - 160 users 1-114
2026-09-10 20:46:33,641 INFO o.a.j.t.JMeterThread: Thread finished: Thread Group - until HTTP 503 - 160 users 1-89
2026-09-10 20:46:33,641 INFO o.a.j.t.JMeterThread: Stopping because end time detected by thread: Thread Group - until HTTP 503 - 160 users 1-73
2026-09-10 20:46:33,641 INFO o.a.j.t.JMeterThread: Thread finished: Thread Group - until HTTP 503 - 160 users 1-73
2026-09-10 20:46:33,639 INFO o.a.j.t.JMeterThread: Thread finished: Thread Group - until HTTP 503 - 160 users 1-155
2026-09-10 20:46:33,642 INFO o.a.j.t.JMeterThread: Stopping because end time detected by thread: Thread Group - until HTTP 503 - 160 users 1-23
2026-09-10 20:46:33,642 INFO o.a.j.t.JMeterThread: Thread finished: Thread Group - until HTTP 503 - 160 users 1-23
2026-09-10 20:46:33,642 INFO o.a.j.t.JMeterThread: Stopping because end time detected by thread: Thread Group - until HTTP 503 - 160 users 1-69
2026-09-10 20:46:33,642 INFO o.a.j.t.JMeterThread: Stopping because end time detected by thread: Thread Group - until HTTP 503 - 160 users 1-72
2026-09-10 20:46:33,642 INFO o.a.j.t.JMeterThread: Thread finished: Thread Group - until HTTP 503 - 160 users 1-69
2026-09-10 20:46:33,642 INFO o.a.j.t.JMeterThread: Thread finished: Thread Group - until HTTP 503 - 160 users 1-72
2026-09-10 20:46:33,642 INFO o.a.j.t.JMeterThread: Stopping because end time detected by thread: Thread Group - until HTTP 503 - 160 users 1-99
2026-09-10 20:46:33,642 INFO o.a.j.t.JMeterThread: Thread finished: Thread Group - until HTTP 503 - 160 users 1-99
2026-09-10 20:46:33,643 INFO o.a.j.t.JMeterThread: Stopping because end time detected by thread: Thread Group - until HTTP 503 - 160 users 1-67
2026-09-10 20:46:33,639 INFO o.a.j.t.JMeterThread: Thread finished: Thread Group - until HTTP 503 - 160 users 1-38
2026-09-10 20:46:33,643 INFO o.a.j.t.JMeterThread: Thread finished: Thread Group - until HTTP 503 - 160 users 1-67
2026-09-10 20:46:33,639 INFO o.a.j.t.JMeterThread: Thread finished: Thread Group - until HTTP 503 - 160 users 1-128
2026-09-10 20:46:33,639 INFO o.a.j.t.JMeterThread: Thread finished: Thread Group - until HTTP 503 - 160 users 1-46
2026-09-10 20:46:33,639 INFO o.a.j.t.JMeterThread: Thread finished: Thread Group - until HTTP 503 - 160 users 1-157
2026-09-10 20:46:33,639 INFO o.a.j.t.JMeterThread: Stopping because end time detected by thread: Thread Group - until HTTP 503 - 160 users 1-7
2026-09-10 20:46:33,639 INFO o.a.j.t.JMeterThread: Thread finished: Thread Group - until HTTP 503 - 160 users 1-160
2026-09-10 20:46:33,639 INFO o.a.j.t.JMeterThread: Stopping because end time detected by thread: Thread Group - until HTTP 503 - 160 users 1-31
2026-09-10 20:46:33,642 INFO o.a.j.t.JMeterThread: Stopping because end time detected by thread: Thread Group - until HTTP 503 - 160 users 1-138
2026-09-10 20:46:33,642 INFO o.a.j.t.JMeterThread: Stopping because end time detected by thread: Thread Group - until HTTP 503 - 160 users 1-75
2026-09-10 20:46:33,642 INFO o.a.j.t.JMeterThread: Stopping because end time detected by thread: Thread Group - until HTTP 503 - 160 users 1-101
2026-09-10 20:46:33,643 INFO o.a.j.t.JMeterThread: Thread finished: Thread Group - until HTTP 503 - 160 users 1-51
2026-09-10 20:46:33,644 INFO o.a.j.t.JMeterThread: Thread finished: Thread Group - until HTTP 503 - 160 users 1-75
2026-09-10 20:46:33,644 INFO o.a.j.t.JMeterThread: Thread finished: Thread Group - until HTTP 503 - 160 users 1-31
2026-09-10 20:46:33,644 INFO o.a.j.t.JMeterThread: Thread finished: Thread Group - until HTTP 503 - 160 users 1-7
2026-09-10 20:46:33,644 INFO o.a.j.t.JMeterThread: Thread finished: Thread Group - until HTTP 503 - 160 users 1-101
2026-09-10 20:46:33,644 INFO o.a.j.t.JMeterThread: Thread finished: Thread Group - until HTTP 503 - 160 users 1-138
2026-09-10 20:46:33,728 INFO o.a.j.t.JMeterThread: Stopping because end time detected by thread: Thread Group - until HTTP 503 - 160 users 1-93
2026-09-10 20:46:33,729 INFO o.a.j.t.JMeterThread: Thread finished: Thread Group - until HTTP 503 - 160 users 1-93
2026-09-10 20:46:33,733 INFO o.a.j.t.JMeterThread: Stopping because end time detected by thread: Thread Group - until HTTP 503 - 160 users 1-70
2026-09-10 20:46:33,733 INFO o.a.j.t.JMeterThread: Thread finished: Thread Group - until HTTP 503 - 160 users 1-70
2026-09-10 20:46:33,784 INFO o.a.j.t.JMeterThread: Stopping because end time detected by thread: Thread Group - until HTTP 503 - 160 users 1-85
2026-09-10 20:46:33,784 INFO o.a.j.t.JMeterThread: Thread finished: Thread Group - until HTTP 503 - 160 users 1-85
2026-09-10 20:46:33,881 INFO o.a.j.t.JMeterThread: Stopping because end time detected by thread: Thread Group - until HTTP 503 - 160 users 1-87
2026-09-10 20:46:33,881 INFO o.a.j.t.JMeterThread: Thread finished: Thread Group - until HTTP 503 - 160 users 1-87
2026-09-10 20:46:33,989 INFO o.a.j.t.JMeterThread: Stopping because end time detected by thread: Thread Group - until HTTP 503 - 160 users 1-121
2026-09-10 20:46:33,990 INFO o.a.j.t.JMeterThread: Thread finished: Thread Group - until HTTP 503 - 160 users 1-121
2026-09-10 20:46:34,057 INFO o.a.j.t.JMeterThread: Stopping because end time detected by thread: Thread Group - until HTTP 503 - 160 users 1-122
2026-09-10 20:46:34,058 INFO o.a.j.t.JMeterThread: Thread finished: Thread Group - until HTTP 503 - 160 users 1-122
2026-09-10 20:46:34,105 INFO o.a.j.t.JMeterThread: Stopping because end time detected by thread: Thread Group - until HTTP 503 - 160 users 1-102
2026-09-10 20:46:34,107 INFO o.a.j.t.JMeterThread: Thread finished: Thread Group - until HTTP 503 - 160 users 1-102
2026-09-10 20:46:34,145 INFO o.a.j.t.JMeterThread: Stopping because end time detected by thread: Thread Group - until HTTP 503 - 160 users 1-97
2026-09-10 20:46:34,145 INFO o.a.j.t.JMeterThread: Thread finished: Thread Group - until HTTP 503 - 160 users 1-97
2026-09-10 20:46:34,229 INFO o.a.j.t.JMeterThread: Stopping because end time detected by thread: Thread Group - until HTTP 503 - 160 users 1-158
2026-09-10 20:46:34,229 INFO o.a.j.t.JMeterThread: Thread finished: Thread Group - until HTTP 503 - 160 users 1-158
2026-09-10 20:46:34,260 INFO o.a.j.t.JMeterThread: Stopping because end time detected by thread: Thread Group - until HTTP 503 - 160 users 1-86
2026-09-10 20:46:34,260 INFO o.a.j.t.JMeterThread: Thread finished: Thread Group - until HTTP 503 - 160 users 1-86
2026-09-10 20:46:34,311 INFO o.a.j.t.JMeterThread: Stopping because end time detected by thread: Thread Group - until HTTP 503 - 160 users 1-113
2026-09-10 20:46:34,312 INFO o.a.j.t.JMeterThread: Thread finished: Thread Group - until HTTP 503 - 160 users 1-113
2026-09-10 20:46:34,326 INFO o.a.j.t.JMeterThread: Stopping because end time detected by thread: Thread Group - until HTTP 503 - 160 users 1-57
2026-09-10 20:46:34,327 INFO o.a.j.t.JMeterThread: Thread finished: Thread Group - until HTTP 503 - 160 users 1-57
2026-09-10 20:46:34,366 INFO o.a.j.t.JMeterThread: Stopping because end time detected by thread: Thread Group - until HTTP 503 - 160 users 1-53
2026-09-10 20:46:34,366 INFO o.a.j.t.JMeterThread: Stopping because end time detected by thread: Thread Group - until HTTP 503 - 160 users 1-119
2026-09-10 20:46:34,367 INFO o.a.j.t.JMeterThread: Thread finished: Thread Group - until HTTP 503 - 160 users 1-53
2026-09-10 20:46:34,367 INFO o.a.j.t.JMeterThread: Thread finished: Thread Group - until HTTP 503 - 160 users 1-119
2026-09-10 20:46:34,393 INFO o.a.j.t.JMeterThread: Stopping because end time detected by thread: Thread Group - until HTTP 503 - 160 users 1-10
2026-09-10 20:46:34,393 INFO o.a.j.t.JMeterThread: Thread finished: Thread Group - until HTTP 503 - 160 users 1-10
2026-09-10 20:46:34,401 INFO o.a.j.t.JMeterThread: Stopping because end time detected by thread: Thread Group - until HTTP 503 - 160 users 1-133
2026-09-10 20:46:34,401 INFO o.a.j.t.JMeterThread: Thread finished: Thread Group - until HTTP 503 - 160 users 1-133
2026-09-10 20:46:34,419 INFO o.a.j.t.JMeterThread: Stopping because end time detected by thread: Thread Group - until HTTP 503 - 160 users 1-68
2026-09-10 20:46:34,419 INFO o.a.j.t.JMeterThread: Stopping because end time detected by thread: Thread Group - until HTTP 503 - 160 users 1-125
2026-09-10 20:46:34,419 INFO o.a.j.t.JMeterThread: Thread finished: Thread Group - until HTTP 503 - 160 users 1-68
2026-09-10 20:46:34,419 INFO o.a.j.t.JMeterThread: Thread finished: Thread Group - until HTTP 503 - 160 users 1-125
2026-09-10 20:46:34,430 INFO o.a.j.t.JMeterThread: Stopping because end time detected by thread: Thread Group - until HTTP 503 - 160 users 1-15
2026-09-10 20:46:34,430 INFO o.a.j.t.JMeterThread: Thread finished: Thread Group - until HTTP 503 - 160 users 1-15
2026-09-10 20:46:34,437 INFO o.a.j.t.JMeterThread: Stopping because end time detected by thread: Thread Group - until HTTP 503 - 160 users 1-41
2026-09-10 20:46:34,437 INFO o.a.j.t.JMeterThread: Thread finished: Thread Group - until HTTP 503 - 160 users 1-41
2026-09-10 20:46:34,458 INFO o.a.j.t.JMeterThread: Stopping because end time detected by thread: Thread Group - until HTTP 503 - 160 users 1-12
2026-09-10 20:46:34,458 INFO o.a.j.t.JMeterThread: Thread finished: Thread Group - until HTTP 503 - 160 users 1-12
2026-09-10 20:46:34,463 INFO o.a.j.t.JMeterThread: Stopping because end time detected by thread: Thread Group - until HTTP 503 - 160 users 1-5
2026-09-10 20:46:34,463 INFO o.a.j.t.JMeterThread: Thread finished: Thread Group - until HTTP 503 - 160 users 1-5
2026-09-10 20:46:34,479 INFO o.a.j.t.JMeterThread: Stopping because end time detected by thread: Thread Group - until HTTP 503 - 160 users 1-3
2026-09-10 20:46:34,479 INFO o.a.j.t.JMeterThread: Thread finished: Thread Group - until HTTP 503 - 160 users 1-3
2026-09-10 20:46:34,497 INFO o.a.j.t.JMeterThread: Stopping because end time detected by thread: Thread Group - until HTTP 503 - 160 users 1-37
2026-09-10 20:46:34,497 INFO o.a.j.t.JMeterThread: Thread finished: Thread Group - until HTTP 503 - 160 users 1-37
2026-09-10 20:46:34,503 INFO o.a.j.t.JMeterThread: Stopping because end time detected by thread: Thread Group - until HTTP 503 - 160 users 1-65
2026-09-10 20:46:34,503 INFO o.a.j.t.JMeterThread: Thread finished: Thread Group - until HTTP 503 - 160 users 1-65
2026-09-10 20:46:34,524 INFO o.a.j.t.JMeterThread: Stopping because end time detected by thread: Thread Group - until HTTP 503 - 160 users 1-150
2026-09-10 20:46:34,524 INFO o.a.j.t.JMeterThread: Thread finished: Thread Group - until HTTP 503 - 160 users 1-150
2026-09-10 20:46:34,539 INFO o.a.j.t.JMeterThread: Stopping because end time detected by thread: Thread Group - until HTTP 503 - 160 users 1-44
2026-09-10 20:46:34,539 INFO o.a.j.t.JMeterThread: Thread finished: Thread Group - until HTTP 503 - 160 users 1-44
2026-09-10 20:46:34,565 INFO o.a.j.t.JMeterThread: Stopping because end time detected by thread: Thread Group - until HTTP 503 - 160 users 1-135
2026-09-10 20:46:34,565 INFO o.a.j.t.JMeterThread: Thread finished: Thread Group - until HTTP 503 - 160 users 1-135
2026-09-10 20:46:34,589 INFO o.a.j.t.JMeterThread: Stopping because end time detected by thread: Thread Group - until HTTP 503 - 160 users 1-83
2026-09-10 20:46:34,590 INFO o.a.j.t.JMeterThread: Thread finished: Thread Group - until HTTP 503 - 160 users 1-83
2026-09-10 20:46:34,606 INFO o.a.j.t.JMeterThread: Stopping because end time detected by thread: Thread Group - until HTTP 503 - 160 users 1-80
2026-09-10 20:46:34,606 INFO o.a.j.t.JMeterThread: Thread finished: Thread Group - until HTTP 503 - 160 users 1-80
2026-09-10 20:46:34,633 INFO o.a.j.t.JMeterThread: Stopping because end time detected by thread: Thread Group - until HTTP 503 - 160 users 1-74
2026-09-10 20:46:34,633 INFO o.a.j.t.JMeterThread: Thread finished: Thread Group - until HTTP 503 - 160 users 1-74
2026-09-10 20:46:34,634 INFO o.a.j.e.StandardJMeterEngine: Notifying test listeners of end of test
2026-09-10 20:46:34,636 INFO o.a.j.r.Summariser: summary +    168 in 00:00:04 =   42.9/s Avg:  5312 Min:  3716 Max:  7084 Err:   168 (100.00%) Active: 0 Started: 160 Finished: 160
2026-09-10 20:46:34,637 INFO o.a.j.r.Summariser: summary =   2084 in 00:01:34 =   22.2/s Avg:  4779 Min:   512 Max: 22618 Err:  1981 (95.06%)
2026-09-10 20:46:34,639 INFO o.a.j.JMeter: Generating Dashboard
2026-09-10 20:46:34,639 INFO o.a.j.r.d.ReportGenerator: Flushing result collector before report Generation
2026-09-10 20:46:34,702 INFO o.a.j.r.p.NormalizerSampleConsumer: Using format, 'ms', to parse timeStamp field
2026-09-10 20:46:34,981 INFO o.a.j.r.p.AbstractSampleConsumer: class org.apache.jmeter.report.processor.AggregateConsumer#stopProducing(): beginDate produced 0 samples
2026-09-10 20:46:34,981 INFO o.a.j.r.p.AbstractSampleConsumer: class org.apache.jmeter.report.processor.AggregateConsumer#stopProducing(): endDate produced 0 samples
2026-09-10 20:46:34,983 INFO o.a.j.r.p.AbstractSampleConsumer: class org.apache.jmeter.report.processor.ApdexSummaryConsumer#stopProducing(): apdexSummary produced 0 samples
2026-09-10 20:46:34,983 INFO o.a.j.r.p.AbstractSampleConsumer: class org.apache.jmeter.report.processor.RequestsSummaryConsumer#stopProducing(): requestsSummary produced 0 samples
2026-09-10 20:46:34,990 INFO o.a.j.r.p.AbstractSampleConsumer: class org.apache.jmeter.report.processor.StatisticsSummaryConsumer#stopProducing(): statisticsSummary produced 0 samples
2026-09-10 20:46:34,995 INFO o.a.j.r.p.AbstractSampleConsumer: class org.apache.jmeter.report.processor.Top5ErrorsBySamplerConsumer#stopProducing(): top5ErrorsBySampler produced 0 samples
2026-09-10 20:46:34,997 INFO o.a.j.r.p.AbstractSampleConsumer: class org.apache.jmeter.report.processor.ErrorsSummaryConsumer#stopProducing(): errorsSummary produced 0 samples
2026-09-10 20:46:34,997 INFO o.a.j.r.p.AbstractSampleConsumer: class org.apache.jmeter.report.processor.graph.impl.HitsPerSecondGraphConsumer#stopProducing(): hitsPerSecond produced 0 samples
2026-09-10 20:46:35,140 INFO o.a.j.r.p.AbstractSampleConsumer: class org.apache.jmeter.report.processor.graph.impl.LatencyVSRequestGraphConsumer#stopProducing(): latencyVsRequest produced 0 samples
2026-09-10 20:46:35,142 INFO o.a.j.r.p.AbstractSampleConsumer: class org.apache.jmeter.report.processor.graph.impl.SyntheticResponseTimeDistributionGraphConsumer#stopProducing(): syntheticResponseTimeDistribution produced 0 samples
2026-09-10 20:46:35,143 INFO o.a.j.r.p.AbstractSampleConsumer: class org.apache.jmeter.report.processor.graph.impl.BytesThroughputGraphConsumer#stopProducing(): bytesThroughputOverTime produced 0 samples
2026-09-10 20:46:35,143 INFO o.a.j.r.p.AbstractSampleConsumer: class org.apache.jmeter.report.processor.graph.impl.CodesPerSecondGraphConsumer#stopProducing(): codesPerSecond produced 0 samples
2026-09-10 20:46:35,231 INFO o.a.j.r.p.AbstractSampleConsumer: class org.apache.jmeter.report.processor.graph.impl.ResponseTimeVSRequestGraphConsumer#stopProducing(): responseTimeVsRequest produced 0 samples
2026-09-10 20:46:35,232 INFO o.a.j.r.p.AbstractSampleConsumer: class org.apache.jmeter.report.processor.FilterConsumer#stopProducing(): startIntervalControlerFilter produced 14588 samples
2026-09-10 20:46:35,232 INFO o.a.j.r.p.AbstractSampleConsumer: class org.apache.jmeter.report.processor.graph.impl.TotalTPSGraphConsumer#stopProducing(): totalTPS produced 0 samples
2026-09-10 20:46:35,233 INFO o.a.j.r.p.AbstractSampleConsumer: class org.apache.jmeter.report.processor.graph.impl.ActiveThreadsGraphConsumer#stopProducing(): activeThreadsOverTime produced 0 samples
2026-09-10 20:46:35,233 INFO o.a.j.r.p.AbstractSampleConsumer: class org.apache.jmeter.report.processor.graph.impl.TimeVSThreadGraphConsumer#stopProducing(): timeVsThreads produced 0 samples
2026-09-10 20:46:35,234 INFO o.a.j.r.p.AbstractSampleConsumer: class org.apache.jmeter.report.processor.graph.impl.ResponseTimeDistributionGraphConsumer#stopProducing(): responseTimeDistribution produced 0 samples
2026-09-10 20:46:35,234 INFO o.a.j.r.p.AbstractSampleConsumer: class org.apache.jmeter.report.processor.graph.impl.TransactionsPerSecondGraphConsumer#stopProducing(): transactionsPerSecond produced 0 samples
2026-09-10 20:46:35,235 INFO o.a.j.r.p.AbstractSampleConsumer: class org.apache.jmeter.report.processor.graph.impl.ResponseTimePercentilesGraphConsumer#stopProducing(): responseTimePercentiles produced 0 samples
2026-09-10 20:46:35,238 INFO o.a.j.r.p.AbstractSampleConsumer: class org.apache.jmeter.report.processor.graph.impl.ResponseTimePercentilesOverTimeGraphConsumer#stopProducing(): responseTimePercentilesOverTime produced 0 samples
2026-09-10 20:46:35,238 INFO o.a.j.r.p.AbstractSampleConsumer: class org.apache.jmeter.report.processor.graph.impl.ResponseTimeOverTimeGraphConsumer#stopProducing(): responseTimesOverTime produced 0 samples
2026-09-10 20:46:35,238 INFO o.a.j.r.p.AbstractSampleConsumer: class org.apache.jmeter.report.processor.graph.impl.ConnectTimeOverTimeGraphConsumer#stopProducing(): connectTimeOverTime produced 0 samples
2026-09-10 20:46:35,238 INFO o.a.j.r.p.AbstractSampleConsumer: class org.apache.jmeter.report.processor.graph.impl.LatencyOverTimeGraphConsumer#stopProducing(): latenciesOverTime produced 0 samples
2026-09-10 20:46:35,238 INFO o.a.j.r.p.AbstractSampleConsumer: class org.apache.jmeter.report.processor.FilterConsumer#stopProducing(): nameFilter produced 31260 samples
2026-09-10 20:46:35,238 INFO o.a.j.r.p.AbstractSampleConsumer: class org.apache.jmeter.report.processor.FilterConsumer#stopProducing(): dateRangeFilter produced 6252 samples
2026-09-10 20:46:35,238 INFO o.a.j.r.p.AbstractSampleConsumer: class org.apache.jmeter.report.processor.NormalizerSampleConsumer#stopProducing(): normalizer produced 2084 samples
2026-09-10 20:46:35,239 INFO o.a.j.r.p.CsvFileSampleSource: produce(): 2084 samples produced in 500ms on channel 0
2026-09-10 20:46:35,239 INFO o.a.j.r.d.ReportGenerator: Exporting data using exporter:'json' of className:'org.apache.jmeter.report.dashboard.JsonExporter'
2026-09-10 20:46:35,358 INFO o.a.j.r.d.JsonExporter: Found data for consumer statisticsSummary in context
2026-09-10 20:46:35,358 INFO o.a.j.r.d.JsonExporter: Creating statistics for overall
2026-09-10 20:46:35,358 INFO o.a.j.r.d.JsonExporter: Creating statistics for other transactions
2026-09-10 20:46:35,359 INFO o.a.j.r.d.JsonExporter: Checking output folder
2026-09-10 20:46:35,360 INFO o.a.j.r.d.JsonExporter: Writing statistics JSON to C:\University\Programming\Software Testing\Lab4\html_reports\stress_until_503\160users_3200rpm\statistics.json
2026-09-10 20:46:35,416 INFO o.a.j.r.d.ReportGenerator: Exporting data using exporter:'html' of className:'org.apache.jmeter.report.dashboard.HtmlTemplateExporter'
2026-09-10 20:46:35,420 INFO o.a.j.r.d.HtmlTemplateExporter: Will generate dashboard in folder: C:\University\Programming\Software Testing\Lab4\html_reports\stress_until_503\160users_3200rpm
2026-09-10 20:46:35,582 INFO o.a.j.r.d.HtmlTemplateExporter: Report will be generated in: C:\University\Programming\Software Testing\Lab4\html_reports\stress_until_503\160users_3200rpm, creating folder structure
2026-09-10 20:46:35,585 INFO o.a.j.r.d.TemplateVisitor: Copying folder from 'C:\Program Files\apache-jmeter-5.6.3\bin\report-template' to 'C:\University\Programming\Software Testing\Lab4\html_reports\stress_until_503\160users_3200rpm', got message: C:\University\Programming\Software Testing\Lab4\html_reports\stress_until_503\160users_3200rpm, found non empty folder with following content [C:\University\Programming\Software Testing\Lab4\html_reports\stress_until_503\160users_3200rpm\statistics.json], will be ignored
2026-09-10 20:46:35,979 INFO o.a.j.JMeter: Dashboard generated
