2026-09-10 20:48:20,096 INFO o.a.j.u.JMeterUtils: Setting Locale to en_EN
2026-09-10 20:48:20,111 INFO o.a.j.JMeter: Loading user properties from: C:\Program Files\apache-jmeter-5.6.3\bin\user.properties
2026-09-10 20:48:20,112 INFO o.a.j.JMeter: Loading system properties from: C:\Program Files\apache-jmeter-5.6.3\bin\system.properties
2026-09-10 20:48:20,112 INFO o.a.j.JMeter: Setting JMeter property: jmeter.save.saveservice.output_format=csv
2026-09-10 20:48:20,113 INFO o.a.j.JMeter: Setting JMeter property: jmeter.save.saveservice.print_field_names=true
2026-09-10 20:48:20,114 INFO o.a.j.JMeter: Setting JMeter property: jmeter.save.saveservice.timestamp_format=ms
2026-09-10 20:48:20,114 INFO o.a.j.JMeter: Setting JMeter property: jmeter.save.saveservice.time=true
2026-09-10 20:48:20,115 INFO o.a.j.JMeter: Setting JMeter property: jmeter.save.saveservice.latency=true
2026-09-10 20:48:20,115 INFO o.a.j.JMeter: Setting JMeter property: jmeter.save.saveservice.label=true
2026-09-10 20:48:20,115 INFO o.a.j.JMeter: Setting JMeter property: jmeter.save.saveservice.response_code=true
2026-09-10 20:48:20,115 INFO o.a.j.JMeter: Setting JMeter property: jmeter.save.saveservice.response_message=true
2026-09-10 20:48:20,115 INFO o.a.j.JMeter: Setting JMeter property: jmeter.save.saveservice.successful=true
2026-09-10 20:48:20,115 INFO o.a.j.JMeter: Setting JMeter property: jmeter.save.saveservice.assertion_results_failure_message=true
2026-09-10 20:48:20,115 INFO o.a.j.JMeter: Setting JMeter property: jmeter.save.saveservice.thread_name=true
2026-09-10 20:48:20,115 INFO o.a.j.JMeter: Setting JMeter property: jmeter.save.saveservice.thread_counts=true
2026-09-10 20:48:20,115 INFO o.a.j.JMeter: Setting JMeter property: jmeter.save.saveservice.connect_time=true
2026-09-10 20:48:20,124 INFO o.a.j.JMeter: Copyright (c) 1998-2024 The Apache Software Foundation
2026-09-10 20:48:20,124 INFO o.a.j.JMeter: Version 5.6.3
2026-09-10 20:48:20,124 INFO o.a.j.JMeter: java.version=26.0.1
2026-09-10 20:48:20,124 INFO o.a.j.JMeter: java.vm.name=Java HotSpot(TM) 64-Bit Server VM
2026-09-10 20:48:20,124 INFO o.a.j.JMeter: os.name=Windows 10
2026-09-10 20:48:20,124 INFO o.a.j.JMeter: os.arch=amd64
2026-09-10 20:48:20,124 INFO o.a.j.JMeter: os.version=10.0
2026-09-10 20:48:20,124 INFO o.a.j.JMeter: file.encoding=UTF-8
2026-09-10 20:48:20,124 INFO o.a.j.JMeter: java.awt.headless=true
2026-09-10 20:48:20,124 INFO o.a.j.JMeter: Max memory     =1073741824
2026-09-10 20:48:20,124 INFO o.a.j.JMeter: Available Processors =8
2026-09-10 20:48:20,140 INFO o.a.j.JMeter: Default Locale=English (EN)
2026-09-10 20:48:20,141 INFO o.a.j.JMeter: JMeter  Locale=English (EN)
2026-09-10 20:48:20,141 INFO o.a.j.JMeter: JMeterHome=C:\Program Files\apache-jmeter-5.6.3
2026-09-10 20:48:20,141 INFO o.a.j.JMeter: user.dir  =C:\University\Programming\Software Testing\Lab4
2026-09-10 20:48:20,141 INFO o.a.j.JMeter: PWD       =C:\University\Programming\Software Testing\Lab4
2026-09-10 20:48:20,142 INFO o.a.j.JMeter: IP: 172.28.17.195 Name: DESKTOP-74FQ4EV FullName: DESKTOP-74FQ4EV
2026-09-10 20:48:20,150 INFO o.a.j.JMeter: Setting property 'jmeter.reportgenerator.outputdir' to:'C:\University\Programming\Software Testing\Lab4\html_reports\stress_until_503\192users_3840rpm'
2026-09-10 20:48:20,152 INFO o.a.j.s.FileServer: Default base='C:\University\Programming\Software Testing\Lab4'
2026-09-10 20:48:20,153 INFO o.a.j.s.FileServer: Set new base='C:\University\Programming\Software Testing\Lab4\quality_jmeter_plans\stress_until_503'
2026-09-10 20:48:20,363 INFO o.a.j.s.SaveService: Testplan (JMX) version: 2.2. Testlog (JTL) version: 2.2
2026-09-10 20:48:20,378 INFO o.a.j.s.SaveService: Using SaveService properties version 5.0
2026-09-10 20:48:20,381 INFO o.a.j.s.SaveService: Using SaveService properties file encoding UTF-8
2026-09-10 20:48:20,384 INFO o.a.j.s.SaveService: Loading file: quality_jmeter_plans\stress_until_503\stress_until_503_192users_3840rpm_ctt.jmx
2026-09-10 20:48:20,429 INFO o.a.j.p.h.s.HTTPSamplerBase: Parser for text/html is org.apache.jmeter.protocol.http.parser.LagartoBasedHtmlParser
2026-09-10 20:48:20,429 INFO o.a.j.p.h.s.HTTPSamplerBase: Parser for application/xhtml+xml is org.apache.jmeter.protocol.http.parser.LagartoBasedHtmlParser
2026-09-10 20:48:20,429 INFO o.a.j.p.h.s.HTTPSamplerBase: Parser for application/xml is org.apache.jmeter.protocol.http.parser.LagartoBasedHtmlParser
2026-09-10 20:48:20,429 INFO o.a.j.p.h.s.HTTPSamplerBase: Parser for text/xml is org.apache.jmeter.protocol.http.parser.LagartoBasedHtmlParser
2026-09-10 20:48:20,429 INFO o.a.j.p.h.s.HTTPSamplerBase: Parser for text/vnd.wap.wml is org.apache.jmeter.protocol.http.parser.RegexpHTMLParser
2026-09-10 20:48:20,429 INFO o.a.j.p.h.s.HTTPSamplerBase: Parser for text/css is org.apache.jmeter.protocol.http.parser.CssParser
2026-09-10 20:48:20,441 INFO o.a.j.JMeter: Creating summariser <summary>
2026-09-10 20:48:20,448 INFO o.a.j.r.d.ReportGenerator: ReportGenerator will use for Parsing the separator: ','
2026-09-10 20:48:20,448 INFO o.a.j.r.d.ReportGenerator: Will generate report at end of test from  results file: results/stress_until_503/stress_until_503_192users_3840rpm.jtl
2026-09-10 20:48:20,448 INFO o.a.j.r.d.ReportGenerator: Reading report generator properties from: C:\Program Files\apache-jmeter-5.6.3\bin\reportgenerator.properties
2026-09-10 20:48:20,448 INFO o.a.j.r.d.ReportGenerator: Merging with JMeter properties
2026-09-10 20:48:20,451 INFO o.a.j.r.c.ReportGeneratorConfiguration: Property 'jmeter.reportgenerator.temp_dir' not found, using default value 'temp' instead.
2026-09-10 20:48:20,453 INFO o.a.j.r.c.ReportGeneratorConfiguration: Property 'jmeter.reportgenerator.apdex_per_transaction' not found, using default value 'null' instead.
2026-09-10 20:48:20,453 INFO o.a.j.r.c.ReportGeneratorConfiguration: apdex_per_transaction is empty, not APDEX per transaction customization
2026-09-10 20:48:20,453 INFO o.a.j.r.c.ReportGeneratorConfiguration: Property 'jmeter.reportgenerator.sample_filter' not found, using default value 'null' instead.
2026-09-10 20:48:20,453 INFO o.a.j.r.c.ReportGeneratorConfiguration: Property 'jmeter.reportgenerator.report_title' not found, using default value 'null' instead.
2026-09-10 20:48:20,453 INFO o.a.j.r.c.ReportGeneratorConfiguration: Property 'jmeter.reportgenerator.start_date' not found, using default value 'null' instead.
2026-09-10 20:48:20,453 INFO o.a.j.r.c.ReportGeneratorConfiguration: Property 'jmeter.reportgenerator.end_date' not found, using default value 'null' instead.
2026-09-10 20:48:20,453 INFO o.a.j.r.c.ReportGeneratorConfiguration: Property 'jmeter.reportgenerator.date_format' not found, using default value 'null' instead.
2026-09-10 20:48:20,454 INFO o.a.j.r.c.ReportGeneratorConfiguration: Will use date range start date: null, end date: null
2026-09-10 20:48:20,456 INFO o.a.j.r.c.ReportGeneratorConfiguration: Property 'jmeter.reportgenerator.graph.totalTPS.exclude_controllers' not found, using default value 'false' instead.
2026-09-10 20:48:20,456 INFO o.a.j.r.c.ReportGeneratorConfiguration: Property 'jmeter.reportgenerator.graph.activeThreadsOverTime.exclude_controllers' not found, using default value 'false' instead.
2026-09-10 20:48:20,456 INFO o.a.j.r.c.ReportGeneratorConfiguration: Property 'jmeter.reportgenerator.graph.timeVsThreads.exclude_controllers' not found, using default value 'false' instead.
2026-09-10 20:48:20,456 INFO o.a.j.r.c.ReportGeneratorConfiguration: Property 'jmeter.reportgenerator.graph.responseTimeDistribution.exclude_controllers' not found, using default value 'false' instead.
2026-09-10 20:48:20,456 INFO o.a.j.r.c.ReportGeneratorConfiguration: Property 'jmeter.reportgenerator.graph.transactionsPerSecond.exclude_controllers' not found, using default value 'false' instead.
2026-09-10 20:48:20,456 INFO o.a.j.r.c.ReportGeneratorConfiguration: Property 'jmeter.reportgenerator.graph.responseTimePercentiles.exclude_controllers' not found, using default value 'false' instead.
2026-09-10 20:48:20,457 INFO o.a.j.r.c.ReportGeneratorConfiguration: Property 'jmeter.reportgenerator.graph.responseTimePercentilesOverTime.exclude_controllers' not found, using default value 'false' instead.
2026-09-10 20:48:20,457 INFO o.a.j.r.c.ReportGeneratorConfiguration: Property 'jmeter.reportgenerator.graph.responseTimesOverTime.exclude_controllers' not found, using default value 'false' instead.
2026-09-10 20:48:20,457 INFO o.a.j.r.c.ReportGeneratorConfiguration: Property 'jmeter.reportgenerator.graph.connectTimeOverTime.exclude_controllers' not found, using default value 'false' instead.
2026-09-10 20:48:20,457 INFO o.a.j.r.c.ReportGeneratorConfiguration: Property 'jmeter.reportgenerator.graph.latenciesOverTime.exclude_controllers' not found, using default value 'false' instead.
2026-09-10 20:48:20,458 INFO o.a.j.r.c.ReportGeneratorConfiguration: Property 'jmeter.reportgenerator.exporter.json.filters_only_sample_series' not found, using default value 'true' instead.
2026-09-10 20:48:20,458 INFO o.a.j.r.c.ReportGeneratorConfiguration: Property 'jmeter.reportgenerator.exporter.json.series_filter' not found, using default value '' instead.
2026-09-10 20:48:20,458 INFO o.a.j.r.c.ReportGeneratorConfiguration: Property 'jmeter.reportgenerator.exporter.json.show_controllers_only' not found, using default value 'false' instead.
2026-09-10 20:48:20,458 INFO o.a.j.r.c.ReportGeneratorConfiguration: Property 'jmeter.reportgenerator.exporter.html.filters_only_sample_series' not found, using default value 'true' instead.
2026-09-10 20:48:20,458 INFO o.a.j.r.c.ReportGeneratorConfiguration: Property 'jmeter.reportgenerator.exporter.html.series_filter' not found, using default value '' instead.
2026-09-10 20:48:20,458 INFO o.a.j.r.c.ReportGeneratorConfiguration: Property 'jmeter.reportgenerator.exporter.html.show_controllers_only' not found, using default value 'false' instead.
2026-09-10 20:48:20,467 INFO o.a.j.e.StandardJMeterEngine: Running the test!
2026-09-10 20:48:20,468 INFO o.a.j.s.SampleEvent: List of sample_variables: []
2026-09-10 20:48:20,468 INFO o.a.j.s.SampleEvent: List of sample_variables: []
2026-09-10 20:48:20,472 INFO o.a.j.e.u.CompoundVariable: Note: Function class names must contain the string: '.functions.'
2026-09-10 20:48:20,472 INFO o.a.j.e.u.CompoundVariable: Note: Function class names must not contain the string: '.gui.'
2026-09-10 20:48:20,535 INFO o.a.j.JMeter: Running test (1789062500535)
2026-09-10 20:48:20,553 INFO o.a.j.e.StandardJMeterEngine: Starting ThreadGroup: 1 : Thread Group - until HTTP 503 - 192 users
2026-09-10 20:48:20,553 INFO o.a.j.e.StandardJMeterEngine: Starting 192 threads for group Thread Group - until HTTP 503 - 192 users.
2026-09-10 20:48:20,553 INFO o.a.j.e.StandardJMeterEngine: Thread will continue on error
2026-09-10 20:48:20,553 INFO o.a.j.t.ThreadGroup: Starting thread group... number=1 threads=192 ramp-up=60 delayedStart=false
2026-09-10 20:48:20,559 INFO o.a.j.t.JMeterThread: Thread started: Thread Group - until HTTP 503 - 192 users 1-1
2026-09-10 20:48:20,610 INFO o.a.j.t.ThreadGroup: Started thread group number 1
2026-09-10 20:48:20,610 INFO o.a.j.e.StandardJMeterEngine: All thread groups have been started
2026-09-10 20:48:20,621 INFO o.a.j.p.h.s.HTTPHCAbstractImpl: Local host = DESKTOP-74FQ4EV
2026-09-10 20:48:20,637 INFO o.a.j.p.h.s.HTTPHC4Impl: HTTP request retry count = 0
2026-09-10 20:48:20,640 INFO o.a.j.s.SampleResult: Note: Sample TimeStamps are START times
2026-09-10 20:48:20,640 INFO o.a.j.s.SampleResult: sampleresult.default.encoding is set to UTF-8
2026-09-10 20:48:20,640 INFO o.a.j.s.SampleResult: sampleresult.useNanoTime=true
2026-09-10 20:48:20,640 INFO o.a.j.s.SampleResult: sampleresult.nanoThreadSleep=5000
2026-09-10 20:48:20,869 INFO o.a.j.t.JMeterThread: Thread started: Thread Group - until HTTP 503 - 192 users 1-2
2026-09-10 20:48:21,183 INFO o.a.j.t.JMeterThread: Thread started: Thread Group - until HTTP 503 - 192 users 1-3
2026-09-10 20:48:21,494 INFO o.a.j.t.JMeterThread: Thread started: Thread Group - until HTTP 503 - 192 users 1-4
2026-09-10 20:48:21,807 INFO o.a.j.t.JMeterThread: Thread started: Thread Group - until HTTP 503 - 192 users 1-5
2026-09-10 20:48:22,121 INFO o.a.j.t.JMeterThread: Thread started: Thread Group - until HTTP 503 - 192 users 1-6
2026-09-10 20:48:22,432 INFO o.a.j.t.JMeterThread: Thread started: Thread Group - until HTTP 503 - 192 users 1-7
2026-09-10 20:48:22,745 INFO o.a.j.t.JMeterThread: Thread started: Thread Group - until HTTP 503 - 192 users 1-8
2026-09-10 20:48:23,059 INFO o.a.j.t.JMeterThread: Thread started: Thread Group - until HTTP 503 - 192 users 1-9
2026-09-10 20:48:23,371 INFO o.a.j.t.JMeterThread: Thread started: Thread Group - until HTTP 503 - 192 users 1-10
2026-09-10 20:48:23,684 INFO o.a.j.t.JMeterThread: Thread started: Thread Group - until HTTP 503 - 192 users 1-11
2026-09-10 20:48:23,998 INFO o.a.j.t.JMeterThread: Thread started: Thread Group - until HTTP 503 - 192 users 1-12
2026-09-10 20:48:24,311 INFO o.a.j.t.JMeterThread: Thread started: Thread Group - until HTTP 503 - 192 users 1-13
2026-09-10 20:48:24,623 INFO o.a.j.t.JMeterThread: Thread started: Thread Group - until HTTP 503 - 192 users 1-14
2026-09-10 20:48:24,937 INFO o.a.j.t.JMeterThread: Thread started: Thread Group - until HTTP 503 - 192 users 1-15
2026-09-10 20:48:25,250 INFO o.a.j.t.JMeterThread: Thread started: Thread Group - until HTTP 503 - 192 users 1-16
2026-09-10 20:48:25,561 INFO o.a.j.t.JMeterThread: Thread started: Thread Group - until HTTP 503 - 192 users 1-17
2026-09-10 20:48:25,875 INFO o.a.j.t.JMeterThread: Thread started: Thread Group - until HTTP 503 - 192 users 1-18
2026-09-10 20:48:26,188 INFO o.a.j.t.JMeterThread: Thread started: Thread Group - until HTTP 503 - 192 users 1-19
2026-09-10 20:48:26,501 INFO o.a.j.t.JMeterThread: Thread started: Thread Group - until HTTP 503 - 192 users 1-20
2026-09-10 20:48:26,814 INFO o.a.j.t.JMeterThread: Thread started: Thread Group - until HTTP 503 - 192 users 1-21
2026-09-10 20:48:27,128 INFO o.a.j.t.JMeterThread: Thread started: Thread Group - until HTTP 503 - 192 users 1-22
2026-09-10 20:48:27,441 INFO o.a.j.t.JMeterThread: Thread started: Thread Group - until HTTP 503 - 192 users 1-23
2026-09-10 20:48:27,755 INFO o.a.j.t.JMeterThread: Thread started: Thread Group - until HTTP 503 - 192 users 1-24
2026-09-10 20:48:28,066 INFO o.a.j.t.JMeterThread: Thread started: Thread Group - until HTTP 503 - 192 users 1-25
2026-09-10 20:48:28,380 INFO o.a.j.t.JMeterThread: Thread started: Thread Group - until HTTP 503 - 192 users 1-26
2026-09-10 20:48:28,693 INFO o.a.j.t.JMeterThread: Thread started: Thread Group - until HTTP 503 - 192 users 1-27
2026-09-10 20:48:29,006 INFO o.a.j.t.JMeterThread: Thread started: Thread Group - until HTTP 503 - 192 users 1-28
2026-09-10 20:48:29,318 INFO o.a.j.t.JMeterThread: Thread started: Thread Group - until HTTP 503 - 192 users 1-29
2026-09-10 20:48:29,631 INFO o.a.j.t.JMeterThread: Thread started: Thread Group - until HTTP 503 - 192 users 1-30
2026-09-10 20:48:29,945 INFO o.a.j.t.JMeterThread: Thread started: Thread Group - until HTTP 503 - 192 users 1-31
2026-09-10 20:48:30,033 INFO o.a.j.r.Summariser: summary +    207 in 00:00:09 =   21.8/s Avg:   648 Min:   513 Max:  1042 Err:   111 (53.62%) Active: 31 Started: 31 Finished: 0
2026-09-10 20:48:30,257 INFO o.a.j.t.JMeterThread: Thread started: Thread Group - until HTTP 503 - 192 users 1-32
2026-09-10 20:48:30,570 INFO o.a.j.t.JMeterThread: Thread started: Thread Group - until HTTP 503 - 192 users 1-33
2026-09-10 20:48:30,883 INFO o.a.j.t.JMeterThread: Thread started: Thread Group - until HTTP 503 - 192 users 1-34
2026-09-10 20:48:31,197 INFO o.a.j.t.JMeterThread: Thread started: Thread Group - until HTTP 503 - 192 users 1-35
2026-09-10 20:48:31,508 INFO o.a.j.t.JMeterThread: Thread started: Thread Group - until HTTP 503 - 192 users 1-36
2026-09-10 20:48:31,822 INFO o.a.j.t.JMeterThread: Thread started: Thread Group - until HTTP 503 - 192 users 1-37
2026-09-10 20:48:32,136 INFO o.a.j.t.JMeterThread: Thread started: Thread Group - until HTTP 503 - 192 users 1-38
2026-09-10 20:48:32,448 INFO o.a.j.t.JMeterThread: Thread started: Thread Group - until HTTP 503 - 192 users 1-39
2026-09-10 20:48:32,761 INFO o.a.j.t.JMeterThread: Thread started: Thread Group - until HTTP 503 - 192 users 1-40
2026-09-10 20:48:33,075 INFO o.a.j.t.JMeterThread: Thread started: Thread Group - until HTTP 503 - 192 users 1-41
2026-09-10 20:48:33,388 INFO o.a.j.t.JMeterThread: Thread started: Thread Group - until HTTP 503 - 192 users 1-42
2026-09-10 20:48:33,699 INFO o.a.j.t.JMeterThread: Thread started: Thread Group - until HTTP 503 - 192 users 1-43
2026-09-10 20:48:34,012 INFO o.a.j.t.JMeterThread: Thread started: Thread Group - until HTTP 503 - 192 users 1-44
2026-09-10 20:48:34,326 INFO o.a.j.t.JMeterThread: Thread started: Thread Group - until HTTP 503 - 192 users 1-45
2026-09-10 20:48:34,639 INFO o.a.j.t.JMeterThread: Thread started: Thread Group - until HTTP 503 - 192 users 1-46
2026-09-10 20:48:34,952 INFO o.a.j.t.JMeterThread: Thread started: Thread Group - until HTTP 503 - 192 users 1-47
2026-09-10 20:48:35,265 INFO o.a.j.t.JMeterThread: Thread started: Thread Group - until HTTP 503 - 192 users 1-48
2026-09-10 20:48:35,577 INFO o.a.j.t.JMeterThread: Thread started: Thread Group - until HTTP 503 - 192 users 1-49
2026-09-10 20:48:35,890 INFO o.a.j.t.JMeterThread: Thread started: Thread Group - until HTTP 503 - 192 users 1-50
2026-09-10 20:48:36,204 INFO o.a.j.t.JMeterThread: Thread started: Thread Group - until HTTP 503 - 192 users 1-51
2026-09-10 20:48:36,518 INFO o.a.j.t.JMeterThread: Thread started: Thread Group - until HTTP 503 - 192 users 1-52
2026-09-10 20:48:36,829 INFO o.a.j.t.JMeterThread: Thread started: Thread Group - until HTTP 503 - 192 users 1-53
2026-09-10 20:48:37,143 INFO o.a.j.t.JMeterThread: Thread started: Thread Group - until HTTP 503 - 192 users 1-54
2026-09-10 20:48:37,456 INFO o.a.j.t.JMeterThread: Thread started: Thread Group - until HTTP 503 - 192 users 1-55
2026-09-10 20:48:37,770 INFO o.a.j.t.JMeterThread: Thread started: Thread Group - until HTTP 503 - 192 users 1-56
2026-09-10 20:48:38,082 INFO o.a.j.t.JMeterThread: Thread started: Thread Group - until HTTP 503 - 192 users 1-57
2026-09-10 20:48:38,395 INFO o.a.j.t.JMeterThread: Thread started: Thread Group - until HTTP 503 - 192 users 1-58
2026-09-10 20:48:38,708 INFO o.a.j.t.JMeterThread: Thread started: Thread Group - until HTTP 503 - 192 users 1-59
2026-09-10 20:48:39,020 INFO o.a.j.t.JMeterThread: Thread started: Thread Group - until HTTP 503 - 192 users 1-60
2026-09-10 20:48:39,333 INFO o.a.j.t.JMeterThread: Thread started: Thread Group - until HTTP 503 - 192 users 1-61
2026-09-10 20:48:39,648 INFO o.a.j.t.JMeterThread: Thread started: Thread Group - until HTTP 503 - 192 users 1-62
2026-09-10 20:48:39,960 INFO o.a.j.t.JMeterThread: Thread started: Thread Group - until HTTP 503 - 192 users 1-63
2026-09-10 20:48:40,272 INFO o.a.j.t.JMeterThread: Thread started: Thread Group - until HTTP 503 - 192 users 1-64
2026-09-10 20:48:40,585 INFO o.a.j.t.JMeterThread: Thread started: Thread Group - until HTTP 503 - 192 users 1-65
2026-09-10 20:48:40,899 INFO o.a.j.t.JMeterThread: Thread started: Thread Group - until HTTP 503 - 192 users 1-66
2026-09-10 20:48:41,213 INFO o.a.j.t.JMeterThread: Thread started: Thread Group - until HTTP 503 - 192 users 1-67
2026-09-10 20:48:41,526 INFO o.a.j.t.JMeterThread: Thread started: Thread Group - until HTTP 503 - 192 users 1-68
2026-09-10 20:48:41,837 INFO o.a.j.t.JMeterThread: Thread started: Thread Group - until HTTP 503 - 192 users 1-69
2026-09-10 20:48:42,151 INFO o.a.j.t.JMeterThread: Thread started: Thread Group - until HTTP 503 - 192 users 1-70
2026-09-10 20:48:42,464 INFO o.a.j.t.JMeterThread: Thread started: Thread Group - until HTTP 503 - 192 users 1-71
2026-09-10 20:48:42,777 INFO o.a.j.t.JMeterThread: Thread started: Thread Group - until HTTP 503 - 192 users 1-72
2026-09-10 20:48:43,089 INFO o.a.j.t.JMeterThread: Thread started: Thread Group - until HTTP 503 - 192 users 1-73
2026-09-10 20:48:43,403 INFO o.a.j.t.JMeterThread: Thread started: Thread Group - until HTTP 503 - 192 users 1-74
2026-09-10 20:48:43,717 INFO o.a.j.t.JMeterThread: Thread started: Thread Group - until HTTP 503 - 192 users 1-75
2026-09-10 20:48:44,030 INFO o.a.j.t.JMeterThread: Thread started: Thread Group - until HTTP 503 - 192 users 1-76
2026-09-10 20:48:44,342 INFO o.a.j.t.JMeterThread: Thread started: Thread Group - until HTTP 503 - 192 users 1-77
2026-09-10 20:48:44,655 INFO o.a.j.t.JMeterThread: Thread started: Thread Group - until HTTP 503 - 192 users 1-78
2026-09-10 20:48:44,970 INFO o.a.j.t.JMeterThread: Thread started: Thread Group - until HTTP 503 - 192 users 1-79
2026-09-10 20:48:45,282 INFO o.a.j.t.JMeterThread: Thread started: Thread Group - until HTTP 503 - 192 users 1-80
2026-09-10 20:48:45,595 INFO o.a.j.t.JMeterThread: Thread started: Thread Group - until HTTP 503 - 192 users 1-81
2026-09-10 20:48:45,908 INFO o.a.j.t.JMeterThread: Thread started: Thread Group - until HTTP 503 - 192 users 1-82
2026-09-10 20:48:46,221 INFO o.a.j.t.JMeterThread: Thread started: Thread Group - until HTTP 503 - 192 users 1-83
2026-09-10 20:48:46,533 INFO o.a.j.t.JMeterThread: Thread started: Thread Group - until HTTP 503 - 192 users 1-84
2026-09-10 20:48:46,846 INFO o.a.j.t.JMeterThread: Thread started: Thread Group - until HTTP 503 - 192 users 1-85
2026-09-10 20:48:47,159 INFO o.a.j.t.JMeterThread: Thread started: Thread Group - until HTTP 503 - 192 users 1-86
2026-09-10 20:48:47,471 INFO o.a.j.t.JMeterThread: Thread started: Thread Group - until HTTP 503 - 192 users 1-87
2026-09-10 20:48:47,786 INFO o.a.j.t.JMeterThread: Thread started: Thread Group - until HTTP 503 - 192 users 1-88
2026-09-10 20:48:48,099 INFO o.a.j.t.JMeterThread: Thread started: Thread Group - until HTTP 503 - 192 users 1-89
2026-09-10 20:48:48,411 INFO o.a.j.t.JMeterThread: Thread started: Thread Group - until HTTP 503 - 192 users 1-90
2026-09-10 20:48:48,724 INFO o.a.j.t.JMeterThread: Thread started: Thread Group - until HTTP 503 - 192 users 1-91
2026-09-10 20:48:49,038 INFO o.a.j.t.JMeterThread: Thread started: Thread Group - until HTTP 503 - 192 users 1-92
2026-09-10 20:48:49,352 INFO o.a.j.t.JMeterThread: Thread started: Thread Group - until HTTP 503 - 192 users 1-93
2026-09-10 20:48:49,663 INFO o.a.j.t.JMeterThread: Thread started: Thread Group - until HTTP 503 - 192 users 1-94
2026-09-10 20:48:49,976 INFO o.a.j.t.JMeterThread: Thread started: Thread Group - until HTTP 503 - 192 users 1-95
2026-09-10 20:48:50,289 INFO o.a.j.t.JMeterThread: Thread started: Thread Group - until HTTP 503 - 192 users 1-96
2026-09-10 20:48:50,603 INFO o.a.j.t.JMeterThread: Thread started: Thread Group - until HTTP 503 - 192 users 1-97
2026-09-10 20:48:50,915 INFO o.a.j.t.JMeterThread: Thread started: Thread Group - until HTTP 503 - 192 users 1-98
2026-09-10 20:48:51,234 INFO o.a.j.t.JMeterThread: Thread started: Thread Group - until HTTP 503 - 192 users 1-99
2026-09-10 20:48:51,544 INFO o.a.j.t.JMeterThread: Thread started: Thread Group - until HTTP 503 - 192 users 1-100
2026-09-10 20:48:51,862 INFO o.a.j.t.JMeterThread: Thread started: Thread Group - until HTTP 503 - 192 users 1-101
2026-09-10 20:48:52,170 INFO o.a.j.t.JMeterThread: Thread started: Thread Group - until HTTP 503 - 192 users 1-102
2026-09-10 20:48:52,483 INFO o.a.j.t.JMeterThread: Thread started: Thread Group - until HTTP 503 - 192 users 1-103
2026-09-10 20:48:52,801 INFO o.a.j.t.JMeterThread: Thread started: Thread Group - until HTTP 503 - 192 users 1-104
2026-09-10 20:48:53,110 INFO o.a.j.t.JMeterThread: Thread started: Thread Group - until HTTP 503 - 192 users 1-105
2026-09-10 20:48:53,424 INFO o.a.j.t.JMeterThread: Thread started: Thread Group - until HTTP 503 - 192 users 1-106
2026-09-10 20:48:53,736 INFO o.a.j.t.JMeterThread: Thread started: Thread Group - until HTTP 503 - 192 users 1-107
2026-09-10 20:48:54,048 INFO o.a.j.t.JMeterThread: Thread started: Thread Group - until HTTP 503 - 192 users 1-108
2026-09-10 20:48:54,358 INFO o.a.j.t.JMeterThread: Thread started: Thread Group - until HTTP 503 - 192 users 1-109
2026-09-10 20:48:54,674 INFO o.a.j.t.JMeterThread: Thread started: Thread Group - until HTTP 503 - 192 users 1-110
2026-09-10 20:48:54,987 INFO o.a.j.t.JMeterThread: Thread started: Thread Group - until HTTP 503 - 192 users 1-111
2026-09-10 20:48:55,300 INFO o.a.j.t.JMeterThread: Thread started: Thread Group - until HTTP 503 - 192 users 1-112
2026-09-10 20:48:55,612 INFO o.a.j.t.JMeterThread: Thread started: Thread Group - until HTTP 503 - 192 users 1-113
2026-09-10 20:48:55,926 INFO o.a.j.t.JMeterThread: Thread started: Thread Group - until HTTP 503 - 192 users 1-114
2026-09-10 20:48:56,239 INFO o.a.j.t.JMeterThread: Thread started: Thread Group - until HTTP 503 - 192 users 1-115
2026-09-10 20:48:56,552 INFO o.a.j.t.JMeterThread: Thread started: Thread Group - until HTTP 503 - 192 users 1-116
2026-09-10 20:48:56,866 INFO o.a.j.t.JMeterThread: Thread started: Thread Group - until HTTP 503 - 192 users 1-117
2026-09-10 20:48:57,178 INFO o.a.j.t.JMeterThread: Thread started: Thread Group - until HTTP 503 - 192 users 1-118
2026-09-10 20:48:57,487 INFO o.a.j.t.JMeterThread: Thread started: Thread Group - until HTTP 503 - 192 users 1-119
2026-09-10 20:48:57,800 INFO o.a.j.t.JMeterThread: Thread started: Thread Group - until HTTP 503 - 192 users 1-120
2026-09-10 20:48:58,121 INFO o.a.j.t.JMeterThread: Thread started: Thread Group - until HTTP 503 - 192 users 1-121
2026-09-10 20:48:58,431 INFO o.a.j.t.JMeterThread: Thread started: Thread Group - until HTTP 503 - 192 users 1-122
2026-09-10 20:48:58,742 INFO o.a.j.t.JMeterThread: Thread started: Thread Group - until HTTP 503 - 192 users 1-123
2026-09-10 20:48:59,055 INFO o.a.j.t.JMeterThread: Thread started: Thread Group - until HTTP 503 - 192 users 1-124
2026-09-10 20:48:59,369 INFO o.a.j.t.JMeterThread: Thread started: Thread Group - until HTTP 503 - 192 users 1-125
2026-09-10 20:48:59,682 INFO o.a.j.t.JMeterThread: Thread started: Thread Group - until HTTP 503 - 192 users 1-126
2026-09-10 20:48:59,994 INFO o.a.j.t.JMeterThread: Thread started: Thread Group - until HTTP 503 - 192 users 1-127
2026-09-10 20:49:00,298 INFO o.a.j.r.Summariser: summary +    804 in 00:00:30 =   26.6/s Avg:  2529 Min:   818 Max:  4945 Err:   804 (100.00%) Active: 127 Started: 127 Finished: 0
2026-09-10 20:49:00,300 INFO o.a.j.r.Summariser: summary =   1011 in 00:00:40 =   25.4/s Avg:  2144 Min:   513 Max:  4945 Err:   915 (90.50%)
2026-09-10 20:49:00,307 INFO o.a.j.t.JMeterThread: Thread started: Thread Group - until HTTP 503 - 192 users 1-128
2026-09-10 20:49:00,618 INFO o.a.j.t.JMeterThread: Thread started: Thread Group - until HTTP 503 - 192 users 1-129
2026-09-10 20:49:00,932 INFO o.a.j.t.JMeterThread: Thread started: Thread Group - until HTTP 503 - 192 users 1-130
2026-09-10 20:49:01,245 INFO o.a.j.t.JMeterThread: Thread started: Thread Group - until HTTP 503 - 192 users 1-131
2026-09-10 20:49:01,557 INFO o.a.j.t.JMeterThread: Thread started: Thread Group - until HTTP 503 - 192 users 1-132
2026-09-10 20:49:01,871 INFO o.a.j.t.JMeterThread: Thread started: Thread Group - until HTTP 503 - 192 users 1-133
2026-09-10 20:49:02,183 INFO o.a.j.t.JMeterThread: Thread started: Thread Group - until HTTP 503 - 192 users 1-134
2026-09-10 20:49:02,497 INFO o.a.j.t.JMeterThread: Thread started: Thread Group - until HTTP 503 - 192 users 1-135
2026-09-10 20:49:02,808 INFO o.a.j.t.JMeterThread: Thread started: Thread Group - until HTTP 503 - 192 users 1-136
2026-09-10 20:49:03,123 INFO o.a.j.t.JMeterThread: Thread started: Thread Group - until HTTP 503 - 192 users 1-137
2026-09-10 20:49:03,436 INFO o.a.j.t.JMeterThread: Thread started: Thread Group - until HTTP 503 - 192 users 1-138
2026-09-10 20:49:03,748 INFO o.a.j.t.JMeterThread: Thread started: Thread Group - until HTTP 503 - 192 users 1-139
2026-09-10 20:49:04,060 INFO o.a.j.t.JMeterThread: Thread started: Thread Group - until HTTP 503 - 192 users 1-140
2026-09-10 20:49:04,374 INFO o.a.j.t.JMeterThread: Thread started: Thread Group - until HTTP 503 - 192 users 1-141
2026-09-10 20:49:04,687 INFO o.a.j.t.JMeterThread: Thread started: Thread Group - until HTTP 503 - 192 users 1-142
2026-09-10 20:49:05,001 INFO o.a.j.t.JMeterThread: Thread started: Thread Group - until HTTP 503 - 192 users 1-143
2026-09-10 20:49:05,313 INFO o.a.j.t.JMeterThread: Thread started: Thread Group - until HTTP 503 - 192 users 1-144
2026-09-10 20:49:05,625 INFO o.a.j.t.JMeterThread: Thread started: Thread Group - until HTTP 503 - 192 users 1-145
2026-09-10 20:49:05,939 INFO o.a.j.t.JMeterThread: Thread started: Thread Group - until HTTP 503 - 192 users 1-146
2026-09-10 20:49:06,252 INFO o.a.j.t.JMeterThread: Thread started: Thread Group - until HTTP 503 - 192 users 1-147
2026-09-10 20:49:06,565 INFO o.a.j.t.JMeterThread: Thread started: Thread Group - until HTTP 503 - 192 users 1-148
2026-09-10 20:49:06,878 INFO o.a.j.t.JMeterThread: Thread started: Thread Group - until HTTP 503 - 192 users 1-149
2026-09-10 20:49:07,190 INFO o.a.j.t.JMeterThread: Thread started: Thread Group - until HTTP 503 - 192 users 1-150
2026-09-10 20:49:07,505 INFO o.a.j.t.JMeterThread: Thread started: Thread Group - until HTTP 503 - 192 users 1-151
2026-09-10 20:49:07,818 INFO o.a.j.t.JMeterThread: Thread started: Thread Group - until HTTP 503 - 192 users 1-152
2026-09-10 20:49:08,130 INFO o.a.j.t.JMeterThread: Thread started: Thread Group - until HTTP 503 - 192 users 1-153
2026-09-10 20:49:08,444 INFO o.a.j.t.JMeterThread: Thread started: Thread Group - until HTTP 503 - 192 users 1-154
2026-09-10 20:49:08,755 INFO o.a.j.t.JMeterThread: Thread started: Thread Group - until HTTP 503 - 192 users 1-155
2026-09-10 20:49:09,069 INFO o.a.j.t.JMeterThread: Thread started: Thread Group - until HTTP 503 - 192 users 1-156
2026-09-10 20:49:09,383 INFO o.a.j.t.JMeterThread: Thread started: Thread Group - until HTTP 503 - 192 users 1-157
2026-09-10 20:49:09,695 INFO o.a.j.t.JMeterThread: Thread started: Thread Group - until HTTP 503 - 192 users 1-158
2026-09-10 20:49:10,007 INFO o.a.j.t.JMeterThread: Thread started: Thread Group - until HTTP 503 - 192 users 1-159
2026-09-10 20:49:10,321 INFO o.a.j.t.JMeterThread: Thread started: Thread Group - until HTTP 503 - 192 users 1-160
2026-09-10 20:49:10,634 INFO o.a.j.t.JMeterThread: Thread started: Thread Group - until HTTP 503 - 192 users 1-161
2026-09-10 20:49:10,947 INFO o.a.j.t.JMeterThread: Thread started: Thread Group - until HTTP 503 - 192 users 1-162
2026-09-10 20:49:11,260 INFO o.a.j.t.JMeterThread: Thread started: Thread Group - until HTTP 503 - 192 users 1-163
2026-09-10 20:49:11,573 INFO o.a.j.t.JMeterThread: Thread started: Thread Group - until HTTP 503 - 192 users 1-164
2026-09-10 20:49:11,887 INFO o.a.j.t.JMeterThread: Thread started: Thread Group - until HTTP 503 - 192 users 1-165
2026-09-10 20:49:12,200 INFO o.a.j.t.JMeterThread: Thread started: Thread Group - until HTTP 503 - 192 users 1-166
2026-09-10 20:49:12,512 INFO o.a.j.t.JMeterThread: Thread started: Thread Group - until HTTP 503 - 192 users 1-167
2026-09-10 20:49:12,826 INFO o.a.j.t.JMeterThread: Thread started: Thread Group - until HTTP 503 - 192 users 1-168
2026-09-10 20:49:13,140 INFO o.a.j.t.JMeterThread: Thread started: Thread Group - until HTTP 503 - 192 users 1-169
2026-09-10 20:49:13,450 INFO o.a.j.t.JMeterThread: Thread started: Thread Group - until HTTP 503 - 192 users 1-170
2026-09-10 20:49:13,764 INFO o.a.j.t.JMeterThread: Thread started: Thread Group - until HTTP 503 - 192 users 1-171
2026-09-10 20:49:14,077 INFO o.a.j.t.JMeterThread: Thread started: Thread Group - until HTTP 503 - 192 users 1-172
2026-09-10 20:49:14,390 INFO o.a.j.t.JMeterThread: Thread started: Thread Group - until HTTP 503 - 192 users 1-173
2026-09-10 20:49:14,703 INFO o.a.j.t.JMeterThread: Thread started: Thread Group - until HTTP 503 - 192 users 1-174
2026-09-10 20:49:15,016 INFO o.a.j.t.JMeterThread: Thread started: Thread Group - until HTTP 503 - 192 users 1-175
2026-09-10 20:49:15,328 INFO o.a.j.t.JMeterThread: Thread started: Thread Group - until HTTP 503 - 192 users 1-176
2026-09-10 20:49:15,641 INFO o.a.j.t.JMeterThread: Thread started: Thread Group - until HTTP 503 - 192 users 1-177
2026-09-10 20:49:15,955 INFO o.a.j.t.JMeterThread: Thread started: Thread Group - until HTTP 503 - 192 users 1-178
2026-09-10 20:49:16,268 INFO o.a.j.t.JMeterThread: Thread started: Thread Group - until HTTP 503 - 192 users 1-179
2026-09-10 20:49:16,581 INFO o.a.j.t.JMeterThread: Thread started: Thread Group - until HTTP 503 - 192 users 1-180
2026-09-10 20:49:16,893 INFO o.a.j.t.JMeterThread: Thread started: Thread Group - until HTTP 503 - 192 users 1-181
2026-09-10 20:49:17,206 INFO o.a.j.t.JMeterThread: Thread started: Thread Group - until HTTP 503 - 192 users 1-182
2026-09-10 20:49:17,520 INFO o.a.j.t.JMeterThread: Thread started: Thread Group - until HTTP 503 - 192 users 1-183
2026-09-10 20:49:17,832 INFO o.a.j.t.JMeterThread: Thread started: Thread Group - until HTTP 503 - 192 users 1-184
2026-09-10 20:49:18,147 INFO o.a.j.t.JMeterThread: Thread started: Thread Group - until HTTP 503 - 192 users 1-185
2026-09-10 20:49:18,459 INFO o.a.j.t.JMeterThread: Thread started: Thread Group - until HTTP 503 - 192 users 1-186
2026-09-10 20:49:18,773 INFO o.a.j.t.JMeterThread: Thread started: Thread Group - until HTTP 503 - 192 users 1-187
2026-09-10 20:49:19,087 INFO o.a.j.t.JMeterThread: Thread started: Thread Group - until HTTP 503 - 192 users 1-188
2026-09-10 20:49:19,400 INFO o.a.j.t.JMeterThread: Thread started: Thread Group - until HTTP 503 - 192 users 1-189
2026-09-10 20:49:19,712 INFO o.a.j.t.JMeterThread: Thread started: Thread Group - until HTTP 503 - 192 users 1-190
2026-09-10 20:49:20,025 INFO o.a.j.t.JMeterThread: Thread started: Thread Group - until HTTP 503 - 192 users 1-191
2026-09-10 20:49:20,338 INFO o.a.j.t.JMeterThread: Thread started: Thread Group - until HTTP 503 - 192 users 1-192
2026-09-10 20:49:30,365 INFO o.a.j.r.Summariser: summary +    828 in 00:00:30 =   27.5/s Avg:  5596 Min:  3188 Max:  9690 Err:   828 (100.00%) Active: 192 Started: 192 Finished: 0
2026-09-10 20:49:30,368 INFO o.a.j.r.Summariser: summary =   1839 in 00:01:10 =   26.3/s Avg:  3698 Min:   513 Max:  9690 Err:  1743 (94.78%)
2026-09-10 20:49:51,009 INFO o.a.j.t.JMeterThread: Stopping because end time detected by thread: Thread Group - until HTTP 503 - 192 users 1-183
2026-09-10 20:49:51,009 INFO o.a.j.t.JMeterThread: Stopping because end time detected by thread: Thread Group - until HTTP 503 - 192 users 1-163
2026-09-10 20:49:51,009 INFO o.a.j.t.JMeterThread: Stopping because end time detected by thread: Thread Group - until HTTP 503 - 192 users 1-33
2026-09-10 20:49:51,009 INFO o.a.j.t.JMeterThread: Stopping because end time detected by thread: Thread Group - until HTTP 503 - 192 users 1-89
2026-09-10 20:49:51,010 INFO o.a.j.t.JMeterThread: Stopping because end time detected by thread: Thread Group - until HTTP 503 - 192 users 1-191
2026-09-10 20:49:51,010 INFO o.a.j.t.JMeterThread: Thread finished: Thread Group - until HTTP 503 - 192 users 1-183
2026-09-10 20:49:51,010 INFO o.a.j.t.JMeterThread: Thread finished: Thread Group - until HTTP 503 - 192 users 1-33
2026-09-10 20:49:51,010 INFO o.a.j.t.JMeterThread: Thread finished: Thread Group - until HTTP 503 - 192 users 1-191
2026-09-10 20:49:51,010 INFO o.a.j.t.JMeterThread: Thread finished: Thread Group - until HTTP 503 - 192 users 1-89
2026-09-10 20:49:51,010 INFO o.a.j.t.JMeterThread: Thread finished: Thread Group - until HTTP 503 - 192 users 1-163
2026-09-10 20:49:51,012 INFO o.a.j.t.JMeterThread: Stopping because end time detected by thread: Thread Group - until HTTP 503 - 192 users 1-46
2026-09-10 20:49:51,012 INFO o.a.j.t.JMeterThread: Thread finished: Thread Group - until HTTP 503 - 192 users 1-46
2026-09-10 20:49:51,012 INFO o.a.j.t.JMeterThread: Stopping because end time detected by thread: Thread Group - until HTTP 503 - 192 users 1-25
2026-09-10 20:49:51,012 INFO o.a.j.t.JMeterThread: Stopping because end time detected by thread: Thread Group - until HTTP 503 - 192 users 1-104
2026-09-10 20:49:51,012 INFO o.a.j.t.JMeterThread: Thread finished: Thread Group - until HTTP 503 - 192 users 1-25
2026-09-10 20:49:51,012 INFO o.a.j.t.JMeterThread: Stopping because end time detected by thread: Thread Group - until HTTP 503 - 192 users 1-22
2026-09-10 20:49:51,012 INFO o.a.j.t.JMeterThread: Thread finished: Thread Group - until HTTP 503 - 192 users 1-104
2026-09-10 20:49:51,012 INFO o.a.j.t.JMeterThread: Stopping because end time detected by thread: Thread Group - until HTTP 503 - 192 users 1-121
2026-09-10 20:49:51,012 INFO o.a.j.t.JMeterThread: Thread finished: Thread Group - until HTTP 503 - 192 users 1-22
2026-09-10 20:49:51,013 INFO o.a.j.t.JMeterThread: Thread finished: Thread Group - until HTTP 503 - 192 users 1-121
2026-09-10 20:49:51,014 INFO o.a.j.t.JMeterThread: Stopping because end time detected by thread: Thread Group - until HTTP 503 - 192 users 1-11
2026-09-10 20:49:51,014 INFO o.a.j.t.JMeterThread: Stopping because end time detected by thread: Thread Group - until HTTP 503 - 192 users 1-19
2026-09-10 20:49:51,014 INFO o.a.j.t.JMeterThread: Thread finished: Thread Group - until HTTP 503 - 192 users 1-11
2026-09-10 20:49:51,014 INFO o.a.j.t.JMeterThread: Thread finished: Thread Group - until HTTP 503 - 192 users 1-19
2026-09-10 20:49:51,014 INFO o.a.j.t.JMeterThread: Stopping because end time detected by thread: Thread Group - until HTTP 503 - 192 users 1-105
2026-09-10 20:49:51,015 INFO o.a.j.t.JMeterThread: Stopping because end time detected by thread: Thread Group - until HTTP 503 - 192 users 1-117
2026-09-10 20:49:51,015 INFO o.a.j.t.JMeterThread: Stopping because end time detected by thread: Thread Group - until HTTP 503 - 192 users 1-182
2026-09-10 20:49:51,015 INFO o.a.j.t.JMeterThread: Stopping because end time detected by thread: Thread Group - until HTTP 503 - 192 users 1-129
2026-09-10 20:49:51,015 INFO o.a.j.t.JMeterThread: Thread finished: Thread Group - until HTTP 503 - 192 users 1-117
2026-09-10 20:49:51,015 INFO o.a.j.t.JMeterThread: Thread finished: Thread Group - until HTTP 503 - 192 users 1-182
2026-09-10 20:49:51,014 INFO o.a.j.t.JMeterThread: Stopping because end time detected by thread: Thread Group - until HTTP 503 - 192 users 1-77
2026-09-10 20:49:51,015 INFO o.a.j.t.JMeterThread: Stopping because end time detected by thread: Thread Group - until HTTP 503 - 192 users 1-165
2026-09-10 20:49:51,015 INFO o.a.j.t.JMeterThread: Thread finished: Thread Group - until HTTP 503 - 192 users 1-77
2026-09-10 20:49:51,015 INFO o.a.j.t.JMeterThread: Thread finished: Thread Group - until HTTP 503 - 192 users 1-165
2026-09-10 20:49:51,015 INFO o.a.j.t.JMeterThread: Stopping because end time detected by thread: Thread Group - until HTTP 503 - 192 users 1-92
2026-09-10 20:49:51,015 INFO o.a.j.t.JMeterThread: Stopping because end time detected by thread: Thread Group - until HTTP 503 - 192 users 1-184
2026-09-10 20:49:51,014 INFO o.a.j.t.JMeterThread: Stopping because end time detected by thread: Thread Group - until HTTP 503 - 192 users 1-36
2026-09-10 20:49:51,015 INFO o.a.j.t.JMeterThread: Thread finished: Thread Group - until HTTP 503 - 192 users 1-105
2026-09-10 20:49:51,015 INFO o.a.j.t.JMeterThread: Stopping because end time detected by thread: Thread Group - until HTTP 503 - 192 users 1-128
2026-09-10 20:49:51,015 INFO o.a.j.t.JMeterThread: Stopping because end time detected by thread: Thread Group - until HTTP 503 - 192 users 1-93
2026-09-10 20:49:51,015 INFO o.a.j.t.JMeterThread: Thread finished: Thread Group - until HTTP 503 - 192 users 1-129
2026-09-10 20:49:51,015 INFO o.a.j.t.JMeterThread: Stopping because end time detected by thread: Thread Group - until HTTP 503 - 192 users 1-185
2026-09-10 20:49:51,016 INFO o.a.j.t.JMeterThread: Thread finished: Thread Group - until HTTP 503 - 192 users 1-93
2026-09-10 20:49:51,015 INFO o.a.j.t.JMeterThread: Thread finished: Thread Group - until HTTP 503 - 192 users 1-92
2026-09-10 20:49:51,016 INFO o.a.j.t.JMeterThread: Thread finished: Thread Group - until HTTP 503 - 192 users 1-36
2026-09-10 20:49:51,016 INFO o.a.j.t.JMeterThread: Stopping because end time detected by thread: Thread Group - until HTTP 503 - 192 users 1-150
2026-09-10 20:49:51,016 INFO o.a.j.t.JMeterThread: Thread finished: Thread Group - until HTTP 503 - 192 users 1-128
2026-09-10 20:49:51,016 INFO o.a.j.t.JMeterThread: Thread finished: Thread Group - until HTTP 503 - 192 users 1-185
2026-09-10 20:49:51,016 INFO o.a.j.t.JMeterThread: Thread finished: Thread Group - until HTTP 503 - 192 users 1-184
2026-09-10 20:49:51,016 INFO o.a.j.t.JMeterThread: Thread finished: Thread Group - until HTTP 503 - 192 users 1-150
2026-09-10 20:49:51,054 INFO o.a.j.t.JMeterThread: Stopping because end time detected by thread: Thread Group - until HTTP 503 - 192 users 1-81
2026-09-10 20:49:51,054 INFO o.a.j.t.JMeterThread: Stopping because end time detected by thread: Thread Group - until HTTP 503 - 192 users 1-192
2026-09-10 20:49:51,054 INFO o.a.j.t.JMeterThread: Thread finished: Thread Group - until HTTP 503 - 192 users 1-81
2026-09-10 20:49:51,055 INFO o.a.j.t.JMeterThread: Thread finished: Thread Group - until HTTP 503 - 192 users 1-192
2026-09-10 20:49:51,102 INFO o.a.j.t.JMeterThread: Stopping because end time detected by thread: Thread Group - until HTTP 503 - 192 users 1-10
2026-09-10 20:49:51,102 INFO o.a.j.t.JMeterThread: Thread finished: Thread Group - until HTTP 503 - 192 users 1-10
2026-09-10 20:49:51,194 INFO o.a.j.t.JMeterThread: Stopping because end time detected by thread: Thread Group - until HTTP 503 - 192 users 1-149
2026-09-10 20:49:51,194 INFO o.a.j.t.JMeterThread: Thread finished: Thread Group - until HTTP 503 - 192 users 1-149
2026-09-10 20:49:51,195 INFO o.a.j.t.JMeterThread: Stopping because end time detected by thread: Thread Group - until HTTP 503 - 192 users 1-80
2026-09-10 20:49:51,195 INFO o.a.j.t.JMeterThread: Stopping because end time detected by thread: Thread Group - until HTTP 503 - 192 users 1-136
2026-09-10 20:49:51,195 INFO o.a.j.t.JMeterThread: Thread finished: Thread Group - until HTTP 503 - 192 users 1-80
2026-09-10 20:49:51,195 INFO o.a.j.t.JMeterThread: Thread finished: Thread Group - until HTTP 503 - 192 users 1-136
2026-09-10 20:49:51,195 INFO o.a.j.t.JMeterThread: Stopping because end time detected by thread: Thread Group - until HTTP 503 - 192 users 1-139
2026-09-10 20:49:51,195 INFO o.a.j.t.JMeterThread: Thread finished: Thread Group - until HTTP 503 - 192 users 1-139
2026-09-10 20:49:51,286 INFO o.a.j.t.JMeterThread: Stopping because end time detected by thread: Thread Group - until HTTP 503 - 192 users 1-187
2026-09-10 20:49:51,286 INFO o.a.j.t.JMeterThread: Thread finished: Thread Group - until HTTP 503 - 192 users 1-187
2026-09-10 20:49:51,287 INFO o.a.j.t.JMeterThread: Stopping because end time detected by thread: Thread Group - until HTTP 503 - 192 users 1-35
2026-09-10 20:49:51,287 INFO o.a.j.t.JMeterThread: Stopping because end time detected by thread: Thread Group - until HTTP 503 - 192 users 1-42
2026-09-10 20:49:51,287 INFO o.a.j.t.JMeterThread: Stopping because end time detected by thread: Thread Group - until HTTP 503 - 192 users 1-49
2026-09-10 20:49:51,287 INFO o.a.j.t.JMeterThread: Stopping because end time detected by thread: Thread Group - until HTTP 503 - 192 users 1-7
2026-09-10 20:49:51,287 INFO o.a.j.t.JMeterThread: Thread finished: Thread Group - until HTTP 503 - 192 users 1-49
2026-09-10 20:49:51,287 INFO o.a.j.t.JMeterThread: Stopping because end time detected by thread: Thread Group - until HTTP 503 - 192 users 1-47
2026-09-10 20:49:51,287 INFO o.a.j.t.JMeterThread: Thread finished: Thread Group - until HTTP 503 - 192 users 1-42
2026-09-10 20:49:51,287 INFO o.a.j.t.JMeterThread: Thread finished: Thread Group - until HTTP 503 - 192 users 1-7
2026-09-10 20:49:51,288 INFO o.a.j.t.JMeterThread: Stopping because end time detected by thread: Thread Group - until HTTP 503 - 192 users 1-109
2026-09-10 20:49:51,288 INFO o.a.j.t.JMeterThread: Thread finished: Thread Group - until HTTP 503 - 192 users 1-109
2026-09-10 20:49:51,288 INFO o.a.j.t.JMeterThread: Stopping because end time detected by thread: Thread Group - until HTTP 503 - 192 users 1-71
2026-09-10 20:49:51,288 INFO o.a.j.t.JMeterThread: Thread finished: Thread Group - until HTTP 503 - 192 users 1-71
2026-09-10 20:49:51,288 INFO o.a.j.t.JMeterThread: Stopping because end time detected by thread: Thread Group - until HTTP 503 - 192 users 1-125
2026-09-10 20:49:51,289 INFO o.a.j.t.JMeterThread: Thread finished: Thread Group - until HTTP 503 - 192 users 1-125
2026-09-10 20:49:51,287 INFO o.a.j.t.JMeterThread: Thread finished: Thread Group - until HTTP 503 - 192 users 1-35
2026-09-10 20:49:51,289 INFO o.a.j.t.JMeterThread: Stopping because end time detected by thread: Thread Group - until HTTP 503 - 192 users 1-132
2026-09-10 20:49:51,289 INFO o.a.j.t.JMeterThread: Thread finished: Thread Group - until HTTP 503 - 192 users 1-132
2026-09-10 20:49:51,289 INFO o.a.j.t.JMeterThread: Stopping because end time detected by thread: Thread Group - until HTTP 503 - 192 users 1-127
2026-09-10 20:49:51,289 INFO o.a.j.t.JMeterThread: Thread finished: Thread Group - until HTTP 503 - 192 users 1-127
2026-09-10 20:49:51,287 INFO o.a.j.t.JMeterThread: Stopping because end time detected by thread: Thread Group - until HTTP 503 - 192 users 1-78
2026-09-10 20:49:51,287 INFO o.a.j.t.JMeterThread: Stopping because end time detected by thread: Thread Group - until HTTP 503 - 192 users 1-90
2026-09-10 20:49:51,289 INFO o.a.j.t.JMeterThread: Thread finished: Thread Group - until HTTP 503 - 192 users 1-78
2026-09-10 20:49:51,289 INFO o.a.j.t.JMeterThread: Thread finished: Thread Group - until HTTP 503 - 192 users 1-90
2026-09-10 20:49:51,287 INFO o.a.j.t.JMeterThread: Stopping because end time detected by thread: Thread Group - until HTTP 503 - 192 users 1-100
2026-09-10 20:49:51,288 INFO o.a.j.t.JMeterThread: Thread finished: Thread Group - until HTTP 503 - 192 users 1-47
2026-09-10 20:49:51,289 INFO o.a.j.t.JMeterThread: Stopping because end time detected by thread: Thread Group - until HTTP 503 - 192 users 1-140
2026-09-10 20:49:51,289 INFO o.a.j.t.JMeterThread: Thread finished: Thread Group - until HTTP 503 - 192 users 1-100
2026-09-10 20:49:51,289 INFO o.a.j.t.JMeterThread: Stopping because end time detected by thread: Thread Group - until HTTP 503 - 192 users 1-111
2026-09-10 20:49:51,289 INFO o.a.j.t.JMeterThread: Stopping because end time detected by thread: Thread Group - until HTTP 503 - 192 users 1-180
2026-09-10 20:49:51,289 INFO o.a.j.t.JMeterThread: Stopping because end time detected by thread: Thread Group - until HTTP 503 - 192 users 1-114
2026-09-10 20:49:51,289 INFO o.a.j.t.JMeterThread: Stopping because end time detected by thread: Thread Group - until HTTP 503 - 192 users 1-181
2026-09-10 20:49:51,289 INFO o.a.j.t.JMeterThread: Thread finished: Thread Group - until HTTP 503 - 192 users 1-180
2026-09-10 20:49:51,289 INFO o.a.j.t.JMeterThread: Stopping because end time detected by thread: Thread Group - until HTTP 503 - 192 users 1-20
2026-09-10 20:49:51,289 INFO o.a.j.t.JMeterThread: Thread finished: Thread Group - until HTTP 503 - 192 users 1-114
2026-09-10 20:49:51,289 INFO o.a.j.t.JMeterThread: Thread finished: Thread Group - until HTTP 503 - 192 users 1-20
2026-09-10 20:49:51,289 INFO o.a.j.t.JMeterThread: Thread finished: Thread Group - until HTTP 503 - 192 users 1-140
2026-09-10 20:49:51,289 INFO o.a.j.t.JMeterThread: Thread finished: Thread Group - until HTTP 503 - 192 users 1-111
2026-09-10 20:49:51,290 INFO o.a.j.t.JMeterThread: Thread finished: Thread Group - until HTTP 503 - 192 users 1-181
2026-09-10 20:49:51,290 INFO o.a.j.t.JMeterThread: Stopping because end time detected by thread: Thread Group - until HTTP 503 - 192 users 1-156
2026-09-10 20:49:51,290 INFO o.a.j.t.JMeterThread: Stopping because end time detected by thread: Thread Group - until HTTP 503 - 192 users 1-40
2026-09-10 20:49:51,290 INFO o.a.j.t.JMeterThread: Thread finished: Thread Group - until HTTP 503 - 192 users 1-156
2026-09-10 20:49:51,290 INFO o.a.j.t.JMeterThread: Thread finished: Thread Group - until HTTP 503 - 192 users 1-40
2026-09-10 20:49:51,290 INFO o.a.j.t.JMeterThread: Stopping because end time detected by thread: Thread Group - until HTTP 503 - 192 users 1-31
2026-09-10 20:49:51,290 INFO o.a.j.t.JMeterThread: Stopping because end time detected by thread: Thread Group - until HTTP 503 - 192 users 1-2
2026-09-10 20:49:51,290 INFO o.a.j.t.JMeterThread: Stopping because end time detected by thread: Thread Group - until HTTP 503 - 192 users 1-8
2026-09-10 20:49:51,291 INFO o.a.j.t.JMeterThread: Thread finished: Thread Group - until HTTP 503 - 192 users 1-8
2026-09-10 20:49:51,291 INFO o.a.j.t.JMeterThread: Stopping because end time detected by thread: Thread Group - until HTTP 503 - 192 users 1-24
2026-09-10 20:49:51,291 INFO o.a.j.t.JMeterThread: Stopping because end time detected by thread: Thread Group - until HTTP 503 - 192 users 1-51
2026-09-10 20:49:51,291 INFO o.a.j.t.JMeterThread: Stopping because end time detected by thread: Thread Group - until HTTP 503 - 192 users 1-54
2026-09-10 20:49:51,291 INFO o.a.j.t.JMeterThread: Thread finished: Thread Group - until HTTP 503 - 192 users 1-51
2026-09-10 20:49:51,291 INFO o.a.j.t.JMeterThread: Stopping because end time detected by thread: Thread Group - until HTTP 503 - 192 users 1-41
2026-09-10 20:49:51,291 INFO o.a.j.t.JMeterThread: Stopping because end time detected by thread: Thread Group - until HTTP 503 - 192 users 1-59
2026-09-10 20:49:51,291 INFO o.a.j.t.JMeterThread: Thread finished: Thread Group - until HTTP 503 - 192 users 1-41
2026-09-10 20:49:51,291 INFO o.a.j.t.JMeterThread: Thread finished: Thread Group - until HTTP 503 - 192 users 1-59
2026-09-10 20:49:51,291 INFO o.a.j.t.JMeterThread: Stopping because end time detected by thread: Thread Group - until HTTP 503 - 192 users 1-37
2026-09-10 20:49:51,291 INFO o.a.j.t.JMeterThread: Thread finished: Thread Group - until HTTP 503 - 192 users 1-37
2026-09-10 20:49:51,291 INFO o.a.j.t.JMeterThread: Stopping because end time detected by thread: Thread Group - until HTTP 503 - 192 users 1-58
2026-09-10 20:49:51,291 INFO o.a.j.t.JMeterThread: Stopping because end time detected by thread: Thread Group - until HTTP 503 - 192 users 1-53
2026-09-10 20:49:51,291 INFO o.a.j.t.JMeterThread: Stopping because end time detected by thread: Thread Group - until HTTP 503 - 192 users 1-103
2026-09-10 20:49:51,292 INFO o.a.j.t.JMeterThread: Thread finished: Thread Group - until HTTP 503 - 192 users 1-53
2026-09-10 20:49:51,292 INFO o.a.j.t.JMeterThread: Thread finished: Thread Group - until HTTP 503 - 192 users 1-103
2026-09-10 20:49:51,292 INFO o.a.j.t.JMeterThread: Stopping because end time detected by thread: Thread Group - until HTTP 503 - 192 users 1-75
2026-09-10 20:49:51,292 INFO o.a.j.t.JMeterThread: Stopping because end time detected by thread: Thread Group - until HTTP 503 - 192 users 1-52
2026-09-10 20:49:51,292 INFO o.a.j.t.JMeterThread: Stopping because end time detected by thread: Thread Group - until HTTP 503 - 192 users 1-83
2026-09-10 20:49:51,292 INFO o.a.j.t.JMeterThread: Thread finished: Thread Group - until HTTP 503 - 192 users 1-52
2026-09-10 20:49:51,292 INFO o.a.j.t.JMeterThread: Thread finished: Thread Group - until HTTP 503 - 192 users 1-83
2026-09-10 20:49:51,292 INFO o.a.j.t.JMeterThread: Stopping because end time detected by thread: Thread Group - until HTTP 503 - 192 users 1-72
2026-09-10 20:49:51,292 INFO o.a.j.t.JMeterThread: Stopping because end time detected by thread: Thread Group - until HTTP 503 - 192 users 1-57
2026-09-10 20:49:51,292 INFO o.a.j.t.JMeterThread: Thread finished: Thread Group - until HTTP 503 - 192 users 1-57
2026-09-10 20:49:51,292 INFO o.a.j.t.JMeterThread: Stopping because end time detected by thread: Thread Group - until HTTP 503 - 192 users 1-98
2026-09-10 20:49:51,292 INFO o.a.j.t.JMeterThread: Stopping because end time detected by thread: Thread Group - until HTTP 503 - 192 users 1-99
2026-09-10 20:49:51,292 INFO o.a.j.t.JMeterThread: Thread finished: Thread Group - until HTTP 503 - 192 users 1-98
2026-09-10 20:49:51,292 INFO o.a.j.t.JMeterThread: Thread finished: Thread Group - until HTTP 503 - 192 users 1-99
2026-09-10 20:49:51,292 INFO o.a.j.t.JMeterThread: Stopping because end time detected by thread: Thread Group - until HTTP 503 - 192 users 1-60
2026-09-10 20:49:51,292 INFO o.a.j.t.JMeterThread: Thread finished: Thread Group - until HTTP 503 - 192 users 1-60
2026-09-10 20:49:51,290 INFO o.a.j.t.JMeterThread: Stopping because end time detected by thread: Thread Group - until HTTP 503 - 192 users 1-29
2026-09-10 20:49:51,292 INFO o.a.j.t.JMeterThread: Stopping because end time detected by thread: Thread Group - until HTTP 503 - 192 users 1-115
2026-09-10 20:49:51,290 INFO o.a.j.t.JMeterThread: Thread finished: Thread Group - until HTTP 503 - 192 users 1-31
2026-09-10 20:49:51,292 INFO o.a.j.t.JMeterThread: Thread finished: Thread Group - until HTTP 503 - 192 users 1-115
2026-09-10 20:49:51,290 INFO o.a.j.t.JMeterThread: Thread finished: Thread Group - until HTTP 503 - 192 users 1-2
2026-09-10 20:49:51,292 INFO o.a.j.t.JMeterThread: Stopping because end time detected by thread: Thread Group - until HTTP 503 - 192 users 1-88
2026-09-10 20:49:51,293 INFO o.a.j.t.JMeterThread: Thread finished: Thread Group - until HTTP 503 - 192 users 1-88
2026-09-10 20:49:51,293 INFO o.a.j.t.JMeterThread: Stopping because end time detected by thread: Thread Group - until HTTP 503 - 192 users 1-96
2026-09-10 20:49:51,293 INFO o.a.j.t.JMeterThread: Thread finished: Thread Group - until HTTP 503 - 192 users 1-96
2026-09-10 20:49:51,293 INFO o.a.j.t.JMeterThread: Stopping because end time detected by thread: Thread Group - until HTTP 503 - 192 users 1-56
2026-09-10 20:49:51,293 INFO o.a.j.t.JMeterThread: Stopping because end time detected by thread: Thread Group - until HTTP 503 - 192 users 1-126
2026-09-10 20:49:51,293 INFO o.a.j.t.JMeterThread: Stopping because end time detected by thread: Thread Group - until HTTP 503 - 192 users 1-151
2026-09-10 20:49:51,293 INFO o.a.j.t.JMeterThread: Stopping because end time detected by thread: Thread Group - until HTTP 503 - 192 users 1-97
2026-09-10 20:49:51,293 INFO o.a.j.t.JMeterThread: Thread finished: Thread Group - until HTTP 503 - 192 users 1-97
2026-09-10 20:49:51,290 INFO o.a.j.t.JMeterThread: Stopping because end time detected by thread: Thread Group - until HTTP 503 - 192 users 1-17
2026-09-10 20:49:51,293 INFO o.a.j.t.JMeterThread: Stopping because end time detected by thread: Thread Group - until HTTP 503 - 192 users 1-108
2026-09-10 20:49:51,293 INFO o.a.j.t.JMeterThread: Thread finished: Thread Group - until HTTP 503 - 192 users 1-17
2026-09-10 20:49:51,293 INFO o.a.j.t.JMeterThread: Stopping because end time detected by thread: Thread Group - until HTTP 503 - 192 users 1-154
2026-09-10 20:49:51,293 INFO o.a.j.t.JMeterThread: Stopping because end time detected by thread: Thread Group - until HTTP 503 - 192 users 1-158
2026-09-10 20:49:51,293 INFO o.a.j.t.JMeterThread: Thread finished: Thread Group - until HTTP 503 - 192 users 1-154
2026-09-10 20:49:51,293 INFO o.a.j.t.JMeterThread: Thread finished: Thread Group - until HTTP 503 - 192 users 1-158
2026-09-10 20:49:51,293 INFO o.a.j.t.JMeterThread: Stopping because end time detected by thread: Thread Group - until HTTP 503 - 192 users 1-116
2026-09-10 20:49:51,293 INFO o.a.j.t.JMeterThread: Thread finished: Thread Group - until HTTP 503 - 192 users 1-116
2026-09-10 20:49:51,294 INFO o.a.j.t.JMeterThread: Stopping because end time detected by thread: Thread Group - until HTTP 503 - 192 users 1-124
2026-09-10 20:49:51,294 INFO o.a.j.t.JMeterThread: Thread finished: Thread Group - until HTTP 503 - 192 users 1-124
2026-09-10 20:49:51,294 INFO o.a.j.t.JMeterThread: Stopping because end time detected by thread: Thread Group - until HTTP 503 - 192 users 1-133
2026-09-10 20:49:51,294 INFO o.a.j.t.JMeterThread: Thread finished: Thread Group - until HTTP 503 - 192 users 1-133
2026-09-10 20:49:51,294 INFO o.a.j.t.JMeterThread: Stopping because end time detected by thread: Thread Group - until HTTP 503 - 192 users 1-137
2026-09-10 20:49:51,294 INFO o.a.j.t.JMeterThread: Thread finished: Thread Group - until HTTP 503 - 192 users 1-137
2026-09-10 20:49:51,294 INFO o.a.j.t.JMeterThread: Stopping because end time detected by thread: Thread Group - until HTTP 503 - 192 users 1-153
2026-09-10 20:49:51,294 INFO o.a.j.t.JMeterThread: Stopping because end time detected by thread: Thread Group - until HTTP 503 - 192 users 1-112
2026-09-10 20:49:51,294 INFO o.a.j.t.JMeterThread: Thread finished: Thread Group - until HTTP 503 - 192 users 1-153
2026-09-10 20:49:51,294 INFO o.a.j.t.JMeterThread: Thread finished: Thread Group - until HTTP 503 - 192 users 1-112
2026-09-10 20:49:51,290 INFO o.a.j.t.JMeterThread: Stopping because end time detected by thread: Thread Group - until HTTP 503 - 192 users 1-28
2026-09-10 20:49:51,294 INFO o.a.j.t.JMeterThread: Thread finished: Thread Group - until HTTP 503 - 192 users 1-28
2026-09-10 20:49:51,291 INFO o.a.j.t.JMeterThread: Stopping because end time detected by thread: Thread Group - until HTTP 503 - 192 users 1-45
2026-09-10 20:49:51,291 INFO o.a.j.t.JMeterThread: Thread finished: Thread Group - until HTTP 503 - 192 users 1-24
2026-09-10 20:49:51,291 INFO o.a.j.t.JMeterThread: Thread finished: Thread Group - until HTTP 503 - 192 users 1-54
2026-09-10 20:49:51,295 INFO o.a.j.t.JMeterThread: Stopping because end time detected by thread: Thread Group - until HTTP 503 - 192 users 1-168
2026-09-10 20:49:51,295 INFO o.a.j.t.JMeterThread: Thread finished: Thread Group - until HTTP 503 - 192 users 1-168
2026-09-10 20:49:51,291 INFO o.a.j.t.JMeterThread: Stopping because end time detected by thread: Thread Group - until HTTP 503 - 192 users 1-67
2026-09-10 20:49:51,292 INFO o.a.j.t.JMeterThread: Thread finished: Thread Group - until HTTP 503 - 192 users 1-58
2026-09-10 20:49:51,295 INFO o.a.j.t.JMeterThread: Thread finished: Thread Group - until HTTP 503 - 192 users 1-67
2026-09-10 20:49:51,292 INFO o.a.j.t.JMeterThread: Thread finished: Thread Group - until HTTP 503 - 192 users 1-75
2026-09-10 20:49:51,292 INFO o.a.j.t.JMeterThread: Stopping because end time detected by thread: Thread Group - until HTTP 503 - 192 users 1-68
2026-09-10 20:49:51,295 INFO o.a.j.t.JMeterThread: Thread finished: Thread Group - until HTTP 503 - 192 users 1-72
2026-09-10 20:49:51,295 INFO o.a.j.t.JMeterThread: Thread finished: Thread Group - until HTTP 503 - 192 users 1-68
2026-09-10 20:49:51,292 INFO o.a.j.t.JMeterThread: Stopping because end time detected by thread: Thread Group - until HTTP 503 - 192 users 1-69
2026-09-10 20:49:51,292 INFO o.a.j.t.JMeterThread: Thread finished: Thread Group - until HTTP 503 - 192 users 1-29
2026-09-10 20:49:51,293 INFO o.a.j.t.JMeterThread: Thread finished: Thread Group - until HTTP 503 - 192 users 1-56
2026-09-10 20:49:51,293 INFO o.a.j.t.JMeterThread: Thread finished: Thread Group - until HTTP 503 - 192 users 1-126
2026-09-10 20:49:51,293 INFO o.a.j.t.JMeterThread: Thread finished: Thread Group - until HTTP 503 - 192 users 1-151
2026-09-10 20:49:51,293 INFO o.a.j.t.JMeterThread: Thread finished: Thread Group - until HTTP 503 - 192 users 1-108
2026-09-10 20:49:51,293 INFO o.a.j.t.JMeterThread: Stopping because end time detected by thread: Thread Group - until HTTP 503 - 192 users 1-179
2026-09-10 20:49:51,294 INFO o.a.j.t.JMeterThread: Stopping because end time detected by thread: Thread Group - until HTTP 503 - 192 users 1-152
2026-09-10 20:49:51,296 INFO o.a.j.t.JMeterThread: Thread finished: Thread Group - until HTTP 503 - 192 users 1-179
2026-09-10 20:49:51,294 INFO o.a.j.t.JMeterThread: Stopping because end time detected by thread: Thread Group - until HTTP 503 - 192 users 1-66
2026-09-10 20:49:51,294 INFO o.a.j.t.JMeterThread: Stopping because end time detected by thread: Thread Group - until HTTP 503 - 192 users 1-73
2026-09-10 20:49:51,294 INFO o.a.j.t.JMeterThread: Stopping because end time detected by thread: Thread Group - until HTTP 503 - 192 users 1-113
2026-09-10 20:49:51,296 INFO o.a.j.t.JMeterThread: Thread finished: Thread Group - until HTTP 503 - 192 users 1-66
2026-09-10 20:49:51,296 INFO o.a.j.t.JMeterThread: Thread finished: Thread Group - until HTTP 503 - 192 users 1-73
2026-09-10 20:49:51,295 INFO o.a.j.t.JMeterThread: Thread finished: Thread Group - until HTTP 503 - 192 users 1-45
2026-09-10 20:49:51,295 INFO o.a.j.t.JMeterThread: Stopping because end time detected by thread: Thread Group - until HTTP 503 - 192 users 1-18
2026-09-10 20:49:51,295 INFO o.a.j.t.JMeterThread: Thread finished: Thread Group - until HTTP 503 - 192 users 1-69
2026-09-10 20:49:51,296 INFO o.a.j.t.JMeterThread: Thread finished: Thread Group - until HTTP 503 - 192 users 1-18
2026-09-10 20:49:51,296 INFO o.a.j.t.JMeterThread: Thread finished: Thread Group - until HTTP 503 - 192 users 1-152
2026-09-10 20:49:51,296 INFO o.a.j.t.JMeterThread: Thread finished: Thread Group - until HTTP 503 - 192 users 1-113
2026-09-10 20:49:51,296 INFO o.a.j.t.JMeterThread: Stopping because end time detected by thread: Thread Group - until HTTP 503 - 192 users 1-106
2026-09-10 20:49:51,297 INFO o.a.j.t.JMeterThread: Thread finished: Thread Group - until HTTP 503 - 192 users 1-106
2026-09-10 20:49:51,297 INFO o.a.j.t.JMeterThread: Stopping because end time detected by thread: Thread Group - until HTTP 503 - 192 users 1-48
2026-09-10 20:49:51,297 INFO o.a.j.t.JMeterThread: Stopping because end time detected by thread: Thread Group - until HTTP 503 - 192 users 1-23
2026-09-10 20:49:51,297 INFO o.a.j.t.JMeterThread: Stopping because end time detected by thread: Thread Group - until HTTP 503 - 192 users 1-62
2026-09-10 20:49:51,297 INFO o.a.j.t.JMeterThread: Stopping because end time detected by thread: Thread Group - until HTTP 503 - 192 users 1-44
2026-09-10 20:49:51,297 INFO o.a.j.t.JMeterThread: Thread finished: Thread Group - until HTTP 503 - 192 users 1-62
2026-09-10 20:49:51,297 INFO o.a.j.t.JMeterThread: Stopping because end time detected by thread: Thread Group - until HTTP 503 - 192 users 1-174
2026-09-10 20:49:51,297 INFO o.a.j.t.JMeterThread: Stopping because end time detected by thread: Thread Group - until HTTP 503 - 192 users 1-172
2026-09-10 20:49:51,297 INFO o.a.j.t.JMeterThread: Stopping because end time detected by thread: Thread Group - until HTTP 503 - 192 users 1-176
2026-09-10 20:49:51,297 INFO o.a.j.t.JMeterThread: Stopping because end time detected by thread: Thread Group - until HTTP 503 - 192 users 1-15
2026-09-10 20:49:51,298 INFO o.a.j.t.JMeterThread: Stopping because end time detected by thread: Thread Group - until HTTP 503 - 192 users 1-43
2026-09-10 20:49:51,298 INFO o.a.j.t.JMeterThread: Thread finished: Thread Group - until HTTP 503 - 192 users 1-172
2026-09-10 20:49:51,298 INFO o.a.j.t.JMeterThread: Thread finished: Thread Group - until HTTP 503 - 192 users 1-174
2026-09-10 20:49:51,298 INFO o.a.j.t.JMeterThread: Thread finished: Thread Group - until HTTP 503 - 192 users 1-43
2026-09-10 20:49:51,298 INFO o.a.j.t.JMeterThread: Stopping because end time detected by thread: Thread Group - until HTTP 503 - 192 users 1-39
2026-09-10 20:49:51,297 INFO o.a.j.t.JMeterThread: Stopping because end time detected by thread: Thread Group - until HTTP 503 - 192 users 1-82
2026-09-10 20:49:51,297 INFO o.a.j.t.JMeterThread: Thread finished: Thread Group - until HTTP 503 - 192 users 1-23
2026-09-10 20:49:51,298 INFO o.a.j.t.JMeterThread: Thread finished: Thread Group - until HTTP 503 - 192 users 1-39
2026-09-10 20:49:51,297 INFO o.a.j.t.JMeterThread: Thread finished: Thread Group - until HTTP 503 - 192 users 1-48
2026-09-10 20:49:51,298 INFO o.a.j.t.JMeterThread: Thread finished: Thread Group - until HTTP 503 - 192 users 1-82
2026-09-10 20:49:51,297 INFO o.a.j.t.JMeterThread: Thread finished: Thread Group - until HTTP 503 - 192 users 1-44
2026-09-10 20:49:51,298 INFO o.a.j.t.JMeterThread: Thread finished: Thread Group - until HTTP 503 - 192 users 1-176
2026-09-10 20:49:51,298 INFO o.a.j.t.JMeterThread: Stopping because end time detected by thread: Thread Group - until HTTP 503 - 192 users 1-175
2026-09-10 20:49:51,298 INFO o.a.j.t.JMeterThread: Thread finished: Thread Group - until HTTP 503 - 192 users 1-175
2026-09-10 20:49:51,298 INFO o.a.j.t.JMeterThread: Stopping because end time detected by thread: Thread Group - until HTTP 503 - 192 users 1-178
2026-09-10 20:49:51,298 INFO o.a.j.t.JMeterThread: Thread finished: Thread Group - until HTTP 503 - 192 users 1-178
2026-09-10 20:49:51,298 INFO o.a.j.t.JMeterThread: Stopping because end time detected by thread: Thread Group - until HTTP 503 - 192 users 1-134
2026-09-10 20:49:51,298 INFO o.a.j.t.JMeterThread: Thread finished: Thread Group - until HTTP 503 - 192 users 1-15
2026-09-10 20:49:51,298 INFO o.a.j.t.JMeterThread: Thread finished: Thread Group - until HTTP 503 - 192 users 1-134
2026-09-10 20:49:51,298 INFO o.a.j.t.JMeterThread: Stopping because end time detected by thread: Thread Group - until HTTP 503 - 192 users 1-188
2026-09-10 20:49:51,298 INFO o.a.j.t.JMeterThread: Stopping because end time detected by thread: Thread Group - until HTTP 503 - 192 users 1-177
2026-09-10 20:49:51,298 INFO o.a.j.t.JMeterThread: Stopping because end time detected by thread: Thread Group - until HTTP 503 - 192 users 1-186
2026-09-10 20:49:51,298 INFO o.a.j.t.JMeterThread: Stopping because end time detected by thread: Thread Group - until HTTP 503 - 192 users 1-110
2026-09-10 20:49:51,299 INFO o.a.j.t.JMeterThread: Thread finished: Thread Group - until HTTP 503 - 192 users 1-177
2026-09-10 20:49:51,299 INFO o.a.j.t.JMeterThread: Thread finished: Thread Group - until HTTP 503 - 192 users 1-188
2026-09-10 20:49:51,299 INFO o.a.j.t.JMeterThread: Stopping because end time detected by thread: Thread Group - until HTTP 503 - 192 users 1-135
2026-09-10 20:49:51,299 INFO o.a.j.t.JMeterThread: Thread finished: Thread Group - until HTTP 503 - 192 users 1-186
2026-09-10 20:49:51,299 INFO o.a.j.t.JMeterThread: Thread finished: Thread Group - until HTTP 503 - 192 users 1-135
2026-09-10 20:49:51,299 INFO o.a.j.t.JMeterThread: Thread finished: Thread Group - until HTTP 503 - 192 users 1-110
2026-09-10 20:49:52,782 INFO o.a.j.t.JMeterThread: Stopping because end time detected by thread: Thread Group - until HTTP 503 - 192 users 1-159
2026-09-10 20:49:52,782 INFO o.a.j.t.JMeterThread: Stopping because end time detected by thread: Thread Group - until HTTP 503 - 192 users 1-34
2026-09-10 20:49:52,782 INFO o.a.j.t.JMeterThread: Stopping because end time detected by thread: Thread Group - until HTTP 503 - 192 users 1-4
2026-09-10 20:49:52,782 INFO o.a.j.t.JMeterThread: Stopping because end time detected by thread: Thread Group - until HTTP 503 - 192 users 1-161
2026-09-10 20:49:52,782 INFO o.a.j.t.JMeterThread: Stopping because end time detected by thread: Thread Group - until HTTP 503 - 192 users 1-145
2026-09-10 20:49:52,782 INFO o.a.j.t.JMeterThread: Stopping because end time detected by thread: Thread Group - until HTTP 503 - 192 users 1-91
2026-09-10 20:49:52,783 INFO o.a.j.t.JMeterThread: Thread finished: Thread Group - until HTTP 503 - 192 users 1-4
2026-09-10 20:49:52,782 INFO o.a.j.t.JMeterThread: Stopping because end time detected by thread: Thread Group - until HTTP 503 - 192 users 1-169
2026-09-10 20:49:52,783 INFO o.a.j.t.JMeterThread: Thread finished: Thread Group - until HTTP 503 - 192 users 1-161
2026-09-10 20:49:52,782 INFO o.a.j.t.JMeterThread: Thread finished: Thread Group - until HTTP 503 - 192 users 1-159
2026-09-10 20:49:52,782 INFO o.a.j.t.JMeterThread: Thread finished: Thread Group - until HTTP 503 - 192 users 1-34
2026-09-10 20:49:52,782 INFO o.a.j.t.JMeterThread: Stopping because end time detected by thread: Thread Group - until HTTP 503 - 192 users 1-1
2026-09-10 20:49:52,783 INFO o.a.j.t.JMeterThread: Stopping because end time detected by thread: Thread Group - until HTTP 503 - 192 users 1-86
2026-09-10 20:49:52,783 INFO o.a.j.t.JMeterThread: Thread finished: Thread Group - until HTTP 503 - 192 users 1-1
2026-09-10 20:49:52,783 INFO o.a.j.t.JMeterThread: Thread finished: Thread Group - until HTTP 503 - 192 users 1-86
2026-09-10 20:49:52,783 INFO o.a.j.t.JMeterThread: Thread finished: Thread Group - until HTTP 503 - 192 users 1-91
2026-09-10 20:49:52,783 INFO o.a.j.t.JMeterThread: Thread finished: Thread Group - until HTTP 503 - 192 users 1-145
2026-09-10 20:49:52,784 INFO o.a.j.t.JMeterThread: Stopping because end time detected by thread: Thread Group - until HTTP 503 - 192 users 1-26
2026-09-10 20:49:52,783 INFO o.a.j.t.JMeterThread: Thread finished: Thread Group - until HTTP 503 - 192 users 1-169
2026-09-10 20:49:52,784 INFO o.a.j.t.JMeterThread: Thread finished: Thread Group - until HTTP 503 - 192 users 1-26
2026-09-10 20:49:52,784 INFO o.a.j.t.JMeterThread: Stopping because end time detected by thread: Thread Group - until HTTP 503 - 192 users 1-30
2026-09-10 20:49:52,784 INFO o.a.j.t.JMeterThread: Thread finished: Thread Group - until HTTP 503 - 192 users 1-30
2026-09-10 20:49:52,784 INFO o.a.j.t.JMeterThread: Stopping because end time detected by thread: Thread Group - until HTTP 503 - 192 users 1-173
2026-09-10 20:49:52,784 INFO o.a.j.t.JMeterThread: Thread finished: Thread Group - until HTTP 503 - 192 users 1-173
2026-09-10 20:49:52,784 INFO o.a.j.t.JMeterThread: Stopping because end time detected by thread: Thread Group - until HTTP 503 - 192 users 1-189
2026-09-10 20:49:52,784 INFO o.a.j.t.JMeterThread: Thread finished: Thread Group - until HTTP 503 - 192 users 1-189
2026-09-10 20:49:52,784 INFO o.a.j.t.JMeterThread: Stopping because end time detected by thread: Thread Group - until HTTP 503 - 192 users 1-9
2026-09-10 20:49:52,784 INFO o.a.j.t.JMeterThread: Stopping because end time detected by thread: Thread Group - until HTTP 503 - 192 users 1-138
2026-09-10 20:49:52,784 INFO o.a.j.t.JMeterThread: Thread finished: Thread Group - until HTTP 503 - 192 users 1-9
2026-09-10 20:49:52,784 INFO o.a.j.t.JMeterThread: Thread finished: Thread Group - until HTTP 503 - 192 users 1-138
2026-09-10 20:49:52,784 INFO o.a.j.t.JMeterThread: Stopping because end time detected by thread: Thread Group - until HTTP 503 - 192 users 1-167
2026-09-10 20:49:52,784 INFO o.a.j.t.JMeterThread: Thread finished: Thread Group - until HTTP 503 - 192 users 1-167
2026-09-10 20:49:52,784 INFO o.a.j.t.JMeterThread: Stopping because end time detected by thread: Thread Group - until HTTP 503 - 192 users 1-118
2026-09-10 20:49:52,784 INFO o.a.j.t.JMeterThread: Stopping because end time detected by thread: Thread Group - until HTTP 503 - 192 users 1-32
2026-09-10 20:49:52,784 INFO o.a.j.t.JMeterThread: Stopping because end time detected by thread: Thread Group - until HTTP 503 - 192 users 1-16
2026-09-10 20:49:52,784 INFO o.a.j.t.JMeterThread: Thread finished: Thread Group - until HTTP 503 - 192 users 1-118
2026-09-10 20:49:52,784 INFO o.a.j.t.JMeterThread: Stopping because end time detected by thread: Thread Group - until HTTP 503 - 192 users 1-13
2026-09-10 20:49:52,785 INFO o.a.j.t.JMeterThread: Thread finished: Thread Group - until HTTP 503 - 192 users 1-16
2026-09-10 20:49:52,785 INFO o.a.j.t.JMeterThread: Thread finished: Thread Group - until HTTP 503 - 192 users 1-32
2026-09-10 20:49:52,785 INFO o.a.j.t.JMeterThread: Thread finished: Thread Group - until HTTP 503 - 192 users 1-13
2026-09-10 20:49:52,785 INFO o.a.j.t.JMeterThread: Stopping because end time detected by thread: Thread Group - until HTTP 503 - 192 users 1-38
2026-09-10 20:49:52,785 INFO o.a.j.t.JMeterThread: Thread finished: Thread Group - until HTTP 503 - 192 users 1-38
2026-09-10 20:49:52,785 INFO o.a.j.t.JMeterThread: Stopping because end time detected by thread: Thread Group - until HTTP 503 - 192 users 1-166
2026-09-10 20:49:52,785 INFO o.a.j.t.JMeterThread: Stopping because end time detected by thread: Thread Group - until HTTP 503 - 192 users 1-107
2026-09-10 20:49:52,785 INFO o.a.j.t.JMeterThread: Stopping because end time detected by thread: Thread Group - until HTTP 503 - 192 users 1-6
2026-09-10 20:49:52,785 INFO o.a.j.t.JMeterThread: Thread finished: Thread Group - until HTTP 503 - 192 users 1-107
2026-09-10 20:49:52,785 INFO o.a.j.t.JMeterThread: Thread finished: Thread Group - until HTTP 503 - 192 users 1-166
2026-09-10 20:49:52,785 INFO o.a.j.t.JMeterThread: Stopping because end time detected by thread: Thread Group - until HTTP 503 - 192 users 1-102
2026-09-10 20:49:52,785 INFO o.a.j.t.JMeterThread: Thread finished: Thread Group - until HTTP 503 - 192 users 1-6
2026-09-10 20:49:52,785 INFO o.a.j.t.JMeterThread: Thread finished: Thread Group - until HTTP 503 - 192 users 1-102
2026-09-10 20:49:52,785 INFO o.a.j.t.JMeterThread: Stopping because end time detected by thread: Thread Group - until HTTP 503 - 192 users 1-55
2026-09-10 20:49:52,785 INFO o.a.j.t.JMeterThread: Thread finished: Thread Group - until HTTP 503 - 192 users 1-55
2026-09-10 20:49:52,785 INFO o.a.j.t.JMeterThread: Stopping because end time detected by thread: Thread Group - until HTTP 503 - 192 users 1-94
2026-09-10 20:49:52,785 INFO o.a.j.t.JMeterThread: Stopping because end time detected by thread: Thread Group - until HTTP 503 - 192 users 1-119
2026-09-10 20:49:52,785 INFO o.a.j.t.JMeterThread: Stopping because end time detected by thread: Thread Group - until HTTP 503 - 192 users 1-101
2026-09-10 20:49:52,785 INFO o.a.j.t.JMeterThread: Thread finished: Thread Group - until HTTP 503 - 192 users 1-94
2026-09-10 20:49:52,785 INFO o.a.j.t.JMeterThread: Thread finished: Thread Group - until HTTP 503 - 192 users 1-119
2026-09-10 20:49:52,785 INFO o.a.j.t.JMeterThread: Thread finished: Thread Group - until HTTP 503 - 192 users 1-101
2026-09-10 20:49:52,785 INFO o.a.j.t.JMeterThread: Stopping because end time detected by thread: Thread Group - until HTTP 503 - 192 users 1-141
2026-09-10 20:49:52,786 INFO o.a.j.t.JMeterThread: Stopping because end time detected by thread: Thread Group - until HTTP 503 - 192 users 1-155
2026-09-10 20:49:52,786 INFO o.a.j.t.JMeterThread: Thread finished: Thread Group - until HTTP 503 - 192 users 1-155
2026-09-10 20:49:52,785 INFO o.a.j.t.JMeterThread: Stopping because end time detected by thread: Thread Group - until HTTP 503 - 192 users 1-143
2026-09-10 20:49:52,786 INFO o.a.j.t.JMeterThread: Thread finished: Thread Group - until HTTP 503 - 192 users 1-143
2026-09-10 20:49:52,786 INFO o.a.j.t.JMeterThread: Stopping because end time detected by thread: Thread Group - until HTTP 503 - 192 users 1-157
2026-09-10 20:49:52,786 INFO o.a.j.t.JMeterThread: Thread finished: Thread Group - until HTTP 503 - 192 users 1-157
2026-09-10 20:49:52,786 INFO o.a.j.t.JMeterThread: Thread finished: Thread Group - until HTTP 503 - 192 users 1-141
2026-09-10 20:49:52,786 INFO o.a.j.t.JMeterThread: Stopping because end time detected by thread: Thread Group - until HTTP 503 - 192 users 1-160
2026-09-10 20:49:52,786 INFO o.a.j.t.JMeterThread: Stopping because end time detected by thread: Thread Group - until HTTP 503 - 192 users 1-162
2026-09-10 20:49:52,786 INFO o.a.j.t.JMeterThread: Thread finished: Thread Group - until HTTP 503 - 192 users 1-160
2026-09-10 20:49:52,786 INFO o.a.j.t.JMeterThread: Thread finished: Thread Group - until HTTP 503 - 192 users 1-162
2026-09-10 20:49:52,786 INFO o.a.j.t.JMeterThread: Stopping because end time detected by thread: Thread Group - until HTTP 503 - 192 users 1-164
2026-09-10 20:49:52,786 INFO o.a.j.t.JMeterThread: Thread finished: Thread Group - until HTTP 503 - 192 users 1-164
2026-09-10 20:49:52,786 INFO o.a.j.t.JMeterThread: Stopping because end time detected by thread: Thread Group - until HTTP 503 - 192 users 1-5
2026-09-10 20:49:52,786 INFO o.a.j.t.JMeterThread: Thread finished: Thread Group - until HTTP 503 - 192 users 1-5
2026-09-10 20:49:52,803 INFO o.a.j.t.JMeterThread: Stopping because end time detected by thread: Thread Group - until HTTP 503 - 192 users 1-3
2026-09-10 20:49:52,803 INFO o.a.j.t.JMeterThread: Thread finished: Thread Group - until HTTP 503 - 192 users 1-3
2026-09-10 20:49:52,844 INFO o.a.j.t.JMeterThread: Stopping because end time detected by thread: Thread Group - until HTTP 503 - 192 users 1-50
2026-09-10 20:49:52,844 INFO o.a.j.t.JMeterThread: Thread finished: Thread Group - until HTTP 503 - 192 users 1-50
2026-09-10 20:49:52,914 INFO o.a.j.t.JMeterThread: Stopping because end time detected by thread: Thread Group - until HTTP 503 - 192 users 1-170
2026-09-10 20:49:52,915 INFO o.a.j.t.JMeterThread: Thread finished: Thread Group - until HTTP 503 - 192 users 1-170
2026-09-10 20:49:52,967 INFO o.a.j.t.JMeterThread: Stopping because end time detected by thread: Thread Group - until HTTP 503 - 192 users 1-12
2026-09-10 20:49:52,967 INFO o.a.j.t.JMeterThread: Thread finished: Thread Group - until HTTP 503 - 192 users 1-12
2026-09-10 20:49:53,000 INFO o.a.j.t.JMeterThread: Stopping because end time detected by thread: Thread Group - until HTTP 503 - 192 users 1-14
2026-09-10 20:49:53,000 INFO o.a.j.t.JMeterThread: Thread finished: Thread Group - until HTTP 503 - 192 users 1-14
2026-09-10 20:49:53,086 INFO o.a.j.t.JMeterThread: Stopping because end time detected by thread: Thread Group - until HTTP 503 - 192 users 1-144
2026-09-10 20:49:53,087 INFO o.a.j.t.JMeterThread: Thread finished: Thread Group - until HTTP 503 - 192 users 1-144
2026-09-10 20:49:53,161 INFO o.a.j.t.JMeterThread: Stopping because end time detected by thread: Thread Group - until HTTP 503 - 192 users 1-87
2026-09-10 20:49:53,161 INFO o.a.j.t.JMeterThread: Thread finished: Thread Group - until HTTP 503 - 192 users 1-87
2026-09-10 20:49:53,212 INFO o.a.j.t.JMeterThread: Stopping because end time detected by thread: Thread Group - until HTTP 503 - 192 users 1-171
2026-09-10 20:49:53,213 INFO o.a.j.t.JMeterThread: Thread finished: Thread Group - until HTTP 503 - 192 users 1-171
2026-09-10 20:49:53,273 INFO o.a.j.t.JMeterThread: Stopping because end time detected by thread: Thread Group - until HTTP 503 - 192 users 1-63
2026-09-10 20:49:53,273 INFO o.a.j.t.JMeterThread: Thread finished: Thread Group - until HTTP 503 - 192 users 1-63
2026-09-10 20:49:53,289 INFO o.a.j.t.JMeterThread: Stopping because end time detected by thread: Thread Group - until HTTP 503 - 192 users 1-84
2026-09-10 20:49:53,289 INFO o.a.j.t.JMeterThread: Thread finished: Thread Group - until HTTP 503 - 192 users 1-84
2026-09-10 20:49:53,327 INFO o.a.j.t.JMeterThread: Stopping because end time detected by thread: Thread Group - until HTTP 503 - 192 users 1-74
2026-09-10 20:49:53,327 INFO o.a.j.t.JMeterThread: Thread finished: Thread Group - until HTTP 503 - 192 users 1-74
2026-09-10 20:49:53,351 INFO o.a.j.t.JMeterThread: Stopping because end time detected by thread: Thread Group - until HTTP 503 - 192 users 1-95
2026-09-10 20:49:53,351 INFO o.a.j.t.JMeterThread: Thread finished: Thread Group - until HTTP 503 - 192 users 1-95
2026-09-10 20:49:53,371 INFO o.a.j.t.JMeterThread: Stopping because end time detected by thread: Thread Group - until HTTP 503 - 192 users 1-64
2026-09-10 20:49:53,371 INFO o.a.j.t.JMeterThread: Thread finished: Thread Group - until HTTP 503 - 192 users 1-64
2026-09-10 20:49:53,385 INFO o.a.j.t.JMeterThread: Stopping because end time detected by thread: Thread Group - until HTTP 503 - 192 users 1-85
2026-09-10 20:49:53,386 INFO o.a.j.t.JMeterThread: Thread finished: Thread Group - until HTTP 503 - 192 users 1-85
2026-09-10 20:49:53,406 INFO o.a.j.t.JMeterThread: Stopping because end time detected by thread: Thread Group - until HTTP 503 - 192 users 1-120
2026-09-10 20:49:53,406 INFO o.a.j.t.JMeterThread: Thread finished: Thread Group - until HTTP 503 - 192 users 1-120
2026-09-10 20:49:53,419 INFO o.a.j.t.JMeterThread: Stopping because end time detected by thread: Thread Group - until HTTP 503 - 192 users 1-79
2026-09-10 20:49:53,420 INFO o.a.j.t.JMeterThread: Thread finished: Thread Group - until HTTP 503 - 192 users 1-79
2026-09-10 20:49:53,452 INFO o.a.j.t.JMeterThread: Stopping because end time detected by thread: Thread Group - until HTTP 503 - 192 users 1-65
2026-09-10 20:49:53,453 INFO o.a.j.t.JMeterThread: Thread finished: Thread Group - until HTTP 503 - 192 users 1-65
2026-09-10 20:49:53,472 INFO o.a.j.t.JMeterThread: Stopping because end time detected by thread: Thread Group - until HTTP 503 - 192 users 1-123
2026-09-10 20:49:53,472 INFO o.a.j.t.JMeterThread: Thread finished: Thread Group - until HTTP 503 - 192 users 1-123
2026-09-10 20:49:53,519 INFO o.a.j.t.JMeterThread: Stopping because end time detected by thread: Thread Group - until HTTP 503 - 192 users 1-21
2026-09-10 20:49:53,520 INFO o.a.j.t.JMeterThread: Thread finished: Thread Group - until HTTP 503 - 192 users 1-21
2026-09-10 20:49:53,533 INFO o.a.j.t.JMeterThread: Stopping because end time detected by thread: Thread Group - until HTTP 503 - 192 users 1-142
2026-09-10 20:49:53,533 INFO o.a.j.t.JMeterThread: Thread finished: Thread Group - until HTTP 503 - 192 users 1-142
2026-09-10 20:49:53,555 INFO o.a.j.t.JMeterThread: Stopping because end time detected by thread: Thread Group - until HTTP 503 - 192 users 1-122
2026-09-10 20:49:53,555 INFO o.a.j.t.JMeterThread: Thread finished: Thread Group - until HTTP 503 - 192 users 1-122
2026-09-10 20:49:53,578 INFO o.a.j.t.JMeterThread: Stopping because end time detected by thread: Thread Group - until HTTP 503 - 192 users 1-148
2026-09-10 20:49:53,578 INFO o.a.j.t.JMeterThread: Thread finished: Thread Group - until HTTP 503 - 192 users 1-148
2026-09-10 20:49:53,615 INFO o.a.j.t.JMeterThread: Stopping because end time detected by thread: Thread Group - until HTTP 503 - 192 users 1-130
2026-09-10 20:49:53,615 INFO o.a.j.t.JMeterThread: Thread finished: Thread Group - until HTTP 503 - 192 users 1-130
2026-09-10 20:49:53,641 INFO o.a.j.t.JMeterThread: Stopping because end time detected by thread: Thread Group - until HTTP 503 - 192 users 1-146
2026-09-10 20:49:53,642 INFO o.a.j.t.JMeterThread: Thread finished: Thread Group - until HTTP 503 - 192 users 1-146
2026-09-10 20:49:53,673 INFO o.a.j.t.JMeterThread: Stopping because end time detected by thread: Thread Group - until HTTP 503 - 192 users 1-70
2026-09-10 20:49:53,674 INFO o.a.j.t.JMeterThread: Thread finished: Thread Group - until HTTP 503 - 192 users 1-70
2026-09-10 20:49:53,720 INFO o.a.j.t.JMeterThread: Stopping because end time detected by thread: Thread Group - until HTTP 503 - 192 users 1-61
2026-09-10 20:49:53,720 INFO o.a.j.t.JMeterThread: Thread finished: Thread Group - until HTTP 503 - 192 users 1-61
2026-09-10 20:49:53,749 INFO o.a.j.t.JMeterThread: Stopping because end time detected by thread: Thread Group - until HTTP 503 - 192 users 1-190
2026-09-10 20:49:53,750 INFO o.a.j.t.JMeterThread: Thread finished: Thread Group - until HTTP 503 - 192 users 1-190
2026-09-10 20:49:53,787 INFO o.a.j.t.JMeterThread: Stopping because end time detected by thread: Thread Group - until HTTP 503 - 192 users 1-131
2026-09-10 20:49:53,787 INFO o.a.j.t.JMeterThread: Thread finished: Thread Group - until HTTP 503 - 192 users 1-131
2026-09-10 20:49:53,829 INFO o.a.j.t.JMeterThread: Stopping because end time detected by thread: Thread Group - until HTTP 503 - 192 users 1-27
2026-09-10 20:49:53,829 INFO o.a.j.t.JMeterThread: Thread finished: Thread Group - until HTTP 503 - 192 users 1-27
2026-09-10 20:49:53,883 INFO o.a.j.t.JMeterThread: Stopping because end time detected by thread: Thread Group - until HTTP 503 - 192 users 1-147
2026-09-10 20:49:53,884 INFO o.a.j.t.JMeterThread: Thread finished: Thread Group - until HTTP 503 - 192 users 1-147
2026-09-10 20:49:53,936 INFO o.a.j.t.JMeterThread: Stopping because end time detected by thread: Thread Group - until HTTP 503 - 192 users 1-76
2026-09-10 20:49:53,936 INFO o.a.j.t.JMeterThread: Thread finished: Thread Group - until HTTP 503 - 192 users 1-76
2026-09-10 20:49:53,937 INFO o.a.j.e.StandardJMeterEngine: Notifying test listeners of end of test
2026-09-10 20:49:53,940 INFO o.a.j.r.Summariser: summary +    754 in 00:00:24 =   32.0/s Avg:  6619 Min:  4722 Max:  9748 Err:   754 (100.00%) Active: 0 Started: 192 Finished: 192
2026-09-10 20:49:53,940 INFO o.a.j.r.Summariser: summary =   2593 in 00:01:33 =   27.8/s Avg:  4548 Min:   513 Max:  9748 Err:  2497 (96.30%)
2026-09-10 20:49:53,942 INFO o.a.j.JMeter: Generating Dashboard
2026-09-10 20:49:53,943 INFO o.a.j.r.d.ReportGenerator: Flushing result collector before report Generation
2026-09-10 20:49:54,011 INFO o.a.j.r.p.NormalizerSampleConsumer: Using format, 'ms', to parse timeStamp field
2026-09-10 20:49:54,405 INFO o.a.j.r.p.AbstractSampleConsumer: class org.apache.jmeter.report.processor.AggregateConsumer#stopProducing(): beginDate produced 0 samples
2026-09-10 20:49:54,406 INFO o.a.j.r.p.AbstractSampleConsumer: class org.apache.jmeter.report.processor.AggregateConsumer#stopProducing(): endDate produced 0 samples
2026-09-10 20:49:54,407 INFO o.a.j.r.p.AbstractSampleConsumer: class org.apache.jmeter.report.processor.ApdexSummaryConsumer#stopProducing(): apdexSummary produced 0 samples
2026-09-10 20:49:54,407 INFO o.a.j.r.p.AbstractSampleConsumer: class org.apache.jmeter.report.processor.RequestsSummaryConsumer#stopProducing(): requestsSummary produced 0 samples
2026-09-10 20:49:54,415 INFO o.a.j.r.p.AbstractSampleConsumer: class org.apache.jmeter.report.processor.StatisticsSummaryConsumer#stopProducing(): statisticsSummary produced 0 samples
2026-09-10 20:49:54,422 INFO o.a.j.r.p.AbstractSampleConsumer: class org.apache.jmeter.report.processor.Top5ErrorsBySamplerConsumer#stopProducing(): top5ErrorsBySampler produced 0 samples
2026-09-10 20:49:54,424 INFO o.a.j.r.p.AbstractSampleConsumer: class org.apache.jmeter.report.processor.ErrorsSummaryConsumer#stopProducing(): errorsSummary produced 0 samples
2026-09-10 20:49:54,424 INFO o.a.j.r.p.AbstractSampleConsumer: class org.apache.jmeter.report.processor.graph.impl.HitsPerSecondGraphConsumer#stopProducing(): hitsPerSecond produced 0 samples
2026-09-10 20:49:54,530 INFO o.a.j.r.p.AbstractSampleConsumer: class org.apache.jmeter.report.processor.graph.impl.LatencyVSRequestGraphConsumer#stopProducing(): latencyVsRequest produced 0 samples
2026-09-10 20:49:54,530 INFO o.a.j.r.p.AbstractSampleConsumer: class org.apache.jmeter.report.processor.graph.impl.SyntheticResponseTimeDistributionGraphConsumer#stopProducing(): syntheticResponseTimeDistribution produced 0 samples
2026-09-10 20:49:54,531 INFO o.a.j.r.p.AbstractSampleConsumer: class org.apache.jmeter.report.processor.graph.impl.BytesThroughputGraphConsumer#stopProducing(): bytesThroughputOverTime produced 0 samples
2026-09-10 20:49:54,531 INFO o.a.j.r.p.AbstractSampleConsumer: class org.apache.jmeter.report.processor.graph.impl.CodesPerSecondGraphConsumer#stopProducing(): codesPerSecond produced 0 samples
2026-09-10 20:49:54,601 INFO o.a.j.r.p.AbstractSampleConsumer: class org.apache.jmeter.report.processor.graph.impl.ResponseTimeVSRequestGraphConsumer#stopProducing(): responseTimeVsRequest produced 0 samples
2026-09-10 20:49:54,602 INFO o.a.j.r.p.AbstractSampleConsumer: class org.apache.jmeter.report.processor.FilterConsumer#stopProducing(): startIntervalControlerFilter produced 18151 samples
2026-09-10 20:49:54,602 INFO o.a.j.r.p.AbstractSampleConsumer: class org.apache.jmeter.report.processor.graph.impl.TotalTPSGraphConsumer#stopProducing(): totalTPS produced 0 samples
2026-09-10 20:49:54,602 INFO o.a.j.r.p.AbstractSampleConsumer: class org.apache.jmeter.report.processor.graph.impl.ActiveThreadsGraphConsumer#stopProducing(): activeThreadsOverTime produced 0 samples
2026-09-10 20:49:54,603 INFO o.a.j.r.p.AbstractSampleConsumer: class org.apache.jmeter.report.processor.graph.impl.TimeVSThreadGraphConsumer#stopProducing(): timeVsThreads produced 0 samples
2026-09-10 20:49:54,603 INFO o.a.j.r.p.AbstractSampleConsumer: class org.apache.jmeter.report.processor.graph.impl.ResponseTimeDistributionGraphConsumer#stopProducing(): responseTimeDistribution produced 0 samples
2026-09-10 20:49:54,603 INFO o.a.j.r.p.AbstractSampleConsumer: class org.apache.jmeter.report.processor.graph.impl.TransactionsPerSecondGraphConsumer#stopProducing(): transactionsPerSecond produced 0 samples
2026-09-10 20:49:54,603 INFO o.a.j.r.p.AbstractSampleConsumer: class org.apache.jmeter.report.processor.graph.impl.ResponseTimePercentilesGraphConsumer#stopProducing(): responseTimePercentiles produced 0 samples
2026-09-10 20:49:54,605 INFO o.a.j.r.p.AbstractSampleConsumer: class org.apache.jmeter.report.processor.graph.impl.ResponseTimePercentilesOverTimeGraphConsumer#stopProducing(): responseTimePercentilesOverTime produced 0 samples
2026-09-10 20:49:54,606 INFO o.a.j.r.p.AbstractSampleConsumer: class org.apache.jmeter.report.processor.graph.impl.ResponseTimeOverTimeGraphConsumer#stopProducing(): responseTimesOverTime produced 0 samples
2026-09-10 20:49:54,606 INFO o.a.j.r.p.AbstractSampleConsumer: class org.apache.jmeter.report.processor.graph.impl.ConnectTimeOverTimeGraphConsumer#stopProducing(): connectTimeOverTime produced 0 samples
2026-09-10 20:49:54,606 INFO o.a.j.r.p.AbstractSampleConsumer: class org.apache.jmeter.report.processor.graph.impl.LatencyOverTimeGraphConsumer#stopProducing(): latenciesOverTime produced 0 samples
2026-09-10 20:49:54,606 INFO o.a.j.r.p.AbstractSampleConsumer: class org.apache.jmeter.report.processor.FilterConsumer#stopProducing(): nameFilter produced 38895 samples
2026-09-10 20:49:54,606 INFO o.a.j.r.p.AbstractSampleConsumer: class org.apache.jmeter.report.processor.FilterConsumer#stopProducing(): dateRangeFilter produced 7779 samples
2026-09-10 20:49:54,606 INFO o.a.j.r.p.AbstractSampleConsumer: class org.apache.jmeter.report.processor.NormalizerSampleConsumer#stopProducing(): normalizer produced 2593 samples
2026-09-10 20:49:54,608 INFO o.a.j.r.p.CsvFileSampleSource: produce(): 2593 samples produced in 567ms on channel 0
2026-09-10 20:49:54,608 INFO o.a.j.r.d.ReportGenerator: Exporting data using exporter:'json' of className:'org.apache.jmeter.report.dashboard.JsonExporter'
2026-09-10 20:49:54,718 INFO o.a.j.r.d.JsonExporter: Found data for consumer statisticsSummary in context
2026-09-10 20:49:54,718 INFO o.a.j.r.d.JsonExporter: Creating statistics for overall
2026-09-10 20:49:54,720 INFO o.a.j.r.d.JsonExporter: Creating statistics for other transactions
2026-09-10 20:49:54,720 INFO o.a.j.r.d.JsonExporter: Checking output folder
2026-09-10 20:49:54,721 INFO o.a.j.r.d.JsonExporter: Writing statistics JSON to C:\University\Programming\Software Testing\Lab4\html_reports\stress_until_503\192users_3840rpm\statistics.json
2026-09-10 20:49:54,770 INFO o.a.j.r.d.ReportGenerator: Exporting data using exporter:'html' of className:'org.apache.jmeter.report.dashboard.HtmlTemplateExporter'
2026-09-10 20:49:54,773 INFO o.a.j.r.d.HtmlTemplateExporter: Will generate dashboard in folder: C:\University\Programming\Software Testing\Lab4\html_reports\stress_until_503\192users_3840rpm
2026-09-10 20:49:54,907 INFO o.a.j.r.d.HtmlTemplateExporter: Report will be generated in: C:\University\Programming\Software Testing\Lab4\html_reports\stress_until_503\192users_3840rpm, creating folder structure
2026-09-10 20:49:54,912 INFO o.a.j.r.d.TemplateVisitor: Copying folder from 'C:\Program Files\apache-jmeter-5.6.3\bin\report-template' to 'C:\University\Programming\Software Testing\Lab4\html_reports\stress_until_503\192users_3840rpm', got message: C:\University\Programming\Software Testing\Lab4\html_reports\stress_until_503\192users_3840rpm, found non empty folder with following content [C:\University\Programming\Software Testing\Lab4\html_reports\stress_until_503\192users_3840rpm\statistics.json], will be ignored
2026-09-10 20:49:55,368 INFO o.a.j.JMeter: Dashboard generated
