2026-09-10 20:19:14,500 INFO o.a.j.u.JMeterUtils: Setting Locale to en_EN
2026-09-10 20:19:14,512 INFO o.a.j.JMeter: Loading user properties from: C:\Program Files\apache-jmeter-5.6.3\bin\user.properties
2026-09-10 20:19:14,513 INFO o.a.j.JMeter: Loading system properties from: C:\Program Files\apache-jmeter-5.6.3\bin\system.properties
2026-09-10 20:19:14,513 INFO o.a.j.JMeter: Setting JMeter property: jmeter.save.saveservice.output_format=csv
2026-09-10 20:19:14,513 INFO o.a.j.JMeter: Setting JMeter property: jmeter.save.saveservice.print_field_names=true
2026-09-10 20:19:14,515 INFO o.a.j.JMeter: Setting JMeter property: jmeter.save.saveservice.timestamp_format=ms
2026-09-10 20:19:14,515 INFO o.a.j.JMeter: Setting JMeter property: jmeter.save.saveservice.time=true
2026-09-10 20:19:14,515 INFO o.a.j.JMeter: Setting JMeter property: jmeter.save.saveservice.latency=true
2026-09-10 20:19:14,515 INFO o.a.j.JMeter: Setting JMeter property: jmeter.save.saveservice.label=true
2026-09-10 20:19:14,515 INFO o.a.j.JMeter: Setting JMeter property: jmeter.save.saveservice.response_code=true
2026-09-10 20:19:14,515 INFO o.a.j.JMeter: Setting JMeter property: jmeter.save.saveservice.response_message=true
2026-09-10 20:19:14,515 INFO o.a.j.JMeter: Setting JMeter property: jmeter.save.saveservice.successful=true
2026-09-10 20:19:14,515 INFO o.a.j.JMeter: Setting JMeter property: jmeter.save.saveservice.assertion_results_failure_message=true
2026-09-10 20:19:14,515 INFO o.a.j.JMeter: Setting JMeter property: jmeter.save.saveservice.thread_name=true
2026-09-10 20:19:14,515 INFO o.a.j.JMeter: Setting JMeter property: jmeter.save.saveservice.thread_counts=true
2026-09-10 20:19:14,515 INFO o.a.j.JMeter: Setting JMeter property: jmeter.save.saveservice.connect_time=true
2026-09-10 20:19:14,520 INFO o.a.j.JMeter: Copyright (c) 1998-2024 The Apache Software Foundation
2026-09-10 20:19:14,520 INFO o.a.j.JMeter: Version 5.6.3
2026-09-10 20:19:14,521 INFO o.a.j.JMeter: java.version=26.0.1
2026-09-10 20:19:14,521 INFO o.a.j.JMeter: java.vm.name=Java HotSpot(TM) 64-Bit Server VM
2026-09-10 20:19:14,521 INFO o.a.j.JMeter: os.name=Windows 10
2026-09-10 20:19:14,521 INFO o.a.j.JMeter: os.arch=amd64
2026-09-10 20:19:14,521 INFO o.a.j.JMeter: os.version=10.0
2026-09-10 20:19:14,521 INFO o.a.j.JMeter: file.encoding=UTF-8
2026-09-10 20:19:14,521 INFO o.a.j.JMeter: java.awt.headless=true
2026-09-10 20:19:14,521 INFO o.a.j.JMeter: Max memory     =1073741824
2026-09-10 20:19:14,521 INFO o.a.j.JMeter: Available Processors =8
2026-09-10 20:19:14,532 INFO o.a.j.JMeter: Default Locale=English (EN)
2026-09-10 20:19:14,532 INFO o.a.j.JMeter: JMeter  Locale=English (EN)
2026-09-10 20:19:14,532 INFO o.a.j.JMeter: JMeterHome=C:\Program Files\apache-jmeter-5.6.3
2026-09-10 20:19:14,532 INFO o.a.j.JMeter: user.dir  =C:\University\Programming\Software Testing\Lab4
2026-09-10 20:19:14,532 INFO o.a.j.JMeter: PWD       =C:\University\Programming\Software Testing\Lab4
2026-09-10 20:19:14,533 INFO o.a.j.JMeter: IP: 172.28.17.195 Name: DESKTOP-74FQ4EV FullName: DESKTOP-74FQ4EV
2026-09-10 20:19:14,541 INFO o.a.j.JMeter: Setting property 'jmeter.reportgenerator.outputdir' to:'C:\University\Programming\Software Testing\Lab4\html_reports\stress_until_503\10users_200rpm'
2026-09-10 20:19:14,543 INFO o.a.j.s.FileServer: Default base='C:\University\Programming\Software Testing\Lab4'
2026-09-10 20:19:14,544 INFO o.a.j.s.FileServer: Set new base='C:\University\Programming\Software Testing\Lab4\quality_jmeter_plans\stress_until_503'
2026-09-10 20:19:14,737 INFO o.a.j.s.SaveService: Testplan (JMX) version: 2.2. Testlog (JTL) version: 2.2
2026-09-10 20:19:14,753 INFO o.a.j.s.SaveService: Using SaveService properties version 5.0
2026-09-10 20:19:14,755 INFO o.a.j.s.SaveService: Using SaveService properties file encoding UTF-8
2026-09-10 20:19:14,757 INFO o.a.j.s.SaveService: Loading file: quality_jmeter_plans\stress_until_503\stress_until_503_10users_200rpm_ctt.jmx
2026-09-10 20:19:14,802 INFO o.a.j.p.h.s.HTTPSamplerBase: Parser for text/html is org.apache.jmeter.protocol.http.parser.LagartoBasedHtmlParser
2026-09-10 20:19:14,802 INFO o.a.j.p.h.s.HTTPSamplerBase: Parser for application/xhtml+xml is org.apache.jmeter.protocol.http.parser.LagartoBasedHtmlParser
2026-09-10 20:19:14,802 INFO o.a.j.p.h.s.HTTPSamplerBase: Parser for application/xml is org.apache.jmeter.protocol.http.parser.LagartoBasedHtmlParser
2026-09-10 20:19:14,802 INFO o.a.j.p.h.s.HTTPSamplerBase: Parser for text/xml is org.apache.jmeter.protocol.http.parser.LagartoBasedHtmlParser
2026-09-10 20:19:14,802 INFO o.a.j.p.h.s.HTTPSamplerBase: Parser for text/vnd.wap.wml is org.apache.jmeter.protocol.http.parser.RegexpHTMLParser
2026-09-10 20:19:14,802 INFO o.a.j.p.h.s.HTTPSamplerBase: Parser for text/css is org.apache.jmeter.protocol.http.parser.CssParser
2026-09-10 20:19:14,812 INFO o.a.j.JMeter: Creating summariser <summary>
2026-09-10 20:19:14,820 INFO o.a.j.r.d.ReportGenerator: ReportGenerator will use for Parsing the separator: ','
2026-09-10 20:19:14,820 INFO o.a.j.r.d.ReportGenerator: Will generate report at end of test from  results file: results/stress_until_503/stress_until_503_10users_200rpm.jtl
2026-09-10 20:19:14,820 INFO o.a.j.r.d.ReportGenerator: Reading report generator properties from: C:\Program Files\apache-jmeter-5.6.3\bin\reportgenerator.properties
2026-09-10 20:19:14,820 INFO o.a.j.r.d.ReportGenerator: Merging with JMeter properties
2026-09-10 20:19:14,822 INFO o.a.j.r.c.ReportGeneratorConfiguration: Property 'jmeter.reportgenerator.temp_dir' not found, using default value 'temp' instead.
2026-09-10 20:19:14,824 INFO o.a.j.r.c.ReportGeneratorConfiguration: Property 'jmeter.reportgenerator.apdex_per_transaction' not found, using default value 'null' instead.
2026-09-10 20:19:14,824 INFO o.a.j.r.c.ReportGeneratorConfiguration: apdex_per_transaction is empty, not APDEX per transaction customization
2026-09-10 20:19:14,824 INFO o.a.j.r.c.ReportGeneratorConfiguration: Property 'jmeter.reportgenerator.sample_filter' not found, using default value 'null' instead.
2026-09-10 20:19:14,824 INFO o.a.j.r.c.ReportGeneratorConfiguration: Property 'jmeter.reportgenerator.report_title' not found, using default value 'null' instead.
2026-09-10 20:19:14,824 INFO o.a.j.r.c.ReportGeneratorConfiguration: Property 'jmeter.reportgenerator.start_date' not found, using default value 'null' instead.
2026-09-10 20:19:14,824 INFO o.a.j.r.c.ReportGeneratorConfiguration: Property 'jmeter.reportgenerator.end_date' not found, using default value 'null' instead.
2026-09-10 20:19:14,824 INFO o.a.j.r.c.ReportGeneratorConfiguration: Property 'jmeter.reportgenerator.date_format' not found, using default value 'null' instead.
2026-09-10 20:19:14,825 INFO o.a.j.r.c.ReportGeneratorConfiguration: Will use date range start date: null, end date: null
2026-09-10 20:19:14,827 INFO o.a.j.r.c.ReportGeneratorConfiguration: Property 'jmeter.reportgenerator.graph.totalTPS.exclude_controllers' not found, using default value 'false' instead.
2026-09-10 20:19:14,827 INFO o.a.j.r.c.ReportGeneratorConfiguration: Property 'jmeter.reportgenerator.graph.activeThreadsOverTime.exclude_controllers' not found, using default value 'false' instead.
2026-09-10 20:19:14,827 INFO o.a.j.r.c.ReportGeneratorConfiguration: Property 'jmeter.reportgenerator.graph.timeVsThreads.exclude_controllers' not found, using default value 'false' instead.
2026-09-10 20:19:14,827 INFO o.a.j.r.c.ReportGeneratorConfiguration: Property 'jmeter.reportgenerator.graph.responseTimeDistribution.exclude_controllers' not found, using default value 'false' instead.
2026-09-10 20:19:14,827 INFO o.a.j.r.c.ReportGeneratorConfiguration: Property 'jmeter.reportgenerator.graph.transactionsPerSecond.exclude_controllers' not found, using default value 'false' instead.
2026-09-10 20:19:14,828 INFO o.a.j.r.c.ReportGeneratorConfiguration: Property 'jmeter.reportgenerator.graph.responseTimePercentiles.exclude_controllers' not found, using default value 'false' instead.
2026-09-10 20:19:14,828 INFO o.a.j.r.c.ReportGeneratorConfiguration: Property 'jmeter.reportgenerator.graph.responseTimePercentilesOverTime.exclude_controllers' not found, using default value 'false' instead.
2026-09-10 20:19:14,828 INFO o.a.j.r.c.ReportGeneratorConfiguration: Property 'jmeter.reportgenerator.graph.responseTimesOverTime.exclude_controllers' not found, using default value 'false' instead.
2026-09-10 20:19:14,828 INFO o.a.j.r.c.ReportGeneratorConfiguration: Property 'jmeter.reportgenerator.graph.connectTimeOverTime.exclude_controllers' not found, using default value 'false' instead.
2026-09-10 20:19:14,828 INFO o.a.j.r.c.ReportGeneratorConfiguration: Property 'jmeter.reportgenerator.graph.latenciesOverTime.exclude_controllers' not found, using default value 'false' instead.
2026-09-10 20:19:14,829 INFO o.a.j.r.c.ReportGeneratorConfiguration: Property 'jmeter.reportgenerator.exporter.json.filters_only_sample_series' not found, using default value 'true' instead.
2026-09-10 20:19:14,829 INFO o.a.j.r.c.ReportGeneratorConfiguration: Property 'jmeter.reportgenerator.exporter.json.series_filter' not found, using default value '' instead.
2026-09-10 20:19:14,829 INFO o.a.j.r.c.ReportGeneratorConfiguration: Property 'jmeter.reportgenerator.exporter.json.show_controllers_only' not found, using default value 'false' instead.
2026-09-10 20:19:14,829 INFO o.a.j.r.c.ReportGeneratorConfiguration: Property 'jmeter.reportgenerator.exporter.html.filters_only_sample_series' not found, using default value 'true' instead.
2026-09-10 20:19:14,829 INFO o.a.j.r.c.ReportGeneratorConfiguration: Property 'jmeter.reportgenerator.exporter.html.series_filter' not found, using default value '' instead.
2026-09-10 20:19:14,829 INFO o.a.j.r.c.ReportGeneratorConfiguration: Property 'jmeter.reportgenerator.exporter.html.show_controllers_only' not found, using default value 'false' instead.
2026-09-10 20:19:14,837 INFO o.a.j.e.StandardJMeterEngine: Running the test!
2026-09-10 20:19:14,837 INFO o.a.j.s.SampleEvent: List of sample_variables: []
2026-09-10 20:19:14,838 INFO o.a.j.s.SampleEvent: List of sample_variables: []
2026-09-10 20:19:14,843 INFO o.a.j.e.u.CompoundVariable: Note: Function class names must contain the string: '.functions.'
2026-09-10 20:19:14,844 INFO o.a.j.e.u.CompoundVariable: Note: Function class names must not contain the string: '.gui.'
2026-09-10 20:19:14,899 INFO o.a.j.JMeter: Running test (1789060754899)
2026-09-10 20:19:14,914 INFO o.a.j.e.StandardJMeterEngine: Starting ThreadGroup: 1 : Thread Group - until HTTP 503 - 10 users
2026-09-10 20:19:14,914 INFO o.a.j.e.StandardJMeterEngine: Starting 10 threads for group Thread Group - until HTTP 503 - 10 users.
2026-09-10 20:19:14,914 INFO o.a.j.e.StandardJMeterEngine: Thread will continue on error
2026-09-10 20:19:14,915 INFO o.a.j.t.ThreadGroup: Starting thread group... number=1 threads=10 ramp-up=10 delayedStart=false
2026-09-10 20:19:14,920 INFO o.a.j.t.JMeterThread: Thread started: Thread Group - until HTTP 503 - 10 users 1-1
2026-09-10 20:19:14,921 INFO o.a.j.t.ThreadGroup: Started thread group number 1
2026-09-10 20:19:14,921 INFO o.a.j.e.StandardJMeterEngine: All thread groups have been started
2026-09-10 20:19:14,955 INFO o.a.j.p.h.s.HTTPHCAbstractImpl: Local host = DESKTOP-74FQ4EV
2026-09-10 20:19:14,959 INFO o.a.j.p.h.s.HTTPHC4Impl: HTTP request retry count = 0
2026-09-10 20:19:14,960 INFO o.a.j.s.SampleResult: Note: Sample TimeStamps are START times
2026-09-10 20:19:14,960 INFO o.a.j.s.SampleResult: sampleresult.default.encoding is set to UTF-8
2026-09-10 20:19:14,960 INFO o.a.j.s.SampleResult: sampleresult.useNanoTime=true
2026-09-10 20:19:14,960 INFO o.a.j.s.SampleResult: sampleresult.nanoThreadSleep=5000
2026-09-10 20:19:15,919 INFO o.a.j.t.JMeterThread: Thread started: Thread Group - until HTTP 503 - 10 users 1-2
2026-09-10 20:19:16,917 INFO o.a.j.t.JMeterThread: Thread started: Thread Group - until HTTP 503 - 10 users 1-3
2026-09-10 20:19:17,918 INFO o.a.j.t.JMeterThread: Thread started: Thread Group - until HTTP 503 - 10 users 1-4
2026-09-10 20:19:18,916 INFO o.a.j.t.JMeterThread: Thread started: Thread Group - until HTTP 503 - 10 users 1-5
2026-09-10 20:19:19,918 INFO o.a.j.t.JMeterThread: Thread started: Thread Group - until HTTP 503 - 10 users 1-6
2026-09-10 20:19:20,916 INFO o.a.j.t.JMeterThread: Thread started: Thread Group - until HTTP 503 - 10 users 1-7
2026-09-10 20:19:21,917 INFO o.a.j.t.JMeterThread: Thread started: Thread Group - until HTTP 503 - 10 users 1-8
2026-09-10 20:19:22,916 INFO o.a.j.t.JMeterThread: Thread started: Thread Group - until HTTP 503 - 10 users 1-9
2026-09-10 20:19:23,917 INFO o.a.j.t.JMeterThread: Thread started: Thread Group - until HTTP 503 - 10 users 1-10
2026-09-10 20:19:30,456 INFO o.a.j.r.Summariser: summary +     53 in 00:00:16 =    3.4/s Avg:   565 Min:   513 Max:  1108 Err:     5 (9.43%) Active: 10 Started: 10 Finished: 0
2026-09-10 20:20:00,449 INFO o.a.j.r.Summariser: summary +    100 in 00:00:30 =    3.3/s Avg:   542 Min:   527 Max:   642 Err:     1 (1.00%) Active: 10 Started: 10 Finished: 0
2026-09-10 20:20:00,450 INFO o.a.j.r.Summariser: summary =    153 in 00:00:46 =    3.4/s Avg:   550 Min:   513 Max:  1108 Err:     6 (3.92%)
2026-09-10 20:20:30,473 INFO o.a.j.r.Summariser: summary +    100 in 00:00:30 =    3.3/s Avg:   569 Min:   527 Max:  1143 Err:     5 (5.00%) Active: 10 Started: 10 Finished: 0
2026-09-10 20:20:30,475 INFO o.a.j.r.Summariser: summary =    253 in 00:01:16 =    3.3/s Avg:   558 Min:   513 Max:  1143 Err:    11 (4.35%)
2026-09-10 20:20:42,688 INFO o.a.j.t.JMeterThread: Thread finished: Thread Group - until HTTP 503 - 10 users 1-6
2026-09-10 20:20:42,851 INFO o.a.j.t.JMeterThread: Thread finished: Thread Group - until HTTP 503 - 10 users 1-8
2026-09-10 20:20:44,384 INFO o.a.j.t.JMeterThread: Thread finished: Thread Group - until HTTP 503 - 10 users 1-1
2026-09-10 20:20:44,384 INFO o.a.j.t.JMeterThread: Thread finished: Thread Group - until HTTP 503 - 10 users 1-3
2026-09-10 20:20:44,386 INFO o.a.j.t.JMeterThread: Thread finished: Thread Group - until HTTP 503 - 10 users 1-4
2026-09-10 20:20:44,386 INFO o.a.j.t.JMeterThread: Thread finished: Thread Group - until HTTP 503 - 10 users 1-5
2026-09-10 20:20:45,281 INFO o.a.j.t.JMeterThread: Stopping because end time detected by thread: Thread Group - until HTTP 503 - 10 users 1-2
2026-09-10 20:20:45,281 INFO o.a.j.t.JMeterThread: Thread finished: Thread Group - until HTTP 503 - 10 users 1-2
2026-09-10 20:20:45,374 INFO o.a.j.t.JMeterThread: Stopping because end time detected by thread: Thread Group - until HTTP 503 - 10 users 1-9
2026-09-10 20:20:45,374 INFO o.a.j.t.JMeterThread: Thread finished: Thread Group - until HTTP 503 - 10 users 1-9
2026-09-10 20:20:45,452 INFO o.a.j.t.JMeterThread: Stopping because end time detected by thread: Thread Group - until HTTP 503 - 10 users 1-10
2026-09-10 20:20:45,452 INFO o.a.j.t.JMeterThread: Thread finished: Thread Group - until HTTP 503 - 10 users 1-10
2026-09-10 20:20:45,452 INFO o.a.j.t.JMeterThread: Stopping because end time detected by thread: Thread Group - until HTTP 503 - 10 users 1-7
2026-09-10 20:20:45,452 INFO o.a.j.t.JMeterThread: Thread finished: Thread Group - until HTTP 503 - 10 users 1-7
2026-09-10 20:20:45,453 INFO o.a.j.e.StandardJMeterEngine: Notifying test listeners of end of test
2026-09-10 20:20:45,455 INFO o.a.j.r.Summariser: summary +     53 in 00:00:15 =    3.5/s Avg:   596 Min:   529 Max:  1213 Err:     7 (13.21%) Active: 0 Started: 10 Finished: 10
2026-09-10 20:20:45,457 INFO o.a.j.r.Summariser: summary =    306 in 00:01:31 =    3.4/s Avg:   564 Min:   513 Max:  1213 Err:    18 (5.88%)
2026-09-10 20:20:45,458 INFO o.a.j.JMeter: Generating Dashboard
2026-09-10 20:20:45,459 INFO o.a.j.r.d.ReportGenerator: Flushing result collector before report Generation
2026-09-10 20:20:45,530 INFO o.a.j.r.p.NormalizerSampleConsumer: Using format, 'ms', to parse timeStamp field
2026-09-10 20:20:45,710 INFO o.a.j.r.p.AbstractSampleConsumer: class org.apache.jmeter.report.processor.AggregateConsumer#stopProducing(): beginDate produced 0 samples
2026-09-10 20:20:45,711 INFO o.a.j.r.p.AbstractSampleConsumer: class org.apache.jmeter.report.processor.AggregateConsumer#stopProducing(): endDate produced 0 samples
2026-09-10 20:20:45,713 INFO o.a.j.r.p.AbstractSampleConsumer: class org.apache.jmeter.report.processor.ApdexSummaryConsumer#stopProducing(): apdexSummary produced 0 samples
2026-09-10 20:20:45,713 INFO o.a.j.r.p.AbstractSampleConsumer: class org.apache.jmeter.report.processor.RequestsSummaryConsumer#stopProducing(): requestsSummary produced 0 samples
2026-09-10 20:20:45,718 INFO o.a.j.r.p.AbstractSampleConsumer: class org.apache.jmeter.report.processor.StatisticsSummaryConsumer#stopProducing(): statisticsSummary produced 0 samples
2026-09-10 20:20:45,720 INFO o.a.j.r.p.AbstractSampleConsumer: class org.apache.jmeter.report.processor.Top5ErrorsBySamplerConsumer#stopProducing(): top5ErrorsBySampler produced 0 samples
2026-09-10 20:20:45,720 INFO o.a.j.r.p.AbstractSampleConsumer: class org.apache.jmeter.report.processor.ErrorsSummaryConsumer#stopProducing(): errorsSummary produced 0 samples
2026-09-10 20:20:45,720 INFO o.a.j.r.p.AbstractSampleConsumer: class org.apache.jmeter.report.processor.graph.impl.HitsPerSecondGraphConsumer#stopProducing(): hitsPerSecond produced 0 samples
2026-09-10 20:20:45,764 INFO o.a.j.r.p.AbstractSampleConsumer: class org.apache.jmeter.report.processor.graph.impl.LatencyVSRequestGraphConsumer#stopProducing(): latencyVsRequest produced 0 samples
2026-09-10 20:20:45,764 INFO o.a.j.r.p.AbstractSampleConsumer: class org.apache.jmeter.report.processor.graph.impl.SyntheticResponseTimeDistributionGraphConsumer#stopProducing(): syntheticResponseTimeDistribution produced 0 samples
2026-09-10 20:20:45,764 INFO o.a.j.r.p.AbstractSampleConsumer: class org.apache.jmeter.report.processor.graph.impl.BytesThroughputGraphConsumer#stopProducing(): bytesThroughputOverTime produced 0 samples
2026-09-10 20:20:45,765 INFO o.a.j.r.p.AbstractSampleConsumer: class org.apache.jmeter.report.processor.graph.impl.CodesPerSecondGraphConsumer#stopProducing(): codesPerSecond produced 0 samples
2026-09-10 20:20:45,791 INFO o.a.j.r.p.AbstractSampleConsumer: class org.apache.jmeter.report.processor.graph.impl.ResponseTimeVSRequestGraphConsumer#stopProducing(): responseTimeVsRequest produced 0 samples
2026-09-10 20:20:45,791 INFO o.a.j.r.p.AbstractSampleConsumer: class org.apache.jmeter.report.processor.FilterConsumer#stopProducing(): startIntervalControlerFilter produced 2142 samples
2026-09-10 20:20:45,791 INFO o.a.j.r.p.AbstractSampleConsumer: class org.apache.jmeter.report.processor.graph.impl.TotalTPSGraphConsumer#stopProducing(): totalTPS produced 0 samples
2026-09-10 20:20:45,791 INFO o.a.j.r.p.AbstractSampleConsumer: class org.apache.jmeter.report.processor.graph.impl.ActiveThreadsGraphConsumer#stopProducing(): activeThreadsOverTime produced 0 samples
2026-09-10 20:20:45,791 INFO o.a.j.r.p.AbstractSampleConsumer: class org.apache.jmeter.report.processor.graph.impl.TimeVSThreadGraphConsumer#stopProducing(): timeVsThreads produced 0 samples
2026-09-10 20:20:45,791 INFO o.a.j.r.p.AbstractSampleConsumer: class org.apache.jmeter.report.processor.graph.impl.ResponseTimeDistributionGraphConsumer#stopProducing(): responseTimeDistribution produced 0 samples
2026-09-10 20:20:45,791 INFO o.a.j.r.p.AbstractSampleConsumer: class org.apache.jmeter.report.processor.graph.impl.TransactionsPerSecondGraphConsumer#stopProducing(): transactionsPerSecond produced 0 samples
2026-09-10 20:20:45,791 INFO o.a.j.r.p.AbstractSampleConsumer: class org.apache.jmeter.report.processor.graph.impl.ResponseTimePercentilesGraphConsumer#stopProducing(): responseTimePercentiles produced 0 samples
2026-09-10 20:20:45,793 INFO o.a.j.r.p.AbstractSampleConsumer: class org.apache.jmeter.report.processor.graph.impl.ResponseTimePercentilesOverTimeGraphConsumer#stopProducing(): responseTimePercentilesOverTime produced 0 samples
2026-09-10 20:20:45,794 INFO o.a.j.r.p.AbstractSampleConsumer: class org.apache.jmeter.report.processor.graph.impl.ResponseTimeOverTimeGraphConsumer#stopProducing(): responseTimesOverTime produced 0 samples
2026-09-10 20:20:45,794 INFO o.a.j.r.p.AbstractSampleConsumer: class org.apache.jmeter.report.processor.graph.impl.ConnectTimeOverTimeGraphConsumer#stopProducing(): connectTimeOverTime produced 0 samples
2026-09-10 20:20:45,794 INFO o.a.j.r.p.AbstractSampleConsumer: class org.apache.jmeter.report.processor.graph.impl.LatencyOverTimeGraphConsumer#stopProducing(): latenciesOverTime produced 0 samples
2026-09-10 20:20:45,794 INFO o.a.j.r.p.AbstractSampleConsumer: class org.apache.jmeter.report.processor.FilterConsumer#stopProducing(): nameFilter produced 4590 samples
2026-09-10 20:20:45,794 INFO o.a.j.r.p.AbstractSampleConsumer: class org.apache.jmeter.report.processor.FilterConsumer#stopProducing(): dateRangeFilter produced 918 samples
2026-09-10 20:20:45,794 INFO o.a.j.r.p.AbstractSampleConsumer: class org.apache.jmeter.report.processor.NormalizerSampleConsumer#stopProducing(): normalizer produced 306 samples
2026-09-10 20:20:45,795 INFO o.a.j.r.p.CsvFileSampleSource: produce(): 306 samples produced in 211ms on channel 0
2026-09-10 20:20:45,795 INFO o.a.j.r.d.ReportGenerator: Exporting data using exporter:'json' of className:'org.apache.jmeter.report.dashboard.JsonExporter'
2026-09-10 20:20:45,898 INFO o.a.j.r.d.JsonExporter: Found data for consumer statisticsSummary in context
2026-09-10 20:20:45,899 INFO o.a.j.r.d.JsonExporter: Creating statistics for overall
2026-09-10 20:20:45,899 INFO o.a.j.r.d.JsonExporter: Creating statistics for other transactions
2026-09-10 20:20:45,900 INFO o.a.j.r.d.JsonExporter: Checking output folder
2026-09-10 20:20:45,901 INFO o.a.j.r.d.JsonExporter: Writing statistics JSON to C:\University\Programming\Software Testing\Lab4\html_reports\stress_until_503\10users_200rpm\statistics.json
2026-09-10 20:20:45,980 INFO o.a.j.r.d.ReportGenerator: Exporting data using exporter:'html' of className:'org.apache.jmeter.report.dashboard.HtmlTemplateExporter'
2026-09-10 20:20:45,984 INFO o.a.j.r.d.HtmlTemplateExporter: Will generate dashboard in folder: C:\University\Programming\Software Testing\Lab4\html_reports\stress_until_503\10users_200rpm
2026-09-10 20:20:46,085 INFO o.a.j.r.d.HtmlTemplateExporter: Report will be generated in: C:\University\Programming\Software Testing\Lab4\html_reports\stress_until_503\10users_200rpm, creating folder structure
2026-09-10 20:20:46,091 INFO o.a.j.r.d.TemplateVisitor: Copying folder from 'C:\Program Files\apache-jmeter-5.6.3\bin\report-template' to 'C:\University\Programming\Software Testing\Lab4\html_reports\stress_until_503\10users_200rpm', got message: C:\University\Programming\Software Testing\Lab4\html_reports\stress_until_503\10users_200rpm, found non empty folder with following content [C:\University\Programming\Software Testing\Lab4\html_reports\stress_until_503\10users_200rpm\statistics.json], will be ignored
2026-09-10 20:20:46,563 INFO o.a.j.JMeter: Dashboard generated
