2026-09-10 20:25:37,873 INFO o.a.j.u.JMeterUtils: Setting Locale to en_EN
2026-09-10 20:25:37,892 INFO o.a.j.JMeter: Loading user properties from: C:\Program Files\apache-jmeter-5.6.3\bin\user.properties
2026-09-10 20:25:37,893 INFO o.a.j.JMeter: Loading system properties from: C:\Program Files\apache-jmeter-5.6.3\bin\system.properties
2026-09-10 20:25:37,894 INFO o.a.j.JMeter: Setting JMeter property: jmeter.save.saveservice.output_format=csv
2026-09-10 20:25:37,894 INFO o.a.j.JMeter: Setting JMeter property: jmeter.save.saveservice.print_field_names=true
2026-09-10 20:25:37,895 INFO o.a.j.JMeter: Setting JMeter property: jmeter.save.saveservice.timestamp_format=ms
2026-09-10 20:25:37,895 INFO o.a.j.JMeter: Setting JMeter property: jmeter.save.saveservice.time=true
2026-09-10 20:25:37,895 INFO o.a.j.JMeter: Setting JMeter property: jmeter.save.saveservice.latency=true
2026-09-10 20:25:37,895 INFO o.a.j.JMeter: Setting JMeter property: jmeter.save.saveservice.label=true
2026-09-10 20:25:37,895 INFO o.a.j.JMeter: Setting JMeter property: jmeter.save.saveservice.response_code=true
2026-09-10 20:25:37,895 INFO o.a.j.JMeter: Setting JMeter property: jmeter.save.saveservice.response_message=true
2026-09-10 20:25:37,895 INFO o.a.j.JMeter: Setting JMeter property: jmeter.save.saveservice.successful=true
2026-09-10 20:25:37,895 INFO o.a.j.JMeter: Setting JMeter property: jmeter.save.saveservice.assertion_results_failure_message=true
2026-09-10 20:25:37,895 INFO o.a.j.JMeter: Setting JMeter property: jmeter.save.saveservice.thread_name=true
2026-09-10 20:25:37,896 INFO o.a.j.JMeter: Setting JMeter property: jmeter.save.saveservice.thread_counts=true
2026-09-10 20:25:37,896 INFO o.a.j.JMeter: Setting JMeter property: jmeter.save.saveservice.connect_time=true
2026-09-10 20:25:37,903 INFO o.a.j.JMeter: Copyright (c) 1998-2024 The Apache Software Foundation
2026-09-10 20:25:37,903 INFO o.a.j.JMeter: Version 5.6.3
2026-09-10 20:25:37,903 INFO o.a.j.JMeter: java.version=26.0.1
2026-09-10 20:25:37,903 INFO o.a.j.JMeter: java.vm.name=Java HotSpot(TM) 64-Bit Server VM
2026-09-10 20:25:37,904 INFO o.a.j.JMeter: os.name=Windows 10
2026-09-10 20:25:37,904 INFO o.a.j.JMeter: os.arch=amd64
2026-09-10 20:25:37,904 INFO o.a.j.JMeter: os.version=10.0
2026-09-10 20:25:37,904 INFO o.a.j.JMeter: file.encoding=UTF-8
2026-09-10 20:25:37,904 INFO o.a.j.JMeter: java.awt.headless=true
2026-09-10 20:25:37,904 INFO o.a.j.JMeter: Max memory     =1073741824
2026-09-10 20:25:37,904 INFO o.a.j.JMeter: Available Processors =8
2026-09-10 20:25:37,917 INFO o.a.j.JMeter: Default Locale=English (EN)
2026-09-10 20:25:37,918 INFO o.a.j.JMeter: JMeter  Locale=English (EN)
2026-09-10 20:25:37,918 INFO o.a.j.JMeter: JMeterHome=C:\Program Files\apache-jmeter-5.6.3
2026-09-10 20:25:37,918 INFO o.a.j.JMeter: user.dir  =C:\University\Programming\Software Testing\Lab4
2026-09-10 20:25:37,918 INFO o.a.j.JMeter: PWD       =C:\University\Programming\Software Testing\Lab4
2026-09-10 20:25:37,919 INFO o.a.j.JMeter: IP: 172.28.17.195 Name: DESKTOP-74FQ4EV FullName: DESKTOP-74FQ4EV
2026-09-10 20:25:37,930 INFO o.a.j.JMeter: Setting property 'jmeter.reportgenerator.outputdir' to:'C:\University\Programming\Software Testing\Lab4\html_reports\stress_until_503\24users_480rpm'
2026-09-10 20:25:37,933 INFO o.a.j.s.FileServer: Default base='C:\University\Programming\Software Testing\Lab4'
2026-09-10 20:25:37,934 INFO o.a.j.s.FileServer: Set new base='C:\University\Programming\Software Testing\Lab4\quality_jmeter_plans\stress_until_503'
2026-09-10 20:25:38,156 INFO o.a.j.s.SaveService: Testplan (JMX) version: 2.2. Testlog (JTL) version: 2.2
2026-09-10 20:25:38,170 INFO o.a.j.s.SaveService: Using SaveService properties version 5.0
2026-09-10 20:25:38,172 INFO o.a.j.s.SaveService: Using SaveService properties file encoding UTF-8
2026-09-10 20:25:38,174 INFO o.a.j.s.SaveService: Loading file: quality_jmeter_plans\stress_until_503\stress_until_503_24users_480rpm_ctt.jmx
2026-09-10 20:25:38,218 INFO o.a.j.p.h.s.HTTPSamplerBase: Parser for text/html is org.apache.jmeter.protocol.http.parser.LagartoBasedHtmlParser
2026-09-10 20:25:38,218 INFO o.a.j.p.h.s.HTTPSamplerBase: Parser for application/xhtml+xml is org.apache.jmeter.protocol.http.parser.LagartoBasedHtmlParser
2026-09-10 20:25:38,219 INFO o.a.j.p.h.s.HTTPSamplerBase: Parser for application/xml is org.apache.jmeter.protocol.http.parser.LagartoBasedHtmlParser
2026-09-10 20:25:38,219 INFO o.a.j.p.h.s.HTTPSamplerBase: Parser for text/xml is org.apache.jmeter.protocol.http.parser.LagartoBasedHtmlParser
2026-09-10 20:25:38,219 INFO o.a.j.p.h.s.HTTPSamplerBase: Parser for text/vnd.wap.wml is org.apache.jmeter.protocol.http.parser.RegexpHTMLParser
2026-09-10 20:25:38,219 INFO o.a.j.p.h.s.HTTPSamplerBase: Parser for text/css is org.apache.jmeter.protocol.http.parser.CssParser
2026-09-10 20:25:38,229 INFO o.a.j.JMeter: Creating summariser <summary>
2026-09-10 20:25:38,237 INFO o.a.j.r.d.ReportGenerator: ReportGenerator will use for Parsing the separator: ','
2026-09-10 20:25:38,237 INFO o.a.j.r.d.ReportGenerator: Will generate report at end of test from  results file: results/stress_until_503/stress_until_503_24users_480rpm.jtl
2026-09-10 20:25:38,237 INFO o.a.j.r.d.ReportGenerator: Reading report generator properties from: C:\Program Files\apache-jmeter-5.6.3\bin\reportgenerator.properties
2026-09-10 20:25:38,238 INFO o.a.j.r.d.ReportGenerator: Merging with JMeter properties
2026-09-10 20:25:38,242 INFO o.a.j.r.c.ReportGeneratorConfiguration: Property 'jmeter.reportgenerator.temp_dir' not found, using default value 'temp' instead.
2026-09-10 20:25:38,244 INFO o.a.j.r.c.ReportGeneratorConfiguration: Property 'jmeter.reportgenerator.apdex_per_transaction' not found, using default value 'null' instead.
2026-09-10 20:25:38,244 INFO o.a.j.r.c.ReportGeneratorConfiguration: apdex_per_transaction is empty, not APDEX per transaction customization
2026-09-10 20:25:38,244 INFO o.a.j.r.c.ReportGeneratorConfiguration: Property 'jmeter.reportgenerator.sample_filter' not found, using default value 'null' instead.
2026-09-10 20:25:38,244 INFO o.a.j.r.c.ReportGeneratorConfiguration: Property 'jmeter.reportgenerator.report_title' not found, using default value 'null' instead.
2026-09-10 20:25:38,244 INFO o.a.j.r.c.ReportGeneratorConfiguration: Property 'jmeter.reportgenerator.start_date' not found, using default value 'null' instead.
2026-09-10 20:25:38,244 INFO o.a.j.r.c.ReportGeneratorConfiguration: Property 'jmeter.reportgenerator.end_date' not found, using default value 'null' instead.
2026-09-10 20:25:38,244 INFO o.a.j.r.c.ReportGeneratorConfiguration: Property 'jmeter.reportgenerator.date_format' not found, using default value 'null' instead.
2026-09-10 20:25:38,244 INFO o.a.j.r.c.ReportGeneratorConfiguration: Will use date range start date: null, end date: null
2026-09-10 20:25:38,247 INFO o.a.j.r.c.ReportGeneratorConfiguration: Property 'jmeter.reportgenerator.graph.totalTPS.exclude_controllers' not found, using default value 'false' instead.
2026-09-10 20:25:38,248 INFO o.a.j.r.c.ReportGeneratorConfiguration: Property 'jmeter.reportgenerator.graph.activeThreadsOverTime.exclude_controllers' not found, using default value 'false' instead.
2026-09-10 20:25:38,248 INFO o.a.j.r.c.ReportGeneratorConfiguration: Property 'jmeter.reportgenerator.graph.timeVsThreads.exclude_controllers' not found, using default value 'false' instead.
2026-09-10 20:25:38,248 INFO o.a.j.r.c.ReportGeneratorConfiguration: Property 'jmeter.reportgenerator.graph.responseTimeDistribution.exclude_controllers' not found, using default value 'false' instead.
2026-09-10 20:25:38,248 INFO o.a.j.r.c.ReportGeneratorConfiguration: Property 'jmeter.reportgenerator.graph.transactionsPerSecond.exclude_controllers' not found, using default value 'false' instead.
2026-09-10 20:25:38,248 INFO o.a.j.r.c.ReportGeneratorConfiguration: Property 'jmeter.reportgenerator.graph.responseTimePercentiles.exclude_controllers' not found, using default value 'false' instead.
2026-09-10 20:25:38,248 INFO o.a.j.r.c.ReportGeneratorConfiguration: Property 'jmeter.reportgenerator.graph.responseTimePercentilesOverTime.exclude_controllers' not found, using default value 'false' instead.
2026-09-10 20:25:38,248 INFO o.a.j.r.c.ReportGeneratorConfiguration: Property 'jmeter.reportgenerator.graph.responseTimesOverTime.exclude_controllers' not found, using default value 'false' instead.
2026-09-10 20:25:38,248 INFO o.a.j.r.c.ReportGeneratorConfiguration: Property 'jmeter.reportgenerator.graph.connectTimeOverTime.exclude_controllers' not found, using default value 'false' instead.
2026-09-10 20:25:38,249 INFO o.a.j.r.c.ReportGeneratorConfiguration: Property 'jmeter.reportgenerator.graph.latenciesOverTime.exclude_controllers' not found, using default value 'false' instead.
2026-09-10 20:25:38,249 INFO o.a.j.r.c.ReportGeneratorConfiguration: Property 'jmeter.reportgenerator.exporter.json.filters_only_sample_series' not found, using default value 'true' instead.
2026-09-10 20:25:38,249 INFO o.a.j.r.c.ReportGeneratorConfiguration: Property 'jmeter.reportgenerator.exporter.json.series_filter' not found, using default value '' instead.
2026-09-10 20:25:38,249 INFO o.a.j.r.c.ReportGeneratorConfiguration: Property 'jmeter.reportgenerator.exporter.json.show_controllers_only' not found, using default value 'false' instead.
2026-09-10 20:25:38,250 INFO o.a.j.r.c.ReportGeneratorConfiguration: Property 'jmeter.reportgenerator.exporter.html.filters_only_sample_series' not found, using default value 'true' instead.
2026-09-10 20:25:38,250 INFO o.a.j.r.c.ReportGeneratorConfiguration: Property 'jmeter.reportgenerator.exporter.html.series_filter' not found, using default value '' instead.
2026-09-10 20:25:38,250 INFO o.a.j.r.c.ReportGeneratorConfiguration: Property 'jmeter.reportgenerator.exporter.html.show_controllers_only' not found, using default value 'false' instead.
2026-09-10 20:25:38,258 INFO o.a.j.e.StandardJMeterEngine: Running the test!
2026-09-10 20:25:38,259 INFO o.a.j.s.SampleEvent: List of sample_variables: []
2026-09-10 20:25:38,259 INFO o.a.j.s.SampleEvent: List of sample_variables: []
2026-09-10 20:25:38,263 INFO o.a.j.e.u.CompoundVariable: Note: Function class names must contain the string: '.functions.'
2026-09-10 20:25:38,263 INFO o.a.j.e.u.CompoundVariable: Note: Function class names must not contain the string: '.gui.'
2026-09-10 20:25:38,315 INFO o.a.j.JMeter: Running test (1789061138315)
2026-09-10 20:25:38,331 INFO o.a.j.e.StandardJMeterEngine: Starting ThreadGroup: 1 : Thread Group - until HTTP 503 - 24 users
2026-09-10 20:25:38,332 INFO o.a.j.e.StandardJMeterEngine: Starting 24 threads for group Thread Group - until HTTP 503 - 24 users.
2026-09-10 20:25:38,332 INFO o.a.j.e.StandardJMeterEngine: Thread will continue on error
2026-09-10 20:25:38,332 INFO o.a.j.t.ThreadGroup: Starting thread group... number=1 threads=24 ramp-up=24 delayedStart=false
2026-09-10 20:25:38,338 INFO o.a.j.t.JMeterThread: Thread started: Thread Group - until HTTP 503 - 24 users 1-1
2026-09-10 20:25:38,344 INFO o.a.j.t.ThreadGroup: Started thread group number 1
2026-09-10 20:25:38,345 INFO o.a.j.e.StandardJMeterEngine: All thread groups have been started
2026-09-10 20:25:38,380 INFO o.a.j.p.h.s.HTTPHCAbstractImpl: Local host = DESKTOP-74FQ4EV
2026-09-10 20:25:38,384 INFO o.a.j.p.h.s.HTTPHC4Impl: HTTP request retry count = 0
2026-09-10 20:25:38,385 INFO o.a.j.s.SampleResult: Note: Sample TimeStamps are START times
2026-09-10 20:25:38,385 INFO o.a.j.s.SampleResult: sampleresult.default.encoding is set to UTF-8
2026-09-10 20:25:38,385 INFO o.a.j.s.SampleResult: sampleresult.useNanoTime=true
2026-09-10 20:25:38,385 INFO o.a.j.s.SampleResult: sampleresult.nanoThreadSleep=5000
2026-09-10 20:25:39,335 INFO o.a.j.t.JMeterThread: Thread started: Thread Group - until HTTP 503 - 24 users 1-2
2026-09-10 20:25:40,335 INFO o.a.j.t.JMeterThread: Thread started: Thread Group - until HTTP 503 - 24 users 1-3
2026-09-10 20:25:41,334 INFO o.a.j.t.JMeterThread: Thread started: Thread Group - until HTTP 503 - 24 users 1-4
2026-09-10 20:25:42,335 INFO o.a.j.t.JMeterThread: Thread started: Thread Group - until HTTP 503 - 24 users 1-5
2026-09-10 20:25:43,333 INFO o.a.j.t.JMeterThread: Thread started: Thread Group - until HTTP 503 - 24 users 1-6
2026-09-10 20:25:44,334 INFO o.a.j.t.JMeterThread: Thread started: Thread Group - until HTTP 503 - 24 users 1-7
2026-09-10 20:25:45,332 INFO o.a.j.t.JMeterThread: Thread started: Thread Group - until HTTP 503 - 24 users 1-8
2026-09-10 20:25:46,334 INFO o.a.j.t.JMeterThread: Thread started: Thread Group - until HTTP 503 - 24 users 1-9
2026-09-10 20:25:47,333 INFO o.a.j.t.JMeterThread: Thread started: Thread Group - until HTTP 503 - 24 users 1-10
2026-09-10 20:25:48,332 INFO o.a.j.t.JMeterThread: Thread started: Thread Group - until HTTP 503 - 24 users 1-11
2026-09-10 20:25:49,333 INFO o.a.j.t.JMeterThread: Thread started: Thread Group - until HTTP 503 - 24 users 1-12
2026-09-10 20:25:50,332 INFO o.a.j.t.JMeterThread: Thread started: Thread Group - until HTTP 503 - 24 users 1-13
2026-09-10 20:25:51,332 INFO o.a.j.t.JMeterThread: Thread started: Thread Group - until HTTP 503 - 24 users 1-14
2026-09-10 20:25:52,332 INFO o.a.j.t.JMeterThread: Thread started: Thread Group - until HTTP 503 - 24 users 1-15
2026-09-10 20:25:53,335 INFO o.a.j.t.JMeterThread: Thread started: Thread Group - until HTTP 503 - 24 users 1-16
2026-09-10 20:25:54,334 INFO o.a.j.t.JMeterThread: Thread started: Thread Group - until HTTP 503 - 24 users 1-17
2026-09-10 20:25:55,334 INFO o.a.j.t.JMeterThread: Thread started: Thread Group - until HTTP 503 - 24 users 1-18
2026-09-10 20:25:56,333 INFO o.a.j.t.JMeterThread: Thread started: Thread Group - until HTTP 503 - 24 users 1-19
2026-09-10 20:25:57,333 INFO o.a.j.t.JMeterThread: Thread started: Thread Group - until HTTP 503 - 24 users 1-20
2026-09-10 20:25:58,334 INFO o.a.j.t.JMeterThread: Thread started: Thread Group - until HTTP 503 - 24 users 1-21
2026-09-10 20:25:59,333 INFO o.a.j.t.JMeterThread: Thread started: Thread Group - until HTTP 503 - 24 users 1-22
2026-09-10 20:26:00,299 INFO o.a.j.r.Summariser: summary +    165 in 00:00:22 =    7.5/s Avg:   589 Min:   521 Max:  1217 Err:    10 (6.06%) Active: 22 Started: 22 Finished: 0
2026-09-10 20:26:00,333 INFO o.a.j.t.JMeterThread: Thread started: Thread Group - until HTTP 503 - 24 users 1-23
2026-09-10 20:26:01,333 INFO o.a.j.t.JMeterThread: Thread started: Thread Group - until HTTP 503 - 24 users 1-24
2026-09-10 20:26:30,031 INFO o.a.j.r.Summariser: summary +    240 in 00:00:30 =    8.1/s Avg:   585 Min:   571 Max:   659 Err:     9 (3.75%) Active: 24 Started: 24 Finished: 0
2026-09-10 20:26:30,032 INFO o.a.j.r.Summariser: summary =    405 in 00:00:52 =    7.8/s Avg:   587 Min:   521 Max:  1217 Err:    19 (4.69%)
2026-09-10 20:27:00,047 INFO o.a.j.r.Summariser: summary +    240 in 00:00:30 =    8.0/s Avg:   595 Min:   572 Max:  1178 Err:    16 (6.67%) Active: 24 Started: 24 Finished: 0
2026-09-10 20:27:00,048 INFO o.a.j.r.Summariser: summary =    645 in 00:01:22 =    7.9/s Avg:   590 Min:   521 Max:  1217 Err:    35 (5.43%)
2026-09-10 20:27:06,054 INFO o.a.j.t.JMeterThread: Thread finished: Thread Group - until HTTP 503 - 24 users 1-11
2026-09-10 20:27:06,284 INFO o.a.j.t.JMeterThread: Thread finished: Thread Group - until HTTP 503 - 24 users 1-14
2026-09-10 20:27:06,284 INFO o.a.j.t.JMeterThread: Thread finished: Thread Group - until HTTP 503 - 24 users 1-20
2026-09-10 20:27:06,532 INFO o.a.j.t.JMeterThread: Thread finished: Thread Group - until HTTP 503 - 24 users 1-10
2026-09-10 20:27:06,533 INFO o.a.j.t.JMeterThread: Thread finished: Thread Group - until HTTP 503 - 24 users 1-18
2026-09-10 20:27:06,596 INFO o.a.j.t.JMeterThread: Thread finished: Thread Group - until HTTP 503 - 24 users 1-4
2026-09-10 20:27:06,596 INFO o.a.j.t.JMeterThread: Thread finished: Thread Group - until HTTP 503 - 24 users 1-3
2026-09-10 20:27:06,596 INFO o.a.j.t.JMeterThread: Thread finished: Thread Group - until HTTP 503 - 24 users 1-2
2026-09-10 20:27:07,542 INFO o.a.j.t.JMeterThread: Thread finished: Thread Group - until HTTP 503 - 24 users 1-13
2026-09-10 20:27:07,542 INFO o.a.j.t.JMeterThread: Thread finished: Thread Group - until HTTP 503 - 24 users 1-1
2026-09-10 20:27:07,543 INFO o.a.j.t.JMeterThread: Thread finished: Thread Group - until HTTP 503 - 24 users 1-21
2026-09-10 20:27:07,575 INFO o.a.j.t.JMeterThread: Thread finished: Thread Group - until HTTP 503 - 24 users 1-5
2026-09-10 20:27:07,908 INFO o.a.j.t.JMeterThread: Thread finished: Thread Group - until HTTP 503 - 24 users 1-15
2026-09-10 20:27:07,910 INFO o.a.j.t.JMeterThread: Thread finished: Thread Group - until HTTP 503 - 24 users 1-24
2026-09-10 20:27:07,912 INFO o.a.j.t.JMeterThread: Thread finished: Thread Group - until HTTP 503 - 24 users 1-19
2026-09-10 20:27:08,162 INFO o.a.j.t.JMeterThread: Thread finished: Thread Group - until HTTP 503 - 24 users 1-17
2026-09-10 20:27:08,291 INFO o.a.j.t.JMeterThread: Thread finished: Thread Group - until HTTP 503 - 24 users 1-12
2026-09-10 20:27:08,594 INFO o.a.j.t.JMeterThread: Stopping because end time detected by thread: Thread Group - until HTTP 503 - 24 users 1-6
2026-09-10 20:27:08,595 INFO o.a.j.t.JMeterThread: Thread finished: Thread Group - until HTTP 503 - 24 users 1-6
2026-09-10 20:27:08,661 INFO o.a.j.t.JMeterThread: Stopping because end time detected by thread: Thread Group - until HTTP 503 - 24 users 1-22
2026-09-10 20:27:08,662 INFO o.a.j.t.JMeterThread: Thread finished: Thread Group - until HTTP 503 - 24 users 1-22
2026-09-10 20:27:08,662 INFO o.a.j.t.JMeterThread: Stopping because end time detected by thread: Thread Group - until HTTP 503 - 24 users 1-8
2026-09-10 20:27:08,662 INFO o.a.j.t.JMeterThread: Thread finished: Thread Group - until HTTP 503 - 24 users 1-8
2026-09-10 20:27:08,663 INFO o.a.j.t.JMeterThread: Stopping because end time detected by thread: Thread Group - until HTTP 503 - 24 users 1-9
2026-09-10 20:27:08,663 INFO o.a.j.t.JMeterThread: Thread finished: Thread Group - until HTTP 503 - 24 users 1-9
2026-09-10 20:27:08,789 INFO o.a.j.t.JMeterThread: Stopping because end time detected by thread: Thread Group - until HTTP 503 - 24 users 1-23
2026-09-10 20:27:08,789 INFO o.a.j.t.JMeterThread: Thread finished: Thread Group - until HTTP 503 - 24 users 1-23
2026-09-10 20:27:08,914 INFO o.a.j.t.JMeterThread: Stopping because end time detected by thread: Thread Group - until HTTP 503 - 24 users 1-7
2026-09-10 20:27:08,914 INFO o.a.j.t.JMeterThread: Thread finished: Thread Group - until HTTP 503 - 24 users 1-7
2026-09-10 20:27:08,947 INFO o.a.j.t.JMeterThread: Stopping because end time detected by thread: Thread Group - until HTTP 503 - 24 users 1-16
2026-09-10 20:27:08,948 INFO o.a.j.t.JMeterThread: Thread finished: Thread Group - until HTTP 503 - 24 users 1-16
2026-09-10 20:27:08,948 INFO o.a.j.e.StandardJMeterEngine: Notifying test listeners of end of test
2026-09-10 20:27:08,950 INFO o.a.j.r.Summariser: summary +     77 in 00:00:09 =    8.6/s Avg:   640 Min:   572 Max:  1443 Err:    14 (18.18%) Active: 0 Started: 24 Finished: 24
2026-09-10 20:27:08,952 INFO o.a.j.r.Summariser: summary =    722 in 00:01:31 =    8.0/s Avg:   595 Min:   521 Max:  1443 Err:    49 (6.79%)
2026-09-10 20:27:08,953 INFO o.a.j.JMeter: Generating Dashboard
2026-09-10 20:27:08,954 INFO o.a.j.r.d.ReportGenerator: Flushing result collector before report Generation
2026-09-10 20:27:09,033 INFO o.a.j.r.p.NormalizerSampleConsumer: Using format, 'ms', to parse timeStamp field
2026-09-10 20:27:09,236 INFO o.a.j.r.p.AbstractSampleConsumer: class org.apache.jmeter.report.processor.AggregateConsumer#stopProducing(): beginDate produced 0 samples
2026-09-10 20:27:09,236 INFO o.a.j.r.p.AbstractSampleConsumer: class org.apache.jmeter.report.processor.AggregateConsumer#stopProducing(): endDate produced 0 samples
2026-09-10 20:27:09,238 INFO o.a.j.r.p.AbstractSampleConsumer: class org.apache.jmeter.report.processor.ApdexSummaryConsumer#stopProducing(): apdexSummary produced 0 samples
2026-09-10 20:27:09,238 INFO o.a.j.r.p.AbstractSampleConsumer: class org.apache.jmeter.report.processor.RequestsSummaryConsumer#stopProducing(): requestsSummary produced 0 samples
2026-09-10 20:27:09,244 INFO o.a.j.r.p.AbstractSampleConsumer: class org.apache.jmeter.report.processor.StatisticsSummaryConsumer#stopProducing(): statisticsSummary produced 0 samples
2026-09-10 20:27:09,246 INFO o.a.j.r.p.AbstractSampleConsumer: class org.apache.jmeter.report.processor.Top5ErrorsBySamplerConsumer#stopProducing(): top5ErrorsBySampler produced 0 samples
2026-09-10 20:27:09,246 INFO o.a.j.r.p.AbstractSampleConsumer: class org.apache.jmeter.report.processor.ErrorsSummaryConsumer#stopProducing(): errorsSummary produced 0 samples
2026-09-10 20:27:09,247 INFO o.a.j.r.p.AbstractSampleConsumer: class org.apache.jmeter.report.processor.graph.impl.HitsPerSecondGraphConsumer#stopProducing(): hitsPerSecond produced 0 samples
2026-09-10 20:27:09,300 INFO o.a.j.r.p.AbstractSampleConsumer: class org.apache.jmeter.report.processor.graph.impl.LatencyVSRequestGraphConsumer#stopProducing(): latencyVsRequest produced 0 samples
2026-09-10 20:27:09,301 INFO o.a.j.r.p.AbstractSampleConsumer: class org.apache.jmeter.report.processor.graph.impl.SyntheticResponseTimeDistributionGraphConsumer#stopProducing(): syntheticResponseTimeDistribution produced 0 samples
2026-09-10 20:27:09,302 INFO o.a.j.r.p.AbstractSampleConsumer: class org.apache.jmeter.report.processor.graph.impl.BytesThroughputGraphConsumer#stopProducing(): bytesThroughputOverTime produced 0 samples
2026-09-10 20:27:09,302 INFO o.a.j.r.p.AbstractSampleConsumer: class org.apache.jmeter.report.processor.graph.impl.CodesPerSecondGraphConsumer#stopProducing(): codesPerSecond produced 0 samples
2026-09-10 20:27:09,335 INFO o.a.j.r.p.AbstractSampleConsumer: class org.apache.jmeter.report.processor.graph.impl.ResponseTimeVSRequestGraphConsumer#stopProducing(): responseTimeVsRequest produced 0 samples
2026-09-10 20:27:09,336 INFO o.a.j.r.p.AbstractSampleConsumer: class org.apache.jmeter.report.processor.FilterConsumer#stopProducing(): startIntervalControlerFilter produced 5054 samples
2026-09-10 20:27:09,336 INFO o.a.j.r.p.AbstractSampleConsumer: class org.apache.jmeter.report.processor.graph.impl.TotalTPSGraphConsumer#stopProducing(): totalTPS produced 0 samples
2026-09-10 20:27:09,336 INFO o.a.j.r.p.AbstractSampleConsumer: class org.apache.jmeter.report.processor.graph.impl.ActiveThreadsGraphConsumer#stopProducing(): activeThreadsOverTime produced 0 samples
2026-09-10 20:27:09,336 INFO o.a.j.r.p.AbstractSampleConsumer: class org.apache.jmeter.report.processor.graph.impl.TimeVSThreadGraphConsumer#stopProducing(): timeVsThreads produced 0 samples
2026-09-10 20:27:09,336 INFO o.a.j.r.p.AbstractSampleConsumer: class org.apache.jmeter.report.processor.graph.impl.ResponseTimeDistributionGraphConsumer#stopProducing(): responseTimeDistribution produced 0 samples
2026-09-10 20:27:09,336 INFO o.a.j.r.p.AbstractSampleConsumer: class org.apache.jmeter.report.processor.graph.impl.TransactionsPerSecondGraphConsumer#stopProducing(): transactionsPerSecond produced 0 samples
2026-09-10 20:27:09,336 INFO o.a.j.r.p.AbstractSampleConsumer: class org.apache.jmeter.report.processor.graph.impl.ResponseTimePercentilesGraphConsumer#stopProducing(): responseTimePercentiles produced 0 samples
2026-09-10 20:27:09,337 INFO o.a.j.r.p.AbstractSampleConsumer: class org.apache.jmeter.report.processor.graph.impl.ResponseTimePercentilesOverTimeGraphConsumer#stopProducing(): responseTimePercentilesOverTime produced 0 samples
2026-09-10 20:27:09,337 INFO o.a.j.r.p.AbstractSampleConsumer: class org.apache.jmeter.report.processor.graph.impl.ResponseTimeOverTimeGraphConsumer#stopProducing(): responseTimesOverTime produced 0 samples
2026-09-10 20:27:09,338 INFO o.a.j.r.p.AbstractSampleConsumer: class org.apache.jmeter.report.processor.graph.impl.ConnectTimeOverTimeGraphConsumer#stopProducing(): connectTimeOverTime produced 0 samples
2026-09-10 20:27:09,338 INFO o.a.j.r.p.AbstractSampleConsumer: class org.apache.jmeter.report.processor.graph.impl.LatencyOverTimeGraphConsumer#stopProducing(): latenciesOverTime produced 0 samples
2026-09-10 20:27:09,338 INFO o.a.j.r.p.AbstractSampleConsumer: class org.apache.jmeter.report.processor.FilterConsumer#stopProducing(): nameFilter produced 10830 samples
2026-09-10 20:27:09,338 INFO o.a.j.r.p.AbstractSampleConsumer: class org.apache.jmeter.report.processor.FilterConsumer#stopProducing(): dateRangeFilter produced 2166 samples
2026-09-10 20:27:09,338 INFO o.a.j.r.p.AbstractSampleConsumer: class org.apache.jmeter.report.processor.NormalizerSampleConsumer#stopProducing(): normalizer produced 722 samples
2026-09-10 20:27:09,338 INFO o.a.j.r.p.CsvFileSampleSource: produce(): 722 samples produced in 259ms on channel 0
2026-09-10 20:27:09,339 INFO o.a.j.r.d.ReportGenerator: Exporting data using exporter:'json' of className:'org.apache.jmeter.report.dashboard.JsonExporter'
2026-09-10 20:27:09,439 INFO o.a.j.r.d.JsonExporter: Found data for consumer statisticsSummary in context
2026-09-10 20:27:09,439 INFO o.a.j.r.d.JsonExporter: Creating statistics for overall
2026-09-10 20:27:09,440 INFO o.a.j.r.d.JsonExporter: Creating statistics for other transactions
2026-09-10 20:27:09,440 INFO o.a.j.r.d.JsonExporter: Checking output folder
2026-09-10 20:27:09,441 INFO o.a.j.r.d.JsonExporter: Writing statistics JSON to C:\University\Programming\Software Testing\Lab4\html_reports\stress_until_503\24users_480rpm\statistics.json
2026-09-10 20:27:09,487 INFO o.a.j.r.d.ReportGenerator: Exporting data using exporter:'html' of className:'org.apache.jmeter.report.dashboard.HtmlTemplateExporter'
2026-09-10 20:27:09,490 INFO o.a.j.r.d.HtmlTemplateExporter: Will generate dashboard in folder: C:\University\Programming\Software Testing\Lab4\html_reports\stress_until_503\24users_480rpm
2026-09-10 20:27:09,631 INFO o.a.j.r.d.HtmlTemplateExporter: Report will be generated in: C:\University\Programming\Software Testing\Lab4\html_reports\stress_until_503\24users_480rpm, creating folder structure
2026-09-10 20:27:09,634 INFO o.a.j.r.d.TemplateVisitor: Copying folder from 'C:\Program Files\apache-jmeter-5.6.3\bin\report-template' to 'C:\University\Programming\Software Testing\Lab4\html_reports\stress_until_503\24users_480rpm', got message: C:\University\Programming\Software Testing\Lab4\html_reports\stress_until_503\24users_480rpm, found non empty folder with following content [C:\University\Programming\Software Testing\Lab4\html_reports\stress_until_503\24users_480rpm\statistics.json], will be ignored
2026-09-10 20:27:10,154 INFO o.a.j.JMeter: Dashboard generated
