2026-09-10 20:22:25,914 INFO o.a.j.u.JMeterUtils: Setting Locale to en_EN
2026-09-10 20:22:25,927 INFO o.a.j.JMeter: Loading user properties from: C:\Program Files\apache-jmeter-5.6.3\bin\user.properties
2026-09-10 20:22:25,927 INFO o.a.j.JMeter: Loading system properties from: C:\Program Files\apache-jmeter-5.6.3\bin\system.properties
2026-09-10 20:22:25,928 INFO o.a.j.JMeter: Setting JMeter property: jmeter.save.saveservice.output_format=csv
2026-09-10 20:22:25,928 INFO o.a.j.JMeter: Setting JMeter property: jmeter.save.saveservice.print_field_names=true
2026-09-10 20:22:25,929 INFO o.a.j.JMeter: Setting JMeter property: jmeter.save.saveservice.timestamp_format=ms
2026-09-10 20:22:25,929 INFO o.a.j.JMeter: Setting JMeter property: jmeter.save.saveservice.time=true
2026-09-10 20:22:25,929 INFO o.a.j.JMeter: Setting JMeter property: jmeter.save.saveservice.latency=true
2026-09-10 20:22:25,929 INFO o.a.j.JMeter: Setting JMeter property: jmeter.save.saveservice.label=true
2026-09-10 20:22:25,929 INFO o.a.j.JMeter: Setting JMeter property: jmeter.save.saveservice.response_code=true
2026-09-10 20:22:25,929 INFO o.a.j.JMeter: Setting JMeter property: jmeter.save.saveservice.response_message=true
2026-09-10 20:22:25,929 INFO o.a.j.JMeter: Setting JMeter property: jmeter.save.saveservice.successful=true
2026-09-10 20:22:25,929 INFO o.a.j.JMeter: Setting JMeter property: jmeter.save.saveservice.assertion_results_failure_message=true
2026-09-10 20:22:25,930 INFO o.a.j.JMeter: Setting JMeter property: jmeter.save.saveservice.thread_name=true
2026-09-10 20:22:25,930 INFO o.a.j.JMeter: Setting JMeter property: jmeter.save.saveservice.thread_counts=true
2026-09-10 20:22:25,930 INFO o.a.j.JMeter: Setting JMeter property: jmeter.save.saveservice.connect_time=true
2026-09-10 20:22:25,935 INFO o.a.j.JMeter: Copyright (c) 1998-2024 The Apache Software Foundation
2026-09-10 20:22:25,935 INFO o.a.j.JMeter: Version 5.6.3
2026-09-10 20:22:25,935 INFO o.a.j.JMeter: java.version=26.0.1
2026-09-10 20:22:25,935 INFO o.a.j.JMeter: java.vm.name=Java HotSpot(TM) 64-Bit Server VM
2026-09-10 20:22:25,935 INFO o.a.j.JMeter: os.name=Windows 10
2026-09-10 20:22:25,935 INFO o.a.j.JMeter: os.arch=amd64
2026-09-10 20:22:25,935 INFO o.a.j.JMeter: os.version=10.0
2026-09-10 20:22:25,935 INFO o.a.j.JMeter: file.encoding=UTF-8
2026-09-10 20:22:25,935 INFO o.a.j.JMeter: java.awt.headless=true
2026-09-10 20:22:25,935 INFO o.a.j.JMeter: Max memory     =1073741824
2026-09-10 20:22:25,935 INFO o.a.j.JMeter: Available Processors =8
2026-09-10 20:22:25,946 INFO o.a.j.JMeter: Default Locale=English (EN)
2026-09-10 20:22:25,946 INFO o.a.j.JMeter: JMeter  Locale=English (EN)
2026-09-10 20:22:25,946 INFO o.a.j.JMeter: JMeterHome=C:\Program Files\apache-jmeter-5.6.3
2026-09-10 20:22:25,947 INFO o.a.j.JMeter: user.dir  =C:\University\Programming\Software Testing\Lab4
2026-09-10 20:22:25,947 INFO o.a.j.JMeter: PWD       =C:\University\Programming\Software Testing\Lab4
2026-09-10 20:22:25,948 INFO o.a.j.JMeter: IP: 172.28.17.195 Name: DESKTOP-74FQ4EV FullName: DESKTOP-74FQ4EV
2026-09-10 20:22:25,955 INFO o.a.j.JMeter: Setting property 'jmeter.reportgenerator.outputdir' to:'C:\University\Programming\Software Testing\Lab4\html_reports\stress_until_503\16users_320rpm'
2026-09-10 20:22:25,958 INFO o.a.j.s.FileServer: Default base='C:\University\Programming\Software Testing\Lab4'
2026-09-10 20:22:25,958 INFO o.a.j.s.FileServer: Set new base='C:\University\Programming\Software Testing\Lab4\quality_jmeter_plans\stress_until_503'
2026-09-10 20:22:26,149 INFO o.a.j.s.SaveService: Testplan (JMX) version: 2.2. Testlog (JTL) version: 2.2
2026-09-10 20:22:26,165 INFO o.a.j.s.SaveService: Using SaveService properties version 5.0
2026-09-10 20:22:26,167 INFO o.a.j.s.SaveService: Using SaveService properties file encoding UTF-8
2026-09-10 20:22:26,170 INFO o.a.j.s.SaveService: Loading file: quality_jmeter_plans\stress_until_503\stress_until_503_16users_320rpm_ctt.jmx
2026-09-10 20:22:26,215 INFO o.a.j.p.h.s.HTTPSamplerBase: Parser for text/html is org.apache.jmeter.protocol.http.parser.LagartoBasedHtmlParser
2026-09-10 20:22:26,215 INFO o.a.j.p.h.s.HTTPSamplerBase: Parser for application/xhtml+xml is org.apache.jmeter.protocol.http.parser.LagartoBasedHtmlParser
2026-09-10 20:22:26,215 INFO o.a.j.p.h.s.HTTPSamplerBase: Parser for application/xml is org.apache.jmeter.protocol.http.parser.LagartoBasedHtmlParser
2026-09-10 20:22:26,215 INFO o.a.j.p.h.s.HTTPSamplerBase: Parser for text/xml is org.apache.jmeter.protocol.http.parser.LagartoBasedHtmlParser
2026-09-10 20:22:26,215 INFO o.a.j.p.h.s.HTTPSamplerBase: Parser for text/vnd.wap.wml is org.apache.jmeter.protocol.http.parser.RegexpHTMLParser
2026-09-10 20:22:26,215 INFO o.a.j.p.h.s.HTTPSamplerBase: Parser for text/css is org.apache.jmeter.protocol.http.parser.CssParser
2026-09-10 20:22:26,226 INFO o.a.j.JMeter: Creating summariser <summary>
2026-09-10 20:22:26,233 INFO o.a.j.r.d.ReportGenerator: ReportGenerator will use for Parsing the separator: ','
2026-09-10 20:22:26,233 INFO o.a.j.r.d.ReportGenerator: Will generate report at end of test from  results file: results/stress_until_503/stress_until_503_16users_320rpm.jtl
2026-09-10 20:22:26,233 INFO o.a.j.r.d.ReportGenerator: Reading report generator properties from: C:\Program Files\apache-jmeter-5.6.3\bin\reportgenerator.properties
2026-09-10 20:22:26,234 INFO o.a.j.r.d.ReportGenerator: Merging with JMeter properties
2026-09-10 20:22:26,236 INFO o.a.j.r.c.ReportGeneratorConfiguration: Property 'jmeter.reportgenerator.temp_dir' not found, using default value 'temp' instead.
2026-09-10 20:22:26,238 INFO o.a.j.r.c.ReportGeneratorConfiguration: Property 'jmeter.reportgenerator.apdex_per_transaction' not found, using default value 'null' instead.
2026-09-10 20:22:26,238 INFO o.a.j.r.c.ReportGeneratorConfiguration: apdex_per_transaction is empty, not APDEX per transaction customization
2026-09-10 20:22:26,238 INFO o.a.j.r.c.ReportGeneratorConfiguration: Property 'jmeter.reportgenerator.sample_filter' not found, using default value 'null' instead.
2026-09-10 20:22:26,238 INFO o.a.j.r.c.ReportGeneratorConfiguration: Property 'jmeter.reportgenerator.report_title' not found, using default value 'null' instead.
2026-09-10 20:22:26,238 INFO o.a.j.r.c.ReportGeneratorConfiguration: Property 'jmeter.reportgenerator.start_date' not found, using default value 'null' instead.
2026-09-10 20:22:26,238 INFO o.a.j.r.c.ReportGeneratorConfiguration: Property 'jmeter.reportgenerator.end_date' not found, using default value 'null' instead.
2026-09-10 20:22:26,238 INFO o.a.j.r.c.ReportGeneratorConfiguration: Property 'jmeter.reportgenerator.date_format' not found, using default value 'null' instead.
2026-09-10 20:22:26,238 INFO o.a.j.r.c.ReportGeneratorConfiguration: Will use date range start date: null, end date: null
2026-09-10 20:22:26,241 INFO o.a.j.r.c.ReportGeneratorConfiguration: Property 'jmeter.reportgenerator.graph.totalTPS.exclude_controllers' not found, using default value 'false' instead.
2026-09-10 20:22:26,241 INFO o.a.j.r.c.ReportGeneratorConfiguration: Property 'jmeter.reportgenerator.graph.activeThreadsOverTime.exclude_controllers' not found, using default value 'false' instead.
2026-09-10 20:22:26,241 INFO o.a.j.r.c.ReportGeneratorConfiguration: Property 'jmeter.reportgenerator.graph.timeVsThreads.exclude_controllers' not found, using default value 'false' instead.
2026-09-10 20:22:26,241 INFO o.a.j.r.c.ReportGeneratorConfiguration: Property 'jmeter.reportgenerator.graph.responseTimeDistribution.exclude_controllers' not found, using default value 'false' instead.
2026-09-10 20:22:26,241 INFO o.a.j.r.c.ReportGeneratorConfiguration: Property 'jmeter.reportgenerator.graph.transactionsPerSecond.exclude_controllers' not found, using default value 'false' instead.
2026-09-10 20:22:26,241 INFO o.a.j.r.c.ReportGeneratorConfiguration: Property 'jmeter.reportgenerator.graph.responseTimePercentiles.exclude_controllers' not found, using default value 'false' instead.
2026-09-10 20:22:26,241 INFO o.a.j.r.c.ReportGeneratorConfiguration: Property 'jmeter.reportgenerator.graph.responseTimePercentilesOverTime.exclude_controllers' not found, using default value 'false' instead.
2026-09-10 20:22:26,241 INFO o.a.j.r.c.ReportGeneratorConfiguration: Property 'jmeter.reportgenerator.graph.responseTimesOverTime.exclude_controllers' not found, using default value 'false' instead.
2026-09-10 20:22:26,241 INFO o.a.j.r.c.ReportGeneratorConfiguration: Property 'jmeter.reportgenerator.graph.connectTimeOverTime.exclude_controllers' not found, using default value 'false' instead.
2026-09-10 20:22:26,242 INFO o.a.j.r.c.ReportGeneratorConfiguration: Property 'jmeter.reportgenerator.graph.latenciesOverTime.exclude_controllers' not found, using default value 'false' instead.
2026-09-10 20:22:26,242 INFO o.a.j.r.c.ReportGeneratorConfiguration: Property 'jmeter.reportgenerator.exporter.json.filters_only_sample_series' not found, using default value 'true' instead.
2026-09-10 20:22:26,242 INFO o.a.j.r.c.ReportGeneratorConfiguration: Property 'jmeter.reportgenerator.exporter.json.series_filter' not found, using default value '' instead.
2026-09-10 20:22:26,242 INFO o.a.j.r.c.ReportGeneratorConfiguration: Property 'jmeter.reportgenerator.exporter.json.show_controllers_only' not found, using default value 'false' instead.
2026-09-10 20:22:26,242 INFO o.a.j.r.c.ReportGeneratorConfiguration: Property 'jmeter.reportgenerator.exporter.html.filters_only_sample_series' not found, using default value 'true' instead.
2026-09-10 20:22:26,242 INFO o.a.j.r.c.ReportGeneratorConfiguration: Property 'jmeter.reportgenerator.exporter.html.series_filter' not found, using default value '' instead.
2026-09-10 20:22:26,242 INFO o.a.j.r.c.ReportGeneratorConfiguration: Property 'jmeter.reportgenerator.exporter.html.show_controllers_only' not found, using default value 'false' instead.
2026-09-10 20:22:26,250 INFO o.a.j.e.StandardJMeterEngine: Running the test!
2026-09-10 20:22:26,251 INFO o.a.j.s.SampleEvent: List of sample_variables: []
2026-09-10 20:22:26,251 INFO o.a.j.s.SampleEvent: List of sample_variables: []
2026-09-10 20:22:26,255 INFO o.a.j.e.u.CompoundVariable: Note: Function class names must contain the string: '.functions.'
2026-09-10 20:22:26,256 INFO o.a.j.e.u.CompoundVariable: Note: Function class names must not contain the string: '.gui.'
2026-09-10 20:22:26,306 INFO o.a.j.JMeter: Running test (1789060946306)
2026-09-10 20:22:26,323 INFO o.a.j.e.StandardJMeterEngine: Starting ThreadGroup: 1 : Thread Group - until HTTP 503 - 16 users
2026-09-10 20:22:26,323 INFO o.a.j.e.StandardJMeterEngine: Starting 16 threads for group Thread Group - until HTTP 503 - 16 users.
2026-09-10 20:22:26,323 INFO o.a.j.e.StandardJMeterEngine: Thread will continue on error
2026-09-10 20:22:26,323 INFO o.a.j.t.ThreadGroup: Starting thread group... number=1 threads=16 ramp-up=16 delayedStart=false
2026-09-10 20:22:26,327 INFO o.a.j.t.JMeterThread: Thread started: Thread Group - until HTTP 503 - 16 users 1-1
2026-09-10 20:22:26,332 INFO o.a.j.t.ThreadGroup: Started thread group number 1
2026-09-10 20:22:26,332 INFO o.a.j.e.StandardJMeterEngine: All thread groups have been started
2026-09-10 20:22:26,366 INFO o.a.j.p.h.s.HTTPHCAbstractImpl: Local host = DESKTOP-74FQ4EV
2026-09-10 20:22:26,372 INFO o.a.j.p.h.s.HTTPHC4Impl: HTTP request retry count = 0
2026-09-10 20:22:26,373 INFO o.a.j.s.SampleResult: Note: Sample TimeStamps are START times
2026-09-10 20:22:26,373 INFO o.a.j.s.SampleResult: sampleresult.default.encoding is set to UTF-8
2026-09-10 20:22:26,373 INFO o.a.j.s.SampleResult: sampleresult.useNanoTime=true
2026-09-10 20:22:26,373 INFO o.a.j.s.SampleResult: sampleresult.nanoThreadSleep=5000
2026-09-10 20:22:27,326 INFO o.a.j.t.JMeterThread: Thread started: Thread Group - until HTTP 503 - 16 users 1-2
2026-09-10 20:22:28,326 INFO o.a.j.t.JMeterThread: Thread started: Thread Group - until HTTP 503 - 16 users 1-3
2026-09-10 20:22:29,325 INFO o.a.j.t.JMeterThread: Thread started: Thread Group - until HTTP 503 - 16 users 1-4
2026-09-10 20:22:30,175 INFO o.a.j.r.Summariser: summary +     14 in 00:00:04 =    3.6/s Avg:   542 Min:   519 Max:   576 Err:     0 (0.00%) Active: 4 Started: 4 Finished: 0
2026-09-10 20:22:30,325 INFO o.a.j.t.JMeterThread: Thread started: Thread Group - until HTTP 503 - 16 users 1-5
2026-09-10 20:22:31,324 INFO o.a.j.t.JMeterThread: Thread started: Thread Group - until HTTP 503 - 16 users 1-6
2026-09-10 20:22:32,325 INFO o.a.j.t.JMeterThread: Thread started: Thread Group - until HTTP 503 - 16 users 1-7
2026-09-10 20:22:33,323 INFO o.a.j.t.JMeterThread: Thread started: Thread Group - until HTTP 503 - 16 users 1-8
2026-09-10 20:22:34,324 INFO o.a.j.t.JMeterThread: Thread started: Thread Group - until HTTP 503 - 16 users 1-9
2026-09-10 20:22:35,325 INFO o.a.j.t.JMeterThread: Thread started: Thread Group - until HTTP 503 - 16 users 1-10
2026-09-10 20:22:36,326 INFO o.a.j.t.JMeterThread: Thread started: Thread Group - until HTTP 503 - 16 users 1-11
2026-09-10 20:22:37,323 INFO o.a.j.t.JMeterThread: Thread started: Thread Group - until HTTP 503 - 16 users 1-12
2026-09-10 20:22:38,342 INFO o.a.j.t.JMeterThread: Thread started: Thread Group - until HTTP 503 - 16 users 1-13
2026-09-10 20:22:39,323 INFO o.a.j.t.JMeterThread: Thread started: Thread Group - until HTTP 503 - 16 users 1-14
2026-09-10 20:22:40,324 INFO o.a.j.t.JMeterThread: Thread started: Thread Group - until HTTP 503 - 16 users 1-15
2026-09-10 20:22:41,325 INFO o.a.j.t.JMeterThread: Thread started: Thread Group - until HTTP 503 - 16 users 1-16
2026-09-10 20:23:00,267 INFO o.a.j.r.Summariser: summary +    167 in 00:00:30 =    5.5/s Avg:   567 Min:   521 Max:  1196 Err:     4 (2.40%) Active: 16 Started: 16 Finished: 0
2026-09-10 20:23:00,268 INFO o.a.j.r.Summariser: summary =    181 in 00:00:34 =    5.3/s Avg:   565 Min:   519 Max:  1196 Err:     4 (2.21%)
2026-09-10 20:23:30,310 INFO o.a.j.r.Summariser: summary +    160 in 00:00:30 =    5.3/s Avg:   565 Min:   546 Max:   644 Err:     1 (0.62%) Active: 16 Started: 16 Finished: 0
2026-09-10 20:23:30,312 INFO o.a.j.r.Summariser: summary =    341 in 00:01:04 =    5.3/s Avg:   565 Min:   519 Max:  1196 Err:     5 (1.47%)
2026-09-10 20:23:54,252 INFO o.a.j.t.JMeterThread: Thread finished: Thread Group - until HTTP 503 - 16 users 1-4
2026-09-10 20:23:54,439 INFO o.a.j.t.JMeterThread: Thread finished: Thread Group - until HTTP 503 - 16 users 1-7
2026-09-10 20:23:54,504 INFO o.a.j.t.JMeterThread: Thread finished: Thread Group - until HTTP 503 - 16 users 1-14
2026-09-10 20:23:54,504 INFO o.a.j.t.JMeterThread: Thread finished: Thread Group - until HTTP 503 - 16 users 1-5
2026-09-10 20:23:54,776 INFO o.a.j.t.JMeterThread: Thread finished: Thread Group - until HTTP 503 - 16 users 1-12
2026-09-10 20:23:54,893 INFO o.a.j.t.JMeterThread: Thread finished: Thread Group - until HTTP 503 - 16 users 1-2
2026-09-10 20:23:55,687 INFO o.a.j.t.JMeterThread: Thread finished: Thread Group - until HTTP 503 - 16 users 1-15
2026-09-10 20:23:55,890 INFO o.a.j.t.JMeterThread: Thread finished: Thread Group - until HTTP 503 - 16 users 1-9
2026-09-10 20:23:56,355 INFO o.a.j.t.JMeterThread: Stopping because end time detected by thread: Thread Group - until HTTP 503 - 16 users 1-13
2026-09-10 20:23:56,355 INFO o.a.j.t.JMeterThread: Thread finished: Thread Group - until HTTP 503 - 16 users 1-13
2026-09-10 20:23:56,381 INFO o.a.j.t.JMeterThread: Stopping because end time detected by thread: Thread Group - until HTTP 503 - 16 users 1-11
2026-09-10 20:23:56,381 INFO o.a.j.t.JMeterThread: Thread finished: Thread Group - until HTTP 503 - 16 users 1-11
2026-09-10 20:23:56,749 INFO o.a.j.t.JMeterThread: Stopping because end time detected by thread: Thread Group - until HTTP 503 - 16 users 1-1
2026-09-10 20:23:56,749 INFO o.a.j.t.JMeterThread: Stopping because end time detected by thread: Thread Group - until HTTP 503 - 16 users 1-8
2026-09-10 20:23:56,750 INFO o.a.j.t.JMeterThread: Thread finished: Thread Group - until HTTP 503 - 16 users 1-1
2026-09-10 20:23:56,750 INFO o.a.j.t.JMeterThread: Thread finished: Thread Group - until HTTP 503 - 16 users 1-8
2026-09-10 20:23:56,814 INFO o.a.j.t.JMeterThread: Stopping because end time detected by thread: Thread Group - until HTTP 503 - 16 users 1-6
2026-09-10 20:23:56,815 INFO o.a.j.t.JMeterThread: Thread finished: Thread Group - until HTTP 503 - 16 users 1-6
2026-09-10 20:23:56,842 INFO o.a.j.t.JMeterThread: Stopping because end time detected by thread: Thread Group - until HTTP 503 - 16 users 1-3
2026-09-10 20:23:56,842 INFO o.a.j.t.JMeterThread: Thread finished: Thread Group - until HTTP 503 - 16 users 1-3
2026-09-10 20:23:56,878 INFO o.a.j.t.JMeterThread: Stopping because end time detected by thread: Thread Group - until HTTP 503 - 16 users 1-16
2026-09-10 20:23:56,879 INFO o.a.j.t.JMeterThread: Thread finished: Thread Group - until HTTP 503 - 16 users 1-16
2026-09-10 20:23:56,879 INFO o.a.j.t.JMeterThread: Stopping because end time detected by thread: Thread Group - until HTTP 503 - 16 users 1-10
2026-09-10 20:23:56,879 INFO o.a.j.t.JMeterThread: Thread finished: Thread Group - until HTTP 503 - 16 users 1-10
2026-09-10 20:23:56,880 INFO o.a.j.e.StandardJMeterEngine: Notifying test listeners of end of test
2026-09-10 20:23:56,883 INFO o.a.j.r.Summariser: summary +    146 in 00:00:27 =    5.5/s Avg:   563 Min:   545 Max:   611 Err:     0 (0.00%) Active: 0 Started: 16 Finished: 16
2026-09-10 20:23:56,884 INFO o.a.j.r.Summariser: summary =    487 in 00:01:31 =    5.4/s Avg:   564 Min:   519 Max:  1196 Err:     5 (1.03%)
2026-09-10 20:23:56,886 INFO o.a.j.JMeter: Generating Dashboard
2026-09-10 20:23:56,886 INFO o.a.j.r.d.ReportGenerator: Flushing result collector before report Generation
2026-09-10 20:23:56,924 INFO o.a.j.r.p.NormalizerSampleConsumer: Using format, 'ms', to parse timeStamp field
2026-09-10 20:23:57,123 INFO o.a.j.r.p.AbstractSampleConsumer: class org.apache.jmeter.report.processor.AggregateConsumer#stopProducing(): beginDate produced 0 samples
2026-09-10 20:23:57,123 INFO o.a.j.r.p.AbstractSampleConsumer: class org.apache.jmeter.report.processor.AggregateConsumer#stopProducing(): endDate produced 0 samples
2026-09-10 20:23:57,125 INFO o.a.j.r.p.AbstractSampleConsumer: class org.apache.jmeter.report.processor.ApdexSummaryConsumer#stopProducing(): apdexSummary produced 0 samples
2026-09-10 20:23:57,125 INFO o.a.j.r.p.AbstractSampleConsumer: class org.apache.jmeter.report.processor.RequestsSummaryConsumer#stopProducing(): requestsSummary produced 0 samples
2026-09-10 20:23:57,131 INFO o.a.j.r.p.AbstractSampleConsumer: class org.apache.jmeter.report.processor.StatisticsSummaryConsumer#stopProducing(): statisticsSummary produced 0 samples
2026-09-10 20:23:57,134 INFO o.a.j.r.p.AbstractSampleConsumer: class org.apache.jmeter.report.processor.Top5ErrorsBySamplerConsumer#stopProducing(): top5ErrorsBySampler produced 0 samples
2026-09-10 20:23:57,134 INFO o.a.j.r.p.AbstractSampleConsumer: class org.apache.jmeter.report.processor.ErrorsSummaryConsumer#stopProducing(): errorsSummary produced 0 samples
2026-09-10 20:23:57,134 INFO o.a.j.r.p.AbstractSampleConsumer: class org.apache.jmeter.report.processor.graph.impl.HitsPerSecondGraphConsumer#stopProducing(): hitsPerSecond produced 0 samples
2026-09-10 20:23:57,177 INFO o.a.j.r.p.AbstractSampleConsumer: class org.apache.jmeter.report.processor.graph.impl.LatencyVSRequestGraphConsumer#stopProducing(): latencyVsRequest produced 0 samples
2026-09-10 20:23:57,177 INFO o.a.j.r.p.AbstractSampleConsumer: class org.apache.jmeter.report.processor.graph.impl.SyntheticResponseTimeDistributionGraphConsumer#stopProducing(): syntheticResponseTimeDistribution produced 0 samples
2026-09-10 20:23:57,178 INFO o.a.j.r.p.AbstractSampleConsumer: class org.apache.jmeter.report.processor.graph.impl.BytesThroughputGraphConsumer#stopProducing(): bytesThroughputOverTime produced 0 samples
2026-09-10 20:23:57,178 INFO o.a.j.r.p.AbstractSampleConsumer: class org.apache.jmeter.report.processor.graph.impl.CodesPerSecondGraphConsumer#stopProducing(): codesPerSecond produced 0 samples
2026-09-10 20:23:57,225 INFO o.a.j.r.p.AbstractSampleConsumer: class org.apache.jmeter.report.processor.graph.impl.ResponseTimeVSRequestGraphConsumer#stopProducing(): responseTimeVsRequest produced 0 samples
2026-09-10 20:23:57,226 INFO o.a.j.r.p.AbstractSampleConsumer: class org.apache.jmeter.report.processor.FilterConsumer#stopProducing(): startIntervalControlerFilter produced 3409 samples
2026-09-10 20:23:57,227 INFO o.a.j.r.p.AbstractSampleConsumer: class org.apache.jmeter.report.processor.graph.impl.TotalTPSGraphConsumer#stopProducing(): totalTPS produced 0 samples
2026-09-10 20:23:57,227 INFO o.a.j.r.p.AbstractSampleConsumer: class org.apache.jmeter.report.processor.graph.impl.ActiveThreadsGraphConsumer#stopProducing(): activeThreadsOverTime produced 0 samples
2026-09-10 20:23:57,227 INFO o.a.j.r.p.AbstractSampleConsumer: class org.apache.jmeter.report.processor.graph.impl.TimeVSThreadGraphConsumer#stopProducing(): timeVsThreads produced 0 samples
2026-09-10 20:23:57,228 INFO o.a.j.r.p.AbstractSampleConsumer: class org.apache.jmeter.report.processor.graph.impl.ResponseTimeDistributionGraphConsumer#stopProducing(): responseTimeDistribution produced 0 samples
2026-09-10 20:23:57,228 INFO o.a.j.r.p.AbstractSampleConsumer: class org.apache.jmeter.report.processor.graph.impl.TransactionsPerSecondGraphConsumer#stopProducing(): transactionsPerSecond produced 0 samples
2026-09-10 20:23:57,228 INFO o.a.j.r.p.AbstractSampleConsumer: class org.apache.jmeter.report.processor.graph.impl.ResponseTimePercentilesGraphConsumer#stopProducing(): responseTimePercentiles produced 0 samples
2026-09-10 20:23:57,230 INFO o.a.j.r.p.AbstractSampleConsumer: class org.apache.jmeter.report.processor.graph.impl.ResponseTimePercentilesOverTimeGraphConsumer#stopProducing(): responseTimePercentilesOverTime produced 0 samples
2026-09-10 20:23:57,231 INFO o.a.j.r.p.AbstractSampleConsumer: class org.apache.jmeter.report.processor.graph.impl.ResponseTimeOverTimeGraphConsumer#stopProducing(): responseTimesOverTime produced 0 samples
2026-09-10 20:23:57,231 INFO o.a.j.r.p.AbstractSampleConsumer: class org.apache.jmeter.report.processor.graph.impl.ConnectTimeOverTimeGraphConsumer#stopProducing(): connectTimeOverTime produced 0 samples
2026-09-10 20:23:57,232 INFO o.a.j.r.p.AbstractSampleConsumer: class org.apache.jmeter.report.processor.graph.impl.LatencyOverTimeGraphConsumer#stopProducing(): latenciesOverTime produced 0 samples
2026-09-10 20:23:57,232 INFO o.a.j.r.p.AbstractSampleConsumer: class org.apache.jmeter.report.processor.FilterConsumer#stopProducing(): nameFilter produced 7305 samples
2026-09-10 20:23:57,232 INFO o.a.j.r.p.AbstractSampleConsumer: class org.apache.jmeter.report.processor.FilterConsumer#stopProducing(): dateRangeFilter produced 1461 samples
2026-09-10 20:23:57,232 INFO o.a.j.r.p.AbstractSampleConsumer: class org.apache.jmeter.report.processor.NormalizerSampleConsumer#stopProducing(): normalizer produced 487 samples
2026-09-10 20:23:57,233 INFO o.a.j.r.p.CsvFileSampleSource: produce(): 487 samples produced in 260ms on channel 0
2026-09-10 20:23:57,233 INFO o.a.j.r.d.ReportGenerator: Exporting data using exporter:'json' of className:'org.apache.jmeter.report.dashboard.JsonExporter'
2026-09-10 20:23:57,340 INFO o.a.j.r.d.JsonExporter: Found data for consumer statisticsSummary in context
2026-09-10 20:23:57,340 INFO o.a.j.r.d.JsonExporter: Creating statistics for overall
2026-09-10 20:23:57,341 INFO o.a.j.r.d.JsonExporter: Creating statistics for other transactions
2026-09-10 20:23:57,341 INFO o.a.j.r.d.JsonExporter: Checking output folder
2026-09-10 20:23:57,342 INFO o.a.j.r.d.JsonExporter: Writing statistics JSON to C:\University\Programming\Software Testing\Lab4\html_reports\stress_until_503\16users_320rpm\statistics.json
2026-09-10 20:23:57,385 INFO o.a.j.r.d.ReportGenerator: Exporting data using exporter:'html' of className:'org.apache.jmeter.report.dashboard.HtmlTemplateExporter'
2026-09-10 20:23:57,389 INFO o.a.j.r.d.HtmlTemplateExporter: Will generate dashboard in folder: C:\University\Programming\Software Testing\Lab4\html_reports\stress_until_503\16users_320rpm
2026-09-10 20:23:57,489 INFO o.a.j.r.d.HtmlTemplateExporter: Report will be generated in: C:\University\Programming\Software Testing\Lab4\html_reports\stress_until_503\16users_320rpm, creating folder structure
2026-09-10 20:23:57,493 INFO o.a.j.r.d.TemplateVisitor: Copying folder from 'C:\Program Files\apache-jmeter-5.6.3\bin\report-template' to 'C:\University\Programming\Software Testing\Lab4\html_reports\stress_until_503\16users_320rpm', got message: C:\University\Programming\Software Testing\Lab4\html_reports\stress_until_503\16users_320rpm, found non empty folder with following content [C:\University\Programming\Software Testing\Lab4\html_reports\stress_until_503\16users_320rpm\statistics.json], will be ignored
2026-09-10 20:23:57,983 INFO o.a.j.JMeter: Dashboard generated
