2026-09-10 20:41:45,171 INFO o.a.j.u.JMeterUtils: Setting Locale to en_EN
2026-09-10 20:41:45,186 INFO o.a.j.JMeter: Loading user properties from: C:\Program Files\apache-jmeter-5.6.3\bin\user.properties
2026-09-10 20:41:45,187 INFO o.a.j.JMeter: Loading system properties from: C:\Program Files\apache-jmeter-5.6.3\bin\system.properties
2026-09-10 20:41:45,187 INFO o.a.j.JMeter: Setting JMeter property: jmeter.save.saveservice.output_format=csv
2026-09-10 20:41:45,187 INFO o.a.j.JMeter: Setting JMeter property: jmeter.save.saveservice.print_field_names=true
2026-09-10 20:41:45,189 INFO o.a.j.JMeter: Setting JMeter property: jmeter.save.saveservice.timestamp_format=ms
2026-09-10 20:41:45,189 INFO o.a.j.JMeter: Setting JMeter property: jmeter.save.saveservice.time=true
2026-09-10 20:41:45,189 INFO o.a.j.JMeter: Setting JMeter property: jmeter.save.saveservice.latency=true
2026-09-10 20:41:45,189 INFO o.a.j.JMeter: Setting JMeter property: jmeter.save.saveservice.label=true
2026-09-10 20:41:45,189 INFO o.a.j.JMeter: Setting JMeter property: jmeter.save.saveservice.response_code=true
2026-09-10 20:41:45,189 INFO o.a.j.JMeter: Setting JMeter property: jmeter.save.saveservice.response_message=true
2026-09-10 20:41:45,189 INFO o.a.j.JMeter: Setting JMeter property: jmeter.save.saveservice.successful=true
2026-09-10 20:41:45,189 INFO o.a.j.JMeter: Setting JMeter property: jmeter.save.saveservice.assertion_results_failure_message=true
2026-09-10 20:41:45,189 INFO o.a.j.JMeter: Setting JMeter property: jmeter.save.saveservice.thread_name=true
2026-09-10 20:41:45,189 INFO o.a.j.JMeter: Setting JMeter property: jmeter.save.saveservice.thread_counts=true
2026-09-10 20:41:45,189 INFO o.a.j.JMeter: Setting JMeter property: jmeter.save.saveservice.connect_time=true
2026-09-10 20:41:45,195 INFO o.a.j.JMeter: Copyright (c) 1998-2024 The Apache Software Foundation
2026-09-10 20:41:45,195 INFO o.a.j.JMeter: Version 5.6.3
2026-09-10 20:41:45,195 INFO o.a.j.JMeter: java.version=26.0.1
2026-09-10 20:41:45,195 INFO o.a.j.JMeter: java.vm.name=Java HotSpot(TM) 64-Bit Server VM
2026-09-10 20:41:45,195 INFO o.a.j.JMeter: os.name=Windows 10
2026-09-10 20:41:45,195 INFO o.a.j.JMeter: os.arch=amd64
2026-09-10 20:41:45,195 INFO o.a.j.JMeter: os.version=10.0
2026-09-10 20:41:45,195 INFO o.a.j.JMeter: file.encoding=UTF-8
2026-09-10 20:41:45,195 INFO o.a.j.JMeter: java.awt.headless=true
2026-09-10 20:41:45,195 INFO o.a.j.JMeter: Max memory     =1073741824
2026-09-10 20:41:45,195 INFO o.a.j.JMeter: Available Processors =8
2026-09-10 20:41:45,210 INFO o.a.j.JMeter: Default Locale=English (EN)
2026-09-10 20:41:45,210 INFO o.a.j.JMeter: JMeter  Locale=English (EN)
2026-09-10 20:41:45,210 INFO o.a.j.JMeter: JMeterHome=C:\Program Files\apache-jmeter-5.6.3
2026-09-10 20:41:45,210 INFO o.a.j.JMeter: user.dir  =C:\University\Programming\Software Testing\Lab4
2026-09-10 20:41:45,211 INFO o.a.j.JMeter: PWD       =C:\University\Programming\Software Testing\Lab4
2026-09-10 20:41:45,211 INFO o.a.j.JMeter: IP: 172.28.17.195 Name: DESKTOP-74FQ4EV FullName: DESKTOP-74FQ4EV
2026-09-10 20:41:45,221 INFO o.a.j.JMeter: Setting property 'jmeter.reportgenerator.outputdir' to:'C:\University\Programming\Software Testing\Lab4\html_reports\stress_until_503\128users_2560rpm'
2026-09-10 20:41:45,224 INFO o.a.j.s.FileServer: Default base='C:\University\Programming\Software Testing\Lab4'
2026-09-10 20:41:45,224 INFO o.a.j.s.FileServer: Set new base='C:\University\Programming\Software Testing\Lab4\quality_jmeter_plans\stress_until_503'
2026-09-10 20:41:45,473 INFO o.a.j.s.SaveService: Testplan (JMX) version: 2.2. Testlog (JTL) version: 2.2
2026-09-10 20:41:45,492 INFO o.a.j.s.SaveService: Using SaveService properties version 5.0
2026-09-10 20:41:45,495 INFO o.a.j.s.SaveService: Using SaveService properties file encoding UTF-8
2026-09-10 20:41:45,498 INFO o.a.j.s.SaveService: Loading file: quality_jmeter_plans\stress_until_503\stress_until_503_128users_2560rpm_ctt.jmx
2026-09-10 20:41:45,546 INFO o.a.j.p.h.s.HTTPSamplerBase: Parser for text/html is org.apache.jmeter.protocol.http.parser.LagartoBasedHtmlParser
2026-09-10 20:41:45,546 INFO o.a.j.p.h.s.HTTPSamplerBase: Parser for application/xhtml+xml is org.apache.jmeter.protocol.http.parser.LagartoBasedHtmlParser
2026-09-10 20:41:45,546 INFO o.a.j.p.h.s.HTTPSamplerBase: Parser for application/xml is org.apache.jmeter.protocol.http.parser.LagartoBasedHtmlParser
2026-09-10 20:41:45,546 INFO o.a.j.p.h.s.HTTPSamplerBase: Parser for text/xml is org.apache.jmeter.protocol.http.parser.LagartoBasedHtmlParser
2026-09-10 20:41:45,546 INFO o.a.j.p.h.s.HTTPSamplerBase: Parser for text/vnd.wap.wml is org.apache.jmeter.protocol.http.parser.RegexpHTMLParser
2026-09-10 20:41:45,546 INFO o.a.j.p.h.s.HTTPSamplerBase: Parser for text/css is org.apache.jmeter.protocol.http.parser.CssParser
2026-09-10 20:41:45,557 INFO o.a.j.JMeter: Creating summariser <summary>
2026-09-10 20:41:45,564 INFO o.a.j.r.d.ReportGenerator: ReportGenerator will use for Parsing the separator: ','
2026-09-10 20:41:45,565 INFO o.a.j.r.d.ReportGenerator: Will generate report at end of test from  results file: results/stress_until_503/stress_until_503_128users_2560rpm.jtl
2026-09-10 20:41:45,565 INFO o.a.j.r.d.ReportGenerator: Reading report generator properties from: C:\Program Files\apache-jmeter-5.6.3\bin\reportgenerator.properties
2026-09-10 20:41:45,565 INFO o.a.j.r.d.ReportGenerator: Merging with JMeter properties
2026-09-10 20:41:45,568 INFO o.a.j.r.c.ReportGeneratorConfiguration: Property 'jmeter.reportgenerator.temp_dir' not found, using default value 'temp' instead.
2026-09-10 20:41:45,570 INFO o.a.j.r.c.ReportGeneratorConfiguration: Property 'jmeter.reportgenerator.apdex_per_transaction' not found, using default value 'null' instead.
2026-09-10 20:41:45,570 INFO o.a.j.r.c.ReportGeneratorConfiguration: apdex_per_transaction is empty, not APDEX per transaction customization
2026-09-10 20:41:45,570 INFO o.a.j.r.c.ReportGeneratorConfiguration: Property 'jmeter.reportgenerator.sample_filter' not found, using default value 'null' instead.
2026-09-10 20:41:45,570 INFO o.a.j.r.c.ReportGeneratorConfiguration: Property 'jmeter.reportgenerator.report_title' not found, using default value 'null' instead.
2026-09-10 20:41:45,570 INFO o.a.j.r.c.ReportGeneratorConfiguration: Property 'jmeter.reportgenerator.start_date' not found, using default value 'null' instead.
2026-09-10 20:41:45,570 INFO o.a.j.r.c.ReportGeneratorConfiguration: Property 'jmeter.reportgenerator.end_date' not found, using default value 'null' instead.
2026-09-10 20:41:45,570 INFO o.a.j.r.c.ReportGeneratorConfiguration: Property 'jmeter.reportgenerator.date_format' not found, using default value 'null' instead.
2026-09-10 20:41:45,570 INFO o.a.j.r.c.ReportGeneratorConfiguration: Will use date range start date: null, end date: null
2026-09-10 20:41:45,573 INFO o.a.j.r.c.ReportGeneratorConfiguration: Property 'jmeter.reportgenerator.graph.totalTPS.exclude_controllers' not found, using default value 'false' instead.
2026-09-10 20:41:45,573 INFO o.a.j.r.c.ReportGeneratorConfiguration: Property 'jmeter.reportgenerator.graph.activeThreadsOverTime.exclude_controllers' not found, using default value 'false' instead.
2026-09-10 20:41:45,573 INFO o.a.j.r.c.ReportGeneratorConfiguration: Property 'jmeter.reportgenerator.graph.timeVsThreads.exclude_controllers' not found, using default value 'false' instead.
2026-09-10 20:41:45,573 INFO o.a.j.r.c.ReportGeneratorConfiguration: Property 'jmeter.reportgenerator.graph.responseTimeDistribution.exclude_controllers' not found, using default value 'false' instead.
2026-09-10 20:41:45,573 INFO o.a.j.r.c.ReportGeneratorConfiguration: Property 'jmeter.reportgenerator.graph.transactionsPerSecond.exclude_controllers' not found, using default value 'false' instead.
2026-09-10 20:41:45,573 INFO o.a.j.r.c.ReportGeneratorConfiguration: Property 'jmeter.reportgenerator.graph.responseTimePercentiles.exclude_controllers' not found, using default value 'false' instead.
2026-09-10 20:41:45,574 INFO o.a.j.r.c.ReportGeneratorConfiguration: Property 'jmeter.reportgenerator.graph.responseTimePercentilesOverTime.exclude_controllers' not found, using default value 'false' instead.
2026-09-10 20:41:45,574 INFO o.a.j.r.c.ReportGeneratorConfiguration: Property 'jmeter.reportgenerator.graph.responseTimesOverTime.exclude_controllers' not found, using default value 'false' instead.
2026-09-10 20:41:45,574 INFO o.a.j.r.c.ReportGeneratorConfiguration: Property 'jmeter.reportgenerator.graph.connectTimeOverTime.exclude_controllers' not found, using default value 'false' instead.
2026-09-10 20:41:45,574 INFO o.a.j.r.c.ReportGeneratorConfiguration: Property 'jmeter.reportgenerator.graph.latenciesOverTime.exclude_controllers' not found, using default value 'false' instead.
2026-09-10 20:41:45,575 INFO o.a.j.r.c.ReportGeneratorConfiguration: Property 'jmeter.reportgenerator.exporter.json.filters_only_sample_series' not found, using default value 'true' instead.
2026-09-10 20:41:45,575 INFO o.a.j.r.c.ReportGeneratorConfiguration: Property 'jmeter.reportgenerator.exporter.json.series_filter' not found, using default value '' instead.
2026-09-10 20:41:45,575 INFO o.a.j.r.c.ReportGeneratorConfiguration: Property 'jmeter.reportgenerator.exporter.json.show_controllers_only' not found, using default value 'false' instead.
2026-09-10 20:41:45,575 INFO o.a.j.r.c.ReportGeneratorConfiguration: Property 'jmeter.reportgenerator.exporter.html.filters_only_sample_series' not found, using default value 'true' instead.
2026-09-10 20:41:45,575 INFO o.a.j.r.c.ReportGeneratorConfiguration: Property 'jmeter.reportgenerator.exporter.html.series_filter' not found, using default value '' instead.
2026-09-10 20:41:45,575 INFO o.a.j.r.c.ReportGeneratorConfiguration: Property 'jmeter.reportgenerator.exporter.html.show_controllers_only' not found, using default value 'false' instead.
2026-09-10 20:41:45,586 INFO o.a.j.e.StandardJMeterEngine: Running the test!
2026-09-10 20:41:45,586 INFO o.a.j.s.SampleEvent: List of sample_variables: []
2026-09-10 20:41:45,587 INFO o.a.j.s.SampleEvent: List of sample_variables: []
2026-09-10 20:41:45,593 INFO o.a.j.e.u.CompoundVariable: Note: Function class names must contain the string: '.functions.'
2026-09-10 20:41:45,593 INFO o.a.j.e.u.CompoundVariable: Note: Function class names must not contain the string: '.gui.'
2026-09-10 20:41:45,662 INFO o.a.j.JMeter: Running test (1789062105662)
2026-09-10 20:41:45,682 INFO o.a.j.e.StandardJMeterEngine: Starting ThreadGroup: 1 : Thread Group - until HTTP 503 - 128 users
2026-09-10 20:41:45,682 INFO o.a.j.e.StandardJMeterEngine: Starting 128 threads for group Thread Group - until HTTP 503 - 128 users.
2026-09-10 20:41:45,682 INFO o.a.j.e.StandardJMeterEngine: Thread will continue on error
2026-09-10 20:41:45,682 INFO o.a.j.t.ThreadGroup: Starting thread group... number=1 threads=128 ramp-up=60 delayedStart=false
2026-09-10 20:41:45,688 INFO o.a.j.t.JMeterThread: Thread started: Thread Group - until HTTP 503 - 128 users 1-1
2026-09-10 20:41:45,738 INFO o.a.j.t.ThreadGroup: Started thread group number 1
2026-09-10 20:41:45,738 INFO o.a.j.e.StandardJMeterEngine: All thread groups have been started
2026-09-10 20:41:45,762 INFO o.a.j.p.h.s.HTTPHCAbstractImpl: Local host = DESKTOP-74FQ4EV
2026-09-10 20:41:45,774 INFO o.a.j.p.h.s.HTTPHC4Impl: HTTP request retry count = 0
2026-09-10 20:41:45,776 INFO o.a.j.s.SampleResult: Note: Sample TimeStamps are START times
2026-09-10 20:41:45,776 INFO o.a.j.s.SampleResult: sampleresult.default.encoding is set to UTF-8
2026-09-10 20:41:45,777 INFO o.a.j.s.SampleResult: sampleresult.useNanoTime=true
2026-09-10 20:41:45,777 INFO o.a.j.s.SampleResult: sampleresult.nanoThreadSleep=5000
2026-09-10 20:41:46,153 INFO o.a.j.t.JMeterThread: Thread started: Thread Group - until HTTP 503 - 128 users 1-2
2026-09-10 20:41:46,622 INFO o.a.j.t.JMeterThread: Thread started: Thread Group - until HTTP 503 - 128 users 1-3
2026-09-10 20:41:47,091 INFO o.a.j.t.JMeterThread: Thread started: Thread Group - until HTTP 503 - 128 users 1-4
2026-09-10 20:41:47,560 INFO o.a.j.t.JMeterThread: Thread started: Thread Group - until HTTP 503 - 128 users 1-5
2026-09-10 20:41:48,028 INFO o.a.j.t.JMeterThread: Thread started: Thread Group - until HTTP 503 - 128 users 1-6
2026-09-10 20:41:48,497 INFO o.a.j.t.JMeterThread: Thread started: Thread Group - until HTTP 503 - 128 users 1-7
2026-09-10 20:41:48,966 INFO o.a.j.t.JMeterThread: Thread started: Thread Group - until HTTP 503 - 128 users 1-8
2026-09-10 20:41:49,436 INFO o.a.j.t.JMeterThread: Thread started: Thread Group - until HTTP 503 - 128 users 1-9
2026-09-10 20:41:49,904 INFO o.a.j.t.JMeterThread: Thread started: Thread Group - until HTTP 503 - 128 users 1-10
2026-09-10 20:41:50,373 INFO o.a.j.t.JMeterThread: Thread started: Thread Group - until HTTP 503 - 128 users 1-11
2026-09-10 20:41:50,843 INFO o.a.j.t.JMeterThread: Thread started: Thread Group - until HTTP 503 - 128 users 1-12
2026-09-10 20:41:51,313 INFO o.a.j.t.JMeterThread: Thread started: Thread Group - until HTTP 503 - 128 users 1-13
2026-09-10 20:41:51,780 INFO o.a.j.t.JMeterThread: Thread started: Thread Group - until HTTP 503 - 128 users 1-14
2026-09-10 20:41:52,249 INFO o.a.j.t.JMeterThread: Thread started: Thread Group - until HTTP 503 - 128 users 1-15
2026-09-10 20:41:52,719 INFO o.a.j.t.JMeterThread: Thread started: Thread Group - until HTTP 503 - 128 users 1-16
2026-09-10 20:41:53,187 INFO o.a.j.t.JMeterThread: Thread started: Thread Group - until HTTP 503 - 128 users 1-17
2026-09-10 20:41:53,656 INFO o.a.j.t.JMeterThread: Thread started: Thread Group - until HTTP 503 - 128 users 1-18
2026-09-10 20:41:54,124 INFO o.a.j.t.JMeterThread: Thread started: Thread Group - until HTTP 503 - 128 users 1-19
2026-09-10 20:41:54,594 INFO o.a.j.t.JMeterThread: Thread started: Thread Group - until HTTP 503 - 128 users 1-20
2026-09-10 20:41:55,062 INFO o.a.j.t.JMeterThread: Thread started: Thread Group - until HTTP 503 - 128 users 1-21
2026-09-10 20:41:55,533 INFO o.a.j.t.JMeterThread: Thread started: Thread Group - until HTTP 503 - 128 users 1-22
2026-09-10 20:41:56,004 INFO o.a.j.t.JMeterThread: Thread started: Thread Group - until HTTP 503 - 128 users 1-23
2026-09-10 20:41:56,470 INFO o.a.j.t.JMeterThread: Thread started: Thread Group - until HTTP 503 - 128 users 1-24
2026-09-10 20:41:56,938 INFO o.a.j.t.JMeterThread: Thread started: Thread Group - until HTTP 503 - 128 users 1-25
2026-09-10 20:41:57,408 INFO o.a.j.t.JMeterThread: Thread started: Thread Group - until HTTP 503 - 128 users 1-26
2026-09-10 20:41:57,877 INFO o.a.j.t.JMeterThread: Thread started: Thread Group - until HTTP 503 - 128 users 1-27
2026-09-10 20:41:58,345 INFO o.a.j.t.JMeterThread: Thread started: Thread Group - until HTTP 503 - 128 users 1-28
2026-09-10 20:41:58,815 INFO o.a.j.t.JMeterThread: Thread started: Thread Group - until HTTP 503 - 128 users 1-29
2026-09-10 20:41:59,285 INFO o.a.j.t.JMeterThread: Thread started: Thread Group - until HTTP 503 - 128 users 1-30
2026-09-10 20:41:59,753 INFO o.a.j.t.JMeterThread: Thread started: Thread Group - until HTTP 503 - 128 users 1-31
2026-09-10 20:42:00,164 INFO o.a.j.r.Summariser: summary +    294 in 00:00:14 =   20.3/s Avg:   725 Min:   518 Max:  1045 Err:   191 (64.97%) Active: 31 Started: 31 Finished: 0
2026-09-10 20:42:00,222 INFO o.a.j.t.JMeterThread: Thread started: Thread Group - until HTTP 503 - 128 users 1-32
2026-09-10 20:42:00,691 INFO o.a.j.t.JMeterThread: Thread started: Thread Group - until HTTP 503 - 128 users 1-33
2026-09-10 20:42:01,159 INFO o.a.j.t.JMeterThread: Thread started: Thread Group - until HTTP 503 - 128 users 1-34
2026-09-10 20:42:01,630 INFO o.a.j.t.JMeterThread: Thread started: Thread Group - until HTTP 503 - 128 users 1-35
2026-09-10 20:42:02,098 INFO o.a.j.t.JMeterThread: Thread started: Thread Group - until HTTP 503 - 128 users 1-36
2026-09-10 20:42:02,568 INFO o.a.j.t.JMeterThread: Thread started: Thread Group - until HTTP 503 - 128 users 1-37
2026-09-10 20:42:03,036 INFO o.a.j.t.JMeterThread: Thread started: Thread Group - until HTTP 503 - 128 users 1-38
2026-09-10 20:42:03,505 INFO o.a.j.t.JMeterThread: Thread started: Thread Group - until HTTP 503 - 128 users 1-39
2026-09-10 20:42:03,975 INFO o.a.j.t.JMeterThread: Thread started: Thread Group - until HTTP 503 - 128 users 1-40
2026-09-10 20:42:04,444 INFO o.a.j.t.JMeterThread: Thread started: Thread Group - until HTTP 503 - 128 users 1-41
2026-09-10 20:42:04,912 INFO o.a.j.t.JMeterThread: Thread started: Thread Group - until HTTP 503 - 128 users 1-42
2026-09-10 20:42:05,382 INFO o.a.j.t.JMeterThread: Thread started: Thread Group - until HTTP 503 - 128 users 1-43
2026-09-10 20:42:05,851 INFO o.a.j.t.JMeterThread: Thread started: Thread Group - until HTTP 503 - 128 users 1-44
2026-09-10 20:42:06,320 INFO o.a.j.t.JMeterThread: Thread started: Thread Group - until HTTP 503 - 128 users 1-45
2026-09-10 20:42:06,788 INFO o.a.j.t.JMeterThread: Thread started: Thread Group - until HTTP 503 - 128 users 1-46
2026-09-10 20:42:07,257 INFO o.a.j.t.JMeterThread: Thread started: Thread Group - until HTTP 503 - 128 users 1-47
2026-09-10 20:42:07,727 INFO o.a.j.t.JMeterThread: Thread started: Thread Group - until HTTP 503 - 128 users 1-48
2026-09-10 20:42:08,195 INFO o.a.j.t.JMeterThread: Thread started: Thread Group - until HTTP 503 - 128 users 1-49
2026-09-10 20:42:08,664 INFO o.a.j.t.JMeterThread: Thread started: Thread Group - until HTTP 503 - 128 users 1-50
2026-09-10 20:42:09,133 INFO o.a.j.t.JMeterThread: Thread started: Thread Group - until HTTP 503 - 128 users 1-51
2026-09-10 20:42:09,602 INFO o.a.j.t.JMeterThread: Thread started: Thread Group - until HTTP 503 - 128 users 1-52
2026-09-10 20:42:10,071 INFO o.a.j.t.JMeterThread: Thread started: Thread Group - until HTTP 503 - 128 users 1-53
2026-09-10 20:42:10,539 INFO o.a.j.t.JMeterThread: Thread started: Thread Group - until HTTP 503 - 128 users 1-54
2026-09-10 20:42:11,008 INFO o.a.j.t.JMeterThread: Thread started: Thread Group - until HTTP 503 - 128 users 1-55
2026-09-10 20:42:11,478 INFO o.a.j.t.JMeterThread: Thread started: Thread Group - until HTTP 503 - 128 users 1-56
2026-09-10 20:42:11,947 INFO o.a.j.t.JMeterThread: Thread started: Thread Group - until HTTP 503 - 128 users 1-57
2026-09-10 20:42:12,416 INFO o.a.j.t.JMeterThread: Thread started: Thread Group - until HTTP 503 - 128 users 1-58
2026-09-10 20:42:12,884 INFO o.a.j.t.JMeterThread: Thread started: Thread Group - until HTTP 503 - 128 users 1-59
2026-09-10 20:42:13,354 INFO o.a.j.t.JMeterThread: Thread started: Thread Group - until HTTP 503 - 128 users 1-60
2026-09-10 20:42:13,824 INFO o.a.j.t.JMeterThread: Thread started: Thread Group - until HTTP 503 - 128 users 1-61
2026-09-10 20:42:14,291 INFO o.a.j.t.JMeterThread: Thread started: Thread Group - until HTTP 503 - 128 users 1-62
2026-09-10 20:42:14,762 INFO o.a.j.t.JMeterThread: Thread started: Thread Group - until HTTP 503 - 128 users 1-63
2026-09-10 20:42:15,230 INFO o.a.j.t.JMeterThread: Thread started: Thread Group - until HTTP 503 - 128 users 1-64
2026-09-10 20:42:15,700 INFO o.a.j.t.JMeterThread: Thread started: Thread Group - until HTTP 503 - 128 users 1-65
2026-09-10 20:42:16,168 INFO o.a.j.t.JMeterThread: Thread started: Thread Group - until HTTP 503 - 128 users 1-66
2026-09-10 20:42:16,637 INFO o.a.j.t.JMeterThread: Thread started: Thread Group - until HTTP 503 - 128 users 1-67
2026-09-10 20:42:17,105 INFO o.a.j.t.JMeterThread: Thread started: Thread Group - until HTTP 503 - 128 users 1-68
2026-09-10 20:42:17,575 INFO o.a.j.t.JMeterThread: Thread started: Thread Group - until HTTP 503 - 128 users 1-69
2026-09-10 20:42:18,044 INFO o.a.j.t.JMeterThread: Thread started: Thread Group - until HTTP 503 - 128 users 1-70
2026-09-10 20:42:18,513 INFO o.a.j.t.JMeterThread: Thread started: Thread Group - until HTTP 503 - 128 users 1-71
2026-09-10 20:42:18,981 INFO o.a.j.t.JMeterThread: Thread started: Thread Group - until HTTP 503 - 128 users 1-72
2026-09-10 20:42:19,452 INFO o.a.j.t.JMeterThread: Thread started: Thread Group - until HTTP 503 - 128 users 1-73
2026-09-10 20:42:19,921 INFO o.a.j.t.JMeterThread: Thread started: Thread Group - until HTTP 503 - 128 users 1-74
2026-09-10 20:42:20,389 INFO o.a.j.t.JMeterThread: Thread started: Thread Group - until HTTP 503 - 128 users 1-75
2026-09-10 20:42:20,857 INFO o.a.j.t.JMeterThread: Thread started: Thread Group - until HTTP 503 - 128 users 1-76
2026-09-10 20:42:21,327 INFO o.a.j.t.JMeterThread: Thread started: Thread Group - until HTTP 503 - 128 users 1-77
2026-09-10 20:42:21,796 INFO o.a.j.t.JMeterThread: Thread started: Thread Group - until HTTP 503 - 128 users 1-78
2026-09-10 20:42:22,264 INFO o.a.j.t.JMeterThread: Thread started: Thread Group - until HTTP 503 - 128 users 1-79
2026-09-10 20:42:22,733 INFO o.a.j.t.JMeterThread: Thread started: Thread Group - until HTTP 503 - 128 users 1-80
2026-09-10 20:42:23,203 INFO o.a.j.t.JMeterThread: Thread started: Thread Group - until HTTP 503 - 128 users 1-81
2026-09-10 20:42:23,673 INFO o.a.j.t.JMeterThread: Thread started: Thread Group - until HTTP 503 - 128 users 1-82
2026-09-10 20:42:24,141 INFO o.a.j.t.JMeterThread: Thread started: Thread Group - until HTTP 503 - 128 users 1-83
2026-09-10 20:42:24,613 INFO o.a.j.t.JMeterThread: Thread started: Thread Group - until HTTP 503 - 128 users 1-84
2026-09-10 20:42:25,090 INFO o.a.j.t.JMeterThread: Thread started: Thread Group - until HTTP 503 - 128 users 1-85
2026-09-10 20:42:25,550 INFO o.a.j.t.JMeterThread: Thread started: Thread Group - until HTTP 503 - 128 users 1-86
2026-09-10 20:42:26,038 INFO o.a.j.t.JMeterThread: Thread started: Thread Group - until HTTP 503 - 128 users 1-87
2026-09-10 20:42:26,499 INFO o.a.j.t.JMeterThread: Thread started: Thread Group - until HTTP 503 - 128 users 1-88
2026-09-10 20:42:26,967 INFO o.a.j.t.JMeterThread: Thread started: Thread Group - until HTTP 503 - 128 users 1-89
2026-09-10 20:42:27,444 INFO o.a.j.t.JMeterThread: Thread started: Thread Group - until HTTP 503 - 128 users 1-90
2026-09-10 20:42:27,912 INFO o.a.j.t.JMeterThread: Thread started: Thread Group - until HTTP 503 - 128 users 1-91
2026-09-10 20:42:28,380 INFO o.a.j.t.JMeterThread: Thread started: Thread Group - until HTTP 503 - 128 users 1-92
2026-09-10 20:42:28,848 INFO o.a.j.t.JMeterThread: Thread started: Thread Group - until HTTP 503 - 128 users 1-93
2026-09-10 20:42:29,321 INFO o.a.j.t.JMeterThread: Thread started: Thread Group - until HTTP 503 - 128 users 1-94
2026-09-10 20:42:29,789 INFO o.a.j.t.JMeterThread: Thread started: Thread Group - until HTTP 503 - 128 users 1-95
2026-09-10 20:42:30,255 INFO o.a.j.t.JMeterThread: Thread started: Thread Group - until HTTP 503 - 128 users 1-96
2026-09-10 20:42:30,724 INFO o.a.j.t.JMeterThread: Thread started: Thread Group - until HTTP 503 - 128 users 1-97
2026-09-10 20:42:31,106 INFO o.a.j.r.Summariser: summary +    852 in 00:00:31 =   27.5/s Avg:  2113 Min:  1003 Max:  4172 Err:   852 (100.00%) Active: 97 Started: 97 Finished: 0
2026-09-10 20:42:31,107 INFO o.a.j.r.Summariser: summary =   1146 in 00:00:45 =   25.2/s Avg:  1757 Min:   518 Max:  4172 Err:  1043 (91.01%)
2026-09-10 20:42:31,195 INFO o.a.j.t.JMeterThread: Thread started: Thread Group - until HTTP 503 - 128 users 1-98
2026-09-10 20:42:31,665 INFO o.a.j.t.JMeterThread: Thread started: Thread Group - until HTTP 503 - 128 users 1-99
2026-09-10 20:42:32,131 INFO o.a.j.t.JMeterThread: Thread started: Thread Group - until HTTP 503 - 128 users 1-100
2026-09-10 20:42:32,601 INFO o.a.j.t.JMeterThread: Thread started: Thread Group - until HTTP 503 - 128 users 1-101
2026-09-10 20:42:33,071 INFO o.a.j.t.JMeterThread: Thread started: Thread Group - until HTTP 503 - 128 users 1-102
2026-09-10 20:42:33,539 INFO o.a.j.t.JMeterThread: Thread started: Thread Group - until HTTP 503 - 128 users 1-103
2026-09-10 20:42:34,008 INFO o.a.j.t.JMeterThread: Thread started: Thread Group - until HTTP 503 - 128 users 1-104
2026-09-10 20:42:34,477 INFO o.a.j.t.JMeterThread: Thread started: Thread Group - until HTTP 503 - 128 users 1-105
2026-09-10 20:42:34,945 INFO o.a.j.t.JMeterThread: Thread started: Thread Group - until HTTP 503 - 128 users 1-106
2026-09-10 20:42:35,414 INFO o.a.j.t.JMeterThread: Thread started: Thread Group - until HTTP 503 - 128 users 1-107
2026-09-10 20:42:35,882 INFO o.a.j.t.JMeterThread: Thread started: Thread Group - until HTTP 503 - 128 users 1-108
2026-09-10 20:42:36,351 INFO o.a.j.t.JMeterThread: Thread started: Thread Group - until HTTP 503 - 128 users 1-109
2026-09-10 20:42:36,820 INFO o.a.j.t.JMeterThread: Thread started: Thread Group - until HTTP 503 - 128 users 1-110
2026-09-10 20:42:37,287 INFO o.a.j.t.JMeterThread: Thread started: Thread Group - until HTTP 503 - 128 users 1-111
2026-09-10 20:42:37,756 INFO o.a.j.t.JMeterThread: Thread started: Thread Group - until HTTP 503 - 128 users 1-112
2026-09-10 20:42:38,223 INFO o.a.j.t.JMeterThread: Thread started: Thread Group - until HTTP 503 - 128 users 1-113
2026-09-10 20:42:38,693 INFO o.a.j.t.JMeterThread: Thread started: Thread Group - until HTTP 503 - 128 users 1-114
2026-09-10 20:42:39,163 INFO o.a.j.t.JMeterThread: Thread started: Thread Group - until HTTP 503 - 128 users 1-115
2026-09-10 20:42:39,632 INFO o.a.j.t.JMeterThread: Thread started: Thread Group - until HTTP 503 - 128 users 1-116
2026-09-10 20:42:40,100 INFO o.a.j.t.JMeterThread: Thread started: Thread Group - until HTTP 503 - 128 users 1-117
2026-09-10 20:42:40,569 INFO o.a.j.t.JMeterThread: Thread started: Thread Group - until HTTP 503 - 128 users 1-118
2026-09-10 20:42:41,038 INFO o.a.j.t.JMeterThread: Thread started: Thread Group - until HTTP 503 - 128 users 1-119
2026-09-10 20:42:41,507 INFO o.a.j.t.JMeterThread: Thread started: Thread Group - until HTTP 503 - 128 users 1-120
2026-09-10 20:42:41,977 INFO o.a.j.t.JMeterThread: Thread started: Thread Group - until HTTP 503 - 128 users 1-121
2026-09-10 20:42:42,446 INFO o.a.j.t.JMeterThread: Thread started: Thread Group - until HTTP 503 - 128 users 1-122
2026-09-10 20:42:42,915 INFO o.a.j.t.JMeterThread: Thread started: Thread Group - until HTTP 503 - 128 users 1-123
2026-09-10 20:42:43,383 INFO o.a.j.t.JMeterThread: Thread started: Thread Group - until HTTP 503 - 128 users 1-124
2026-09-10 20:42:43,850 INFO o.a.j.t.JMeterThread: Thread started: Thread Group - until HTTP 503 - 128 users 1-125
2026-09-10 20:42:44,319 INFO o.a.j.t.JMeterThread: Thread started: Thread Group - until HTTP 503 - 128 users 1-126
2026-09-10 20:42:44,781 INFO o.a.j.t.JMeterThread: Thread started: Thread Group - until HTTP 503 - 128 users 1-127
2026-09-10 20:42:45,250 INFO o.a.j.t.JMeterThread: Thread started: Thread Group - until HTTP 503 - 128 users 1-128
2026-09-10 20:43:00,216 INFO o.a.j.r.Summariser: summary +    823 in 00:00:29 =   28.3/s Avg:  4046 Min:  2202 Max:  6819 Err:   823 (100.00%) Active: 128 Started: 128 Finished: 0
2026-09-10 20:43:00,218 INFO o.a.j.r.Summariser: summary =   1969 in 00:01:15 =   26.4/s Avg:  2714 Min:   518 Max:  6819 Err:  1866 (94.77%)
2026-09-10 20:43:15,864 INFO o.a.j.t.JMeterThread: Stopping because end time detected by thread: Thread Group - until HTTP 503 - 128 users 1-80
2026-09-10 20:43:15,864 INFO o.a.j.t.JMeterThread: Stopping because end time detected by thread: Thread Group - until HTTP 503 - 128 users 1-38
2026-09-10 20:43:15,864 INFO o.a.j.t.JMeterThread: Stopping because end time detected by thread: Thread Group - until HTTP 503 - 128 users 1-45
2026-09-10 20:43:15,865 INFO o.a.j.t.JMeterThread: Stopping because end time detected by thread: Thread Group - until HTTP 503 - 128 users 1-109
2026-09-10 20:43:15,865 INFO o.a.j.t.JMeterThread: Stopping because end time detected by thread: Thread Group - until HTTP 503 - 128 users 1-128
2026-09-10 20:43:15,865 INFO o.a.j.t.JMeterThread: Thread finished: Thread Group - until HTTP 503 - 128 users 1-38
2026-09-10 20:43:15,865 INFO o.a.j.t.JMeterThread: Stopping because end time detected by thread: Thread Group - until HTTP 503 - 128 users 1-44
2026-09-10 20:43:15,865 INFO o.a.j.t.JMeterThread: Thread finished: Thread Group - until HTTP 503 - 128 users 1-109
2026-09-10 20:43:15,865 INFO o.a.j.t.JMeterThread: Stopping because end time detected by thread: Thread Group - until HTTP 503 - 128 users 1-12
2026-09-10 20:43:15,865 INFO o.a.j.t.JMeterThread: Thread finished: Thread Group - until HTTP 503 - 128 users 1-44
2026-09-10 20:43:15,865 INFO o.a.j.t.JMeterThread: Thread finished: Thread Group - until HTTP 503 - 128 users 1-12
2026-09-10 20:43:15,865 INFO o.a.j.t.JMeterThread: Stopping because end time detected by thread: Thread Group - until HTTP 503 - 128 users 1-88
2026-09-10 20:43:15,865 INFO o.a.j.t.JMeterThread: Thread finished: Thread Group - until HTTP 503 - 128 users 1-80
2026-09-10 20:43:15,864 INFO o.a.j.t.JMeterThread: Stopping because end time detected by thread: Thread Group - until HTTP 503 - 128 users 1-43
2026-09-10 20:43:15,865 INFO o.a.j.t.JMeterThread: Thread finished: Thread Group - until HTTP 503 - 128 users 1-88
2026-09-10 20:43:15,865 INFO o.a.j.t.JMeterThread: Thread finished: Thread Group - until HTTP 503 - 128 users 1-43
2026-09-10 20:43:15,864 INFO o.a.j.t.JMeterThread: Stopping because end time detected by thread: Thread Group - until HTTP 503 - 128 users 1-95
2026-09-10 20:43:15,865 INFO o.a.j.t.JMeterThread: Stopping because end time detected by thread: Thread Group - until HTTP 503 - 128 users 1-61
2026-09-10 20:43:15,865 INFO o.a.j.t.JMeterThread: Thread finished: Thread Group - until HTTP 503 - 128 users 1-95
2026-09-10 20:43:15,865 INFO o.a.j.t.JMeterThread: Thread finished: Thread Group - until HTTP 503 - 128 users 1-128
2026-09-10 20:43:15,865 INFO o.a.j.t.JMeterThread: Thread finished: Thread Group - until HTTP 503 - 128 users 1-45
2026-09-10 20:43:15,866 INFO o.a.j.t.JMeterThread: Thread finished: Thread Group - until HTTP 503 - 128 users 1-61
2026-09-10 20:43:15,870 INFO o.a.j.t.JMeterThread: Stopping because end time detected by thread: Thread Group - until HTTP 503 - 128 users 1-73
2026-09-10 20:43:15,870 INFO o.a.j.t.JMeterThread: Stopping because end time detected by thread: Thread Group - until HTTP 503 - 128 users 1-66
2026-09-10 20:43:15,870 INFO o.a.j.t.JMeterThread: Thread finished: Thread Group - until HTTP 503 - 128 users 1-73
2026-09-10 20:43:15,870 INFO o.a.j.t.JMeterThread: Thread finished: Thread Group - until HTTP 503 - 128 users 1-66
2026-09-10 20:43:15,870 INFO o.a.j.t.JMeterThread: Stopping because end time detected by thread: Thread Group - until HTTP 503 - 128 users 1-94
2026-09-10 20:43:15,870 INFO o.a.j.t.JMeterThread: Stopping because end time detected by thread: Thread Group - until HTTP 503 - 128 users 1-24
2026-09-10 20:43:15,870 INFO o.a.j.t.JMeterThread: Stopping because end time detected by thread: Thread Group - until HTTP 503 - 128 users 1-101
2026-09-10 20:43:15,870 INFO o.a.j.t.JMeterThread: Stopping because end time detected by thread: Thread Group - until HTTP 503 - 128 users 1-26
2026-09-10 20:43:15,870 INFO o.a.j.t.JMeterThread: Stopping because end time detected by thread: Thread Group - until HTTP 503 - 128 users 1-92
2026-09-10 20:43:15,870 INFO o.a.j.t.JMeterThread: Thread finished: Thread Group - until HTTP 503 - 128 users 1-24
2026-09-10 20:43:15,870 INFO o.a.j.t.JMeterThread: Thread finished: Thread Group - until HTTP 503 - 128 users 1-26
2026-09-10 20:43:15,870 INFO o.a.j.t.JMeterThread: Stopping because end time detected by thread: Thread Group - until HTTP 503 - 128 users 1-123
2026-09-10 20:43:15,870 INFO o.a.j.t.JMeterThread: Stopping because end time detected by thread: Thread Group - until HTTP 503 - 128 users 1-64
2026-09-10 20:43:15,870 INFO o.a.j.t.JMeterThread: Thread finished: Thread Group - until HTTP 503 - 128 users 1-123
2026-09-10 20:43:15,870 INFO o.a.j.t.JMeterThread: Thread finished: Thread Group - until HTTP 503 - 128 users 1-64
2026-09-10 20:43:15,870 INFO o.a.j.t.JMeterThread: Thread finished: Thread Group - until HTTP 503 - 128 users 1-101
2026-09-10 20:43:15,870 INFO o.a.j.t.JMeterThread: Thread finished: Thread Group - until HTTP 503 - 128 users 1-92
2026-09-10 20:43:15,870 INFO o.a.j.t.JMeterThread: Thread finished: Thread Group - until HTTP 503 - 128 users 1-94
2026-09-10 20:43:15,877 INFO o.a.j.t.JMeterThread: Stopping because end time detected by thread: Thread Group - until HTTP 503 - 128 users 1-37
2026-09-10 20:43:15,877 INFO o.a.j.t.JMeterThread: Thread finished: Thread Group - until HTTP 503 - 128 users 1-37
2026-09-10 20:43:15,878 INFO o.a.j.t.JMeterThread: Stopping because end time detected by thread: Thread Group - until HTTP 503 - 128 users 1-2
2026-09-10 20:43:15,878 INFO o.a.j.t.JMeterThread: Stopping because end time detected by thread: Thread Group - until HTTP 503 - 128 users 1-4
2026-09-10 20:43:15,878 INFO o.a.j.t.JMeterThread: Stopping because end time detected by thread: Thread Group - until HTTP 503 - 128 users 1-28
2026-09-10 20:43:15,878 INFO o.a.j.t.JMeterThread: Stopping because end time detected by thread: Thread Group - until HTTP 503 - 128 users 1-30
2026-09-10 20:43:15,878 INFO o.a.j.t.JMeterThread: Thread finished: Thread Group - until HTTP 503 - 128 users 1-4
2026-09-10 20:43:15,878 INFO o.a.j.t.JMeterThread: Stopping because end time detected by thread: Thread Group - until HTTP 503 - 128 users 1-11
2026-09-10 20:43:15,878 INFO o.a.j.t.JMeterThread: Thread finished: Thread Group - until HTTP 503 - 128 users 1-30
2026-09-10 20:43:15,878 INFO o.a.j.t.JMeterThread: Thread finished: Thread Group - until HTTP 503 - 128 users 1-11
2026-09-10 20:43:15,878 INFO o.a.j.t.JMeterThread: Stopping because end time detected by thread: Thread Group - until HTTP 503 - 128 users 1-50
2026-09-10 20:43:15,878 INFO o.a.j.t.JMeterThread: Stopping because end time detected by thread: Thread Group - until HTTP 503 - 128 users 1-52
2026-09-10 20:43:15,878 INFO o.a.j.t.JMeterThread: Thread finished: Thread Group - until HTTP 503 - 128 users 1-50
2026-09-10 20:43:15,878 INFO o.a.j.t.JMeterThread: Thread finished: Thread Group - until HTTP 503 - 128 users 1-52
2026-09-10 20:43:15,878 INFO o.a.j.t.JMeterThread: Stopping because end time detected by thread: Thread Group - until HTTP 503 - 128 users 1-13
2026-09-10 20:43:15,878 INFO o.a.j.t.JMeterThread: Thread finished: Thread Group - until HTTP 503 - 128 users 1-13
2026-09-10 20:43:15,878 INFO o.a.j.t.JMeterThread: Stopping because end time detected by thread: Thread Group - until HTTP 503 - 128 users 1-47
2026-09-10 20:43:15,879 INFO o.a.j.t.JMeterThread: Thread finished: Thread Group - until HTTP 503 - 128 users 1-47
2026-09-10 20:43:15,879 INFO o.a.j.t.JMeterThread: Stopping because end time detected by thread: Thread Group - until HTTP 503 - 128 users 1-48
2026-09-10 20:43:15,879 INFO o.a.j.t.JMeterThread: Stopping because end time detected by thread: Thread Group - until HTTP 503 - 128 users 1-46
2026-09-10 20:43:15,879 INFO o.a.j.t.JMeterThread: Thread finished: Thread Group - until HTTP 503 - 128 users 1-48
2026-09-10 20:43:15,879 INFO o.a.j.t.JMeterThread: Thread finished: Thread Group - until HTTP 503 - 128 users 1-46
2026-09-10 20:43:15,879 INFO o.a.j.t.JMeterThread: Stopping because end time detected by thread: Thread Group - until HTTP 503 - 128 users 1-65
2026-09-10 20:43:15,879 INFO o.a.j.t.JMeterThread: Stopping because end time detected by thread: Thread Group - until HTTP 503 - 128 users 1-67
2026-09-10 20:43:15,879 INFO o.a.j.t.JMeterThread: Thread finished: Thread Group - until HTTP 503 - 128 users 1-67
2026-09-10 20:43:15,879 INFO o.a.j.t.JMeterThread: Stopping because end time detected by thread: Thread Group - until HTTP 503 - 128 users 1-71
2026-09-10 20:43:15,879 INFO o.a.j.t.JMeterThread: Thread finished: Thread Group - until HTTP 503 - 128 users 1-71
2026-09-10 20:43:15,879 INFO o.a.j.t.JMeterThread: Stopping because end time detected by thread: Thread Group - until HTTP 503 - 128 users 1-76
2026-09-10 20:43:15,879 INFO o.a.j.t.JMeterThread: Stopping because end time detected by thread: Thread Group - until HTTP 503 - 128 users 1-68
2026-09-10 20:43:15,879 INFO o.a.j.t.JMeterThread: Thread finished: Thread Group - until HTTP 503 - 128 users 1-76
2026-09-10 20:43:15,879 INFO o.a.j.t.JMeterThread: Stopping because end time detected by thread: Thread Group - until HTTP 503 - 128 users 1-70
2026-09-10 20:43:15,879 INFO o.a.j.t.JMeterThread: Stopping because end time detected by thread: Thread Group - until HTTP 503 - 128 users 1-77
2026-09-10 20:43:15,879 INFO o.a.j.t.JMeterThread: Thread finished: Thread Group - until HTTP 503 - 128 users 1-70
2026-09-10 20:43:15,879 INFO o.a.j.t.JMeterThread: Thread finished: Thread Group - until HTTP 503 - 128 users 1-77
2026-09-10 20:43:15,879 INFO o.a.j.t.JMeterThread: Stopping because end time detected by thread: Thread Group - until HTTP 503 - 128 users 1-89
2026-09-10 20:43:15,879 INFO o.a.j.t.JMeterThread: Stopping because end time detected by thread: Thread Group - until HTTP 503 - 128 users 1-78
2026-09-10 20:43:15,879 INFO o.a.j.t.JMeterThread: Stopping because end time detected by thread: Thread Group - until HTTP 503 - 128 users 1-96
2026-09-10 20:43:15,879 INFO o.a.j.t.JMeterThread: Thread finished: Thread Group - until HTTP 503 - 128 users 1-78
2026-09-10 20:43:15,879 INFO o.a.j.t.JMeterThread: Thread finished: Thread Group - until HTTP 503 - 128 users 1-96
2026-09-10 20:43:15,879 INFO o.a.j.t.JMeterThread: Stopping because end time detected by thread: Thread Group - until HTTP 503 - 128 users 1-83
2026-09-10 20:43:15,879 INFO o.a.j.t.JMeterThread: Stopping because end time detected by thread: Thread Group - until HTTP 503 - 128 users 1-112
2026-09-10 20:43:15,879 INFO o.a.j.t.JMeterThread: Thread finished: Thread Group - until HTTP 503 - 128 users 1-83
2026-09-10 20:43:15,879 INFO o.a.j.t.JMeterThread: Thread finished: Thread Group - until HTTP 503 - 128 users 1-112
2026-09-10 20:43:15,880 INFO o.a.j.t.JMeterThread: Stopping because end time detected by thread: Thread Group - until HTTP 503 - 128 users 1-113
2026-09-10 20:43:15,880 INFO o.a.j.t.JMeterThread: Stopping because end time detected by thread: Thread Group - until HTTP 503 - 128 users 1-107
2026-09-10 20:43:15,880 INFO o.a.j.t.JMeterThread: Stopping because end time detected by thread: Thread Group - until HTTP 503 - 128 users 1-117
2026-09-10 20:43:15,880 INFO o.a.j.t.JMeterThread: Thread finished: Thread Group - until HTTP 503 - 128 users 1-107
2026-09-10 20:43:15,880 INFO o.a.j.t.JMeterThread: Thread finished: Thread Group - until HTTP 503 - 128 users 1-117
2026-09-10 20:43:15,880 INFO o.a.j.t.JMeterThread: Stopping because end time detected by thread: Thread Group - until HTTP 503 - 128 users 1-110
2026-09-10 20:43:15,880 INFO o.a.j.t.JMeterThread: Stopping because end time detected by thread: Thread Group - until HTTP 503 - 128 users 1-124
2026-09-10 20:43:15,880 INFO o.a.j.t.JMeterThread: Thread finished: Thread Group - until HTTP 503 - 128 users 1-110
2026-09-10 20:43:15,880 INFO o.a.j.t.JMeterThread: Thread finished: Thread Group - until HTTP 503 - 128 users 1-124
2026-09-10 20:43:15,878 INFO o.a.j.t.JMeterThread: Stopping because end time detected by thread: Thread Group - until HTTP 503 - 128 users 1-33
2026-09-10 20:43:15,880 INFO o.a.j.t.JMeterThread: Stopping because end time detected by thread: Thread Group - until HTTP 503 - 128 users 1-1
2026-09-10 20:43:15,878 INFO o.a.j.t.JMeterThread: Stopping because end time detected by thread: Thread Group - until HTTP 503 - 128 users 1-29
2026-09-10 20:43:15,878 INFO o.a.j.t.JMeterThread: Thread finished: Thread Group - until HTTP 503 - 128 users 1-2
2026-09-10 20:43:15,880 INFO o.a.j.t.JMeterThread: Stopping because end time detected by thread: Thread Group - until HTTP 503 - 128 users 1-9
2026-09-10 20:43:15,880 INFO o.a.j.t.JMeterThread: Thread finished: Thread Group - until HTTP 503 - 128 users 1-33
2026-09-10 20:43:15,880 INFO o.a.j.t.JMeterThread: Thread finished: Thread Group - until HTTP 503 - 128 users 1-29
2026-09-10 20:43:15,878 INFO o.a.j.t.JMeterThread: Stopping because end time detected by thread: Thread Group - until HTTP 503 - 128 users 1-35
2026-09-10 20:43:15,878 INFO o.a.j.t.JMeterThread: Thread finished: Thread Group - until HTTP 503 - 128 users 1-28
2026-09-10 20:43:15,878 INFO o.a.j.t.JMeterThread: Stopping because end time detected by thread: Thread Group - until HTTP 503 - 128 users 1-41
2026-09-10 20:43:15,878 INFO o.a.j.t.JMeterThread: Stopping because end time detected by thread: Thread Group - until HTTP 503 - 128 users 1-32
2026-09-10 20:43:15,879 INFO o.a.j.t.JMeterThread: Stopping because end time detected by thread: Thread Group - until HTTP 503 - 128 users 1-49
2026-09-10 20:43:15,879 INFO o.a.j.t.JMeterThread: Thread finished: Thread Group - until HTTP 503 - 128 users 1-65
2026-09-10 20:43:15,881 INFO o.a.j.t.JMeterThread: Thread finished: Thread Group - until HTTP 503 - 128 users 1-49
2026-09-10 20:43:15,879 INFO o.a.j.t.JMeterThread: Thread finished: Thread Group - until HTTP 503 - 128 users 1-68
2026-09-10 20:43:15,879 INFO o.a.j.t.JMeterThread: Stopping because end time detected by thread: Thread Group - until HTTP 503 - 128 users 1-75
2026-09-10 20:43:15,881 INFO o.a.j.t.JMeterThread: Thread finished: Thread Group - until HTTP 503 - 128 users 1-75
2026-09-10 20:43:15,879 INFO o.a.j.t.JMeterThread: Stopping because end time detected by thread: Thread Group - until HTTP 503 - 128 users 1-82
2026-09-10 20:43:15,879 INFO o.a.j.t.JMeterThread: Thread finished: Thread Group - until HTTP 503 - 128 users 1-89
2026-09-10 20:43:15,881 INFO o.a.j.t.JMeterThread: Thread finished: Thread Group - until HTTP 503 - 128 users 1-82
2026-09-10 20:43:15,879 INFO o.a.j.t.JMeterThread: Stopping because end time detected by thread: Thread Group - until HTTP 503 - 128 users 1-100
2026-09-10 20:43:15,880 INFO o.a.j.t.JMeterThread: Thread finished: Thread Group - until HTTP 503 - 128 users 1-113
2026-09-10 20:43:15,880 INFO o.a.j.t.JMeterThread: Stopping because end time detected by thread: Thread Group - until HTTP 503 - 128 users 1-102
2026-09-10 20:43:15,880 INFO o.a.j.t.JMeterThread: Stopping because end time detected by thread: Thread Group - until HTTP 503 - 128 users 1-127
2026-09-10 20:43:15,881 INFO o.a.j.t.JMeterThread: Thread finished: Thread Group - until HTTP 503 - 128 users 1-102
2026-09-10 20:43:15,880 INFO o.a.j.t.JMeterThread: Stopping because end time detected by thread: Thread Group - until HTTP 503 - 128 users 1-125
2026-09-10 20:43:15,880 INFO o.a.j.t.JMeterThread: Stopping because end time detected by thread: Thread Group - until HTTP 503 - 128 users 1-17
2026-09-10 20:43:15,881 INFO o.a.j.t.JMeterThread: Thread finished: Thread Group - until HTTP 503 - 128 users 1-125
2026-09-10 20:43:15,880 INFO o.a.j.t.JMeterThread: Thread finished: Thread Group - until HTTP 503 - 128 users 1-9
2026-09-10 20:43:15,880 INFO o.a.j.t.JMeterThread: Thread finished: Thread Group - until HTTP 503 - 128 users 1-35
2026-09-10 20:43:15,881 INFO o.a.j.t.JMeterThread: Thread finished: Thread Group - until HTTP 503 - 128 users 1-41
2026-09-10 20:43:15,881 INFO o.a.j.t.JMeterThread: Thread finished: Thread Group - until HTTP 503 - 128 users 1-32
2026-09-10 20:43:15,881 INFO o.a.j.t.JMeterThread: Thread finished: Thread Group - until HTTP 503 - 128 users 1-100
2026-09-10 20:43:15,881 INFO o.a.j.t.JMeterThread: Thread finished: Thread Group - until HTTP 503 - 128 users 1-127
2026-09-10 20:43:15,881 INFO o.a.j.t.JMeterThread: Thread finished: Thread Group - until HTTP 503 - 128 users 1-1
2026-09-10 20:43:15,882 INFO o.a.j.t.JMeterThread: Thread finished: Thread Group - until HTTP 503 - 128 users 1-17
2026-09-10 20:43:17,017 INFO o.a.j.t.JMeterThread: Stopping because end time detected by thread: Thread Group - until HTTP 503 - 128 users 1-85
2026-09-10 20:43:17,018 INFO o.a.j.t.JMeterThread: Stopping because end time detected by thread: Thread Group - until HTTP 503 - 128 users 1-118
2026-09-10 20:43:17,018 INFO o.a.j.t.JMeterThread: Thread finished: Thread Group - until HTTP 503 - 128 users 1-85
2026-09-10 20:43:17,018 INFO o.a.j.t.JMeterThread: Stopping because end time detected by thread: Thread Group - until HTTP 503 - 128 users 1-119
2026-09-10 20:43:17,018 INFO o.a.j.t.JMeterThread: Stopping because end time detected by thread: Thread Group - until HTTP 503 - 128 users 1-8
2026-09-10 20:43:17,018 INFO o.a.j.t.JMeterThread: Thread finished: Thread Group - until HTTP 503 - 128 users 1-8
2026-09-10 20:43:17,018 INFO o.a.j.t.JMeterThread: Stopping because end time detected by thread: Thread Group - until HTTP 503 - 128 users 1-126
2026-09-10 20:43:17,018 INFO o.a.j.t.JMeterThread: Thread finished: Thread Group - until HTTP 503 - 128 users 1-126
2026-09-10 20:43:17,018 INFO o.a.j.t.JMeterThread: Stopping because end time detected by thread: Thread Group - until HTTP 503 - 128 users 1-120
2026-09-10 20:43:17,018 INFO o.a.j.t.JMeterThread: Thread finished: Thread Group - until HTTP 503 - 128 users 1-120
2026-09-10 20:43:17,018 INFO o.a.j.t.JMeterThread: Stopping because end time detected by thread: Thread Group - until HTTP 503 - 128 users 1-3
2026-09-10 20:43:17,018 INFO o.a.j.t.JMeterThread: Thread finished: Thread Group - until HTTP 503 - 128 users 1-3
2026-09-10 20:43:17,017 INFO o.a.j.t.JMeterThread: Stopping because end time detected by thread: Thread Group - until HTTP 503 - 128 users 1-115
2026-09-10 20:43:17,018 INFO o.a.j.t.JMeterThread: Thread finished: Thread Group - until HTTP 503 - 128 users 1-115
2026-09-10 20:43:17,018 INFO o.a.j.t.JMeterThread: Stopping because end time detected by thread: Thread Group - until HTTP 503 - 128 users 1-62
2026-09-10 20:43:17,018 INFO o.a.j.t.JMeterThread: Thread finished: Thread Group - until HTTP 503 - 128 users 1-62
2026-09-10 20:43:17,018 INFO o.a.j.t.JMeterThread: Stopping because end time detected by thread: Thread Group - until HTTP 503 - 128 users 1-39
2026-09-10 20:43:17,018 INFO o.a.j.t.JMeterThread: Thread finished: Thread Group - until HTTP 503 - 128 users 1-39
2026-09-10 20:43:17,017 INFO o.a.j.t.JMeterThread: Stopping because end time detected by thread: Thread Group - until HTTP 503 - 128 users 1-74
2026-09-10 20:43:17,018 INFO o.a.j.t.JMeterThread: Stopping because end time detected by thread: Thread Group - until HTTP 503 - 128 users 1-16
2026-09-10 20:43:17,018 INFO o.a.j.t.JMeterThread: Stopping because end time detected by thread: Thread Group - until HTTP 503 - 128 users 1-72
2026-09-10 20:43:17,019 INFO o.a.j.t.JMeterThread: Thread finished: Thread Group - until HTTP 503 - 128 users 1-74
2026-09-10 20:43:17,018 INFO o.a.j.t.JMeterThread: Thread finished: Thread Group - until HTTP 503 - 128 users 1-118
2026-09-10 20:43:17,019 INFO o.a.j.t.JMeterThread: Stopping because end time detected by thread: Thread Group - until HTTP 503 - 128 users 1-87
2026-09-10 20:43:17,019 INFO o.a.j.t.JMeterThread: Thread finished: Thread Group - until HTTP 503 - 128 users 1-87
2026-09-10 20:43:17,019 INFO o.a.j.t.JMeterThread: Thread finished: Thread Group - until HTTP 503 - 128 users 1-72
2026-09-10 20:43:17,019 INFO o.a.j.t.JMeterThread: Thread finished: Thread Group - until HTTP 503 - 128 users 1-16
2026-09-10 20:43:17,018 INFO o.a.j.t.JMeterThread: Stopping because end time detected by thread: Thread Group - until HTTP 503 - 128 users 1-40
2026-09-10 20:43:17,018 INFO o.a.j.t.JMeterThread: Thread finished: Thread Group - until HTTP 503 - 128 users 1-119
2026-09-10 20:43:17,020 INFO o.a.j.t.JMeterThread: Thread finished: Thread Group - until HTTP 503 - 128 users 1-40
2026-09-10 20:43:17,020 INFO o.a.j.t.JMeterThread: Stopping because end time detected by thread: Thread Group - until HTTP 503 - 128 users 1-7
2026-09-10 20:43:17,020 INFO o.a.j.t.JMeterThread: Thread finished: Thread Group - until HTTP 503 - 128 users 1-7
2026-09-10 20:43:17,020 INFO o.a.j.t.JMeterThread: Stopping because end time detected by thread: Thread Group - until HTTP 503 - 128 users 1-6
2026-09-10 20:43:17,020 INFO o.a.j.t.JMeterThread: Stopping because end time detected by thread: Thread Group - until HTTP 503 - 128 users 1-25
2026-09-10 20:43:17,020 INFO o.a.j.t.JMeterThread: Stopping because end time detected by thread: Thread Group - until HTTP 503 - 128 users 1-19
2026-09-10 20:43:17,020 INFO o.a.j.t.JMeterThread: Thread finished: Thread Group - until HTTP 503 - 128 users 1-25
2026-09-10 20:43:17,020 INFO o.a.j.t.JMeterThread: Stopping because end time detected by thread: Thread Group - until HTTP 503 - 128 users 1-20
2026-09-10 20:43:17,020 INFO o.a.j.t.JMeterThread: Thread finished: Thread Group - until HTTP 503 - 128 users 1-6
2026-09-10 20:43:17,020 INFO o.a.j.t.JMeterThread: Thread finished: Thread Group - until HTTP 503 - 128 users 1-19
2026-09-10 20:43:17,021 INFO o.a.j.t.JMeterThread: Stopping because end time detected by thread: Thread Group - until HTTP 503 - 128 users 1-42
2026-09-10 20:43:17,021 INFO o.a.j.t.JMeterThread: Stopping because end time detected by thread: Thread Group - until HTTP 503 - 128 users 1-36
2026-09-10 20:43:17,021 INFO o.a.j.t.JMeterThread: Thread finished: Thread Group - until HTTP 503 - 128 users 1-42
2026-09-10 20:43:17,021 INFO o.a.j.t.JMeterThread: Thread finished: Thread Group - until HTTP 503 - 128 users 1-36
2026-09-10 20:43:17,020 INFO o.a.j.t.JMeterThread: Stopping because end time detected by thread: Thread Group - until HTTP 503 - 128 users 1-15
2026-09-10 20:43:17,020 INFO o.a.j.t.JMeterThread: Thread finished: Thread Group - until HTTP 503 - 128 users 1-20
2026-09-10 20:43:17,021 INFO o.a.j.t.JMeterThread: Thread finished: Thread Group - until HTTP 503 - 128 users 1-15
2026-09-10 20:43:17,022 INFO o.a.j.t.JMeterThread: Stopping because end time detected by thread: Thread Group - until HTTP 503 - 128 users 1-84
2026-09-10 20:43:17,022 INFO o.a.j.t.JMeterThread: Stopping because end time detected by thread: Thread Group - until HTTP 503 - 128 users 1-86
2026-09-10 20:43:17,022 INFO o.a.j.t.JMeterThread: Stopping because end time detected by thread: Thread Group - until HTTP 503 - 128 users 1-79
2026-09-10 20:43:17,022 INFO o.a.j.t.JMeterThread: Thread finished: Thread Group - until HTTP 503 - 128 users 1-86
2026-09-10 20:43:17,022 INFO o.a.j.t.JMeterThread: Stopping because end time detected by thread: Thread Group - until HTTP 503 - 128 users 1-90
2026-09-10 20:43:17,022 INFO o.a.j.t.JMeterThread: Thread finished: Thread Group - until HTTP 503 - 128 users 1-90
2026-09-10 20:43:17,022 INFO o.a.j.t.JMeterThread: Stopping because end time detected by thread: Thread Group - until HTTP 503 - 128 users 1-91
2026-09-10 20:43:17,022 INFO o.a.j.t.JMeterThread: Thread finished: Thread Group - until HTTP 503 - 128 users 1-91
2026-09-10 20:43:17,022 INFO o.a.j.t.JMeterThread: Thread finished: Thread Group - until HTTP 503 - 128 users 1-84
2026-09-10 20:43:17,022 INFO o.a.j.t.JMeterThread: Thread finished: Thread Group - until HTTP 503 - 128 users 1-79
2026-09-10 20:43:17,022 INFO o.a.j.t.JMeterThread: Stopping because end time detected by thread: Thread Group - until HTTP 503 - 128 users 1-97
2026-09-10 20:43:17,022 INFO o.a.j.t.JMeterThread: Thread finished: Thread Group - until HTTP 503 - 128 users 1-97
2026-09-10 20:43:17,022 INFO o.a.j.t.JMeterThread: Stopping because end time detected by thread: Thread Group - until HTTP 503 - 128 users 1-51
2026-09-10 20:43:17,022 INFO o.a.j.t.JMeterThread: Stopping because end time detected by thread: Thread Group - until HTTP 503 - 128 users 1-54
2026-09-10 20:43:17,023 INFO o.a.j.t.JMeterThread: Stopping because end time detected by thread: Thread Group - until HTTP 503 - 128 users 1-57
2026-09-10 20:43:17,023 INFO o.a.j.t.JMeterThread: Thread finished: Thread Group - until HTTP 503 - 128 users 1-54
2026-09-10 20:43:17,023 INFO o.a.j.t.JMeterThread: Thread finished: Thread Group - until HTTP 503 - 128 users 1-51
2026-09-10 20:43:17,023 INFO o.a.j.t.JMeterThread: Thread finished: Thread Group - until HTTP 503 - 128 users 1-57
2026-09-10 20:43:17,023 INFO o.a.j.t.JMeterThread: Stopping because end time detected by thread: Thread Group - until HTTP 503 - 128 users 1-56
2026-09-10 20:43:17,023 INFO o.a.j.t.JMeterThread: Stopping because end time detected by thread: Thread Group - until HTTP 503 - 128 users 1-99
2026-09-10 20:43:17,023 INFO o.a.j.t.JMeterThread: Thread finished: Thread Group - until HTTP 503 - 128 users 1-56
2026-09-10 20:43:17,023 INFO o.a.j.t.JMeterThread: Thread finished: Thread Group - until HTTP 503 - 128 users 1-99
2026-09-10 20:43:17,023 INFO o.a.j.t.JMeterThread: Stopping because end time detected by thread: Thread Group - until HTTP 503 - 128 users 1-106
2026-09-10 20:43:17,023 INFO o.a.j.t.JMeterThread: Stopping because end time detected by thread: Thread Group - until HTTP 503 - 128 users 1-103
2026-09-10 20:43:17,023 INFO o.a.j.t.JMeterThread: Thread finished: Thread Group - until HTTP 503 - 128 users 1-106
2026-09-10 20:43:17,023 INFO o.a.j.t.JMeterThread: Thread finished: Thread Group - until HTTP 503 - 128 users 1-103
2026-09-10 20:43:17,023 INFO o.a.j.t.JMeterThread: Stopping because end time detected by thread: Thread Group - until HTTP 503 - 128 users 1-116
2026-09-10 20:43:17,023 INFO o.a.j.t.JMeterThread: Stopping because end time detected by thread: Thread Group - until HTTP 503 - 128 users 1-111
2026-09-10 20:43:17,023 INFO o.a.j.t.JMeterThread: Thread finished: Thread Group - until HTTP 503 - 128 users 1-116
2026-09-10 20:43:17,023 INFO o.a.j.t.JMeterThread: Thread finished: Thread Group - until HTTP 503 - 128 users 1-111
2026-09-10 20:43:17,024 INFO o.a.j.t.JMeterThread: Stopping because end time detected by thread: Thread Group - until HTTP 503 - 128 users 1-121
2026-09-10 20:43:17,024 INFO o.a.j.t.JMeterThread: Thread finished: Thread Group - until HTTP 503 - 128 users 1-121
2026-09-10 20:43:17,024 INFO o.a.j.t.JMeterThread: Stopping because end time detected by thread: Thread Group - until HTTP 503 - 128 users 1-122
2026-09-10 20:43:17,024 INFO o.a.j.t.JMeterThread: Thread finished: Thread Group - until HTTP 503 - 128 users 1-122
2026-09-10 20:43:17,026 INFO o.a.j.t.JMeterThread: Stopping because end time detected by thread: Thread Group - until HTTP 503 - 128 users 1-18
2026-09-10 20:43:17,026 INFO o.a.j.t.JMeterThread: Thread finished: Thread Group - until HTTP 503 - 128 users 1-18
2026-09-10 20:43:17,063 INFO o.a.j.t.JMeterThread: Stopping because end time detected by thread: Thread Group - until HTTP 503 - 128 users 1-5
2026-09-10 20:43:17,063 INFO o.a.j.t.JMeterThread: Thread finished: Thread Group - until HTTP 503 - 128 users 1-5
2026-09-10 20:43:17,090 INFO o.a.j.t.JMeterThread: Stopping because end time detected by thread: Thread Group - until HTTP 503 - 128 users 1-31
2026-09-10 20:43:17,090 INFO o.a.j.t.JMeterThread: Thread finished: Thread Group - until HTTP 503 - 128 users 1-31
2026-09-10 20:43:17,108 INFO o.a.j.t.JMeterThread: Stopping because end time detected by thread: Thread Group - until HTTP 503 - 128 users 1-69
2026-09-10 20:43:17,108 INFO o.a.j.t.JMeterThread: Thread finished: Thread Group - until HTTP 503 - 128 users 1-69
2026-09-10 20:43:17,173 INFO o.a.j.t.JMeterThread: Stopping because end time detected by thread: Thread Group - until HTTP 503 - 128 users 1-22
2026-09-10 20:43:17,173 INFO o.a.j.t.JMeterThread: Thread finished: Thread Group - until HTTP 503 - 128 users 1-22
2026-09-10 20:43:17,214 INFO o.a.j.t.JMeterThread: Stopping because end time detected by thread: Thread Group - until HTTP 503 - 128 users 1-63
2026-09-10 20:43:17,214 INFO o.a.j.t.JMeterThread: Thread finished: Thread Group - until HTTP 503 - 128 users 1-63
2026-09-10 20:43:17,280 INFO o.a.j.t.JMeterThread: Stopping because end time detected by thread: Thread Group - until HTTP 503 - 128 users 1-81
2026-09-10 20:43:17,280 INFO o.a.j.t.JMeterThread: Thread finished: Thread Group - until HTTP 503 - 128 users 1-81
2026-09-10 20:43:17,400 INFO o.a.j.t.JMeterThread: Stopping because end time detected by thread: Thread Group - until HTTP 503 - 128 users 1-10
2026-09-10 20:43:17,400 INFO o.a.j.t.JMeterThread: Thread finished: Thread Group - until HTTP 503 - 128 users 1-10
2026-09-10 20:43:17,473 INFO o.a.j.t.JMeterThread: Stopping because end time detected by thread: Thread Group - until HTTP 503 - 128 users 1-23
2026-09-10 20:43:17,474 INFO o.a.j.t.JMeterThread: Thread finished: Thread Group - until HTTP 503 - 128 users 1-23
2026-09-10 20:43:17,614 INFO o.a.j.t.JMeterThread: Stopping because end time detected by thread: Thread Group - until HTTP 503 - 128 users 1-93
2026-09-10 20:43:17,614 INFO o.a.j.t.JMeterThread: Thread finished: Thread Group - until HTTP 503 - 128 users 1-93
2026-09-10 20:43:17,715 INFO o.a.j.t.JMeterThread: Stopping because end time detected by thread: Thread Group - until HTTP 503 - 128 users 1-98
2026-09-10 20:43:17,715 INFO o.a.j.t.JMeterThread: Thread finished: Thread Group - until HTTP 503 - 128 users 1-98
2026-09-10 20:43:17,797 INFO o.a.j.t.JMeterThread: Stopping because end time detected by thread: Thread Group - until HTTP 503 - 128 users 1-14
2026-09-10 20:43:17,798 INFO o.a.j.t.JMeterThread: Thread finished: Thread Group - until HTTP 503 - 128 users 1-14
2026-09-10 20:43:17,844 INFO o.a.j.t.JMeterThread: Stopping because end time detected by thread: Thread Group - until HTTP 503 - 128 users 1-104
2026-09-10 20:43:17,844 INFO o.a.j.t.JMeterThread: Thread finished: Thread Group - until HTTP 503 - 128 users 1-104
2026-09-10 20:43:17,855 INFO o.a.j.t.JMeterThread: Stopping because end time detected by thread: Thread Group - until HTTP 503 - 128 users 1-27
2026-09-10 20:43:17,855 INFO o.a.j.t.JMeterThread: Thread finished: Thread Group - until HTTP 503 - 128 users 1-27
2026-09-10 20:43:17,878 INFO o.a.j.t.JMeterThread: Stopping because end time detected by thread: Thread Group - until HTTP 503 - 128 users 1-21
2026-09-10 20:43:17,878 INFO o.a.j.t.JMeterThread: Thread finished: Thread Group - until HTTP 503 - 128 users 1-21
2026-09-10 20:43:17,915 INFO o.a.j.t.JMeterThread: Stopping because end time detected by thread: Thread Group - until HTTP 503 - 128 users 1-34
2026-09-10 20:43:17,915 INFO o.a.j.t.JMeterThread: Thread finished: Thread Group - until HTTP 503 - 128 users 1-34
2026-09-10 20:43:17,938 INFO o.a.j.t.JMeterThread: Stopping because end time detected by thread: Thread Group - until HTTP 503 - 128 users 1-105
2026-09-10 20:43:17,939 INFO o.a.j.t.JMeterThread: Thread finished: Thread Group - until HTTP 503 - 128 users 1-105
2026-09-10 20:43:17,943 INFO o.a.j.t.JMeterThread: Stopping because end time detected by thread: Thread Group - until HTTP 503 - 128 users 1-114
2026-09-10 20:43:17,943 INFO o.a.j.t.JMeterThread: Thread finished: Thread Group - until HTTP 503 - 128 users 1-114
2026-09-10 20:43:17,963 INFO o.a.j.t.JMeterThread: Stopping because end time detected by thread: Thread Group - until HTTP 503 - 128 users 1-108
2026-09-10 20:43:17,963 INFO o.a.j.t.JMeterThread: Thread finished: Thread Group - until HTTP 503 - 128 users 1-108
2026-09-10 20:43:18,004 INFO o.a.j.t.JMeterThread: Stopping because end time detected by thread: Thread Group - until HTTP 503 - 128 users 1-55
2026-09-10 20:43:18,004 INFO o.a.j.t.JMeterThread: Thread finished: Thread Group - until HTTP 503 - 128 users 1-55
2026-09-10 20:43:18,023 INFO o.a.j.t.JMeterThread: Stopping because end time detected by thread: Thread Group - until HTTP 503 - 128 users 1-59
2026-09-10 20:43:18,024 INFO o.a.j.t.JMeterThread: Thread finished: Thread Group - until HTTP 503 - 128 users 1-59
2026-09-10 20:43:18,037 INFO o.a.j.t.JMeterThread: Stopping because end time detected by thread: Thread Group - until HTTP 503 - 128 users 1-53
2026-09-10 20:43:18,037 INFO o.a.j.t.JMeterThread: Thread finished: Thread Group - until HTTP 503 - 128 users 1-53
2026-09-10 20:43:18,051 INFO o.a.j.t.JMeterThread: Stopping because end time detected by thread: Thread Group - until HTTP 503 - 128 users 1-58
2026-09-10 20:43:18,051 INFO o.a.j.t.JMeterThread: Thread finished: Thread Group - until HTTP 503 - 128 users 1-58
2026-09-10 20:43:18,065 INFO o.a.j.t.JMeterThread: Stopping because end time detected by thread: Thread Group - until HTTP 503 - 128 users 1-60
2026-09-10 20:43:18,065 INFO o.a.j.t.JMeterThread: Thread finished: Thread Group - until HTTP 503 - 128 users 1-60
2026-09-10 20:43:18,065 INFO o.a.j.e.StandardJMeterEngine: Notifying test listeners of end of test
2026-09-10 20:43:18,067 INFO o.a.j.r.Summariser: summary +    548 in 00:00:18 =   30.7/s Avg:  4509 Min:  3034 Max:  7125 Err:   548 (100.00%) Active: 0 Started: 128 Finished: 128
2026-09-10 20:43:18,067 INFO o.a.j.r.Summariser: summary =   2517 in 00:01:32 =   27.2/s Avg:  3105 Min:   518 Max:  7125 Err:  2414 (95.91%)
2026-09-10 20:43:18,067 INFO o.a.j.JMeter: Generating Dashboard
2026-09-10 20:43:18,067 INFO o.a.j.r.d.ReportGenerator: Flushing result collector before report Generation
2026-09-10 20:43:18,102 INFO o.a.j.r.p.NormalizerSampleConsumer: Using format, 'ms', to parse timeStamp field
2026-09-10 20:43:18,303 INFO o.a.j.r.p.AbstractSampleConsumer: class org.apache.jmeter.report.processor.AggregateConsumer#stopProducing(): beginDate produced 0 samples
2026-09-10 20:43:18,303 INFO o.a.j.r.p.AbstractSampleConsumer: class org.apache.jmeter.report.processor.AggregateConsumer#stopProducing(): endDate produced 0 samples
2026-09-10 20:43:18,305 INFO o.a.j.r.p.AbstractSampleConsumer: class org.apache.jmeter.report.processor.ApdexSummaryConsumer#stopProducing(): apdexSummary produced 0 samples
2026-09-10 20:43:18,305 INFO o.a.j.r.p.AbstractSampleConsumer: class org.apache.jmeter.report.processor.RequestsSummaryConsumer#stopProducing(): requestsSummary produced 0 samples
2026-09-10 20:43:18,312 INFO o.a.j.r.p.AbstractSampleConsumer: class org.apache.jmeter.report.processor.StatisticsSummaryConsumer#stopProducing(): statisticsSummary produced 0 samples
2026-09-10 20:43:18,316 INFO o.a.j.r.p.AbstractSampleConsumer: class org.apache.jmeter.report.processor.Top5ErrorsBySamplerConsumer#stopProducing(): top5ErrorsBySampler produced 0 samples
2026-09-10 20:43:18,318 INFO o.a.j.r.p.AbstractSampleConsumer: class org.apache.jmeter.report.processor.ErrorsSummaryConsumer#stopProducing(): errorsSummary produced 0 samples
2026-09-10 20:43:18,318 INFO o.a.j.r.p.AbstractSampleConsumer: class org.apache.jmeter.report.processor.graph.impl.HitsPerSecondGraphConsumer#stopProducing(): hitsPerSecond produced 0 samples
2026-09-10 20:43:18,390 INFO o.a.j.r.p.AbstractSampleConsumer: class org.apache.jmeter.report.processor.graph.impl.LatencyVSRequestGraphConsumer#stopProducing(): latencyVsRequest produced 0 samples
2026-09-10 20:43:18,391 INFO o.a.j.r.p.AbstractSampleConsumer: class org.apache.jmeter.report.processor.graph.impl.SyntheticResponseTimeDistributionGraphConsumer#stopProducing(): syntheticResponseTimeDistribution produced 0 samples
2026-09-10 20:43:18,391 INFO o.a.j.r.p.AbstractSampleConsumer: class org.apache.jmeter.report.processor.graph.impl.BytesThroughputGraphConsumer#stopProducing(): bytesThroughputOverTime produced 0 samples
2026-09-10 20:43:18,391 INFO o.a.j.r.p.AbstractSampleConsumer: class org.apache.jmeter.report.processor.graph.impl.CodesPerSecondGraphConsumer#stopProducing(): codesPerSecond produced 0 samples
2026-09-10 20:43:18,438 INFO o.a.j.r.p.AbstractSampleConsumer: class org.apache.jmeter.report.processor.graph.impl.ResponseTimeVSRequestGraphConsumer#stopProducing(): responseTimeVsRequest produced 0 samples
2026-09-10 20:43:18,439 INFO o.a.j.r.p.AbstractSampleConsumer: class org.apache.jmeter.report.processor.FilterConsumer#stopProducing(): startIntervalControlerFilter produced 17619 samples
2026-09-10 20:43:18,439 INFO o.a.j.r.p.AbstractSampleConsumer: class org.apache.jmeter.report.processor.graph.impl.TotalTPSGraphConsumer#stopProducing(): totalTPS produced 0 samples
2026-09-10 20:43:18,439 INFO o.a.j.r.p.AbstractSampleConsumer: class org.apache.jmeter.report.processor.graph.impl.ActiveThreadsGraphConsumer#stopProducing(): activeThreadsOverTime produced 0 samples
2026-09-10 20:43:18,439 INFO o.a.j.r.p.AbstractSampleConsumer: class org.apache.jmeter.report.processor.graph.impl.TimeVSThreadGraphConsumer#stopProducing(): timeVsThreads produced 0 samples
2026-09-10 20:43:18,439 INFO o.a.j.r.p.AbstractSampleConsumer: class org.apache.jmeter.report.processor.graph.impl.ResponseTimeDistributionGraphConsumer#stopProducing(): responseTimeDistribution produced 0 samples
2026-09-10 20:43:18,440 INFO o.a.j.r.p.AbstractSampleConsumer: class org.apache.jmeter.report.processor.graph.impl.TransactionsPerSecondGraphConsumer#stopProducing(): transactionsPerSecond produced 0 samples
2026-09-10 20:43:18,440 INFO o.a.j.r.p.AbstractSampleConsumer: class org.apache.jmeter.report.processor.graph.impl.ResponseTimePercentilesGraphConsumer#stopProducing(): responseTimePercentiles produced 0 samples
2026-09-10 20:43:18,442 INFO o.a.j.r.p.AbstractSampleConsumer: class org.apache.jmeter.report.processor.graph.impl.ResponseTimePercentilesOverTimeGraphConsumer#stopProducing(): responseTimePercentilesOverTime produced 0 samples
2026-09-10 20:43:18,442 INFO o.a.j.r.p.AbstractSampleConsumer: class org.apache.jmeter.report.processor.graph.impl.ResponseTimeOverTimeGraphConsumer#stopProducing(): responseTimesOverTime produced 0 samples
2026-09-10 20:43:18,442 INFO o.a.j.r.p.AbstractSampleConsumer: class org.apache.jmeter.report.processor.graph.impl.ConnectTimeOverTimeGraphConsumer#stopProducing(): connectTimeOverTime produced 0 samples
2026-09-10 20:43:18,442 INFO o.a.j.r.p.AbstractSampleConsumer: class org.apache.jmeter.report.processor.graph.impl.LatencyOverTimeGraphConsumer#stopProducing(): latenciesOverTime produced 0 samples
2026-09-10 20:43:18,443 INFO o.a.j.r.p.AbstractSampleConsumer: class org.apache.jmeter.report.processor.FilterConsumer#stopProducing(): nameFilter produced 37755 samples
2026-09-10 20:43:18,443 INFO o.a.j.r.p.AbstractSampleConsumer: class org.apache.jmeter.report.processor.FilterConsumer#stopProducing(): dateRangeFilter produced 7551 samples
2026-09-10 20:43:18,443 INFO o.a.j.r.p.AbstractSampleConsumer: class org.apache.jmeter.report.processor.NormalizerSampleConsumer#stopProducing(): normalizer produced 2517 samples
2026-09-10 20:43:18,443 INFO o.a.j.r.p.CsvFileSampleSource: produce(): 2517 samples produced in 323ms on channel 0
2026-09-10 20:43:18,443 INFO o.a.j.r.d.ReportGenerator: Exporting data using exporter:'json' of className:'org.apache.jmeter.report.dashboard.JsonExporter'
2026-09-10 20:43:18,499 INFO o.a.j.r.d.JsonExporter: Found data for consumer statisticsSummary in context
2026-09-10 20:43:18,500 INFO o.a.j.r.d.JsonExporter: Creating statistics for overall
2026-09-10 20:43:18,500 INFO o.a.j.r.d.JsonExporter: Creating statistics for other transactions
2026-09-10 20:43:18,501 INFO o.a.j.r.d.JsonExporter: Checking output folder
2026-09-10 20:43:18,502 INFO o.a.j.r.d.JsonExporter: Writing statistics JSON to C:\University\Programming\Software Testing\Lab4\html_reports\stress_until_503\128users_2560rpm\statistics.json
2026-09-10 20:43:18,538 INFO o.a.j.r.d.ReportGenerator: Exporting data using exporter:'html' of className:'org.apache.jmeter.report.dashboard.HtmlTemplateExporter'
2026-09-10 20:43:18,541 INFO o.a.j.r.d.HtmlTemplateExporter: Will generate dashboard in folder: C:\University\Programming\Software Testing\Lab4\html_reports\stress_until_503\128users_2560rpm
2026-09-10 20:43:18,623 INFO o.a.j.r.d.HtmlTemplateExporter: Report will be generated in: C:\University\Programming\Software Testing\Lab4\html_reports\stress_until_503\128users_2560rpm, creating folder structure
2026-09-10 20:43:18,624 INFO o.a.j.r.d.TemplateVisitor: Copying folder from 'C:\Program Files\apache-jmeter-5.6.3\bin\report-template' to 'C:\University\Programming\Software Testing\Lab4\html_reports\stress_until_503\128users_2560rpm', got message: C:\University\Programming\Software Testing\Lab4\html_reports\stress_until_503\128users_2560rpm, found non empty folder with following content [C:\University\Programming\Software Testing\Lab4\html_reports\stress_until_503\128users_2560rpm\statistics.json], will be ignored
2026-09-10 20:43:18,988 INFO o.a.j.JMeter: Dashboard generated
