2026-09-10 20:46:40,176 INFO o.a.j.u.JMeterUtils: Setting Locale to en_EN
2026-09-10 20:46:40,188 INFO o.a.j.JMeter: Loading user properties from: C:\Program Files\apache-jmeter-5.6.3\bin\user.properties
2026-09-10 20:46:40,188 INFO o.a.j.JMeter: Loading system properties from: C:\Program Files\apache-jmeter-5.6.3\bin\system.properties
2026-09-10 20:46:40,189 INFO o.a.j.JMeter: Setting JMeter property: jmeter.save.saveservice.output_format=csv
2026-09-10 20:46:40,189 INFO o.a.j.JMeter: Setting JMeter property: jmeter.save.saveservice.print_field_names=true
2026-09-10 20:46:40,190 INFO o.a.j.JMeter: Setting JMeter property: jmeter.save.saveservice.timestamp_format=ms
2026-09-10 20:46:40,190 INFO o.a.j.JMeter: Setting JMeter property: jmeter.save.saveservice.time=true
2026-09-10 20:46:40,190 INFO o.a.j.JMeter: Setting JMeter property: jmeter.save.saveservice.latency=true
2026-09-10 20:46:40,190 INFO o.a.j.JMeter: Setting JMeter property: jmeter.save.saveservice.label=true
2026-09-10 20:46:40,190 INFO o.a.j.JMeter: Setting JMeter property: jmeter.save.saveservice.response_code=true
2026-09-10 20:46:40,190 INFO o.a.j.JMeter: Setting JMeter property: jmeter.save.saveservice.response_message=true
2026-09-10 20:46:40,190 INFO o.a.j.JMeter: Setting JMeter property: jmeter.save.saveservice.successful=true
2026-09-10 20:46:40,190 INFO o.a.j.JMeter: Setting JMeter property: jmeter.save.saveservice.assertion_results_failure_message=true
2026-09-10 20:46:40,190 INFO o.a.j.JMeter: Setting JMeter property: jmeter.save.saveservice.thread_name=true
2026-09-10 20:46:40,190 INFO o.a.j.JMeter: Setting JMeter property: jmeter.save.saveservice.thread_counts=true
2026-09-10 20:46:40,190 INFO o.a.j.JMeter: Setting JMeter property: jmeter.save.saveservice.connect_time=true
2026-09-10 20:46:40,196 INFO o.a.j.JMeter: Copyright (c) 1998-2024 The Apache Software Foundation
2026-09-10 20:46:40,196 INFO o.a.j.JMeter: Version 5.6.3
2026-09-10 20:46:40,196 INFO o.a.j.JMeter: java.version=26.0.1
2026-09-10 20:46:40,196 INFO o.a.j.JMeter: java.vm.name=Java HotSpot(TM) 64-Bit Server VM
2026-09-10 20:46:40,196 INFO o.a.j.JMeter: os.name=Windows 10
2026-09-10 20:46:40,196 INFO o.a.j.JMeter: os.arch=amd64
2026-09-10 20:46:40,196 INFO o.a.j.JMeter: os.version=10.0
2026-09-10 20:46:40,196 INFO o.a.j.JMeter: file.encoding=UTF-8
2026-09-10 20:46:40,196 INFO o.a.j.JMeter: java.awt.headless=true
2026-09-10 20:46:40,196 INFO o.a.j.JMeter: Max memory     =1073741824
2026-09-10 20:46:40,196 INFO o.a.j.JMeter: Available Processors =8
2026-09-10 20:46:40,206 INFO o.a.j.JMeter: Default Locale=English (EN)
2026-09-10 20:46:40,206 INFO o.a.j.JMeter: JMeter  Locale=English (EN)
2026-09-10 20:46:40,207 INFO o.a.j.JMeter: JMeterHome=C:\Program Files\apache-jmeter-5.6.3
2026-09-10 20:46:40,207 INFO o.a.j.JMeter: user.dir  =C:\University\Programming\Software Testing\Lab4
2026-09-10 20:46:40,207 INFO o.a.j.JMeter: PWD       =C:\University\Programming\Software Testing\Lab4
2026-09-10 20:46:40,207 INFO o.a.j.JMeter: IP: 172.28.17.195 Name: DESKTOP-74FQ4EV FullName: DESKTOP-74FQ4EV
2026-09-10 20:46:40,215 INFO o.a.j.JMeter: Setting property 'jmeter.reportgenerator.outputdir' to:'C:\University\Programming\Software Testing\Lab4\html_reports\stress_until_503\176users_3520rpm'
2026-09-10 20:46:40,217 INFO o.a.j.s.FileServer: Default base='C:\University\Programming\Software Testing\Lab4'
2026-09-10 20:46:40,218 INFO o.a.j.s.FileServer: Set new base='C:\University\Programming\Software Testing\Lab4\quality_jmeter_plans\stress_until_503'
2026-09-10 20:46:40,408 INFO o.a.j.s.SaveService: Testplan (JMX) version: 2.2. Testlog (JTL) version: 2.2
2026-09-10 20:46:40,422 INFO o.a.j.s.SaveService: Using SaveService properties version 5.0
2026-09-10 20:46:40,425 INFO o.a.j.s.SaveService: Using SaveService properties file encoding UTF-8
2026-09-10 20:46:40,427 INFO o.a.j.s.SaveService: Loading file: quality_jmeter_plans\stress_until_503\stress_until_503_176users_3520rpm_ctt.jmx
2026-09-10 20:46:40,469 INFO o.a.j.p.h.s.HTTPSamplerBase: Parser for text/html is org.apache.jmeter.protocol.http.parser.LagartoBasedHtmlParser
2026-09-10 20:46:40,469 INFO o.a.j.p.h.s.HTTPSamplerBase: Parser for application/xhtml+xml is org.apache.jmeter.protocol.http.parser.LagartoBasedHtmlParser
2026-09-10 20:46:40,469 INFO o.a.j.p.h.s.HTTPSamplerBase: Parser for application/xml is org.apache.jmeter.protocol.http.parser.LagartoBasedHtmlParser
2026-09-10 20:46:40,469 INFO o.a.j.p.h.s.HTTPSamplerBase: Parser for text/xml is org.apache.jmeter.protocol.http.parser.LagartoBasedHtmlParser
2026-09-10 20:46:40,469 INFO o.a.j.p.h.s.HTTPSamplerBase: Parser for text/vnd.wap.wml is org.apache.jmeter.protocol.http.parser.RegexpHTMLParser
2026-09-10 20:46:40,469 INFO o.a.j.p.h.s.HTTPSamplerBase: Parser for text/css is org.apache.jmeter.protocol.http.parser.CssParser
2026-09-10 20:46:40,481 INFO o.a.j.JMeter: Creating summariser <summary>
2026-09-10 20:46:40,488 INFO o.a.j.r.d.ReportGenerator: ReportGenerator will use for Parsing the separator: ','
2026-09-10 20:46:40,489 INFO o.a.j.r.d.ReportGenerator: Will generate report at end of test from  results file: results/stress_until_503/stress_until_503_176users_3520rpm.jtl
2026-09-10 20:46:40,489 INFO o.a.j.r.d.ReportGenerator: Reading report generator properties from: C:\Program Files\apache-jmeter-5.6.3\bin\reportgenerator.properties
2026-09-10 20:46:40,490 INFO o.a.j.r.d.ReportGenerator: Merging with JMeter properties
2026-09-10 20:46:40,492 INFO o.a.j.r.c.ReportGeneratorConfiguration: Property 'jmeter.reportgenerator.temp_dir' not found, using default value 'temp' instead.
2026-09-10 20:46:40,494 INFO o.a.j.r.c.ReportGeneratorConfiguration: Property 'jmeter.reportgenerator.apdex_per_transaction' not found, using default value 'null' instead.
2026-09-10 20:46:40,494 INFO o.a.j.r.c.ReportGeneratorConfiguration: apdex_per_transaction is empty, not APDEX per transaction customization
2026-09-10 20:46:40,494 INFO o.a.j.r.c.ReportGeneratorConfiguration: Property 'jmeter.reportgenerator.sample_filter' not found, using default value 'null' instead.
2026-09-10 20:46:40,494 INFO o.a.j.r.c.ReportGeneratorConfiguration: Property 'jmeter.reportgenerator.report_title' not found, using default value 'null' instead.
2026-09-10 20:46:40,494 INFO o.a.j.r.c.ReportGeneratorConfiguration: Property 'jmeter.reportgenerator.start_date' not found, using default value 'null' instead.
2026-09-10 20:46:40,494 INFO o.a.j.r.c.ReportGeneratorConfiguration: Property 'jmeter.reportgenerator.end_date' not found, using default value 'null' instead.
2026-09-10 20:46:40,494 INFO o.a.j.r.c.ReportGeneratorConfiguration: Property 'jmeter.reportgenerator.date_format' not found, using default value 'null' instead.
2026-09-10 20:46:40,494 INFO o.a.j.r.c.ReportGeneratorConfiguration: Will use date range start date: null, end date: null
2026-09-10 20:46:40,497 INFO o.a.j.r.c.ReportGeneratorConfiguration: Property 'jmeter.reportgenerator.graph.totalTPS.exclude_controllers' not found, using default value 'false' instead.
2026-09-10 20:46:40,498 INFO o.a.j.r.c.ReportGeneratorConfiguration: Property 'jmeter.reportgenerator.graph.activeThreadsOverTime.exclude_controllers' not found, using default value 'false' instead.
2026-09-10 20:46:40,498 INFO o.a.j.r.c.ReportGeneratorConfiguration: Property 'jmeter.reportgenerator.graph.timeVsThreads.exclude_controllers' not found, using default value 'false' instead.
2026-09-10 20:46:40,498 INFO o.a.j.r.c.ReportGeneratorConfiguration: Property 'jmeter.reportgenerator.graph.responseTimeDistribution.exclude_controllers' not found, using default value 'false' instead.
2026-09-10 20:46:40,498 INFO o.a.j.r.c.ReportGeneratorConfiguration: Property 'jmeter.reportgenerator.graph.transactionsPerSecond.exclude_controllers' not found, using default value 'false' instead.
2026-09-10 20:46:40,498 INFO o.a.j.r.c.ReportGeneratorConfiguration: Property 'jmeter.reportgenerator.graph.responseTimePercentiles.exclude_controllers' not found, using default value 'false' instead.
2026-09-10 20:46:40,498 INFO o.a.j.r.c.ReportGeneratorConfiguration: Property 'jmeter.reportgenerator.graph.responseTimePercentilesOverTime.exclude_controllers' not found, using default value 'false' instead.
2026-09-10 20:46:40,499 INFO o.a.j.r.c.ReportGeneratorConfiguration: Property 'jmeter.reportgenerator.graph.responseTimesOverTime.exclude_controllers' not found, using default value 'false' instead.
2026-09-10 20:46:40,499 INFO o.a.j.r.c.ReportGeneratorConfiguration: Property 'jmeter.reportgenerator.graph.connectTimeOverTime.exclude_controllers' not found, using default value 'false' instead.
2026-09-10 20:46:40,499 INFO o.a.j.r.c.ReportGeneratorConfiguration: Property 'jmeter.reportgenerator.graph.latenciesOverTime.exclude_controllers' not found, using default value 'false' instead.
2026-09-10 20:46:40,499 INFO o.a.j.r.c.ReportGeneratorConfiguration: Property 'jmeter.reportgenerator.exporter.json.filters_only_sample_series' not found, using default value 'true' instead.
2026-09-10 20:46:40,499 INFO o.a.j.r.c.ReportGeneratorConfiguration: Property 'jmeter.reportgenerator.exporter.json.series_filter' not found, using default value '' instead.
2026-09-10 20:46:40,500 INFO o.a.j.r.c.ReportGeneratorConfiguration: Property 'jmeter.reportgenerator.exporter.json.show_controllers_only' not found, using default value 'false' instead.
2026-09-10 20:46:40,500 INFO o.a.j.r.c.ReportGeneratorConfiguration: Property 'jmeter.reportgenerator.exporter.html.filters_only_sample_series' not found, using default value 'true' instead.
2026-09-10 20:46:40,500 INFO o.a.j.r.c.ReportGeneratorConfiguration: Property 'jmeter.reportgenerator.exporter.html.series_filter' not found, using default value '' instead.
2026-09-10 20:46:40,500 INFO o.a.j.r.c.ReportGeneratorConfiguration: Property 'jmeter.reportgenerator.exporter.html.show_controllers_only' not found, using default value 'false' instead.
2026-09-10 20:46:40,508 INFO o.a.j.e.StandardJMeterEngine: Running the test!
2026-09-10 20:46:40,508 INFO o.a.j.s.SampleEvent: List of sample_variables: []
2026-09-10 20:46:40,508 INFO o.a.j.s.SampleEvent: List of sample_variables: []
2026-09-10 20:46:40,512 INFO o.a.j.e.u.CompoundVariable: Note: Function class names must contain the string: '.functions.'
2026-09-10 20:46:40,512 INFO o.a.j.e.u.CompoundVariable: Note: Function class names must not contain the string: '.gui.'
2026-09-10 20:46:40,565 INFO o.a.j.JMeter: Running test (1789062400565)
2026-09-10 20:46:40,581 INFO o.a.j.e.StandardJMeterEngine: Starting ThreadGroup: 1 : Thread Group - until HTTP 503 - 176 users
2026-09-10 20:46:40,582 INFO o.a.j.e.StandardJMeterEngine: Starting 176 threads for group Thread Group - until HTTP 503 - 176 users.
2026-09-10 20:46:40,582 INFO o.a.j.e.StandardJMeterEngine: Thread will continue on error
2026-09-10 20:46:40,582 INFO o.a.j.t.ThreadGroup: Starting thread group... number=1 threads=176 ramp-up=60 delayedStart=false
2026-09-10 20:46:40,587 INFO o.a.j.t.JMeterThread: Thread started: Thread Group - until HTTP 503 - 176 users 1-1
2026-09-10 20:46:40,633 INFO o.a.j.t.ThreadGroup: Started thread group number 1
2026-09-10 20:46:40,633 INFO o.a.j.e.StandardJMeterEngine: All thread groups have been started
2026-09-10 20:46:40,645 INFO o.a.j.p.h.s.HTTPHCAbstractImpl: Local host = DESKTOP-74FQ4EV
2026-09-10 20:46:40,650 INFO o.a.j.p.h.s.HTTPHC4Impl: HTTP request retry count = 0
2026-09-10 20:46:40,651 INFO o.a.j.s.SampleResult: Note: Sample TimeStamps are START times
2026-09-10 20:46:40,651 INFO o.a.j.s.SampleResult: sampleresult.default.encoding is set to UTF-8
2026-09-10 20:46:40,651 INFO o.a.j.s.SampleResult: sampleresult.useNanoTime=true
2026-09-10 20:46:40,651 INFO o.a.j.s.SampleResult: sampleresult.nanoThreadSleep=5000
2026-09-10 20:46:40,925 INFO o.a.j.t.JMeterThread: Thread started: Thread Group - until HTTP 503 - 176 users 1-2
2026-09-10 20:46:41,266 INFO o.a.j.t.JMeterThread: Thread started: Thread Group - until HTTP 503 - 176 users 1-3
2026-09-10 20:46:41,608 INFO o.a.j.t.JMeterThread: Thread started: Thread Group - until HTTP 503 - 176 users 1-4
2026-09-10 20:46:41,948 INFO o.a.j.t.JMeterThread: Thread started: Thread Group - until HTTP 503 - 176 users 1-5
2026-09-10 20:46:42,290 INFO o.a.j.t.JMeterThread: Thread started: Thread Group - until HTTP 503 - 176 users 1-6
2026-09-10 20:46:42,630 INFO o.a.j.t.JMeterThread: Thread started: Thread Group - until HTTP 503 - 176 users 1-7
2026-09-10 20:46:42,970 INFO o.a.j.t.JMeterThread: Thread started: Thread Group - until HTTP 503 - 176 users 1-8
2026-09-10 20:46:43,312 INFO o.a.j.t.JMeterThread: Thread started: Thread Group - until HTTP 503 - 176 users 1-9
2026-09-10 20:46:43,652 INFO o.a.j.t.JMeterThread: Thread started: Thread Group - until HTTP 503 - 176 users 1-10
2026-09-10 20:46:43,994 INFO o.a.j.t.JMeterThread: Thread started: Thread Group - until HTTP 503 - 176 users 1-11
2026-09-10 20:46:44,334 INFO o.a.j.t.JMeterThread: Thread started: Thread Group - until HTTP 503 - 176 users 1-12
2026-09-10 20:46:44,674 INFO o.a.j.t.JMeterThread: Thread started: Thread Group - until HTTP 503 - 176 users 1-13
2026-09-10 20:46:45,016 INFO o.a.j.t.JMeterThread: Thread started: Thread Group - until HTTP 503 - 176 users 1-14
2026-09-10 20:46:45,356 INFO o.a.j.t.JMeterThread: Thread started: Thread Group - until HTTP 503 - 176 users 1-15
2026-09-10 20:46:45,697 INFO o.a.j.t.JMeterThread: Thread started: Thread Group - until HTTP 503 - 176 users 1-16
2026-09-10 20:46:46,039 INFO o.a.j.t.JMeterThread: Thread started: Thread Group - until HTTP 503 - 176 users 1-17
2026-09-10 20:46:46,380 INFO o.a.j.t.JMeterThread: Thread started: Thread Group - until HTTP 503 - 176 users 1-18
2026-09-10 20:46:46,720 INFO o.a.j.t.JMeterThread: Thread started: Thread Group - until HTTP 503 - 176 users 1-19
2026-09-10 20:46:47,062 INFO o.a.j.t.JMeterThread: Thread started: Thread Group - until HTTP 503 - 176 users 1-20
2026-09-10 20:46:47,403 INFO o.a.j.t.JMeterThread: Thread started: Thread Group - until HTTP 503 - 176 users 1-21
2026-09-10 20:46:47,743 INFO o.a.j.t.JMeterThread: Thread started: Thread Group - until HTTP 503 - 176 users 1-22
2026-09-10 20:46:48,087 INFO o.a.j.t.JMeterThread: Thread started: Thread Group - until HTTP 503 - 176 users 1-23
2026-09-10 20:46:48,427 INFO o.a.j.t.JMeterThread: Thread started: Thread Group - until HTTP 503 - 176 users 1-24
2026-09-10 20:46:48,766 INFO o.a.j.t.JMeterThread: Thread started: Thread Group - until HTTP 503 - 176 users 1-25
2026-09-10 20:46:49,108 INFO o.a.j.t.JMeterThread: Thread started: Thread Group - until HTTP 503 - 176 users 1-26
2026-09-10 20:46:49,449 INFO o.a.j.t.JMeterThread: Thread started: Thread Group - until HTTP 503 - 176 users 1-27
2026-09-10 20:46:49,790 INFO o.a.j.t.JMeterThread: Thread started: Thread Group - until HTTP 503 - 176 users 1-28
2026-09-10 20:46:50,131 INFO o.a.j.t.JMeterThread: Thread started: Thread Group - until HTTP 503 - 176 users 1-29
2026-09-10 20:46:50,473 INFO o.a.j.t.JMeterThread: Thread started: Thread Group - until HTTP 503 - 176 users 1-30
2026-09-10 20:46:50,814 INFO o.a.j.t.JMeterThread: Thread started: Thread Group - until HTTP 503 - 176 users 1-31
2026-09-10 20:46:51,153 INFO o.a.j.t.JMeterThread: Thread started: Thread Group - until HTTP 503 - 176 users 1-32
2026-09-10 20:46:51,496 INFO o.a.j.t.JMeterThread: Thread started: Thread Group - until HTTP 503 - 176 users 1-33
2026-09-10 20:46:51,836 INFO o.a.j.t.JMeterThread: Thread started: Thread Group - until HTTP 503 - 176 users 1-34
2026-09-10 20:46:52,176 INFO o.a.j.t.JMeterThread: Thread started: Thread Group - until HTTP 503 - 176 users 1-35
2026-09-10 20:46:52,517 INFO o.a.j.t.JMeterThread: Thread started: Thread Group - until HTTP 503 - 176 users 1-36
2026-09-10 20:46:52,858 INFO o.a.j.t.JMeterThread: Thread started: Thread Group - until HTTP 503 - 176 users 1-37
2026-09-10 20:46:53,200 INFO o.a.j.t.JMeterThread: Thread started: Thread Group - until HTTP 503 - 176 users 1-38
2026-09-10 20:46:53,541 INFO o.a.j.t.JMeterThread: Thread started: Thread Group - until HTTP 503 - 176 users 1-39
2026-09-10 20:46:53,881 INFO o.a.j.t.JMeterThread: Thread started: Thread Group - until HTTP 503 - 176 users 1-40
2026-09-10 20:46:54,223 INFO o.a.j.t.JMeterThread: Thread started: Thread Group - until HTTP 503 - 176 users 1-41
2026-09-10 20:46:54,563 INFO o.a.j.t.JMeterThread: Thread started: Thread Group - until HTTP 503 - 176 users 1-42
2026-09-10 20:46:54,904 INFO o.a.j.t.JMeterThread: Thread started: Thread Group - until HTTP 503 - 176 users 1-43
2026-09-10 20:46:55,246 INFO o.a.j.t.JMeterThread: Thread started: Thread Group - until HTTP 503 - 176 users 1-44
2026-09-10 20:46:55,587 INFO o.a.j.t.JMeterThread: Thread started: Thread Group - until HTTP 503 - 176 users 1-45
2026-09-10 20:46:55,928 INFO o.a.j.t.JMeterThread: Thread started: Thread Group - until HTTP 503 - 176 users 1-46
2026-09-10 20:46:56,268 INFO o.a.j.t.JMeterThread: Thread started: Thread Group - until HTTP 503 - 176 users 1-47
2026-09-10 20:46:56,610 INFO o.a.j.t.JMeterThread: Thread started: Thread Group - until HTTP 503 - 176 users 1-48
2026-09-10 20:46:56,951 INFO o.a.j.t.JMeterThread: Thread started: Thread Group - until HTTP 503 - 176 users 1-49
2026-09-10 20:46:57,291 INFO o.a.j.t.JMeterThread: Thread started: Thread Group - until HTTP 503 - 176 users 1-50
2026-09-10 20:46:57,633 INFO o.a.j.t.JMeterThread: Thread started: Thread Group - until HTTP 503 - 176 users 1-51
2026-09-10 20:46:57,975 INFO o.a.j.t.JMeterThread: Thread started: Thread Group - until HTTP 503 - 176 users 1-52
2026-09-10 20:46:58,315 INFO o.a.j.t.JMeterThread: Thread started: Thread Group - until HTTP 503 - 176 users 1-53
2026-09-10 20:46:58,655 INFO o.a.j.t.JMeterThread: Thread started: Thread Group - until HTTP 503 - 176 users 1-54
2026-09-10 20:46:58,996 INFO o.a.j.t.JMeterThread: Thread started: Thread Group - until HTTP 503 - 176 users 1-55
2026-09-10 20:46:59,337 INFO o.a.j.t.JMeterThread: Thread started: Thread Group - until HTTP 503 - 176 users 1-56
2026-09-10 20:46:59,678 INFO o.a.j.t.JMeterThread: Thread started: Thread Group - until HTTP 503 - 176 users 1-57
2026-09-10 20:47:00,021 INFO o.a.j.t.JMeterThread: Thread started: Thread Group - until HTTP 503 - 176 users 1-58
2026-09-10 20:47:00,067 INFO o.a.j.r.Summariser: summary +    461 in 00:00:19 =   23.6/s Avg:  1078 Min:   519 Max:  2250 Err:   363 (78.74%) Active: 58 Started: 58 Finished: 0
2026-09-10 20:47:00,362 INFO o.a.j.t.JMeterThread: Thread started: Thread Group - until HTTP 503 - 176 users 1-59
2026-09-10 20:47:00,701 INFO o.a.j.t.JMeterThread: Thread started: Thread Group - until HTTP 503 - 176 users 1-60
2026-09-10 20:47:01,042 INFO o.a.j.t.JMeterThread: Thread started: Thread Group - until HTTP 503 - 176 users 1-61
2026-09-10 20:47:01,384 INFO o.a.j.t.JMeterThread: Thread started: Thread Group - until HTTP 503 - 176 users 1-62
2026-09-10 20:47:01,725 INFO o.a.j.t.JMeterThread: Thread started: Thread Group - until HTTP 503 - 176 users 1-63
2026-09-10 20:47:02,065 INFO o.a.j.t.JMeterThread: Thread started: Thread Group - until HTTP 503 - 176 users 1-64
2026-09-10 20:47:02,406 INFO o.a.j.t.JMeterThread: Thread started: Thread Group - until HTTP 503 - 176 users 1-65
2026-09-10 20:47:02,747 INFO o.a.j.t.JMeterThread: Thread started: Thread Group - until HTTP 503 - 176 users 1-66
2026-09-10 20:47:03,089 INFO o.a.j.t.JMeterThread: Thread started: Thread Group - until HTTP 503 - 176 users 1-67
2026-09-10 20:47:03,429 INFO o.a.j.t.JMeterThread: Thread started: Thread Group - until HTTP 503 - 176 users 1-68
2026-09-10 20:47:03,772 INFO o.a.j.t.JMeterThread: Thread started: Thread Group - until HTTP 503 - 176 users 1-69
2026-09-10 20:47:04,113 INFO o.a.j.t.JMeterThread: Thread started: Thread Group - until HTTP 503 - 176 users 1-70
2026-09-10 20:47:04,452 INFO o.a.j.t.JMeterThread: Thread started: Thread Group - until HTTP 503 - 176 users 1-71
2026-09-10 20:47:04,794 INFO o.a.j.t.JMeterThread: Thread started: Thread Group - until HTTP 503 - 176 users 1-72
2026-09-10 20:47:05,136 INFO o.a.j.t.JMeterThread: Thread started: Thread Group - until HTTP 503 - 176 users 1-73
2026-09-10 20:47:05,477 INFO o.a.j.t.JMeterThread: Thread started: Thread Group - until HTTP 503 - 176 users 1-74
2026-09-10 20:47:05,816 INFO o.a.j.t.JMeterThread: Thread started: Thread Group - until HTTP 503 - 176 users 1-75
2026-09-10 20:47:06,157 INFO o.a.j.t.JMeterThread: Thread started: Thread Group - until HTTP 503 - 176 users 1-76
2026-09-10 20:47:06,498 INFO o.a.j.t.JMeterThread: Thread started: Thread Group - until HTTP 503 - 176 users 1-77
2026-09-10 20:47:06,840 INFO o.a.j.t.JMeterThread: Thread started: Thread Group - until HTTP 503 - 176 users 1-78
2026-09-10 20:47:07,182 INFO o.a.j.t.JMeterThread: Thread started: Thread Group - until HTTP 503 - 176 users 1-79
2026-09-10 20:47:07,521 INFO o.a.j.t.JMeterThread: Thread started: Thread Group - until HTTP 503 - 176 users 1-80
2026-09-10 20:47:07,862 INFO o.a.j.t.JMeterThread: Thread started: Thread Group - until HTTP 503 - 176 users 1-81
2026-09-10 20:47:08,204 INFO o.a.j.t.JMeterThread: Thread started: Thread Group - until HTTP 503 - 176 users 1-82
2026-09-10 20:47:08,545 INFO o.a.j.t.JMeterThread: Thread started: Thread Group - until HTTP 503 - 176 users 1-83
2026-09-10 20:47:08,885 INFO o.a.j.t.JMeterThread: Thread started: Thread Group - until HTTP 503 - 176 users 1-84
2026-09-10 20:47:09,227 INFO o.a.j.t.JMeterThread: Thread started: Thread Group - until HTTP 503 - 176 users 1-85
2026-09-10 20:47:09,567 INFO o.a.j.t.JMeterThread: Thread started: Thread Group - until HTTP 503 - 176 users 1-86
2026-09-10 20:47:09,909 INFO o.a.j.t.JMeterThread: Thread started: Thread Group - until HTTP 503 - 176 users 1-87
2026-09-10 20:47:10,250 INFO o.a.j.t.JMeterThread: Thread started: Thread Group - until HTTP 503 - 176 users 1-88
2026-09-10 20:47:10,591 INFO o.a.j.t.JMeterThread: Thread started: Thread Group - until HTTP 503 - 176 users 1-89
2026-09-10 20:47:10,931 INFO o.a.j.t.JMeterThread: Thread started: Thread Group - until HTTP 503 - 176 users 1-90
2026-09-10 20:47:11,273 INFO o.a.j.t.JMeterThread: Thread started: Thread Group - until HTTP 503 - 176 users 1-91
2026-09-10 20:47:11,615 INFO o.a.j.t.JMeterThread: Thread started: Thread Group - until HTTP 503 - 176 users 1-92
2026-09-10 20:47:11,956 INFO o.a.j.t.JMeterThread: Thread started: Thread Group - until HTTP 503 - 176 users 1-93
2026-09-10 20:47:12,297 INFO o.a.j.t.JMeterThread: Thread started: Thread Group - until HTTP 503 - 176 users 1-94
2026-09-10 20:47:12,642 INFO o.a.j.t.JMeterThread: Thread started: Thread Group - until HTTP 503 - 176 users 1-95
2026-09-10 20:47:12,984 INFO o.a.j.t.JMeterThread: Thread started: Thread Group - until HTTP 503 - 176 users 1-96
2026-09-10 20:47:13,326 INFO o.a.j.t.JMeterThread: Thread started: Thread Group - until HTTP 503 - 176 users 1-97
2026-09-10 20:47:13,665 INFO o.a.j.t.JMeterThread: Thread started: Thread Group - until HTTP 503 - 176 users 1-98
2026-09-10 20:47:14,006 INFO o.a.j.t.JMeterThread: Thread started: Thread Group - until HTTP 503 - 176 users 1-99
2026-09-10 20:47:14,350 INFO o.a.j.t.JMeterThread: Thread started: Thread Group - until HTTP 503 - 176 users 1-100
2026-09-10 20:47:14,687 INFO o.a.j.t.JMeterThread: Thread started: Thread Group - until HTTP 503 - 176 users 1-101
2026-09-10 20:47:15,029 INFO o.a.j.t.JMeterThread: Thread started: Thread Group - until HTTP 503 - 176 users 1-102
2026-09-10 20:47:15,370 INFO o.a.j.t.JMeterThread: Thread started: Thread Group - until HTTP 503 - 176 users 1-103
2026-09-10 20:47:15,708 INFO o.a.j.t.JMeterThread: Thread started: Thread Group - until HTTP 503 - 176 users 1-104
2026-09-10 20:47:16,050 INFO o.a.j.t.JMeterThread: Thread started: Thread Group - until HTTP 503 - 176 users 1-105
2026-09-10 20:47:16,391 INFO o.a.j.t.JMeterThread: Thread started: Thread Group - until HTTP 503 - 176 users 1-106
2026-09-10 20:47:16,733 INFO o.a.j.t.JMeterThread: Thread started: Thread Group - until HTTP 503 - 176 users 1-107
2026-09-10 20:47:17,074 INFO o.a.j.t.JMeterThread: Thread started: Thread Group - until HTTP 503 - 176 users 1-108
2026-09-10 20:47:17,413 INFO o.a.j.t.JMeterThread: Thread started: Thread Group - until HTTP 503 - 176 users 1-109
2026-09-10 20:47:17,752 INFO o.a.j.t.JMeterThread: Thread started: Thread Group - until HTTP 503 - 176 users 1-110
2026-09-10 20:47:18,095 INFO o.a.j.t.JMeterThread: Thread started: Thread Group - until HTTP 503 - 176 users 1-111
2026-09-10 20:47:18,436 INFO o.a.j.t.JMeterThread: Thread started: Thread Group - until HTTP 503 - 176 users 1-112
2026-09-10 20:47:18,777 INFO o.a.j.t.JMeterThread: Thread started: Thread Group - until HTTP 503 - 176 users 1-113
2026-09-10 20:47:19,119 INFO o.a.j.t.JMeterThread: Thread started: Thread Group - until HTTP 503 - 176 users 1-114
2026-09-10 20:47:19,458 INFO o.a.j.t.JMeterThread: Thread started: Thread Group - until HTTP 503 - 176 users 1-115
2026-09-10 20:47:19,799 INFO o.a.j.t.JMeterThread: Thread started: Thread Group - until HTTP 503 - 176 users 1-116
2026-09-10 20:47:20,140 INFO o.a.j.t.JMeterThread: Thread started: Thread Group - until HTTP 503 - 176 users 1-117
2026-09-10 20:47:20,481 INFO o.a.j.t.JMeterThread: Thread started: Thread Group - until HTTP 503 - 176 users 1-118
2026-09-10 20:47:20,822 INFO o.a.j.t.JMeterThread: Thread started: Thread Group - until HTTP 503 - 176 users 1-119
2026-09-10 20:47:21,163 INFO o.a.j.t.JMeterThread: Thread started: Thread Group - until HTTP 503 - 176 users 1-120
2026-09-10 20:47:21,504 INFO o.a.j.t.JMeterThread: Thread started: Thread Group - until HTTP 503 - 176 users 1-121
2026-09-10 20:47:21,845 INFO o.a.j.t.JMeterThread: Thread started: Thread Group - until HTTP 503 - 176 users 1-122
2026-09-10 20:47:22,186 INFO o.a.j.t.JMeterThread: Thread started: Thread Group - until HTTP 503 - 176 users 1-123
2026-09-10 20:47:22,528 INFO o.a.j.t.JMeterThread: Thread started: Thread Group - until HTTP 503 - 176 users 1-124
2026-09-10 20:47:22,868 INFO o.a.j.t.JMeterThread: Thread started: Thread Group - until HTTP 503 - 176 users 1-125
2026-09-10 20:47:23,210 INFO o.a.j.t.JMeterThread: Thread started: Thread Group - until HTTP 503 - 176 users 1-126
2026-09-10 20:47:23,550 INFO o.a.j.t.JMeterThread: Thread started: Thread Group - until HTTP 503 - 176 users 1-127
2026-09-10 20:47:23,891 INFO o.a.j.t.JMeterThread: Thread started: Thread Group - until HTTP 503 - 176 users 1-128
2026-09-10 20:47:24,231 INFO o.a.j.t.JMeterThread: Thread started: Thread Group - until HTTP 503 - 176 users 1-129
2026-09-10 20:47:24,572 INFO o.a.j.t.JMeterThread: Thread started: Thread Group - until HTTP 503 - 176 users 1-130
2026-09-10 20:47:24,912 INFO o.a.j.t.JMeterThread: Thread started: Thread Group - until HTTP 503 - 176 users 1-131
2026-09-10 20:47:25,254 INFO o.a.j.t.JMeterThread: Thread started: Thread Group - until HTTP 503 - 176 users 1-132
2026-09-10 20:47:25,595 INFO o.a.j.t.JMeterThread: Thread started: Thread Group - until HTTP 503 - 176 users 1-133
2026-09-10 20:47:25,936 INFO o.a.j.t.JMeterThread: Thread started: Thread Group - until HTTP 503 - 176 users 1-134
2026-09-10 20:47:26,277 INFO o.a.j.t.JMeterThread: Thread started: Thread Group - until HTTP 503 - 176 users 1-135
2026-09-10 20:47:26,619 INFO o.a.j.t.JMeterThread: Thread started: Thread Group - until HTTP 503 - 176 users 1-136
2026-09-10 20:47:26,960 INFO o.a.j.t.JMeterThread: Thread started: Thread Group - until HTTP 503 - 176 users 1-137
2026-09-10 20:47:27,299 INFO o.a.j.t.JMeterThread: Thread started: Thread Group - until HTTP 503 - 176 users 1-138
2026-09-10 20:47:27,641 INFO o.a.j.t.JMeterThread: Thread started: Thread Group - until HTTP 503 - 176 users 1-139
2026-09-10 20:47:27,984 INFO o.a.j.t.JMeterThread: Thread started: Thread Group - until HTTP 503 - 176 users 1-140
2026-09-10 20:47:28,324 INFO o.a.j.t.JMeterThread: Thread started: Thread Group - until HTTP 503 - 176 users 1-141
2026-09-10 20:47:28,666 INFO o.a.j.t.JMeterThread: Thread started: Thread Group - until HTTP 503 - 176 users 1-142
2026-09-10 20:47:29,007 INFO o.a.j.t.JMeterThread: Thread started: Thread Group - until HTTP 503 - 176 users 1-143
2026-09-10 20:47:29,347 INFO o.a.j.t.JMeterThread: Thread started: Thread Group - until HTTP 503 - 176 users 1-144
2026-09-10 20:47:29,687 INFO o.a.j.t.JMeterThread: Thread started: Thread Group - until HTTP 503 - 176 users 1-145
2026-09-10 20:47:30,028 INFO o.a.j.t.JMeterThread: Thread started: Thread Group - until HTTP 503 - 176 users 1-146
2026-09-10 20:47:30,368 INFO o.a.j.t.JMeterThread: Thread started: Thread Group - until HTTP 503 - 176 users 1-147
2026-09-10 20:47:30,709 INFO o.a.j.t.JMeterThread: Thread started: Thread Group - until HTTP 503 - 176 users 1-148
2026-09-10 20:47:30,730 INFO o.a.j.r.Summariser: summary +    835 in 00:00:31 =   27.2/s Avg:  3283 Min:  1585 Max:  5790 Err:   835 (100.00%) Active: 148 Started: 148 Finished: 0
2026-09-10 20:47:30,731 INFO o.a.j.r.Summariser: summary =   1296 in 00:00:50 =   25.8/s Avg:  2499 Min:   519 Max:  5790 Err:  1198 (92.44%)
2026-09-10 20:47:31,050 INFO o.a.j.t.JMeterThread: Thread started: Thread Group - until HTTP 503 - 176 users 1-149
2026-09-10 20:47:31,391 INFO o.a.j.t.JMeterThread: Thread started: Thread Group - until HTTP 503 - 176 users 1-150
2026-09-10 20:47:31,736 INFO o.a.j.t.JMeterThread: Thread started: Thread Group - until HTTP 503 - 176 users 1-151
2026-09-10 20:47:32,073 INFO o.a.j.t.JMeterThread: Thread started: Thread Group - until HTTP 503 - 176 users 1-152
2026-09-10 20:47:32,415 INFO o.a.j.t.JMeterThread: Thread started: Thread Group - until HTTP 503 - 176 users 1-153
2026-09-10 20:47:32,757 INFO o.a.j.t.JMeterThread: Thread started: Thread Group - until HTTP 503 - 176 users 1-154
2026-09-10 20:47:33,096 INFO o.a.j.t.JMeterThread: Thread started: Thread Group - until HTTP 503 - 176 users 1-155
2026-09-10 20:47:33,437 INFO o.a.j.t.JMeterThread: Thread started: Thread Group - until HTTP 503 - 176 users 1-156
2026-09-10 20:47:33,780 INFO o.a.j.t.JMeterThread: Thread started: Thread Group - until HTTP 503 - 176 users 1-157
2026-09-10 20:47:34,121 INFO o.a.j.t.JMeterThread: Thread started: Thread Group - until HTTP 503 - 176 users 1-158
2026-09-10 20:47:34,461 INFO o.a.j.t.JMeterThread: Thread started: Thread Group - until HTTP 503 - 176 users 1-159
2026-09-10 20:47:34,802 INFO o.a.j.t.JMeterThread: Thread started: Thread Group - until HTTP 503 - 176 users 1-160
2026-09-10 20:47:35,142 INFO o.a.j.t.JMeterThread: Thread started: Thread Group - until HTTP 503 - 176 users 1-161
2026-09-10 20:47:35,484 INFO o.a.j.t.JMeterThread: Thread started: Thread Group - until HTTP 503 - 176 users 1-162
2026-09-10 20:47:35,825 INFO o.a.j.t.JMeterThread: Thread started: Thread Group - until HTTP 503 - 176 users 1-163
2026-09-10 20:47:36,167 INFO o.a.j.t.JMeterThread: Thread started: Thread Group - until HTTP 503 - 176 users 1-164
2026-09-10 20:47:36,509 INFO o.a.j.t.JMeterThread: Thread started: Thread Group - until HTTP 503 - 176 users 1-165
2026-09-10 20:47:36,850 INFO o.a.j.t.JMeterThread: Thread started: Thread Group - until HTTP 503 - 176 users 1-166
2026-09-10 20:47:37,189 INFO o.a.j.t.JMeterThread: Thread started: Thread Group - until HTTP 503 - 176 users 1-167
2026-09-10 20:47:37,530 INFO o.a.j.t.JMeterThread: Thread started: Thread Group - until HTTP 503 - 176 users 1-168
2026-09-10 20:47:37,872 INFO o.a.j.t.JMeterThread: Thread started: Thread Group - until HTTP 503 - 176 users 1-169
2026-09-10 20:47:38,213 INFO o.a.j.t.JMeterThread: Thread started: Thread Group - until HTTP 503 - 176 users 1-170
2026-09-10 20:47:38,553 INFO o.a.j.t.JMeterThread: Thread started: Thread Group - until HTTP 503 - 176 users 1-171
2026-09-10 20:47:38,894 INFO o.a.j.t.JMeterThread: Thread started: Thread Group - until HTTP 503 - 176 users 1-172
2026-09-10 20:47:39,235 INFO o.a.j.t.JMeterThread: Thread started: Thread Group - until HTTP 503 - 176 users 1-173
2026-09-10 20:47:39,576 INFO o.a.j.t.JMeterThread: Thread started: Thread Group - until HTTP 503 - 176 users 1-174
2026-09-10 20:47:39,916 INFO o.a.j.t.JMeterThread: Thread started: Thread Group - until HTTP 503 - 176 users 1-175
2026-09-10 20:47:40,259 INFO o.a.j.t.JMeterThread: Thread started: Thread Group - until HTTP 503 - 176 users 1-176
2026-09-10 20:48:00,308 INFO o.a.j.r.Summariser: summary +    824 in 00:00:30 =   27.9/s Avg:  5798 Min:  3802 Max:  9996 Err:   824 (100.00%) Active: 176 Started: 176 Finished: 0
2026-09-10 20:48:00,309 INFO o.a.j.r.Summariser: summary =   2120 in 00:01:20 =   26.6/s Avg:  3781 Min:   519 Max:  9996 Err:  2022 (95.38%)
2026-09-10 20:48:10,860 INFO o.a.j.t.JMeterThread: Stopping because end time detected by thread: Thread Group - until HTTP 503 - 176 users 1-44
2026-09-10 20:48:10,862 INFO o.a.j.t.JMeterThread: Thread finished: Thread Group - until HTTP 503 - 176 users 1-44
2026-09-10 20:48:10,862 INFO o.a.j.t.JMeterThread: Stopping because end time detected by thread: Thread Group - until HTTP 503 - 176 users 1-11
2026-09-10 20:48:10,862 INFO o.a.j.t.JMeterThread: Stopping because end time detected by thread: Thread Group - until HTTP 503 - 176 users 1-81
2026-09-10 20:48:10,862 INFO o.a.j.t.JMeterThread: Stopping because end time detected by thread: Thread Group - until HTTP 503 - 176 users 1-116
2026-09-10 20:48:10,862 INFO o.a.j.t.JMeterThread: Thread finished: Thread Group - until HTTP 503 - 176 users 1-81
2026-09-10 20:48:10,862 INFO o.a.j.t.JMeterThread: Stopping because end time detected by thread: Thread Group - until HTTP 503 - 176 users 1-135
2026-09-10 20:48:10,862 INFO o.a.j.t.JMeterThread: Thread finished: Thread Group - until HTTP 503 - 176 users 1-11
2026-09-10 20:48:10,862 INFO o.a.j.t.JMeterThread: Stopping because end time detected by thread: Thread Group - until HTTP 503 - 176 users 1-33
2026-09-10 20:48:10,862 INFO o.a.j.t.JMeterThread: Thread finished: Thread Group - until HTTP 503 - 176 users 1-116
2026-09-10 20:48:10,862 INFO o.a.j.t.JMeterThread: Stopping because end time detected by thread: Thread Group - until HTTP 503 - 176 users 1-164
2026-09-10 20:48:10,862 INFO o.a.j.t.JMeterThread: Thread finished: Thread Group - until HTTP 503 - 176 users 1-33
2026-09-10 20:48:10,862 INFO o.a.j.t.JMeterThread: Stopping because end time detected by thread: Thread Group - until HTTP 503 - 176 users 1-49
2026-09-10 20:48:10,862 INFO o.a.j.t.JMeterThread: Thread finished: Thread Group - until HTTP 503 - 176 users 1-164
2026-09-10 20:48:10,862 INFO o.a.j.t.JMeterThread: Thread finished: Thread Group - until HTTP 503 - 176 users 1-49
2026-09-10 20:48:10,862 INFO o.a.j.t.JMeterThread: Thread finished: Thread Group - until HTTP 503 - 176 users 1-135
2026-09-10 20:48:10,863 INFO o.a.j.t.JMeterThread: Stopping because end time detected by thread: Thread Group - until HTTP 503 - 176 users 1-27
2026-09-10 20:48:10,864 INFO o.a.j.t.JMeterThread: Thread finished: Thread Group - until HTTP 503 - 176 users 1-27
2026-09-10 20:48:10,864 INFO o.a.j.t.JMeterThread: Stopping because end time detected by thread: Thread Group - until HTTP 503 - 176 users 1-169
2026-09-10 20:48:10,864 INFO o.a.j.t.JMeterThread: Stopping because end time detected by thread: Thread Group - until HTTP 503 - 176 users 1-133
2026-09-10 20:48:10,864 INFO o.a.j.t.JMeterThread: Thread finished: Thread Group - until HTTP 503 - 176 users 1-169
2026-09-10 20:48:10,864 INFO o.a.j.t.JMeterThread: Stopping because end time detected by thread: Thread Group - until HTTP 503 - 176 users 1-137
2026-09-10 20:48:10,865 INFO o.a.j.t.JMeterThread: Stopping because end time detected by thread: Thread Group - until HTTP 503 - 176 users 1-39
2026-09-10 20:48:10,865 INFO o.a.j.t.JMeterThread: Thread finished: Thread Group - until HTTP 503 - 176 users 1-137
2026-09-10 20:48:10,865 INFO o.a.j.t.JMeterThread: Thread finished: Thread Group - until HTTP 503 - 176 users 1-39
2026-09-10 20:48:10,865 INFO o.a.j.t.JMeterThread: Stopping because end time detected by thread: Thread Group - until HTTP 503 - 176 users 1-22
2026-09-10 20:48:10,865 INFO o.a.j.t.JMeterThread: Thread finished: Thread Group - until HTTP 503 - 176 users 1-22
2026-09-10 20:48:10,865 INFO o.a.j.t.JMeterThread: Stopping because end time detected by thread: Thread Group - until HTTP 503 - 176 users 1-172
2026-09-10 20:48:10,865 INFO o.a.j.t.JMeterThread: Stopping because end time detected by thread: Thread Group - until HTTP 503 - 176 users 1-99
2026-09-10 20:48:10,866 INFO o.a.j.t.JMeterThread: Stopping because end time detected by thread: Thread Group - until HTTP 503 - 176 users 1-150
2026-09-10 20:48:10,866 INFO o.a.j.t.JMeterThread: Thread finished: Thread Group - until HTTP 503 - 176 users 1-150
2026-09-10 20:48:10,866 INFO o.a.j.t.JMeterThread: Thread finished: Thread Group - until HTTP 503 - 176 users 1-99
2026-09-10 20:48:10,866 INFO o.a.j.t.JMeterThread: Stopping because end time detected by thread: Thread Group - until HTTP 503 - 176 users 1-105
2026-09-10 20:48:10,866 INFO o.a.j.t.JMeterThread: Stopping because end time detected by thread: Thread Group - until HTTP 503 - 176 users 1-5
2026-09-10 20:48:10,866 INFO o.a.j.t.JMeterThread: Thread finished: Thread Group - until HTTP 503 - 176 users 1-105
2026-09-10 20:48:10,866 INFO o.a.j.t.JMeterThread: Thread finished: Thread Group - until HTTP 503 - 176 users 1-5
2026-09-10 20:48:10,865 INFO o.a.j.t.JMeterThread: Thread finished: Thread Group - until HTTP 503 - 176 users 1-133
2026-09-10 20:48:10,867 INFO o.a.j.t.JMeterThread: Stopping because end time detected by thread: Thread Group - until HTTP 503 - 176 users 1-138
2026-09-10 20:48:10,867 INFO o.a.j.t.JMeterThread: Thread finished: Thread Group - until HTTP 503 - 176 users 1-138
2026-09-10 20:48:10,865 INFO o.a.j.t.JMeterThread: Stopping because end time detected by thread: Thread Group - until HTTP 503 - 176 users 1-35
2026-09-10 20:48:10,867 INFO o.a.j.t.JMeterThread: Stopping because end time detected by thread: Thread Group - until HTTP 503 - 176 users 1-171
2026-09-10 20:48:10,867 INFO o.a.j.t.JMeterThread: Thread finished: Thread Group - until HTTP 503 - 176 users 1-35
2026-09-10 20:48:10,867 INFO o.a.j.t.JMeterThread: Thread finished: Thread Group - until HTTP 503 - 176 users 1-171
2026-09-10 20:48:10,867 INFO o.a.j.t.JMeterThread: Stopping because end time detected by thread: Thread Group - until HTTP 503 - 176 users 1-128
2026-09-10 20:48:10,867 INFO o.a.j.t.JMeterThread: Thread finished: Thread Group - until HTTP 503 - 176 users 1-128
2026-09-10 20:48:10,867 INFO o.a.j.t.JMeterThread: Stopping because end time detected by thread: Thread Group - until HTTP 503 - 176 users 1-157
2026-09-10 20:48:10,868 INFO o.a.j.t.JMeterThread: Stopping because end time detected by thread: Thread Group - until HTTP 503 - 176 users 1-173
2026-09-10 20:48:10,868 INFO o.a.j.t.JMeterThread: Thread finished: Thread Group - until HTTP 503 - 176 users 1-157
2026-09-10 20:48:10,868 INFO o.a.j.t.JMeterThread: Thread finished: Thread Group - until HTTP 503 - 176 users 1-173
2026-09-10 20:48:10,868 INFO o.a.j.t.JMeterThread: Stopping because end time detected by thread: Thread Group - until HTTP 503 - 176 users 1-63
2026-09-10 20:48:10,868 INFO o.a.j.t.JMeterThread: Thread finished: Thread Group - until HTTP 503 - 176 users 1-63
2026-09-10 20:48:10,868 INFO o.a.j.t.JMeterThread: Stopping because end time detected by thread: Thread Group - until HTTP 503 - 176 users 1-153
2026-09-10 20:48:10,868 INFO o.a.j.t.JMeterThread: Thread finished: Thread Group - until HTTP 503 - 176 users 1-153
2026-09-10 20:48:10,869 INFO o.a.j.t.JMeterThread: Stopping because end time detected by thread: Thread Group - until HTTP 503 - 176 users 1-72
2026-09-10 20:48:10,869 INFO o.a.j.t.JMeterThread: Stopping because end time detected by thread: Thread Group - until HTTP 503 - 176 users 1-82
2026-09-10 20:48:10,869 INFO o.a.j.t.JMeterThread: Thread finished: Thread Group - until HTTP 503 - 176 users 1-72
2026-09-10 20:48:10,869 INFO o.a.j.t.JMeterThread: Stopping because end time detected by thread: Thread Group - until HTTP 503 - 176 users 1-71
2026-09-10 20:48:10,869 INFO o.a.j.t.JMeterThread: Stopping because end time detected by thread: Thread Group - until HTTP 503 - 176 users 1-155
2026-09-10 20:48:10,869 INFO o.a.j.t.JMeterThread: Stopping because end time detected by thread: Thread Group - until HTTP 503 - 176 users 1-151
2026-09-10 20:48:10,869 INFO o.a.j.t.JMeterThread: Thread finished: Thread Group - until HTTP 503 - 176 users 1-155
2026-09-10 20:48:10,869 INFO o.a.j.t.JMeterThread: Stopping because end time detected by thread: Thread Group - until HTTP 503 - 176 users 1-91
2026-09-10 20:48:10,869 INFO o.a.j.t.JMeterThread: Stopping because end time detected by thread: Thread Group - until HTTP 503 - 176 users 1-61
2026-09-10 20:48:10,869 INFO o.a.j.t.JMeterThread: Thread finished: Thread Group - until HTTP 503 - 176 users 1-91
2026-09-10 20:48:10,869 INFO o.a.j.t.JMeterThread: Thread finished: Thread Group - until HTTP 503 - 176 users 1-61
2026-09-10 20:48:10,869 INFO o.a.j.t.JMeterThread: Stopping because end time detected by thread: Thread Group - until HTTP 503 - 176 users 1-76
2026-09-10 20:48:10,869 INFO o.a.j.t.JMeterThread: Thread finished: Thread Group - until HTTP 503 - 176 users 1-76
2026-09-10 20:48:10,870 INFO o.a.j.t.JMeterThread: Stopping because end time detected by thread: Thread Group - until HTTP 503 - 176 users 1-88
2026-09-10 20:48:10,870 INFO o.a.j.t.JMeterThread: Thread finished: Thread Group - until HTTP 503 - 176 users 1-88
2026-09-10 20:48:10,870 INFO o.a.j.t.JMeterThread: Stopping because end time detected by thread: Thread Group - until HTTP 503 - 176 users 1-108
2026-09-10 20:48:10,870 INFO o.a.j.t.JMeterThread: Thread finished: Thread Group - until HTTP 503 - 176 users 1-108
2026-09-10 20:48:10,870 INFO o.a.j.t.JMeterThread: Stopping because end time detected by thread: Thread Group - until HTTP 503 - 176 users 1-120
2026-09-10 20:48:10,870 INFO o.a.j.t.JMeterThread: Thread finished: Thread Group - until HTTP 503 - 176 users 1-120
2026-09-10 20:48:10,870 INFO o.a.j.t.JMeterThread: Stopping because end time detected by thread: Thread Group - until HTTP 503 - 176 users 1-152
2026-09-10 20:48:10,870 INFO o.a.j.t.JMeterThread: Thread finished: Thread Group - until HTTP 503 - 176 users 1-152
2026-09-10 20:48:10,870 INFO o.a.j.t.JMeterThread: Stopping because end time detected by thread: Thread Group - until HTTP 503 - 176 users 1-136
2026-09-10 20:48:10,870 INFO o.a.j.t.JMeterThread: Stopping because end time detected by thread: Thread Group - until HTTP 503 - 176 users 1-168
2026-09-10 20:48:10,866 INFO o.a.j.t.JMeterThread: Thread finished: Thread Group - until HTTP 503 - 176 users 1-172
2026-09-10 20:48:10,870 INFO o.a.j.t.JMeterThread: Thread finished: Thread Group - until HTTP 503 - 176 users 1-168
2026-09-10 20:48:10,870 INFO o.a.j.t.JMeterThread: Stopping because end time detected by thread: Thread Group - until HTTP 503 - 176 users 1-176
2026-09-10 20:48:10,870 INFO o.a.j.t.JMeterThread: Thread finished: Thread Group - until HTTP 503 - 176 users 1-176
2026-09-10 20:48:10,869 INFO o.a.j.t.JMeterThread: Thread finished: Thread Group - until HTTP 503 - 176 users 1-82
2026-09-10 20:48:10,869 INFO o.a.j.t.JMeterThread: Thread finished: Thread Group - until HTTP 503 - 176 users 1-71
2026-09-10 20:48:10,869 INFO o.a.j.t.JMeterThread: Thread finished: Thread Group - until HTTP 503 - 176 users 1-151
2026-09-10 20:48:10,869 INFO o.a.j.t.JMeterThread: Stopping because end time detected by thread: Thread Group - until HTTP 503 - 176 users 1-175
2026-09-10 20:48:10,870 INFO o.a.j.t.JMeterThread: Stopping because end time detected by thread: Thread Group - until HTTP 503 - 176 users 1-132
2026-09-10 20:48:10,871 INFO o.a.j.t.JMeterThread: Thread finished: Thread Group - until HTTP 503 - 176 users 1-175
2026-09-10 20:48:10,870 INFO o.a.j.t.JMeterThread: Thread finished: Thread Group - until HTTP 503 - 176 users 1-136
2026-09-10 20:48:10,871 INFO o.a.j.t.JMeterThread: Thread finished: Thread Group - until HTTP 503 - 176 users 1-132
2026-09-10 20:48:11,113 INFO o.a.j.t.JMeterThread: Stopping because end time detected by thread: Thread Group - until HTTP 503 - 176 users 1-56
2026-09-10 20:48:11,113 INFO o.a.j.t.JMeterThread: Stopping because end time detected by thread: Thread Group - until HTTP 503 - 176 users 1-65
2026-09-10 20:48:11,113 INFO o.a.j.t.JMeterThread: Thread finished: Thread Group - until HTTP 503 - 176 users 1-56
2026-09-10 20:48:11,113 INFO o.a.j.t.JMeterThread: Stopping because end time detected by thread: Thread Group - until HTTP 503 - 176 users 1-57
2026-09-10 20:48:11,113 INFO o.a.j.t.JMeterThread: Thread finished: Thread Group - until HTTP 503 - 176 users 1-65
2026-09-10 20:48:11,113 INFO o.a.j.t.JMeterThread: Stopping because end time detected by thread: Thread Group - until HTTP 503 - 176 users 1-52
2026-09-10 20:48:11,113 INFO o.a.j.t.JMeterThread: Stopping because end time detected by thread: Thread Group - until HTTP 503 - 176 users 1-51
2026-09-10 20:48:11,113 INFO o.a.j.t.JMeterThread: Thread finished: Thread Group - until HTTP 503 - 176 users 1-52
2026-09-10 20:48:11,114 INFO o.a.j.t.JMeterThread: Thread finished: Thread Group - until HTTP 503 - 176 users 1-51
2026-09-10 20:48:11,113 INFO o.a.j.t.JMeterThread: Thread finished: Thread Group - until HTTP 503 - 176 users 1-57
2026-09-10 20:48:12,278 INFO o.a.j.t.JMeterThread: Stopping because end time detected by thread: Thread Group - until HTTP 503 - 176 users 1-113
2026-09-10 20:48:12,278 INFO o.a.j.t.JMeterThread: Stopping because end time detected by thread: Thread Group - until HTTP 503 - 176 users 1-6
2026-09-10 20:48:12,278 INFO o.a.j.t.JMeterThread: Stopping because end time detected by thread: Thread Group - until HTTP 503 - 176 users 1-26
2026-09-10 20:48:12,278 INFO o.a.j.t.JMeterThread: Thread finished: Thread Group - until HTTP 503 - 176 users 1-6
2026-09-10 20:48:12,278 INFO o.a.j.t.JMeterThread: Thread finished: Thread Group - until HTTP 503 - 176 users 1-113
2026-09-10 20:48:12,278 INFO o.a.j.t.JMeterThread: Thread finished: Thread Group - until HTTP 503 - 176 users 1-26
2026-09-10 20:48:12,278 INFO o.a.j.t.JMeterThread: Stopping because end time detected by thread: Thread Group - until HTTP 503 - 176 users 1-117
2026-09-10 20:48:12,278 INFO o.a.j.t.JMeterThread: Stopping because end time detected by thread: Thread Group - until HTTP 503 - 176 users 1-13
2026-09-10 20:48:12,278 INFO o.a.j.t.JMeterThread: Thread finished: Thread Group - until HTTP 503 - 176 users 1-117
2026-09-10 20:48:12,279 INFO o.a.j.t.JMeterThread: Thread finished: Thread Group - until HTTP 503 - 176 users 1-13
2026-09-10 20:48:12,278 INFO o.a.j.t.JMeterThread: Stopping because end time detected by thread: Thread Group - until HTTP 503 - 176 users 1-21
2026-09-10 20:48:12,279 INFO o.a.j.t.JMeterThread: Stopping because end time detected by thread: Thread Group - until HTTP 503 - 176 users 1-53
2026-09-10 20:48:12,279 INFO o.a.j.t.JMeterThread: Thread finished: Thread Group - until HTTP 503 - 176 users 1-53
2026-09-10 20:48:12,279 INFO o.a.j.t.JMeterThread: Thread finished: Thread Group - until HTTP 503 - 176 users 1-21
2026-09-10 20:48:12,279 INFO o.a.j.t.JMeterThread: Stopping because end time detected by thread: Thread Group - until HTTP 503 - 176 users 1-58
2026-09-10 20:48:12,279 INFO o.a.j.t.JMeterThread: Thread finished: Thread Group - until HTTP 503 - 176 users 1-58
2026-09-10 20:48:12,279 INFO o.a.j.t.JMeterThread: Stopping because end time detected by thread: Thread Group - until HTTP 503 - 176 users 1-87
2026-09-10 20:48:12,279 INFO o.a.j.t.JMeterThread: Stopping because end time detected by thread: Thread Group - until HTTP 503 - 176 users 1-95
2026-09-10 20:48:12,279 INFO o.a.j.t.JMeterThread: Thread finished: Thread Group - until HTTP 503 - 176 users 1-87
2026-09-10 20:48:12,278 INFO o.a.j.t.JMeterThread: Stopping because end time detected by thread: Thread Group - until HTTP 503 - 176 users 1-92
2026-09-10 20:48:12,279 INFO o.a.j.t.JMeterThread: Stopping because end time detected by thread: Thread Group - until HTTP 503 - 176 users 1-119
2026-09-10 20:48:12,279 INFO o.a.j.t.JMeterThread: Thread finished: Thread Group - until HTTP 503 - 176 users 1-119
2026-09-10 20:48:12,279 INFO o.a.j.t.JMeterThread: Thread finished: Thread Group - until HTTP 503 - 176 users 1-92
2026-09-10 20:48:12,278 INFO o.a.j.t.JMeterThread: Stopping because end time detected by thread: Thread Group - until HTTP 503 - 176 users 1-25
2026-09-10 20:48:12,279 INFO o.a.j.t.JMeterThread: Stopping because end time detected by thread: Thread Group - until HTTP 503 - 176 users 1-121
2026-09-10 20:48:12,278 INFO o.a.j.t.JMeterThread: Stopping because end time detected by thread: Thread Group - until HTTP 503 - 176 users 1-47
2026-09-10 20:48:12,279 INFO o.a.j.t.JMeterThread: Thread finished: Thread Group - until HTTP 503 - 176 users 1-121
2026-09-10 20:48:12,278 INFO o.a.j.t.JMeterThread: Stopping because end time detected by thread: Thread Group - until HTTP 503 - 176 users 1-17
2026-09-10 20:48:12,279 INFO o.a.j.t.JMeterThread: Thread finished: Thread Group - until HTTP 503 - 176 users 1-47
2026-09-10 20:48:12,278 INFO o.a.j.t.JMeterThread: Stopping because end time detected by thread: Thread Group - until HTTP 503 - 176 users 1-15
2026-09-10 20:48:12,279 INFO o.a.j.t.JMeterThread: Thread finished: Thread Group - until HTTP 503 - 176 users 1-17
2026-09-10 20:48:12,278 INFO o.a.j.t.JMeterThread: Stopping because end time detected by thread: Thread Group - until HTTP 503 - 176 users 1-55
2026-09-10 20:48:12,279 INFO o.a.j.t.JMeterThread: Stopping because end time detected by thread: Thread Group - until HTTP 503 - 176 users 1-70
2026-09-10 20:48:12,279 INFO o.a.j.t.JMeterThread: Thread finished: Thread Group - until HTTP 503 - 176 users 1-70
2026-09-10 20:48:12,279 INFO o.a.j.t.JMeterThread: Stopping because end time detected by thread: Thread Group - until HTTP 503 - 176 users 1-67
2026-09-10 20:48:12,279 INFO o.a.j.t.JMeterThread: Stopping because end time detected by thread: Thread Group - until HTTP 503 - 176 users 1-66
2026-09-10 20:48:12,279 INFO o.a.j.t.JMeterThread: Thread finished: Thread Group - until HTTP 503 - 176 users 1-67
2026-09-10 20:48:12,279 INFO o.a.j.t.JMeterThread: Stopping because end time detected by thread: Thread Group - until HTTP 503 - 176 users 1-90
2026-09-10 20:48:12,280 INFO o.a.j.t.JMeterThread: Thread finished: Thread Group - until HTTP 503 - 176 users 1-90
2026-09-10 20:48:12,279 INFO o.a.j.t.JMeterThread: Thread finished: Thread Group - until HTTP 503 - 176 users 1-95
2026-09-10 20:48:12,280 INFO o.a.j.t.JMeterThread: Thread finished: Thread Group - until HTTP 503 - 176 users 1-66
2026-09-10 20:48:12,279 INFO o.a.j.t.JMeterThread: Thread finished: Thread Group - until HTTP 503 - 176 users 1-25
2026-09-10 20:48:12,279 INFO o.a.j.t.JMeterThread: Stopping because end time detected by thread: Thread Group - until HTTP 503 - 176 users 1-18
2026-09-10 20:48:12,280 INFO o.a.j.t.JMeterThread: Thread finished: Thread Group - until HTTP 503 - 176 users 1-18
2026-09-10 20:48:12,279 INFO o.a.j.t.JMeterThread: Thread finished: Thread Group - until HTTP 503 - 176 users 1-15
2026-09-10 20:48:12,279 INFO o.a.j.t.JMeterThread: Thread finished: Thread Group - until HTTP 503 - 176 users 1-55
2026-09-10 20:48:14,263 INFO o.a.j.t.JMeterThread: Stopping because end time detected by thread: Thread Group - until HTTP 503 - 176 users 1-159
2026-09-10 20:48:14,263 INFO o.a.j.t.JMeterThread: Stopping because end time detected by thread: Thread Group - until HTTP 503 - 176 users 1-59
2026-09-10 20:48:14,264 INFO o.a.j.t.JMeterThread: Stopping because end time detected by thread: Thread Group - until HTTP 503 - 176 users 1-41
2026-09-10 20:48:14,263 INFO o.a.j.t.JMeterThread: Stopping because end time detected by thread: Thread Group - until HTTP 503 - 176 users 1-23
2026-09-10 20:48:14,264 INFO o.a.j.t.JMeterThread: Thread finished: Thread Group - until HTTP 503 - 176 users 1-41
2026-09-10 20:48:14,263 INFO o.a.j.t.JMeterThread: Stopping because end time detected by thread: Thread Group - until HTTP 503 - 176 users 1-50
2026-09-10 20:48:14,263 INFO o.a.j.t.JMeterThread: Stopping because end time detected by thread: Thread Group - until HTTP 503 - 176 users 1-30
2026-09-10 20:48:14,263 INFO o.a.j.t.JMeterThread: Stopping because end time detected by thread: Thread Group - until HTTP 503 - 176 users 1-54
2026-09-10 20:48:14,264 INFO o.a.j.t.JMeterThread: Thread finished: Thread Group - until HTTP 503 - 176 users 1-50
2026-09-10 20:48:14,264 INFO o.a.j.t.JMeterThread: Thread finished: Thread Group - until HTTP 503 - 176 users 1-54
2026-09-10 20:48:14,264 INFO o.a.j.t.JMeterThread: Stopping because end time detected by thread: Thread Group - until HTTP 503 - 176 users 1-24
2026-09-10 20:48:14,263 INFO o.a.j.t.JMeterThread: Stopping because end time detected by thread: Thread Group - until HTTP 503 - 176 users 1-31
2026-09-10 20:48:14,265 INFO o.a.j.t.JMeterThread: Stopping because end time detected by thread: Thread Group - until HTTP 503 - 176 users 1-106
2026-09-10 20:48:14,265 INFO o.a.j.t.JMeterThread: Thread finished: Thread Group - until HTTP 503 - 176 users 1-31
2026-09-10 20:48:14,265 INFO o.a.j.t.JMeterThread: Thread finished: Thread Group - until HTTP 503 - 176 users 1-106
2026-09-10 20:48:14,265 INFO o.a.j.t.JMeterThread: Stopping because end time detected by thread: Thread Group - until HTTP 503 - 176 users 1-32
2026-09-10 20:48:14,265 INFO o.a.j.t.JMeterThread: Thread finished: Thread Group - until HTTP 503 - 176 users 1-32
2026-09-10 20:48:14,266 INFO o.a.j.t.JMeterThread: Stopping because end time detected by thread: Thread Group - until HTTP 503 - 176 users 1-122
2026-09-10 20:48:14,264 INFO o.a.j.t.JMeterThread: Thread finished: Thread Group - until HTTP 503 - 176 users 1-59
2026-09-10 20:48:14,266 INFO o.a.j.t.JMeterThread: Thread finished: Thread Group - until HTTP 503 - 176 users 1-122
2026-09-10 20:48:14,266 INFO o.a.j.t.JMeterThread: Stopping because end time detected by thread: Thread Group - until HTTP 503 - 176 users 1-156
2026-09-10 20:48:14,266 INFO o.a.j.t.JMeterThread: Thread finished: Thread Group - until HTTP 503 - 176 users 1-156
2026-09-10 20:48:14,264 INFO o.a.j.t.JMeterThread: Thread finished: Thread Group - until HTTP 503 - 176 users 1-159
2026-09-10 20:48:14,266 INFO o.a.j.t.JMeterThread: Stopping because end time detected by thread: Thread Group - until HTTP 503 - 176 users 1-160
2026-09-10 20:48:14,266 INFO o.a.j.t.JMeterThread: Thread finished: Thread Group - until HTTP 503 - 176 users 1-160
2026-09-10 20:48:14,266 INFO o.a.j.t.JMeterThread: Stopping because end time detected by thread: Thread Group - until HTTP 503 - 176 users 1-7
2026-09-10 20:48:14,264 INFO o.a.j.t.JMeterThread: Stopping because end time detected by thread: Thread Group - until HTTP 503 - 176 users 1-174
2026-09-10 20:48:14,264 INFO o.a.j.t.JMeterThread: Stopping because end time detected by thread: Thread Group - until HTTP 503 - 176 users 1-68
2026-09-10 20:48:14,264 INFO o.a.j.t.JMeterThread: Stopping because end time detected by thread: Thread Group - until HTTP 503 - 176 users 1-75
2026-09-10 20:48:14,264 INFO o.a.j.t.JMeterThread: Thread finished: Thread Group - until HTTP 503 - 176 users 1-23
2026-09-10 20:48:14,264 INFO o.a.j.t.JMeterThread: Stopping because end time detected by thread: Thread Group - until HTTP 503 - 176 users 1-115
2026-09-10 20:48:14,267 INFO o.a.j.t.JMeterThread: Thread finished: Thread Group - until HTTP 503 - 176 users 1-68
2026-09-10 20:48:14,264 INFO o.a.j.t.JMeterThread: Stopping because end time detected by thread: Thread Group - until HTTP 503 - 176 users 1-141
2026-09-10 20:48:14,264 INFO o.a.j.t.JMeterThread: Stopping because end time detected by thread: Thread Group - until HTTP 503 - 176 users 1-28
2026-09-10 20:48:14,264 INFO o.a.j.t.JMeterThread: Thread finished: Thread Group - until HTTP 503 - 176 users 1-30
2026-09-10 20:48:14,264 INFO o.a.j.t.JMeterThread: Stopping because end time detected by thread: Thread Group - until HTTP 503 - 176 users 1-20
2026-09-10 20:48:14,264 INFO o.a.j.t.JMeterThread: Stopping because end time detected by thread: Thread Group - until HTTP 503 - 176 users 1-16
2026-09-10 20:48:14,265 INFO o.a.j.t.JMeterThread: Thread finished: Thread Group - until HTTP 503 - 176 users 1-24
2026-09-10 20:48:14,267 INFO o.a.j.t.JMeterThread: Thread finished: Thread Group - until HTTP 503 - 176 users 1-20
2026-09-10 20:48:14,265 INFO o.a.j.t.JMeterThread: Stopping because end time detected by thread: Thread Group - until HTTP 503 - 176 users 1-37
2026-09-10 20:48:14,267 INFO o.a.j.t.JMeterThread: Thread finished: Thread Group - until HTTP 503 - 176 users 1-16
2026-09-10 20:48:14,265 INFO o.a.j.t.JMeterThread: Stopping because end time detected by thread: Thread Group - until HTTP 503 - 176 users 1-110
2026-09-10 20:48:14,267 INFO o.a.j.t.JMeterThread: Thread finished: Thread Group - until HTTP 503 - 176 users 1-37
2026-09-10 20:48:14,266 INFO o.a.j.t.JMeterThread: Stopping because end time detected by thread: Thread Group - until HTTP 503 - 176 users 1-93
2026-09-10 20:48:14,266 INFO o.a.j.t.JMeterThread: Stopping because end time detected by thread: Thread Group - until HTTP 503 - 176 users 1-142
2026-09-10 20:48:14,266 INFO o.a.j.t.JMeterThread: Thread finished: Thread Group - until HTTP 503 - 176 users 1-7
2026-09-10 20:48:14,268 INFO o.a.j.t.JMeterThread: Thread finished: Thread Group - until HTTP 503 - 176 users 1-93
2026-09-10 20:48:14,266 INFO o.a.j.t.JMeterThread: Thread finished: Thread Group - until HTTP 503 - 176 users 1-174
2026-09-10 20:48:14,268 INFO o.a.j.t.JMeterThread: Stopping because end time detected by thread: Thread Group - until HTTP 503 - 176 users 1-149
2026-09-10 20:48:14,267 INFO o.a.j.t.JMeterThread: Thread finished: Thread Group - until HTTP 503 - 176 users 1-75
2026-09-10 20:48:14,268 INFO o.a.j.t.JMeterThread: Thread finished: Thread Group - until HTTP 503 - 176 users 1-149
2026-09-10 20:48:14,267 INFO o.a.j.t.JMeterThread: Thread finished: Thread Group - until HTTP 503 - 176 users 1-141
2026-09-10 20:48:14,267 INFO o.a.j.t.JMeterThread: Thread finished: Thread Group - until HTTP 503 - 176 users 1-28
2026-09-10 20:48:14,267 INFO o.a.j.t.JMeterThread: Thread finished: Thread Group - until HTTP 503 - 176 users 1-115
2026-09-10 20:48:14,267 INFO o.a.j.t.JMeterThread: Thread finished: Thread Group - until HTTP 503 - 176 users 1-110
2026-09-10 20:48:14,268 INFO o.a.j.t.JMeterThread: Thread finished: Thread Group - until HTTP 503 - 176 users 1-142
2026-09-10 20:48:14,269 INFO o.a.j.t.JMeterThread: Stopping because end time detected by thread: Thread Group - until HTTP 503 - 176 users 1-14
2026-09-10 20:48:14,269 INFO o.a.j.t.JMeterThread: Stopping because end time detected by thread: Thread Group - until HTTP 503 - 176 users 1-29
2026-09-10 20:48:14,269 INFO o.a.j.t.JMeterThread: Stopping because end time detected by thread: Thread Group - until HTTP 503 - 176 users 1-40
2026-09-10 20:48:14,270 INFO o.a.j.t.JMeterThread: Thread finished: Thread Group - until HTTP 503 - 176 users 1-14
2026-09-10 20:48:14,270 INFO o.a.j.t.JMeterThread: Stopping because end time detected by thread: Thread Group - until HTTP 503 - 176 users 1-84
2026-09-10 20:48:14,270 INFO o.a.j.t.JMeterThread: Thread finished: Thread Group - until HTTP 503 - 176 users 1-40
2026-09-10 20:48:14,270 INFO o.a.j.t.JMeterThread: Thread finished: Thread Group - until HTTP 503 - 176 users 1-84
2026-09-10 20:48:14,270 INFO o.a.j.t.JMeterThread: Stopping because end time detected by thread: Thread Group - until HTTP 503 - 176 users 1-69
2026-09-10 20:48:14,270 INFO o.a.j.t.JMeterThread: Stopping because end time detected by thread: Thread Group - until HTTP 503 - 176 users 1-77
2026-09-10 20:48:14,270 INFO o.a.j.t.JMeterThread: Stopping because end time detected by thread: Thread Group - until HTTP 503 - 176 users 1-83
2026-09-10 20:48:14,270 INFO o.a.j.t.JMeterThread: Thread finished: Thread Group - until HTTP 503 - 176 users 1-77
2026-09-10 20:48:14,270 INFO o.a.j.t.JMeterThread: Thread finished: Thread Group - until HTTP 503 - 176 users 1-29
2026-09-10 20:48:14,270 INFO o.a.j.t.JMeterThread: Thread finished: Thread Group - until HTTP 503 - 176 users 1-83
2026-09-10 20:48:14,270 INFO o.a.j.t.JMeterThread: Thread finished: Thread Group - until HTTP 503 - 176 users 1-69
2026-09-10 20:48:14,270 INFO o.a.j.t.JMeterThread: Stopping because end time detected by thread: Thread Group - until HTTP 503 - 176 users 1-62
2026-09-10 20:48:14,270 INFO o.a.j.t.JMeterThread: Stopping because end time detected by thread: Thread Group - until HTTP 503 - 176 users 1-89
2026-09-10 20:48:14,271 INFO o.a.j.t.JMeterThread: Thread finished: Thread Group - until HTTP 503 - 176 users 1-62
2026-09-10 20:48:14,271 INFO o.a.j.t.JMeterThread: Thread finished: Thread Group - until HTTP 503 - 176 users 1-89
2026-09-10 20:48:14,271 INFO o.a.j.t.JMeterThread: Stopping because end time detected by thread: Thread Group - until HTTP 503 - 176 users 1-86
2026-09-10 20:48:14,271 INFO o.a.j.t.JMeterThread: Thread finished: Thread Group - until HTTP 503 - 176 users 1-86
2026-09-10 20:48:14,271 INFO o.a.j.t.JMeterThread: Stopping because end time detected by thread: Thread Group - until HTTP 503 - 176 users 1-74
2026-09-10 20:48:14,271 INFO o.a.j.t.JMeterThread: Thread finished: Thread Group - until HTTP 503 - 176 users 1-74
2026-09-10 20:48:14,271 INFO o.a.j.t.JMeterThread: Stopping because end time detected by thread: Thread Group - until HTTP 503 - 176 users 1-103
2026-09-10 20:48:14,271 INFO o.a.j.t.JMeterThread: Thread finished: Thread Group - until HTTP 503 - 176 users 1-103
2026-09-10 20:48:14,271 INFO o.a.j.t.JMeterThread: Stopping because end time detected by thread: Thread Group - until HTTP 503 - 176 users 1-102
2026-09-10 20:48:14,271 INFO o.a.j.t.JMeterThread: Stopping because end time detected by thread: Thread Group - until HTTP 503 - 176 users 1-96
2026-09-10 20:48:14,271 INFO o.a.j.t.JMeterThread: Stopping because end time detected by thread: Thread Group - until HTTP 503 - 176 users 1-124
2026-09-10 20:48:14,271 INFO o.a.j.t.JMeterThread: Thread finished: Thread Group - until HTTP 503 - 176 users 1-124
2026-09-10 20:48:14,271 INFO o.a.j.t.JMeterThread: Stopping because end time detected by thread: Thread Group - until HTTP 503 - 176 users 1-107
2026-09-10 20:48:14,271 INFO o.a.j.t.JMeterThread: Thread finished: Thread Group - until HTTP 503 - 176 users 1-96
2026-09-10 20:48:14,272 INFO o.a.j.t.JMeterThread: Stopping because end time detected by thread: Thread Group - until HTTP 503 - 176 users 1-126
2026-09-10 20:48:14,272 INFO o.a.j.t.JMeterThread: Stopping because end time detected by thread: Thread Group - until HTTP 503 - 176 users 1-127
2026-09-10 20:48:14,272 INFO o.a.j.t.JMeterThread: Thread finished: Thread Group - until HTTP 503 - 176 users 1-126
2026-09-10 20:48:14,272 INFO o.a.j.t.JMeterThread: Stopping because end time detected by thread: Thread Group - until HTTP 503 - 176 users 1-129
2026-09-10 20:48:14,272 INFO o.a.j.t.JMeterThread: Stopping because end time detected by thread: Thread Group - until HTTP 503 - 176 users 1-140
2026-09-10 20:48:14,271 INFO o.a.j.t.JMeterThread: Thread finished: Thread Group - until HTTP 503 - 176 users 1-102
2026-09-10 20:48:14,272 INFO o.a.j.t.JMeterThread: Thread finished: Thread Group - until HTTP 503 - 176 users 1-129
2026-09-10 20:48:14,271 INFO o.a.j.t.JMeterThread: Stopping because end time detected by thread: Thread Group - until HTTP 503 - 176 users 1-100
2026-09-10 20:48:14,272 INFO o.a.j.t.JMeterThread: Stopping because end time detected by thread: Thread Group - until HTTP 503 - 176 users 1-143
2026-09-10 20:48:14,272 INFO o.a.j.t.JMeterThread: Thread finished: Thread Group - until HTTP 503 - 176 users 1-100
2026-09-10 20:48:14,272 INFO o.a.j.t.JMeterThread: Thread finished: Thread Group - until HTTP 503 - 176 users 1-143
2026-09-10 20:48:14,272 INFO o.a.j.t.JMeterThread: Stopping because end time detected by thread: Thread Group - until HTTP 503 - 176 users 1-158
2026-09-10 20:48:14,271 INFO o.a.j.t.JMeterThread: Stopping because end time detected by thread: Thread Group - until HTTP 503 - 176 users 1-118
2026-09-10 20:48:14,272 INFO o.a.j.t.JMeterThread: Thread finished: Thread Group - until HTTP 503 - 176 users 1-158
2026-09-10 20:48:14,272 INFO o.a.j.t.JMeterThread: Thread finished: Thread Group - until HTTP 503 - 176 users 1-107
2026-09-10 20:48:14,272 INFO o.a.j.t.JMeterThread: Thread finished: Thread Group - until HTTP 503 - 176 users 1-140
2026-09-10 20:48:14,272 INFO o.a.j.t.JMeterThread: Thread finished: Thread Group - until HTTP 503 - 176 users 1-127
2026-09-10 20:48:14,272 INFO o.a.j.t.JMeterThread: Thread finished: Thread Group - until HTTP 503 - 176 users 1-118
2026-09-10 20:48:14,273 INFO o.a.j.t.JMeterThread: Stopping because end time detected by thread: Thread Group - until HTTP 503 - 176 users 1-46
2026-09-10 20:48:14,273 INFO o.a.j.t.JMeterThread: Stopping because end time detected by thread: Thread Group - until HTTP 503 - 176 users 1-42
2026-09-10 20:48:14,273 INFO o.a.j.t.JMeterThread: Stopping because end time detected by thread: Thread Group - until HTTP 503 - 176 users 1-104
2026-09-10 20:48:14,273 INFO o.a.j.t.JMeterThread: Thread finished: Thread Group - until HTTP 503 - 176 users 1-46
2026-09-10 20:48:14,273 INFO o.a.j.t.JMeterThread: Thread finished: Thread Group - until HTTP 503 - 176 users 1-104
2026-09-10 20:48:14,273 INFO o.a.j.t.JMeterThread: Stopping because end time detected by thread: Thread Group - until HTTP 503 - 176 users 1-162
2026-09-10 20:48:14,273 INFO o.a.j.t.JMeterThread: Stopping because end time detected by thread: Thread Group - until HTTP 503 - 176 users 1-94
2026-09-10 20:48:14,273 INFO o.a.j.t.JMeterThread: Stopping because end time detected by thread: Thread Group - until HTTP 503 - 176 users 1-101
2026-09-10 20:48:14,273 INFO o.a.j.t.JMeterThread: Thread finished: Thread Group - until HTTP 503 - 176 users 1-42
2026-09-10 20:48:14,273 INFO o.a.j.t.JMeterThread: Thread finished: Thread Group - until HTTP 503 - 176 users 1-94
2026-09-10 20:48:14,273 INFO o.a.j.t.JMeterThread: Thread finished: Thread Group - until HTTP 503 - 176 users 1-101
2026-09-10 20:48:14,274 INFO o.a.j.t.JMeterThread: Thread finished: Thread Group - until HTTP 503 - 176 users 1-162
2026-09-10 20:48:14,274 INFO o.a.j.t.JMeterThread: Stopping because end time detected by thread: Thread Group - until HTTP 503 - 176 users 1-36
2026-09-10 20:48:14,274 INFO o.a.j.t.JMeterThread: Stopping because end time detected by thread: Thread Group - until HTTP 503 - 176 users 1-19
2026-09-10 20:48:14,274 INFO o.a.j.t.JMeterThread: Thread finished: Thread Group - until HTTP 503 - 176 users 1-36
2026-09-10 20:48:14,274 INFO o.a.j.t.JMeterThread: Stopping because end time detected by thread: Thread Group - until HTTP 503 - 176 users 1-9
2026-09-10 20:48:14,274 INFO o.a.j.t.JMeterThread: Stopping because end time detected by thread: Thread Group - until HTTP 503 - 176 users 1-43
2026-09-10 20:48:14,274 INFO o.a.j.t.JMeterThread: Thread finished: Thread Group - until HTTP 503 - 176 users 1-19
2026-09-10 20:48:14,274 INFO o.a.j.t.JMeterThread: Thread finished: Thread Group - until HTTP 503 - 176 users 1-43
2026-09-10 20:48:14,274 INFO o.a.j.t.JMeterThread: Stopping because end time detected by thread: Thread Group - until HTTP 503 - 176 users 1-45
2026-09-10 20:48:14,274 INFO o.a.j.t.JMeterThread: Stopping because end time detected by thread: Thread Group - until HTTP 503 - 176 users 1-60
2026-09-10 20:48:14,274 INFO o.a.j.t.JMeterThread: Thread finished: Thread Group - until HTTP 503 - 176 users 1-45
2026-09-10 20:48:14,274 INFO o.a.j.t.JMeterThread: Stopping because end time detected by thread: Thread Group - until HTTP 503 - 176 users 1-38
2026-09-10 20:48:14,274 INFO o.a.j.t.JMeterThread: Stopping because end time detected by thread: Thread Group - until HTTP 503 - 176 users 1-111
2026-09-10 20:48:14,274 INFO o.a.j.t.JMeterThread: Thread finished: Thread Group - until HTTP 503 - 176 users 1-38
2026-09-10 20:48:14,274 INFO o.a.j.t.JMeterThread: Thread finished: Thread Group - until HTTP 503 - 176 users 1-9
2026-09-10 20:48:14,275 INFO o.a.j.t.JMeterThread: Stopping because end time detected by thread: Thread Group - until HTTP 503 - 176 users 1-112
2026-09-10 20:48:14,275 INFO o.a.j.t.JMeterThread: Thread finished: Thread Group - until HTTP 503 - 176 users 1-112
2026-09-10 20:48:14,274 INFO o.a.j.t.JMeterThread: Thread finished: Thread Group - until HTTP 503 - 176 users 1-60
2026-09-10 20:48:14,275 INFO o.a.j.t.JMeterThread: Thread finished: Thread Group - until HTTP 503 - 176 users 1-111
2026-09-10 20:48:14,275 INFO o.a.j.t.JMeterThread: Stopping because end time detected by thread: Thread Group - until HTTP 503 - 176 users 1-114
2026-09-10 20:48:14,275 INFO o.a.j.t.JMeterThread: Thread finished: Thread Group - until HTTP 503 - 176 users 1-114
2026-09-10 20:48:14,275 INFO o.a.j.t.JMeterThread: Stopping because end time detected by thread: Thread Group - until HTTP 503 - 176 users 1-131
2026-09-10 20:48:14,275 INFO o.a.j.t.JMeterThread: Stopping because end time detected by thread: Thread Group - until HTTP 503 - 176 users 1-148
2026-09-10 20:48:14,275 INFO o.a.j.t.JMeterThread: Stopping because end time detected by thread: Thread Group - until HTTP 503 - 176 users 1-139
2026-09-10 20:48:14,276 INFO o.a.j.t.JMeterThread: Stopping because end time detected by thread: Thread Group - until HTTP 503 - 176 users 1-130
2026-09-10 20:48:14,276 INFO o.a.j.t.JMeterThread: Thread finished: Thread Group - until HTTP 503 - 176 users 1-130
2026-09-10 20:48:14,275 INFO o.a.j.t.JMeterThread: Thread finished: Thread Group - until HTTP 503 - 176 users 1-131
2026-09-10 20:48:14,276 INFO o.a.j.t.JMeterThread: Stopping because end time detected by thread: Thread Group - until HTTP 503 - 176 users 1-146
2026-09-10 20:48:14,276 INFO o.a.j.t.JMeterThread: Stopping because end time detected by thread: Thread Group - until HTTP 503 - 176 users 1-147
2026-09-10 20:48:14,276 INFO o.a.j.t.JMeterThread: Thread finished: Thread Group - until HTTP 503 - 176 users 1-146
2026-09-10 20:48:14,276 INFO o.a.j.t.JMeterThread: Thread finished: Thread Group - until HTTP 503 - 176 users 1-147
2026-09-10 20:48:14,276 INFO o.a.j.t.JMeterThread: Stopping because end time detected by thread: Thread Group - until HTTP 503 - 176 users 1-144
2026-09-10 20:48:14,276 INFO o.a.j.t.JMeterThread: Stopping because end time detected by thread: Thread Group - until HTTP 503 - 176 users 1-165
2026-09-10 20:48:14,276 INFO o.a.j.t.JMeterThread: Thread finished: Thread Group - until HTTP 503 - 176 users 1-148
2026-09-10 20:48:14,276 INFO o.a.j.t.JMeterThread: Thread finished: Thread Group - until HTTP 503 - 176 users 1-165
2026-09-10 20:48:14,276 INFO o.a.j.t.JMeterThread: Thread finished: Thread Group - until HTTP 503 - 176 users 1-139
2026-09-10 20:48:14,276 INFO o.a.j.t.JMeterThread: Thread finished: Thread Group - until HTTP 503 - 176 users 1-144
2026-09-10 20:48:14,276 INFO o.a.j.t.JMeterThread: Stopping because end time detected by thread: Thread Group - until HTTP 503 - 176 users 1-163
2026-09-10 20:48:14,276 INFO o.a.j.t.JMeterThread: Thread finished: Thread Group - until HTTP 503 - 176 users 1-163
2026-09-10 20:48:14,276 INFO o.a.j.t.JMeterThread: Stopping because end time detected by thread: Thread Group - until HTTP 503 - 176 users 1-1
2026-09-10 20:48:14,276 INFO o.a.j.t.JMeterThread: Thread finished: Thread Group - until HTTP 503 - 176 users 1-1
2026-09-10 20:48:14,276 INFO o.a.j.t.JMeterThread: Stopping because end time detected by thread: Thread Group - until HTTP 503 - 176 users 1-12
2026-09-10 20:48:14,276 INFO o.a.j.t.JMeterThread: Thread finished: Thread Group - until HTTP 503 - 176 users 1-12
2026-09-10 20:48:14,276 INFO o.a.j.t.JMeterThread: Stopping because end time detected by thread: Thread Group - until HTTP 503 - 176 users 1-10
2026-09-10 20:48:14,277 INFO o.a.j.t.JMeterThread: Stopping because end time detected by thread: Thread Group - until HTTP 503 - 176 users 1-166
2026-09-10 20:48:14,277 INFO o.a.j.t.JMeterThread: Thread finished: Thread Group - until HTTP 503 - 176 users 1-166
2026-09-10 20:48:14,277 INFO o.a.j.t.JMeterThread: Stopping because end time detected by thread: Thread Group - until HTTP 503 - 176 users 1-3
2026-09-10 20:48:14,276 INFO o.a.j.t.JMeterThread: Stopping because end time detected by thread: Thread Group - until HTTP 503 - 176 users 1-170
2026-09-10 20:48:14,277 INFO o.a.j.t.JMeterThread: Thread finished: Thread Group - until HTTP 503 - 176 users 1-10
2026-09-10 20:48:14,277 INFO o.a.j.t.JMeterThread: Thread finished: Thread Group - until HTTP 503 - 176 users 1-170
2026-09-10 20:48:14,277 INFO o.a.j.t.JMeterThread: Thread finished: Thread Group - until HTTP 503 - 176 users 1-3
2026-09-10 20:48:14,277 INFO o.a.j.t.JMeterThread: Stopping because end time detected by thread: Thread Group - until HTTP 503 - 176 users 1-2
2026-09-10 20:48:14,277 INFO o.a.j.t.JMeterThread: Thread finished: Thread Group - until HTTP 503 - 176 users 1-2
2026-09-10 20:48:14,278 INFO o.a.j.t.JMeterThread: Stopping because end time detected by thread: Thread Group - until HTTP 503 - 176 users 1-34
2026-09-10 20:48:14,278 INFO o.a.j.t.JMeterThread: Stopping because end time detected by thread: Thread Group - until HTTP 503 - 176 users 1-97
2026-09-10 20:48:14,278 INFO o.a.j.t.JMeterThread: Stopping because end time detected by thread: Thread Group - until HTTP 503 - 176 users 1-4
2026-09-10 20:48:14,278 INFO o.a.j.t.JMeterThread: Stopping because end time detected by thread: Thread Group - until HTTP 503 - 176 users 1-64
2026-09-10 20:48:14,278 INFO o.a.j.t.JMeterThread: Stopping because end time detected by thread: Thread Group - until HTTP 503 - 176 users 1-8
2026-09-10 20:48:14,278 INFO o.a.j.t.JMeterThread: Thread finished: Thread Group - until HTTP 503 - 176 users 1-97
2026-09-10 20:48:14,278 INFO o.a.j.t.JMeterThread: Thread finished: Thread Group - until HTTP 503 - 176 users 1-8
2026-09-10 20:48:14,278 INFO o.a.j.t.JMeterThread: Stopping because end time detected by thread: Thread Group - until HTTP 503 - 176 users 1-125
2026-09-10 20:48:14,278 INFO o.a.j.t.JMeterThread: Thread finished: Thread Group - until HTTP 503 - 176 users 1-34
2026-09-10 20:48:14,278 INFO o.a.j.t.JMeterThread: Thread finished: Thread Group - until HTTP 503 - 176 users 1-4
2026-09-10 20:48:14,278 INFO o.a.j.t.JMeterThread: Thread finished: Thread Group - until HTTP 503 - 176 users 1-64
2026-09-10 20:48:14,278 INFO o.a.j.t.JMeterThread: Stopping because end time detected by thread: Thread Group - until HTTP 503 - 176 users 1-161
2026-09-10 20:48:14,278 INFO o.a.j.t.JMeterThread: Stopping because end time detected by thread: Thread Group - until HTTP 503 - 176 users 1-145
2026-09-10 20:48:14,278 INFO o.a.j.t.JMeterThread: Thread finished: Thread Group - until HTTP 503 - 176 users 1-161
2026-09-10 20:48:14,278 INFO o.a.j.t.JMeterThread: Thread finished: Thread Group - until HTTP 503 - 176 users 1-125
2026-09-10 20:48:14,278 INFO o.a.j.t.JMeterThread: Thread finished: Thread Group - until HTTP 503 - 176 users 1-145
2026-09-10 20:48:14,281 INFO o.a.j.t.JMeterThread: Stopping because end time detected by thread: Thread Group - until HTTP 503 - 176 users 1-80
2026-09-10 20:48:14,281 INFO o.a.j.t.JMeterThread: Stopping because end time detected by thread: Thread Group - until HTTP 503 - 176 users 1-98
2026-09-10 20:48:14,281 INFO o.a.j.t.JMeterThread: Stopping because end time detected by thread: Thread Group - until HTTP 503 - 176 users 1-109
2026-09-10 20:48:14,281 INFO o.a.j.t.JMeterThread: Thread finished: Thread Group - until HTTP 503 - 176 users 1-98
2026-09-10 20:48:14,281 INFO o.a.j.t.JMeterThread: Stopping because end time detected by thread: Thread Group - until HTTP 503 - 176 users 1-134
2026-09-10 20:48:14,281 INFO o.a.j.t.JMeterThread: Stopping because end time detected by thread: Thread Group - until HTTP 503 - 176 users 1-78
2026-09-10 20:48:14,281 INFO o.a.j.t.JMeterThread: Stopping because end time detected by thread: Thread Group - until HTTP 503 - 176 users 1-85
2026-09-10 20:48:14,281 INFO o.a.j.t.JMeterThread: Stopping because end time detected by thread: Thread Group - until HTTP 503 - 176 users 1-79
2026-09-10 20:48:14,281 INFO o.a.j.t.JMeterThread: Thread finished: Thread Group - until HTTP 503 - 176 users 1-78
2026-09-10 20:48:14,281 INFO o.a.j.t.JMeterThread: Stopping because end time detected by thread: Thread Group - until HTTP 503 - 176 users 1-48
2026-09-10 20:48:14,281 INFO o.a.j.t.JMeterThread: Thread finished: Thread Group - until HTTP 503 - 176 users 1-79
2026-09-10 20:48:14,281 INFO o.a.j.t.JMeterThread: Stopping because end time detected by thread: Thread Group - until HTTP 503 - 176 users 1-73
2026-09-10 20:48:14,281 INFO o.a.j.t.JMeterThread: Stopping because end time detected by thread: Thread Group - until HTTP 503 - 176 users 1-123
2026-09-10 20:48:14,281 INFO o.a.j.t.JMeterThread: Stopping because end time detected by thread: Thread Group - until HTTP 503 - 176 users 1-167
2026-09-10 20:48:14,281 INFO o.a.j.t.JMeterThread: Thread finished: Thread Group - until HTTP 503 - 176 users 1-109
2026-09-10 20:48:14,281 INFO o.a.j.t.JMeterThread: Thread finished: Thread Group - until HTTP 503 - 176 users 1-134
2026-09-10 20:48:14,281 INFO o.a.j.t.JMeterThread: Thread finished: Thread Group - until HTTP 503 - 176 users 1-85
2026-09-10 20:48:14,281 INFO o.a.j.t.JMeterThread: Stopping because end time detected by thread: Thread Group - until HTTP 503 - 176 users 1-154
2026-09-10 20:48:14,281 INFO o.a.j.t.JMeterThread: Thread finished: Thread Group - until HTTP 503 - 176 users 1-80
2026-09-10 20:48:14,281 INFO o.a.j.t.JMeterThread: Thread finished: Thread Group - until HTTP 503 - 176 users 1-48
2026-09-10 20:48:14,281 INFO o.a.j.t.JMeterThread: Thread finished: Thread Group - until HTTP 503 - 176 users 1-154
2026-09-10 20:48:14,281 INFO o.a.j.t.JMeterThread: Thread finished: Thread Group - until HTTP 503 - 176 users 1-73
2026-09-10 20:48:14,281 INFO o.a.j.t.JMeterThread: Thread finished: Thread Group - until HTTP 503 - 176 users 1-123
2026-09-10 20:48:14,281 INFO o.a.j.t.JMeterThread: Thread finished: Thread Group - until HTTP 503 - 176 users 1-167
2026-09-10 20:48:14,282 INFO o.a.j.e.StandardJMeterEngine: Notifying test listeners of end of test
2026-09-10 20:48:14,283 INFO o.a.j.r.Summariser: summary +    499 in 00:00:14 =   35.7/s Avg:  6026 Min:  3833 Max:  9108 Err:   499 (100.00%) Active: 0 Started: 176 Finished: 176
2026-09-10 20:48:14,283 INFO o.a.j.r.Summariser: summary =   2619 in 00:01:34 =   27.9/s Avg:  4209 Min:   519 Max:  9996 Err:  2521 (96.26%)
2026-09-10 20:48:14,284 INFO o.a.j.JMeter: Generating Dashboard
2026-09-10 20:48:14,284 INFO o.a.j.r.d.ReportGenerator: Flushing result collector before report Generation
2026-09-10 20:48:14,321 INFO o.a.j.r.p.NormalizerSampleConsumer: Using format, 'ms', to parse timeStamp field
2026-09-10 20:48:14,681 INFO o.a.j.r.p.AbstractSampleConsumer: class org.apache.jmeter.report.processor.AggregateConsumer#stopProducing(): beginDate produced 0 samples
2026-09-10 20:48:14,682 INFO o.a.j.r.p.AbstractSampleConsumer: class org.apache.jmeter.report.processor.AggregateConsumer#stopProducing(): endDate produced 0 samples
2026-09-10 20:48:14,683 INFO o.a.j.r.p.AbstractSampleConsumer: class org.apache.jmeter.report.processor.ApdexSummaryConsumer#stopProducing(): apdexSummary produced 0 samples
2026-09-10 20:48:14,683 INFO o.a.j.r.p.AbstractSampleConsumer: class org.apache.jmeter.report.processor.RequestsSummaryConsumer#stopProducing(): requestsSummary produced 0 samples
2026-09-10 20:48:14,690 INFO o.a.j.r.p.AbstractSampleConsumer: class org.apache.jmeter.report.processor.StatisticsSummaryConsumer#stopProducing(): statisticsSummary produced 0 samples
2026-09-10 20:48:14,695 INFO o.a.j.r.p.AbstractSampleConsumer: class org.apache.jmeter.report.processor.Top5ErrorsBySamplerConsumer#stopProducing(): top5ErrorsBySampler produced 0 samples
2026-09-10 20:48:14,697 INFO o.a.j.r.p.AbstractSampleConsumer: class org.apache.jmeter.report.processor.ErrorsSummaryConsumer#stopProducing(): errorsSummary produced 0 samples
2026-09-10 20:48:14,697 INFO o.a.j.r.p.AbstractSampleConsumer: class org.apache.jmeter.report.processor.graph.impl.HitsPerSecondGraphConsumer#stopProducing(): hitsPerSecond produced 0 samples
2026-09-10 20:48:14,792 INFO o.a.j.r.p.AbstractSampleConsumer: class org.apache.jmeter.report.processor.graph.impl.LatencyVSRequestGraphConsumer#stopProducing(): latencyVsRequest produced 0 samples
2026-09-10 20:48:14,793 INFO o.a.j.r.p.AbstractSampleConsumer: class org.apache.jmeter.report.processor.graph.impl.SyntheticResponseTimeDistributionGraphConsumer#stopProducing(): syntheticResponseTimeDistribution produced 0 samples
2026-09-10 20:48:14,794 INFO o.a.j.r.p.AbstractSampleConsumer: class org.apache.jmeter.report.processor.graph.impl.BytesThroughputGraphConsumer#stopProducing(): bytesThroughputOverTime produced 0 samples
2026-09-10 20:48:14,794 INFO o.a.j.r.p.AbstractSampleConsumer: class org.apache.jmeter.report.processor.graph.impl.CodesPerSecondGraphConsumer#stopProducing(): codesPerSecond produced 0 samples
2026-09-10 20:48:14,875 INFO o.a.j.r.p.AbstractSampleConsumer: class org.apache.jmeter.report.processor.graph.impl.ResponseTimeVSRequestGraphConsumer#stopProducing(): responseTimeVsRequest produced 0 samples
2026-09-10 20:48:14,877 INFO o.a.j.r.p.AbstractSampleConsumer: class org.apache.jmeter.report.processor.FilterConsumer#stopProducing(): startIntervalControlerFilter produced 18333 samples
2026-09-10 20:48:14,877 INFO o.a.j.r.p.AbstractSampleConsumer: class org.apache.jmeter.report.processor.graph.impl.TotalTPSGraphConsumer#stopProducing(): totalTPS produced 0 samples
2026-09-10 20:48:14,878 INFO o.a.j.r.p.AbstractSampleConsumer: class org.apache.jmeter.report.processor.graph.impl.ActiveThreadsGraphConsumer#stopProducing(): activeThreadsOverTime produced 0 samples
2026-09-10 20:48:14,878 INFO o.a.j.r.p.AbstractSampleConsumer: class org.apache.jmeter.report.processor.graph.impl.TimeVSThreadGraphConsumer#stopProducing(): timeVsThreads produced 0 samples
2026-09-10 20:48:14,878 INFO o.a.j.r.p.AbstractSampleConsumer: class org.apache.jmeter.report.processor.graph.impl.ResponseTimeDistributionGraphConsumer#stopProducing(): responseTimeDistribution produced 0 samples
2026-09-10 20:48:14,878 INFO o.a.j.r.p.AbstractSampleConsumer: class org.apache.jmeter.report.processor.graph.impl.TransactionsPerSecondGraphConsumer#stopProducing(): transactionsPerSecond produced 0 samples
2026-09-10 20:48:14,878 INFO o.a.j.r.p.AbstractSampleConsumer: class org.apache.jmeter.report.processor.graph.impl.ResponseTimePercentilesGraphConsumer#stopProducing(): responseTimePercentiles produced 0 samples
2026-09-10 20:48:14,885 INFO o.a.j.r.p.AbstractSampleConsumer: class org.apache.jmeter.report.processor.graph.impl.ResponseTimePercentilesOverTimeGraphConsumer#stopProducing(): responseTimePercentilesOverTime produced 0 samples
2026-09-10 20:48:14,886 INFO o.a.j.r.p.AbstractSampleConsumer: class org.apache.jmeter.report.processor.graph.impl.ResponseTimeOverTimeGraphConsumer#stopProducing(): responseTimesOverTime produced 0 samples
2026-09-10 20:48:14,886 INFO o.a.j.r.p.AbstractSampleConsumer: class org.apache.jmeter.report.processor.graph.impl.ConnectTimeOverTimeGraphConsumer#stopProducing(): connectTimeOverTime produced 0 samples
2026-09-10 20:48:14,886 INFO o.a.j.r.p.AbstractSampleConsumer: class org.apache.jmeter.report.processor.graph.impl.LatencyOverTimeGraphConsumer#stopProducing(): latenciesOverTime produced 0 samples
2026-09-10 20:48:14,886 INFO o.a.j.r.p.AbstractSampleConsumer: class org.apache.jmeter.report.processor.FilterConsumer#stopProducing(): nameFilter produced 39285 samples
2026-09-10 20:48:14,886 INFO o.a.j.r.p.AbstractSampleConsumer: class org.apache.jmeter.report.processor.FilterConsumer#stopProducing(): dateRangeFilter produced 7857 samples
2026-09-10 20:48:14,886 INFO o.a.j.r.p.AbstractSampleConsumer: class org.apache.jmeter.report.processor.NormalizerSampleConsumer#stopProducing(): normalizer produced 2619 samples
2026-09-10 20:48:14,887 INFO o.a.j.r.p.CsvFileSampleSource: produce(): 2619 samples produced in 540ms on channel 0
2026-09-10 20:48:14,887 INFO o.a.j.r.d.ReportGenerator: Exporting data using exporter:'json' of className:'org.apache.jmeter.report.dashboard.JsonExporter'
2026-09-10 20:48:15,014 INFO o.a.j.r.d.JsonExporter: Found data for consumer statisticsSummary in context
2026-09-10 20:48:15,014 INFO o.a.j.r.d.JsonExporter: Creating statistics for overall
2026-09-10 20:48:15,015 INFO o.a.j.r.d.JsonExporter: Creating statistics for other transactions
2026-09-10 20:48:15,016 INFO o.a.j.r.d.JsonExporter: Checking output folder
2026-09-10 20:48:15,017 INFO o.a.j.r.d.JsonExporter: Writing statistics JSON to C:\University\Programming\Software Testing\Lab4\html_reports\stress_until_503\176users_3520rpm\statistics.json
2026-09-10 20:48:15,088 INFO o.a.j.r.d.ReportGenerator: Exporting data using exporter:'html' of className:'org.apache.jmeter.report.dashboard.HtmlTemplateExporter'
2026-09-10 20:48:15,092 INFO o.a.j.r.d.HtmlTemplateExporter: Will generate dashboard in folder: C:\University\Programming\Software Testing\Lab4\html_reports\stress_until_503\176users_3520rpm
2026-09-10 20:48:15,245 INFO o.a.j.r.d.HtmlTemplateExporter: Report will be generated in: C:\University\Programming\Software Testing\Lab4\html_reports\stress_until_503\176users_3520rpm, creating folder structure
2026-09-10 20:48:15,247 INFO o.a.j.r.d.TemplateVisitor: Copying folder from 'C:\Program Files\apache-jmeter-5.6.3\bin\report-template' to 'C:\University\Programming\Software Testing\Lab4\html_reports\stress_until_503\176users_3520rpm', got message: C:\University\Programming\Software Testing\Lab4\html_reports\stress_until_503\176users_3520rpm, found non empty folder with following content [C:\University\Programming\Software Testing\Lab4\html_reports\stress_until_503\176users_3520rpm\statistics.json], will be ignored
2026-09-10 20:48:15,797 INFO o.a.j.JMeter: Dashboard generated
