2026-09-10 20:24:01,937 INFO o.a.j.u.JMeterUtils: Setting Locale to en_EN
2026-09-10 20:24:01,952 INFO o.a.j.JMeter: Loading user properties from: C:\Program Files\apache-jmeter-5.6.3\bin\user.properties
2026-09-10 20:24:01,952 INFO o.a.j.JMeter: Loading system properties from: C:\Program Files\apache-jmeter-5.6.3\bin\system.properties
2026-09-10 20:24:01,952 INFO o.a.j.JMeter: Setting JMeter property: jmeter.save.saveservice.output_format=csv
2026-09-10 20:24:01,953 INFO o.a.j.JMeter: Setting JMeter property: jmeter.save.saveservice.print_field_names=true
2026-09-10 20:24:01,954 INFO o.a.j.JMeter: Setting JMeter property: jmeter.save.saveservice.timestamp_format=ms
2026-09-10 20:24:01,954 INFO o.a.j.JMeter: Setting JMeter property: jmeter.save.saveservice.time=true
2026-09-10 20:24:01,954 INFO o.a.j.JMeter: Setting JMeter property: jmeter.save.saveservice.latency=true
2026-09-10 20:24:01,954 INFO o.a.j.JMeter: Setting JMeter property: jmeter.save.saveservice.label=true
2026-09-10 20:24:01,954 INFO o.a.j.JMeter: Setting JMeter property: jmeter.save.saveservice.response_code=true
2026-09-10 20:24:01,954 INFO o.a.j.JMeter: Setting JMeter property: jmeter.save.saveservice.response_message=true
2026-09-10 20:24:01,954 INFO o.a.j.JMeter: Setting JMeter property: jmeter.save.saveservice.successful=true
2026-09-10 20:24:01,955 INFO o.a.j.JMeter: Setting JMeter property: jmeter.save.saveservice.assertion_results_failure_message=true
2026-09-10 20:24:01,955 INFO o.a.j.JMeter: Setting JMeter property: jmeter.save.saveservice.thread_name=true
2026-09-10 20:24:01,955 INFO o.a.j.JMeter: Setting JMeter property: jmeter.save.saveservice.thread_counts=true
2026-09-10 20:24:01,955 INFO o.a.j.JMeter: Setting JMeter property: jmeter.save.saveservice.connect_time=true
2026-09-10 20:24:01,962 INFO o.a.j.JMeter: Copyright (c) 1998-2024 The Apache Software Foundation
2026-09-10 20:24:01,962 INFO o.a.j.JMeter: Version 5.6.3
2026-09-10 20:24:01,962 INFO o.a.j.JMeter: java.version=26.0.1
2026-09-10 20:24:01,963 INFO o.a.j.JMeter: java.vm.name=Java HotSpot(TM) 64-Bit Server VM
2026-09-10 20:24:01,963 INFO o.a.j.JMeter: os.name=Windows 10
2026-09-10 20:24:01,963 INFO o.a.j.JMeter: os.arch=amd64
2026-09-10 20:24:01,963 INFO o.a.j.JMeter: os.version=10.0
2026-09-10 20:24:01,963 INFO o.a.j.JMeter: file.encoding=UTF-8
2026-09-10 20:24:01,963 INFO o.a.j.JMeter: java.awt.headless=true
2026-09-10 20:24:01,963 INFO o.a.j.JMeter: Max memory     =1073741824
2026-09-10 20:24:01,963 INFO o.a.j.JMeter: Available Processors =8
2026-09-10 20:24:01,973 INFO o.a.j.JMeter: Default Locale=English (EN)
2026-09-10 20:24:01,974 INFO o.a.j.JMeter: JMeter  Locale=English (EN)
2026-09-10 20:24:01,974 INFO o.a.j.JMeter: JMeterHome=C:\Program Files\apache-jmeter-5.6.3
2026-09-10 20:24:01,974 INFO o.a.j.JMeter: user.dir  =C:\University\Programming\Software Testing\Lab4
2026-09-10 20:24:01,974 INFO o.a.j.JMeter: PWD       =C:\University\Programming\Software Testing\Lab4
2026-09-10 20:24:01,975 INFO o.a.j.JMeter: IP: 172.28.17.195 Name: DESKTOP-74FQ4EV FullName: DESKTOP-74FQ4EV
2026-09-10 20:24:01,983 INFO o.a.j.JMeter: Setting property 'jmeter.reportgenerator.outputdir' to:'C:\University\Programming\Software Testing\Lab4\html_reports\stress_until_503\20users_400rpm'
2026-09-10 20:24:01,985 INFO o.a.j.s.FileServer: Default base='C:\University\Programming\Software Testing\Lab4'
2026-09-10 20:24:01,986 INFO o.a.j.s.FileServer: Set new base='C:\University\Programming\Software Testing\Lab4\quality_jmeter_plans\stress_until_503'
2026-09-10 20:24:02,183 INFO o.a.j.s.SaveService: Testplan (JMX) version: 2.2. Testlog (JTL) version: 2.2
2026-09-10 20:24:02,197 INFO o.a.j.s.SaveService: Using SaveService properties version 5.0
2026-09-10 20:24:02,199 INFO o.a.j.s.SaveService: Using SaveService properties file encoding UTF-8
2026-09-10 20:24:02,202 INFO o.a.j.s.SaveService: Loading file: quality_jmeter_plans\stress_until_503\stress_until_503_20users_400rpm_ctt.jmx
2026-09-10 20:24:02,243 INFO o.a.j.p.h.s.HTTPSamplerBase: Parser for text/html is org.apache.jmeter.protocol.http.parser.LagartoBasedHtmlParser
2026-09-10 20:24:02,243 INFO o.a.j.p.h.s.HTTPSamplerBase: Parser for application/xhtml+xml is org.apache.jmeter.protocol.http.parser.LagartoBasedHtmlParser
2026-09-10 20:24:02,244 INFO o.a.j.p.h.s.HTTPSamplerBase: Parser for application/xml is org.apache.jmeter.protocol.http.parser.LagartoBasedHtmlParser
2026-09-10 20:24:02,244 INFO o.a.j.p.h.s.HTTPSamplerBase: Parser for text/xml is org.apache.jmeter.protocol.http.parser.LagartoBasedHtmlParser
2026-09-10 20:24:02,244 INFO o.a.j.p.h.s.HTTPSamplerBase: Parser for text/vnd.wap.wml is org.apache.jmeter.protocol.http.parser.RegexpHTMLParser
2026-09-10 20:24:02,244 INFO o.a.j.p.h.s.HTTPSamplerBase: Parser for text/css is org.apache.jmeter.protocol.http.parser.CssParser
2026-09-10 20:24:02,254 INFO o.a.j.JMeter: Creating summariser <summary>
2026-09-10 20:24:02,260 INFO o.a.j.r.d.ReportGenerator: ReportGenerator will use for Parsing the separator: ','
2026-09-10 20:24:02,261 INFO o.a.j.r.d.ReportGenerator: Will generate report at end of test from  results file: results/stress_until_503/stress_until_503_20users_400rpm.jtl
2026-09-10 20:24:02,261 INFO o.a.j.r.d.ReportGenerator: Reading report generator properties from: C:\Program Files\apache-jmeter-5.6.3\bin\reportgenerator.properties
2026-09-10 20:24:02,261 INFO o.a.j.r.d.ReportGenerator: Merging with JMeter properties
2026-09-10 20:24:02,264 INFO o.a.j.r.c.ReportGeneratorConfiguration: Property 'jmeter.reportgenerator.temp_dir' not found, using default value 'temp' instead.
2026-09-10 20:24:02,265 INFO o.a.j.r.c.ReportGeneratorConfiguration: Property 'jmeter.reportgenerator.apdex_per_transaction' not found, using default value 'null' instead.
2026-09-10 20:24:02,265 INFO o.a.j.r.c.ReportGeneratorConfiguration: apdex_per_transaction is empty, not APDEX per transaction customization
2026-09-10 20:24:02,265 INFO o.a.j.r.c.ReportGeneratorConfiguration: Property 'jmeter.reportgenerator.sample_filter' not found, using default value 'null' instead.
2026-09-10 20:24:02,265 INFO o.a.j.r.c.ReportGeneratorConfiguration: Property 'jmeter.reportgenerator.report_title' not found, using default value 'null' instead.
2026-09-10 20:24:02,266 INFO o.a.j.r.c.ReportGeneratorConfiguration: Property 'jmeter.reportgenerator.start_date' not found, using default value 'null' instead.
2026-09-10 20:24:02,266 INFO o.a.j.r.c.ReportGeneratorConfiguration: Property 'jmeter.reportgenerator.end_date' not found, using default value 'null' instead.
2026-09-10 20:24:02,266 INFO o.a.j.r.c.ReportGeneratorConfiguration: Property 'jmeter.reportgenerator.date_format' not found, using default value 'null' instead.
2026-09-10 20:24:02,266 INFO o.a.j.r.c.ReportGeneratorConfiguration: Will use date range start date: null, end date: null
2026-09-10 20:24:02,268 INFO o.a.j.r.c.ReportGeneratorConfiguration: Property 'jmeter.reportgenerator.graph.totalTPS.exclude_controllers' not found, using default value 'false' instead.
2026-09-10 20:24:02,268 INFO o.a.j.r.c.ReportGeneratorConfiguration: Property 'jmeter.reportgenerator.graph.activeThreadsOverTime.exclude_controllers' not found, using default value 'false' instead.
2026-09-10 20:24:02,268 INFO o.a.j.r.c.ReportGeneratorConfiguration: Property 'jmeter.reportgenerator.graph.timeVsThreads.exclude_controllers' not found, using default value 'false' instead.
2026-09-10 20:24:02,268 INFO o.a.j.r.c.ReportGeneratorConfiguration: Property 'jmeter.reportgenerator.graph.responseTimeDistribution.exclude_controllers' not found, using default value 'false' instead.
2026-09-10 20:24:02,269 INFO o.a.j.r.c.ReportGeneratorConfiguration: Property 'jmeter.reportgenerator.graph.transactionsPerSecond.exclude_controllers' not found, using default value 'false' instead.
2026-09-10 20:24:02,269 INFO o.a.j.r.c.ReportGeneratorConfiguration: Property 'jmeter.reportgenerator.graph.responseTimePercentiles.exclude_controllers' not found, using default value 'false' instead.
2026-09-10 20:24:02,269 INFO o.a.j.r.c.ReportGeneratorConfiguration: Property 'jmeter.reportgenerator.graph.responseTimePercentilesOverTime.exclude_controllers' not found, using default value 'false' instead.
2026-09-10 20:24:02,269 INFO o.a.j.r.c.ReportGeneratorConfiguration: Property 'jmeter.reportgenerator.graph.responseTimesOverTime.exclude_controllers' not found, using default value 'false' instead.
2026-09-10 20:24:02,269 INFO o.a.j.r.c.ReportGeneratorConfiguration: Property 'jmeter.reportgenerator.graph.connectTimeOverTime.exclude_controllers' not found, using default value 'false' instead.
2026-09-10 20:24:02,269 INFO o.a.j.r.c.ReportGeneratorConfiguration: Property 'jmeter.reportgenerator.graph.latenciesOverTime.exclude_controllers' not found, using default value 'false' instead.
2026-09-10 20:24:02,270 INFO o.a.j.r.c.ReportGeneratorConfiguration: Property 'jmeter.reportgenerator.exporter.json.filters_only_sample_series' not found, using default value 'true' instead.
2026-09-10 20:24:02,270 INFO o.a.j.r.c.ReportGeneratorConfiguration: Property 'jmeter.reportgenerator.exporter.json.series_filter' not found, using default value '' instead.
2026-09-10 20:24:02,270 INFO o.a.j.r.c.ReportGeneratorConfiguration: Property 'jmeter.reportgenerator.exporter.json.show_controllers_only' not found, using default value 'false' instead.
2026-09-10 20:24:02,270 INFO o.a.j.r.c.ReportGeneratorConfiguration: Property 'jmeter.reportgenerator.exporter.html.filters_only_sample_series' not found, using default value 'true' instead.
2026-09-10 20:24:02,270 INFO o.a.j.r.c.ReportGeneratorConfiguration: Property 'jmeter.reportgenerator.exporter.html.series_filter' not found, using default value '' instead.
2026-09-10 20:24:02,270 INFO o.a.j.r.c.ReportGeneratorConfiguration: Property 'jmeter.reportgenerator.exporter.html.show_controllers_only' not found, using default value 'false' instead.
2026-09-10 20:24:02,278 INFO o.a.j.e.StandardJMeterEngine: Running the test!
2026-09-10 20:24:02,278 INFO o.a.j.s.SampleEvent: List of sample_variables: []
2026-09-10 20:24:02,278 INFO o.a.j.s.SampleEvent: List of sample_variables: []
2026-09-10 20:24:02,282 INFO o.a.j.e.u.CompoundVariable: Note: Function class names must contain the string: '.functions.'
2026-09-10 20:24:02,283 INFO o.a.j.e.u.CompoundVariable: Note: Function class names must not contain the string: '.gui.'
2026-09-10 20:24:02,335 INFO o.a.j.JMeter: Running test (1789061042334)
2026-09-10 20:24:02,350 INFO o.a.j.e.StandardJMeterEngine: Starting ThreadGroup: 1 : Thread Group - until HTTP 503 - 20 users
2026-09-10 20:24:02,351 INFO o.a.j.e.StandardJMeterEngine: Starting 20 threads for group Thread Group - until HTTP 503 - 20 users.
2026-09-10 20:24:02,351 INFO o.a.j.e.StandardJMeterEngine: Thread will continue on error
2026-09-10 20:24:02,351 INFO o.a.j.t.ThreadGroup: Starting thread group... number=1 threads=20 ramp-up=20 delayedStart=false
2026-09-10 20:24:02,356 INFO o.a.j.t.JMeterThread: Thread started: Thread Group - until HTTP 503 - 20 users 1-1
2026-09-10 20:24:02,361 INFO o.a.j.t.ThreadGroup: Started thread group number 1
2026-09-10 20:24:02,361 INFO o.a.j.e.StandardJMeterEngine: All thread groups have been started
2026-09-10 20:24:02,392 INFO o.a.j.p.h.s.HTTPHCAbstractImpl: Local host = DESKTOP-74FQ4EV
2026-09-10 20:24:02,396 INFO o.a.j.p.h.s.HTTPHC4Impl: HTTP request retry count = 0
2026-09-10 20:24:02,397 INFO o.a.j.s.SampleResult: Note: Sample TimeStamps are START times
2026-09-10 20:24:02,397 INFO o.a.j.s.SampleResult: sampleresult.default.encoding is set to UTF-8
2026-09-10 20:24:02,397 INFO o.a.j.s.SampleResult: sampleresult.useNanoTime=true
2026-09-10 20:24:02,397 INFO o.a.j.s.SampleResult: sampleresult.nanoThreadSleep=5000
2026-09-10 20:24:03,018 INFO o.a.j.r.Summariser: summary +      1 in 00:00:01 =    1.5/s Avg:   565 Min:   565 Max:   565 Err:     0 (0.00%) Active: 1 Started: 1 Finished: 0
2026-09-10 20:24:03,353 INFO o.a.j.t.JMeterThread: Thread started: Thread Group - until HTTP 503 - 20 users 1-2
2026-09-10 20:24:04,354 INFO o.a.j.t.JMeterThread: Thread started: Thread Group - until HTTP 503 - 20 users 1-3
2026-09-10 20:24:05,353 INFO o.a.j.t.JMeterThread: Thread started: Thread Group - until HTTP 503 - 20 users 1-4
2026-09-10 20:24:06,353 INFO o.a.j.t.JMeterThread: Thread started: Thread Group - until HTTP 503 - 20 users 1-5
2026-09-10 20:24:07,352 INFO o.a.j.t.JMeterThread: Thread started: Thread Group - until HTTP 503 - 20 users 1-6
2026-09-10 20:24:08,352 INFO o.a.j.t.JMeterThread: Thread started: Thread Group - until HTTP 503 - 20 users 1-7
2026-09-10 20:24:09,353 INFO o.a.j.t.JMeterThread: Thread started: Thread Group - until HTTP 503 - 20 users 1-8
2026-09-10 20:24:10,353 INFO o.a.j.t.JMeterThread: Thread started: Thread Group - until HTTP 503 - 20 users 1-9
2026-09-10 20:24:11,351 INFO o.a.j.t.JMeterThread: Thread started: Thread Group - until HTTP 503 - 20 users 1-10
2026-09-10 20:24:12,353 INFO o.a.j.t.JMeterThread: Thread started: Thread Group - until HTTP 503 - 20 users 1-11
2026-09-10 20:24:13,353 INFO o.a.j.t.JMeterThread: Thread started: Thread Group - until HTTP 503 - 20 users 1-12
2026-09-10 20:24:14,352 INFO o.a.j.t.JMeterThread: Thread started: Thread Group - until HTTP 503 - 20 users 1-13
2026-09-10 20:24:15,353 INFO o.a.j.t.JMeterThread: Thread started: Thread Group - until HTTP 503 - 20 users 1-14
2026-09-10 20:24:16,351 INFO o.a.j.t.JMeterThread: Thread started: Thread Group - until HTTP 503 - 20 users 1-15
2026-09-10 20:24:17,352 INFO o.a.j.t.JMeterThread: Thread started: Thread Group - until HTTP 503 - 20 users 1-16
2026-09-10 20:24:18,353 INFO o.a.j.t.JMeterThread: Thread started: Thread Group - until HTTP 503 - 20 users 1-17
2026-09-10 20:24:19,352 INFO o.a.j.t.JMeterThread: Thread started: Thread Group - until HTTP 503 - 20 users 1-18
2026-09-10 20:24:20,352 INFO o.a.j.t.JMeterThread: Thread started: Thread Group - until HTTP 503 - 20 users 1-19
2026-09-10 20:24:21,352 INFO o.a.j.t.JMeterThread: Thread started: Thread Group - until HTTP 503 - 20 users 1-20
2026-09-10 20:24:30,191 INFO o.a.j.r.Summariser: summary +    181 in 00:00:27 =    6.7/s Avg:   589 Min:   517 Max:  1478 Err:    13 (7.18%) Active: 20 Started: 20 Finished: 0
2026-09-10 20:24:30,192 INFO o.a.j.r.Summariser: summary =    182 in 00:00:28 =    6.5/s Avg:   589 Min:   517 Max:  1478 Err:    13 (7.14%)
2026-09-10 20:25:00,199 INFO o.a.j.r.Summariser: summary +    200 in 00:00:30 =    6.7/s Avg:   582 Min:   558 Max:  1168 Err:     8 (4.00%) Active: 20 Started: 20 Finished: 0
2026-09-10 20:25:00,200 INFO o.a.j.r.Summariser: summary =    382 in 00:00:58 =    6.6/s Avg:   585 Min:   517 Max:  1478 Err:    21 (5.50%)
2026-09-10 20:25:30,171 INFO o.a.j.r.Summariser: summary +    200 in 00:00:30 =    6.7/s Avg:   576 Min:   557 Max:   637 Err:     5 (2.50%) Active: 20 Started: 20 Finished: 0
2026-09-10 20:25:30,172 INFO o.a.j.r.Summariser: summary =    582 in 00:01:28 =    6.6/s Avg:   582 Min:   517 Max:  1478 Err:    26 (4.47%)
2026-09-10 20:25:30,173 INFO o.a.j.t.JMeterThread: Thread finished: Thread Group - until HTTP 503 - 20 users 1-11
2026-09-10 20:25:30,409 INFO o.a.j.t.JMeterThread: Thread finished: Thread Group - until HTTP 503 - 20 users 1-3
2026-09-10 20:25:30,463 INFO o.a.j.t.JMeterThread: Thread finished: Thread Group - until HTTP 503 - 20 users 1-17
2026-09-10 20:25:30,665 INFO o.a.j.t.JMeterThread: Thread finished: Thread Group - until HTTP 503 - 20 users 1-13
2026-09-10 20:25:30,714 INFO o.a.j.t.JMeterThread: Thread finished: Thread Group - until HTTP 503 - 20 users 1-15
2026-09-10 20:25:30,914 INFO o.a.j.t.JMeterThread: Thread finished: Thread Group - until HTTP 503 - 20 users 1-20
2026-09-10 20:25:31,145 INFO o.a.j.t.JMeterThread: Thread finished: Thread Group - until HTTP 503 - 20 users 1-10
2026-09-10 20:25:31,614 INFO o.a.j.t.JMeterThread: Thread finished: Thread Group - until HTTP 503 - 20 users 1-18
2026-09-10 20:25:31,703 INFO o.a.j.t.JMeterThread: Thread finished: Thread Group - until HTTP 503 - 20 users 1-5
2026-09-10 20:25:31,765 INFO o.a.j.t.JMeterThread: Thread finished: Thread Group - until HTTP 503 - 20 users 1-9
2026-09-10 20:25:31,918 INFO o.a.j.t.JMeterThread: Thread finished: Thread Group - until HTTP 503 - 20 users 1-12
2026-09-10 20:25:32,047 INFO o.a.j.t.JMeterThread: Thread finished: Thread Group - until HTTP 503 - 20 users 1-16
2026-09-10 20:25:32,235 INFO o.a.j.t.JMeterThread: Thread finished: Thread Group - until HTTP 503 - 20 users 1-6
2026-09-10 20:25:32,268 INFO o.a.j.t.JMeterThread: Thread finished: Thread Group - until HTTP 503 - 20 users 1-14
2026-09-10 20:25:32,270 INFO o.a.j.t.JMeterThread: Thread finished: Thread Group - until HTTP 503 - 20 users 1-8
2026-09-10 20:25:32,294 INFO o.a.j.t.JMeterThread: Thread finished: Thread Group - until HTTP 503 - 20 users 1-1
2026-09-10 20:25:32,404 INFO o.a.j.t.JMeterThread: Stopping because end time detected by thread: Thread Group - until HTTP 503 - 20 users 1-2
2026-09-10 20:25:32,404 INFO o.a.j.t.JMeterThread: Thread finished: Thread Group - until HTTP 503 - 20 users 1-2
2026-09-10 20:25:32,770 INFO o.a.j.t.JMeterThread: Stopping because end time detected by thread: Thread Group - until HTTP 503 - 20 users 1-19
2026-09-10 20:25:32,770 INFO o.a.j.t.JMeterThread: Thread finished: Thread Group - until HTTP 503 - 20 users 1-19
2026-09-10 20:25:32,918 INFO o.a.j.t.JMeterThread: Stopping because end time detected by thread: Thread Group - until HTTP 503 - 20 users 1-7
2026-09-10 20:25:32,918 INFO o.a.j.t.JMeterThread: Thread finished: Thread Group - until HTTP 503 - 20 users 1-7
2026-09-10 20:25:32,921 INFO o.a.j.t.JMeterThread: Stopping because end time detected by thread: Thread Group - until HTTP 503 - 20 users 1-4
2026-09-10 20:25:32,921 INFO o.a.j.t.JMeterThread: Thread finished: Thread Group - until HTTP 503 - 20 users 1-4
2026-09-10 20:25:32,921 INFO o.a.j.e.StandardJMeterEngine: Notifying test listeners of end of test
2026-09-10 20:25:32,922 INFO o.a.j.r.Summariser: summary +     21 in 00:00:03 =    7.6/s Avg:   569 Min:   559 Max:   598 Err:     0 (0.00%) Active: 0 Started: 20 Finished: 20
2026-09-10 20:25:32,923 INFO o.a.j.r.Summariser: summary =    603 in 00:01:31 =    6.7/s Avg:   582 Min:   517 Max:  1478 Err:    26 (4.31%)
2026-09-10 20:25:32,923 INFO o.a.j.JMeter: Generating Dashboard
2026-09-10 20:25:32,924 INFO o.a.j.r.d.ReportGenerator: Flushing result collector before report Generation
2026-09-10 20:25:32,955 INFO o.a.j.r.p.NormalizerSampleConsumer: Using format, 'ms', to parse timeStamp field
2026-09-10 20:25:33,121 INFO o.a.j.r.p.AbstractSampleConsumer: class org.apache.jmeter.report.processor.AggregateConsumer#stopProducing(): beginDate produced 0 samples
2026-09-10 20:25:33,122 INFO o.a.j.r.p.AbstractSampleConsumer: class org.apache.jmeter.report.processor.AggregateConsumer#stopProducing(): endDate produced 0 samples
2026-09-10 20:25:33,124 INFO o.a.j.r.p.AbstractSampleConsumer: class org.apache.jmeter.report.processor.ApdexSummaryConsumer#stopProducing(): apdexSummary produced 0 samples
2026-09-10 20:25:33,124 INFO o.a.j.r.p.AbstractSampleConsumer: class org.apache.jmeter.report.processor.RequestsSummaryConsumer#stopProducing(): requestsSummary produced 0 samples
2026-09-10 20:25:33,130 INFO o.a.j.r.p.AbstractSampleConsumer: class org.apache.jmeter.report.processor.StatisticsSummaryConsumer#stopProducing(): statisticsSummary produced 0 samples
2026-09-10 20:25:33,132 INFO o.a.j.r.p.AbstractSampleConsumer: class org.apache.jmeter.report.processor.Top5ErrorsBySamplerConsumer#stopProducing(): top5ErrorsBySampler produced 0 samples
2026-09-10 20:25:33,132 INFO o.a.j.r.p.AbstractSampleConsumer: class org.apache.jmeter.report.processor.ErrorsSummaryConsumer#stopProducing(): errorsSummary produced 0 samples
2026-09-10 20:25:33,132 INFO o.a.j.r.p.AbstractSampleConsumer: class org.apache.jmeter.report.processor.graph.impl.HitsPerSecondGraphConsumer#stopProducing(): hitsPerSecond produced 0 samples
2026-09-10 20:25:33,189 INFO o.a.j.r.p.AbstractSampleConsumer: class org.apache.jmeter.report.processor.graph.impl.LatencyVSRequestGraphConsumer#stopProducing(): latencyVsRequest produced 0 samples
2026-09-10 20:25:33,189 INFO o.a.j.r.p.AbstractSampleConsumer: class org.apache.jmeter.report.processor.graph.impl.SyntheticResponseTimeDistributionGraphConsumer#stopProducing(): syntheticResponseTimeDistribution produced 0 samples
2026-09-10 20:25:33,190 INFO o.a.j.r.p.AbstractSampleConsumer: class org.apache.jmeter.report.processor.graph.impl.BytesThroughputGraphConsumer#stopProducing(): bytesThroughputOverTime produced 0 samples
2026-09-10 20:25:33,190 INFO o.a.j.r.p.AbstractSampleConsumer: class org.apache.jmeter.report.processor.graph.impl.CodesPerSecondGraphConsumer#stopProducing(): codesPerSecond produced 0 samples
2026-09-10 20:25:33,225 INFO o.a.j.r.p.AbstractSampleConsumer: class org.apache.jmeter.report.processor.graph.impl.ResponseTimeVSRequestGraphConsumer#stopProducing(): responseTimeVsRequest produced 0 samples
2026-09-10 20:25:33,226 INFO o.a.j.r.p.AbstractSampleConsumer: class org.apache.jmeter.report.processor.FilterConsumer#stopProducing(): startIntervalControlerFilter produced 4221 samples
2026-09-10 20:25:33,227 INFO o.a.j.r.p.AbstractSampleConsumer: class org.apache.jmeter.report.processor.graph.impl.TotalTPSGraphConsumer#stopProducing(): totalTPS produced 0 samples
2026-09-10 20:25:33,227 INFO o.a.j.r.p.AbstractSampleConsumer: class org.apache.jmeter.report.processor.graph.impl.ActiveThreadsGraphConsumer#stopProducing(): activeThreadsOverTime produced 0 samples
2026-09-10 20:25:33,227 INFO o.a.j.r.p.AbstractSampleConsumer: class org.apache.jmeter.report.processor.graph.impl.TimeVSThreadGraphConsumer#stopProducing(): timeVsThreads produced 0 samples
2026-09-10 20:25:33,227 INFO o.a.j.r.p.AbstractSampleConsumer: class org.apache.jmeter.report.processor.graph.impl.ResponseTimeDistributionGraphConsumer#stopProducing(): responseTimeDistribution produced 0 samples
2026-09-10 20:25:33,228 INFO o.a.j.r.p.AbstractSampleConsumer: class org.apache.jmeter.report.processor.graph.impl.TransactionsPerSecondGraphConsumer#stopProducing(): transactionsPerSecond produced 0 samples
2026-09-10 20:25:33,228 INFO o.a.j.r.p.AbstractSampleConsumer: class org.apache.jmeter.report.processor.graph.impl.ResponseTimePercentilesGraphConsumer#stopProducing(): responseTimePercentiles produced 0 samples
2026-09-10 20:25:33,230 INFO o.a.j.r.p.AbstractSampleConsumer: class org.apache.jmeter.report.processor.graph.impl.ResponseTimePercentilesOverTimeGraphConsumer#stopProducing(): responseTimePercentilesOverTime produced 0 samples
2026-09-10 20:25:33,231 INFO o.a.j.r.p.AbstractSampleConsumer: class org.apache.jmeter.report.processor.graph.impl.ResponseTimeOverTimeGraphConsumer#stopProducing(): responseTimesOverTime produced 0 samples
2026-09-10 20:25:33,231 INFO o.a.j.r.p.AbstractSampleConsumer: class org.apache.jmeter.report.processor.graph.impl.ConnectTimeOverTimeGraphConsumer#stopProducing(): connectTimeOverTime produced 0 samples
2026-09-10 20:25:33,231 INFO o.a.j.r.p.AbstractSampleConsumer: class org.apache.jmeter.report.processor.graph.impl.LatencyOverTimeGraphConsumer#stopProducing(): latenciesOverTime produced 0 samples
2026-09-10 20:25:33,232 INFO o.a.j.r.p.AbstractSampleConsumer: class org.apache.jmeter.report.processor.FilterConsumer#stopProducing(): nameFilter produced 9045 samples
2026-09-10 20:25:33,232 INFO o.a.j.r.p.AbstractSampleConsumer: class org.apache.jmeter.report.processor.FilterConsumer#stopProducing(): dateRangeFilter produced 1809 samples
2026-09-10 20:25:33,232 INFO o.a.j.r.p.AbstractSampleConsumer: class org.apache.jmeter.report.processor.NormalizerSampleConsumer#stopProducing(): normalizer produced 603 samples
2026-09-10 20:25:33,233 INFO o.a.j.r.p.CsvFileSampleSource: produce(): 603 samples produced in 245ms on channel 0
2026-09-10 20:25:33,233 INFO o.a.j.r.d.ReportGenerator: Exporting data using exporter:'json' of className:'org.apache.jmeter.report.dashboard.JsonExporter'
2026-09-10 20:25:33,342 INFO o.a.j.r.d.JsonExporter: Found data for consumer statisticsSummary in context
2026-09-10 20:25:33,342 INFO o.a.j.r.d.JsonExporter: Creating statistics for overall
2026-09-10 20:25:33,343 INFO o.a.j.r.d.JsonExporter: Creating statistics for other transactions
2026-09-10 20:25:33,343 INFO o.a.j.r.d.JsonExporter: Checking output folder
2026-09-10 20:25:33,344 INFO o.a.j.r.d.JsonExporter: Writing statistics JSON to C:\University\Programming\Software Testing\Lab4\html_reports\stress_until_503\20users_400rpm\statistics.json
2026-09-10 20:25:33,409 INFO o.a.j.r.d.ReportGenerator: Exporting data using exporter:'html' of className:'org.apache.jmeter.report.dashboard.HtmlTemplateExporter'
2026-09-10 20:25:33,412 INFO o.a.j.r.d.HtmlTemplateExporter: Will generate dashboard in folder: C:\University\Programming\Software Testing\Lab4\html_reports\stress_until_503\20users_400rpm
2026-09-10 20:25:33,508 INFO o.a.j.r.d.HtmlTemplateExporter: Report will be generated in: C:\University\Programming\Software Testing\Lab4\html_reports\stress_until_503\20users_400rpm, creating folder structure
2026-09-10 20:25:33,511 INFO o.a.j.r.d.TemplateVisitor: Copying folder from 'C:\Program Files\apache-jmeter-5.6.3\bin\report-template' to 'C:\University\Programming\Software Testing\Lab4\html_reports\stress_until_503\20users_400rpm', got message: C:\University\Programming\Software Testing\Lab4\html_reports\stress_until_503\20users_400rpm, found non empty folder with following content [C:\University\Programming\Software Testing\Lab4\html_reports\stress_until_503\20users_400rpm\statistics.json], will be ignored
2026-09-10 20:25:33,982 INFO o.a.j.JMeter: Dashboard generated
