2026-09-10 20:43:23,092 INFO o.a.j.u.JMeterUtils: Setting Locale to en_EN
2026-09-10 20:43:23,104 INFO o.a.j.JMeter: Loading user properties from: C:\Program Files\apache-jmeter-5.6.3\bin\user.properties
2026-09-10 20:43:23,105 INFO o.a.j.JMeter: Loading system properties from: C:\Program Files\apache-jmeter-5.6.3\bin\system.properties
2026-09-10 20:43:23,105 INFO o.a.j.JMeter: Setting JMeter property: jmeter.save.saveservice.output_format=csv
2026-09-10 20:43:23,105 INFO o.a.j.JMeter: Setting JMeter property: jmeter.save.saveservice.print_field_names=true
2026-09-10 20:43:23,107 INFO o.a.j.JMeter: Setting JMeter property: jmeter.save.saveservice.timestamp_format=ms
2026-09-10 20:43:23,107 INFO o.a.j.JMeter: Setting JMeter property: jmeter.save.saveservice.time=true
2026-09-10 20:43:23,107 INFO o.a.j.JMeter: Setting JMeter property: jmeter.save.saveservice.latency=true
2026-09-10 20:43:23,107 INFO o.a.j.JMeter: Setting JMeter property: jmeter.save.saveservice.label=true
2026-09-10 20:43:23,107 INFO o.a.j.JMeter: Setting JMeter property: jmeter.save.saveservice.response_code=true
2026-09-10 20:43:23,107 INFO o.a.j.JMeter: Setting JMeter property: jmeter.save.saveservice.response_message=true
2026-09-10 20:43:23,107 INFO o.a.j.JMeter: Setting JMeter property: jmeter.save.saveservice.successful=true
2026-09-10 20:43:23,107 INFO o.a.j.JMeter: Setting JMeter property: jmeter.save.saveservice.assertion_results_failure_message=true
2026-09-10 20:43:23,107 INFO o.a.j.JMeter: Setting JMeter property: jmeter.save.saveservice.thread_name=true
2026-09-10 20:43:23,107 INFO o.a.j.JMeter: Setting JMeter property: jmeter.save.saveservice.thread_counts=true
2026-09-10 20:43:23,107 INFO o.a.j.JMeter: Setting JMeter property: jmeter.save.saveservice.connect_time=true
2026-09-10 20:43:23,112 INFO o.a.j.JMeter: Copyright (c) 1998-2024 The Apache Software Foundation
2026-09-10 20:43:23,112 INFO o.a.j.JMeter: Version 5.6.3
2026-09-10 20:43:23,113 INFO o.a.j.JMeter: java.version=26.0.1
2026-09-10 20:43:23,113 INFO o.a.j.JMeter: java.vm.name=Java HotSpot(TM) 64-Bit Server VM
2026-09-10 20:43:23,113 INFO o.a.j.JMeter: os.name=Windows 10
2026-09-10 20:43:23,113 INFO o.a.j.JMeter: os.arch=amd64
2026-09-10 20:43:23,113 INFO o.a.j.JMeter: os.version=10.0
2026-09-10 20:43:23,113 INFO o.a.j.JMeter: file.encoding=UTF-8
2026-09-10 20:43:23,113 INFO o.a.j.JMeter: java.awt.headless=true
2026-09-10 20:43:23,113 INFO o.a.j.JMeter: Max memory     =1073741824
2026-09-10 20:43:23,113 INFO o.a.j.JMeter: Available Processors =8
2026-09-10 20:43:23,123 INFO o.a.j.JMeter: Default Locale=English (EN)
2026-09-10 20:43:23,124 INFO o.a.j.JMeter: JMeter  Locale=English (EN)
2026-09-10 20:43:23,124 INFO o.a.j.JMeter: JMeterHome=C:\Program Files\apache-jmeter-5.6.3
2026-09-10 20:43:23,124 INFO o.a.j.JMeter: user.dir  =C:\University\Programming\Software Testing\Lab4
2026-09-10 20:43:23,124 INFO o.a.j.JMeter: PWD       =C:\University\Programming\Software Testing\Lab4
2026-09-10 20:43:23,125 INFO o.a.j.JMeter: IP: 172.28.17.195 Name: DESKTOP-74FQ4EV FullName: DESKTOP-74FQ4EV
2026-09-10 20:43:23,133 INFO o.a.j.JMeter: Setting property 'jmeter.reportgenerator.outputdir' to:'C:\University\Programming\Software Testing\Lab4\html_reports\stress_until_503\144users_2880rpm'
2026-09-10 20:43:23,136 INFO o.a.j.s.FileServer: Default base='C:\University\Programming\Software Testing\Lab4'
2026-09-10 20:43:23,136 INFO o.a.j.s.FileServer: Set new base='C:\University\Programming\Software Testing\Lab4\quality_jmeter_plans\stress_until_503'
2026-09-10 20:43:23,340 INFO o.a.j.s.SaveService: Testplan (JMX) version: 2.2. Testlog (JTL) version: 2.2
2026-09-10 20:43:23,354 INFO o.a.j.s.SaveService: Using SaveService properties version 5.0
2026-09-10 20:43:23,356 INFO o.a.j.s.SaveService: Using SaveService properties file encoding UTF-8
2026-09-10 20:43:23,358 INFO o.a.j.s.SaveService: Loading file: quality_jmeter_plans\stress_until_503\stress_until_503_144users_2880rpm_ctt.jmx
2026-09-10 20:43:23,403 INFO o.a.j.p.h.s.HTTPSamplerBase: Parser for text/html is org.apache.jmeter.protocol.http.parser.LagartoBasedHtmlParser
2026-09-10 20:43:23,403 INFO o.a.j.p.h.s.HTTPSamplerBase: Parser for application/xhtml+xml is org.apache.jmeter.protocol.http.parser.LagartoBasedHtmlParser
2026-09-10 20:43:23,403 INFO o.a.j.p.h.s.HTTPSamplerBase: Parser for application/xml is org.apache.jmeter.protocol.http.parser.LagartoBasedHtmlParser
2026-09-10 20:43:23,403 INFO o.a.j.p.h.s.HTTPSamplerBase: Parser for text/xml is org.apache.jmeter.protocol.http.parser.LagartoBasedHtmlParser
2026-09-10 20:43:23,403 INFO o.a.j.p.h.s.HTTPSamplerBase: Parser for text/vnd.wap.wml is org.apache.jmeter.protocol.http.parser.RegexpHTMLParser
2026-09-10 20:43:23,403 INFO o.a.j.p.h.s.HTTPSamplerBase: Parser for text/css is org.apache.jmeter.protocol.http.parser.CssParser
2026-09-10 20:43:23,413 INFO o.a.j.JMeter: Creating summariser <summary>
2026-09-10 20:43:23,420 INFO o.a.j.r.d.ReportGenerator: ReportGenerator will use for Parsing the separator: ','
2026-09-10 20:43:23,420 INFO o.a.j.r.d.ReportGenerator: Will generate report at end of test from  results file: results/stress_until_503/stress_until_503_144users_2880rpm.jtl
2026-09-10 20:43:23,421 INFO o.a.j.r.d.ReportGenerator: Reading report generator properties from: C:\Program Files\apache-jmeter-5.6.3\bin\reportgenerator.properties
2026-09-10 20:43:23,421 INFO o.a.j.r.d.ReportGenerator: Merging with JMeter properties
2026-09-10 20:43:23,424 INFO o.a.j.r.c.ReportGeneratorConfiguration: Property 'jmeter.reportgenerator.temp_dir' not found, using default value 'temp' instead.
2026-09-10 20:43:23,425 INFO o.a.j.r.c.ReportGeneratorConfiguration: Property 'jmeter.reportgenerator.apdex_per_transaction' not found, using default value 'null' instead.
2026-09-10 20:43:23,425 INFO o.a.j.r.c.ReportGeneratorConfiguration: apdex_per_transaction is empty, not APDEX per transaction customization
2026-09-10 20:43:23,425 INFO o.a.j.r.c.ReportGeneratorConfiguration: Property 'jmeter.reportgenerator.sample_filter' not found, using default value 'null' instead.
2026-09-10 20:43:23,425 INFO o.a.j.r.c.ReportGeneratorConfiguration: Property 'jmeter.reportgenerator.report_title' not found, using default value 'null' instead.
2026-09-10 20:43:23,425 INFO o.a.j.r.c.ReportGeneratorConfiguration: Property 'jmeter.reportgenerator.start_date' not found, using default value 'null' instead.
2026-09-10 20:43:23,425 INFO o.a.j.r.c.ReportGeneratorConfiguration: Property 'jmeter.reportgenerator.end_date' not found, using default value 'null' instead.
2026-09-10 20:43:23,426 INFO o.a.j.r.c.ReportGeneratorConfiguration: Property 'jmeter.reportgenerator.date_format' not found, using default value 'null' instead.
2026-09-10 20:43:23,426 INFO o.a.j.r.c.ReportGeneratorConfiguration: Will use date range start date: null, end date: null
2026-09-10 20:43:23,428 INFO o.a.j.r.c.ReportGeneratorConfiguration: Property 'jmeter.reportgenerator.graph.totalTPS.exclude_controllers' not found, using default value 'false' instead.
2026-09-10 20:43:23,428 INFO o.a.j.r.c.ReportGeneratorConfiguration: Property 'jmeter.reportgenerator.graph.activeThreadsOverTime.exclude_controllers' not found, using default value 'false' instead.
2026-09-10 20:43:23,428 INFO o.a.j.r.c.ReportGeneratorConfiguration: Property 'jmeter.reportgenerator.graph.timeVsThreads.exclude_controllers' not found, using default value 'false' instead.
2026-09-10 20:43:23,428 INFO o.a.j.r.c.ReportGeneratorConfiguration: Property 'jmeter.reportgenerator.graph.responseTimeDistribution.exclude_controllers' not found, using default value 'false' instead.
2026-09-10 20:43:23,429 INFO o.a.j.r.c.ReportGeneratorConfiguration: Property 'jmeter.reportgenerator.graph.transactionsPerSecond.exclude_controllers' not found, using default value 'false' instead.
2026-09-10 20:43:23,429 INFO o.a.j.r.c.ReportGeneratorConfiguration: Property 'jmeter.reportgenerator.graph.responseTimePercentiles.exclude_controllers' not found, using default value 'false' instead.
2026-09-10 20:43:23,429 INFO o.a.j.r.c.ReportGeneratorConfiguration: Property 'jmeter.reportgenerator.graph.responseTimePercentilesOverTime.exclude_controllers' not found, using default value 'false' instead.
2026-09-10 20:43:23,429 INFO o.a.j.r.c.ReportGeneratorConfiguration: Property 'jmeter.reportgenerator.graph.responseTimesOverTime.exclude_controllers' not found, using default value 'false' instead.
2026-09-10 20:43:23,429 INFO o.a.j.r.c.ReportGeneratorConfiguration: Property 'jmeter.reportgenerator.graph.connectTimeOverTime.exclude_controllers' not found, using default value 'false' instead.
2026-09-10 20:43:23,429 INFO o.a.j.r.c.ReportGeneratorConfiguration: Property 'jmeter.reportgenerator.graph.latenciesOverTime.exclude_controllers' not found, using default value 'false' instead.
2026-09-10 20:43:23,430 INFO o.a.j.r.c.ReportGeneratorConfiguration: Property 'jmeter.reportgenerator.exporter.json.filters_only_sample_series' not found, using default value 'true' instead.
2026-09-10 20:43:23,430 INFO o.a.j.r.c.ReportGeneratorConfiguration: Property 'jmeter.reportgenerator.exporter.json.series_filter' not found, using default value '' instead.
2026-09-10 20:43:23,430 INFO o.a.j.r.c.ReportGeneratorConfiguration: Property 'jmeter.reportgenerator.exporter.json.show_controllers_only' not found, using default value 'false' instead.
2026-09-10 20:43:23,430 INFO o.a.j.r.c.ReportGeneratorConfiguration: Property 'jmeter.reportgenerator.exporter.html.filters_only_sample_series' not found, using default value 'true' instead.
2026-09-10 20:43:23,430 INFO o.a.j.r.c.ReportGeneratorConfiguration: Property 'jmeter.reportgenerator.exporter.html.series_filter' not found, using default value '' instead.
2026-09-10 20:43:23,430 INFO o.a.j.r.c.ReportGeneratorConfiguration: Property 'jmeter.reportgenerator.exporter.html.show_controllers_only' not found, using default value 'false' instead.
2026-09-10 20:43:23,438 INFO o.a.j.e.StandardJMeterEngine: Running the test!
2026-09-10 20:43:23,438 INFO o.a.j.s.SampleEvent: List of sample_variables: []
2026-09-10 20:43:23,438 INFO o.a.j.s.SampleEvent: List of sample_variables: []
2026-09-10 20:43:23,443 INFO o.a.j.e.u.CompoundVariable: Note: Function class names must contain the string: '.functions.'
2026-09-10 20:43:23,443 INFO o.a.j.e.u.CompoundVariable: Note: Function class names must not contain the string: '.gui.'
2026-09-10 20:43:23,495 INFO o.a.j.JMeter: Running test (1789062203495)
2026-09-10 20:43:23,511 INFO o.a.j.e.StandardJMeterEngine: Starting ThreadGroup: 1 : Thread Group - until HTTP 503 - 144 users
2026-09-10 20:43:23,511 INFO o.a.j.e.StandardJMeterEngine: Starting 144 threads for group Thread Group - until HTTP 503 - 144 users.
2026-09-10 20:43:23,511 INFO o.a.j.e.StandardJMeterEngine: Thread will continue on error
2026-09-10 20:43:23,511 INFO o.a.j.t.ThreadGroup: Starting thread group... number=1 threads=144 ramp-up=60 delayedStart=false
2026-09-10 20:43:23,516 INFO o.a.j.t.JMeterThread: Thread started: Thread Group - until HTTP 503 - 144 users 1-1
2026-09-10 20:43:23,550 INFO o.a.j.t.ThreadGroup: Started thread group number 1
2026-09-10 20:43:23,550 INFO o.a.j.e.StandardJMeterEngine: All thread groups have been started
2026-09-10 20:43:23,562 INFO o.a.j.p.h.s.HTTPHCAbstractImpl: Local host = DESKTOP-74FQ4EV
2026-09-10 20:43:23,568 INFO o.a.j.p.h.s.HTTPHC4Impl: HTTP request retry count = 0
2026-09-10 20:43:23,569 INFO o.a.j.s.SampleResult: Note: Sample TimeStamps are START times
2026-09-10 20:43:23,569 INFO o.a.j.s.SampleResult: sampleresult.default.encoding is set to UTF-8
2026-09-10 20:43:23,569 INFO o.a.j.s.SampleResult: sampleresult.useNanoTime=true
2026-09-10 20:43:23,569 INFO o.a.j.s.SampleResult: sampleresult.nanoThreadSleep=5000
2026-09-10 20:43:23,930 INFO o.a.j.t.JMeterThread: Thread started: Thread Group - until HTTP 503 - 144 users 1-2
2026-09-10 20:43:24,348 INFO o.a.j.t.JMeterThread: Thread started: Thread Group - until HTTP 503 - 144 users 1-3
2026-09-10 20:43:24,763 INFO o.a.j.t.JMeterThread: Thread started: Thread Group - until HTTP 503 - 144 users 1-4
2026-09-10 20:43:25,180 INFO o.a.j.t.JMeterThread: Thread started: Thread Group - until HTTP 503 - 144 users 1-5
2026-09-10 20:43:25,597 INFO o.a.j.t.JMeterThread: Thread started: Thread Group - until HTTP 503 - 144 users 1-6
2026-09-10 20:43:26,015 INFO o.a.j.t.JMeterThread: Thread started: Thread Group - until HTTP 503 - 144 users 1-7
2026-09-10 20:43:26,431 INFO o.a.j.t.JMeterThread: Thread started: Thread Group - until HTTP 503 - 144 users 1-8
2026-09-10 20:43:26,848 INFO o.a.j.t.JMeterThread: Thread started: Thread Group - until HTTP 503 - 144 users 1-9
2026-09-10 20:43:27,266 INFO o.a.j.t.JMeterThread: Thread started: Thread Group - until HTTP 503 - 144 users 1-10
2026-09-10 20:43:27,681 INFO o.a.j.t.JMeterThread: Thread started: Thread Group - until HTTP 503 - 144 users 1-11
2026-09-10 20:43:28,099 INFO o.a.j.t.JMeterThread: Thread started: Thread Group - until HTTP 503 - 144 users 1-12
2026-09-10 20:43:28,521 INFO o.a.j.t.JMeterThread: Thread started: Thread Group - until HTTP 503 - 144 users 1-13
2026-09-10 20:43:28,934 INFO o.a.j.t.JMeterThread: Thread started: Thread Group - until HTTP 503 - 144 users 1-14
2026-09-10 20:43:29,352 INFO o.a.j.t.JMeterThread: Thread started: Thread Group - until HTTP 503 - 144 users 1-15
2026-09-10 20:43:29,767 INFO o.a.j.t.JMeterThread: Thread started: Thread Group - until HTTP 503 - 144 users 1-16
2026-09-10 20:43:30,013 INFO o.a.j.r.Summariser: summary +     88 in 00:00:07 =   13.5/s Avg:   562 Min:   522 Max:   622 Err:     2 (2.27%) Active: 16 Started: 16 Finished: 0
2026-09-10 20:43:30,185 INFO o.a.j.t.JMeterThread: Thread started: Thread Group - until HTTP 503 - 144 users 1-17
2026-09-10 20:43:30,601 INFO o.a.j.t.JMeterThread: Thread started: Thread Group - until HTTP 503 - 144 users 1-18
2026-09-10 20:43:31,019 INFO o.a.j.t.JMeterThread: Thread started: Thread Group - until HTTP 503 - 144 users 1-19
2026-09-10 20:43:31,436 INFO o.a.j.t.JMeterThread: Thread started: Thread Group - until HTTP 503 - 144 users 1-20
2026-09-10 20:43:31,852 INFO o.a.j.t.JMeterThread: Thread started: Thread Group - until HTTP 503 - 144 users 1-21
2026-09-10 20:43:32,270 INFO o.a.j.t.JMeterThread: Thread started: Thread Group - until HTTP 503 - 144 users 1-22
2026-09-10 20:43:32,686 INFO o.a.j.t.JMeterThread: Thread started: Thread Group - until HTTP 503 - 144 users 1-23
2026-09-10 20:43:33,102 INFO o.a.j.t.JMeterThread: Thread started: Thread Group - until HTTP 503 - 144 users 1-24
2026-09-10 20:43:33,520 INFO o.a.j.t.JMeterThread: Thread started: Thread Group - until HTTP 503 - 144 users 1-25
2026-09-10 20:43:33,937 INFO o.a.j.t.JMeterThread: Thread started: Thread Group - until HTTP 503 - 144 users 1-26
2026-09-10 20:43:34,355 INFO o.a.j.t.JMeterThread: Thread started: Thread Group - until HTTP 503 - 144 users 1-27
2026-09-10 20:43:34,770 INFO o.a.j.t.JMeterThread: Thread started: Thread Group - until HTTP 503 - 144 users 1-28
2026-09-10 20:43:35,188 INFO o.a.j.t.JMeterThread: Thread started: Thread Group - until HTTP 503 - 144 users 1-29
2026-09-10 20:43:35,605 INFO o.a.j.t.JMeterThread: Thread started: Thread Group - until HTTP 503 - 144 users 1-30
2026-09-10 20:43:36,023 INFO o.a.j.t.JMeterThread: Thread started: Thread Group - until HTTP 503 - 144 users 1-31
2026-09-10 20:43:36,439 INFO o.a.j.t.JMeterThread: Thread started: Thread Group - until HTTP 503 - 144 users 1-32
2026-09-10 20:43:36,856 INFO o.a.j.t.JMeterThread: Thread started: Thread Group - until HTTP 503 - 144 users 1-33
2026-09-10 20:43:37,273 INFO o.a.j.t.JMeterThread: Thread started: Thread Group - until HTTP 503 - 144 users 1-34
2026-09-10 20:43:37,690 INFO o.a.j.t.JMeterThread: Thread started: Thread Group - until HTTP 503 - 144 users 1-35
2026-09-10 20:43:38,107 INFO o.a.j.t.JMeterThread: Thread started: Thread Group - until HTTP 503 - 144 users 1-36
2026-09-10 20:43:38,525 INFO o.a.j.t.JMeterThread: Thread started: Thread Group - until HTTP 503 - 144 users 1-37
2026-09-10 20:43:38,940 INFO o.a.j.t.JMeterThread: Thread started: Thread Group - until HTTP 503 - 144 users 1-38
2026-09-10 20:43:39,359 INFO o.a.j.t.JMeterThread: Thread started: Thread Group - until HTTP 503 - 144 users 1-39
2026-09-10 20:43:39,775 INFO o.a.j.t.JMeterThread: Thread started: Thread Group - until HTTP 503 - 144 users 1-40
2026-09-10 20:43:40,193 INFO o.a.j.t.JMeterThread: Thread started: Thread Group - until HTTP 503 - 144 users 1-41
2026-09-10 20:43:40,609 INFO o.a.j.t.JMeterThread: Thread started: Thread Group - until HTTP 503 - 144 users 1-42
2026-09-10 20:43:41,027 INFO o.a.j.t.JMeterThread: Thread started: Thread Group - until HTTP 503 - 144 users 1-43
2026-09-10 20:43:41,443 INFO o.a.j.t.JMeterThread: Thread started: Thread Group - until HTTP 503 - 144 users 1-44
2026-09-10 20:43:41,859 INFO o.a.j.t.JMeterThread: Thread started: Thread Group - until HTTP 503 - 144 users 1-45
2026-09-10 20:43:42,278 INFO o.a.j.t.JMeterThread: Thread started: Thread Group - until HTTP 503 - 144 users 1-46
2026-09-10 20:43:42,694 INFO o.a.j.t.JMeterThread: Thread started: Thread Group - until HTTP 503 - 144 users 1-47
2026-09-10 20:43:43,112 INFO o.a.j.t.JMeterThread: Thread started: Thread Group - until HTTP 503 - 144 users 1-48
2026-09-10 20:43:43,527 INFO o.a.j.t.JMeterThread: Thread started: Thread Group - until HTTP 503 - 144 users 1-49
2026-09-10 20:43:43,946 INFO o.a.j.t.JMeterThread: Thread started: Thread Group - until HTTP 503 - 144 users 1-50
2026-09-10 20:43:44,361 INFO o.a.j.t.JMeterThread: Thread started: Thread Group - until HTTP 503 - 144 users 1-51
2026-09-10 20:43:44,780 INFO o.a.j.t.JMeterThread: Thread started: Thread Group - until HTTP 503 - 144 users 1-52
2026-09-10 20:43:45,196 INFO o.a.j.t.JMeterThread: Thread started: Thread Group - until HTTP 503 - 144 users 1-53
2026-09-10 20:43:45,613 INFO o.a.j.t.JMeterThread: Thread started: Thread Group - until HTTP 503 - 144 users 1-54
2026-09-10 20:43:46,029 INFO o.a.j.t.JMeterThread: Thread started: Thread Group - until HTTP 503 - 144 users 1-55
2026-09-10 20:43:46,447 INFO o.a.j.t.JMeterThread: Thread started: Thread Group - until HTTP 503 - 144 users 1-56
2026-09-10 20:43:46,864 INFO o.a.j.t.JMeterThread: Thread started: Thread Group - until HTTP 503 - 144 users 1-57
2026-09-10 20:43:47,281 INFO o.a.j.t.JMeterThread: Thread started: Thread Group - until HTTP 503 - 144 users 1-58
2026-09-10 20:43:47,697 INFO o.a.j.t.JMeterThread: Thread started: Thread Group - until HTTP 503 - 144 users 1-59
2026-09-10 20:43:48,114 INFO o.a.j.t.JMeterThread: Thread started: Thread Group - until HTTP 503 - 144 users 1-60
2026-09-10 20:43:48,532 INFO o.a.j.t.JMeterThread: Thread started: Thread Group - until HTTP 503 - 144 users 1-61
2026-09-10 20:43:48,950 INFO o.a.j.t.JMeterThread: Thread started: Thread Group - until HTTP 503 - 144 users 1-62
2026-09-10 20:43:49,367 INFO o.a.j.t.JMeterThread: Thread started: Thread Group - until HTTP 503 - 144 users 1-63
2026-09-10 20:43:49,782 INFO o.a.j.t.JMeterThread: Thread started: Thread Group - until HTTP 503 - 144 users 1-64
2026-09-10 20:43:50,200 INFO o.a.j.t.JMeterThread: Thread started: Thread Group - until HTTP 503 - 144 users 1-65
2026-09-10 20:43:50,618 INFO o.a.j.t.JMeterThread: Thread started: Thread Group - until HTTP 503 - 144 users 1-66
2026-09-10 20:43:51,034 INFO o.a.j.t.JMeterThread: Thread started: Thread Group - until HTTP 503 - 144 users 1-67
2026-09-10 20:43:51,451 INFO o.a.j.t.JMeterThread: Thread started: Thread Group - until HTTP 503 - 144 users 1-68
2026-09-10 20:43:51,867 INFO o.a.j.t.JMeterThread: Thread started: Thread Group - until HTTP 503 - 144 users 1-69
2026-09-10 20:43:52,285 INFO o.a.j.t.JMeterThread: Thread started: Thread Group - until HTTP 503 - 144 users 1-70
2026-09-10 20:43:52,702 INFO o.a.j.t.JMeterThread: Thread started: Thread Group - until HTTP 503 - 144 users 1-71
2026-09-10 20:43:53,118 INFO o.a.j.t.JMeterThread: Thread started: Thread Group - until HTTP 503 - 144 users 1-72
2026-09-10 20:43:53,535 INFO o.a.j.t.JMeterThread: Thread started: Thread Group - until HTTP 503 - 144 users 1-73
2026-09-10 20:43:53,953 INFO o.a.j.t.JMeterThread: Thread started: Thread Group - until HTTP 503 - 144 users 1-74
2026-09-10 20:43:54,371 INFO o.a.j.t.JMeterThread: Thread started: Thread Group - until HTTP 503 - 144 users 1-75
2026-09-10 20:43:54,787 INFO o.a.j.t.JMeterThread: Thread started: Thread Group - until HTTP 503 - 144 users 1-76
2026-09-10 20:43:55,203 INFO o.a.j.t.JMeterThread: Thread started: Thread Group - until HTTP 503 - 144 users 1-77
2026-09-10 20:43:55,620 INFO o.a.j.t.JMeterThread: Thread started: Thread Group - until HTTP 503 - 144 users 1-78
2026-09-10 20:43:56,038 INFO o.a.j.t.JMeterThread: Thread started: Thread Group - until HTTP 503 - 144 users 1-79
2026-09-10 20:43:56,455 INFO o.a.j.t.JMeterThread: Thread started: Thread Group - until HTTP 503 - 144 users 1-80
2026-09-10 20:43:56,871 INFO o.a.j.t.JMeterThread: Thread started: Thread Group - until HTTP 503 - 144 users 1-81
2026-09-10 20:43:57,289 INFO o.a.j.t.JMeterThread: Thread started: Thread Group - until HTTP 503 - 144 users 1-82
2026-09-10 20:43:57,706 INFO o.a.j.t.JMeterThread: Thread started: Thread Group - until HTTP 503 - 144 users 1-83
2026-09-10 20:43:58,122 INFO o.a.j.t.JMeterThread: Thread started: Thread Group - until HTTP 503 - 144 users 1-84
2026-09-10 20:43:58,539 INFO o.a.j.t.JMeterThread: Thread started: Thread Group - until HTTP 503 - 144 users 1-85
2026-09-10 20:43:58,956 INFO o.a.j.t.JMeterThread: Thread started: Thread Group - until HTTP 503 - 144 users 1-86
2026-09-10 20:43:59,375 INFO o.a.j.t.JMeterThread: Thread started: Thread Group - until HTTP 503 - 144 users 1-87
2026-09-10 20:43:59,791 INFO o.a.j.t.JMeterThread: Thread started: Thread Group - until HTTP 503 - 144 users 1-88
2026-09-10 20:44:00,098 INFO o.a.j.r.Summariser: summary +    823 in 00:00:30 =   27.4/s Avg:  1704 Min:   589 Max:  3568 Err:   810 (98.42%) Active: 88 Started: 88 Finished: 0
2026-09-10 20:44:00,099 INFO o.a.j.r.Summariser: summary =    911 in 00:00:37 =   24.9/s Avg:  1594 Min:   522 Max:  3568 Err:   812 (89.13%)
2026-09-10 20:44:00,207 INFO o.a.j.t.JMeterThread: Thread started: Thread Group - until HTTP 503 - 144 users 1-89
2026-09-10 20:44:00,624 INFO o.a.j.t.JMeterThread: Thread started: Thread Group - until HTTP 503 - 144 users 1-90
2026-09-10 20:44:01,041 INFO o.a.j.t.JMeterThread: Thread started: Thread Group - until HTTP 503 - 144 users 1-91
2026-09-10 20:44:01,459 INFO o.a.j.t.JMeterThread: Thread started: Thread Group - until HTTP 503 - 144 users 1-92
2026-09-10 20:44:01,876 INFO o.a.j.t.JMeterThread: Thread started: Thread Group - until HTTP 503 - 144 users 1-93
2026-09-10 20:44:02,294 INFO o.a.j.t.JMeterThread: Thread started: Thread Group - until HTTP 503 - 144 users 1-94
2026-09-10 20:44:02,710 INFO o.a.j.t.JMeterThread: Thread started: Thread Group - until HTTP 503 - 144 users 1-95
2026-09-10 20:44:03,129 INFO o.a.j.t.JMeterThread: Thread started: Thread Group - until HTTP 503 - 144 users 1-96
2026-09-10 20:44:03,547 INFO o.a.j.t.JMeterThread: Thread started: Thread Group - until HTTP 503 - 144 users 1-97
2026-09-10 20:44:03,963 INFO o.a.j.t.JMeterThread: Thread started: Thread Group - until HTTP 503 - 144 users 1-98
2026-09-10 20:44:04,379 INFO o.a.j.t.JMeterThread: Thread started: Thread Group - until HTTP 503 - 144 users 1-99
2026-09-10 20:44:04,798 INFO o.a.j.t.JMeterThread: Thread started: Thread Group - until HTTP 503 - 144 users 1-100
2026-09-10 20:44:05,214 INFO o.a.j.t.JMeterThread: Thread started: Thread Group - until HTTP 503 - 144 users 1-101
2026-09-10 20:44:05,629 INFO o.a.j.t.JMeterThread: Thread started: Thread Group - until HTTP 503 - 144 users 1-102
2026-09-10 20:44:06,048 INFO o.a.j.t.JMeterThread: Thread started: Thread Group - until HTTP 503 - 144 users 1-103
2026-09-10 20:44:06,464 INFO o.a.j.t.JMeterThread: Thread started: Thread Group - until HTTP 503 - 144 users 1-104
2026-09-10 20:44:06,881 INFO o.a.j.t.JMeterThread: Thread started: Thread Group - until HTTP 503 - 144 users 1-105
2026-09-10 20:44:07,298 INFO o.a.j.t.JMeterThread: Thread started: Thread Group - until HTTP 503 - 144 users 1-106
2026-09-10 20:44:07,714 INFO o.a.j.t.JMeterThread: Thread started: Thread Group - until HTTP 503 - 144 users 1-107
2026-09-10 20:44:08,130 INFO o.a.j.t.JMeterThread: Thread started: Thread Group - until HTTP 503 - 144 users 1-108
2026-09-10 20:44:08,548 INFO o.a.j.t.JMeterThread: Thread started: Thread Group - until HTTP 503 - 144 users 1-109
2026-09-10 20:44:08,965 INFO o.a.j.t.JMeterThread: Thread started: Thread Group - until HTTP 503 - 144 users 1-110
2026-09-10 20:44:09,382 INFO o.a.j.t.JMeterThread: Thread started: Thread Group - until HTTP 503 - 144 users 1-111
2026-09-10 20:44:09,799 INFO o.a.j.t.JMeterThread: Thread started: Thread Group - until HTTP 503 - 144 users 1-112
2026-09-10 20:44:10,217 INFO o.a.j.t.JMeterThread: Thread started: Thread Group - until HTTP 503 - 144 users 1-113
2026-09-10 20:44:10,633 INFO o.a.j.t.JMeterThread: Thread started: Thread Group - until HTTP 503 - 144 users 1-114
2026-09-10 20:44:11,049 INFO o.a.j.t.JMeterThread: Thread started: Thread Group - until HTTP 503 - 144 users 1-115
2026-09-10 20:44:11,466 INFO o.a.j.t.JMeterThread: Thread started: Thread Group - until HTTP 503 - 144 users 1-116
2026-09-10 20:44:11,883 INFO o.a.j.t.JMeterThread: Thread started: Thread Group - until HTTP 503 - 144 users 1-117
2026-09-10 20:44:12,300 INFO o.a.j.t.JMeterThread: Thread started: Thread Group - until HTTP 503 - 144 users 1-118
2026-09-10 20:44:12,718 INFO o.a.j.t.JMeterThread: Thread started: Thread Group - until HTTP 503 - 144 users 1-119
2026-09-10 20:44:13,136 INFO o.a.j.t.JMeterThread: Thread started: Thread Group - until HTTP 503 - 144 users 1-120
2026-09-10 20:44:13,552 INFO o.a.j.t.JMeterThread: Thread started: Thread Group - until HTTP 503 - 144 users 1-121
2026-09-10 20:44:13,969 INFO o.a.j.t.JMeterThread: Thread started: Thread Group - until HTTP 503 - 144 users 1-122
2026-09-10 20:44:14,385 INFO o.a.j.t.JMeterThread: Thread started: Thread Group - until HTTP 503 - 144 users 1-123
2026-09-10 20:44:14,804 INFO o.a.j.t.JMeterThread: Thread started: Thread Group - until HTTP 503 - 144 users 1-124
2026-09-10 20:44:15,220 INFO o.a.j.t.JMeterThread: Thread started: Thread Group - until HTTP 503 - 144 users 1-125
2026-09-10 20:44:15,639 INFO o.a.j.t.JMeterThread: Thread started: Thread Group - until HTTP 503 - 144 users 1-126
2026-09-10 20:44:16,055 INFO o.a.j.t.JMeterThread: Thread started: Thread Group - until HTTP 503 - 144 users 1-127
2026-09-10 20:44:16,470 INFO o.a.j.t.JMeterThread: Thread started: Thread Group - until HTTP 503 - 144 users 1-128
2026-09-10 20:44:16,887 INFO o.a.j.t.JMeterThread: Thread started: Thread Group - until HTTP 503 - 144 users 1-129
2026-09-10 20:44:17,307 INFO o.a.j.t.JMeterThread: Thread started: Thread Group - until HTTP 503 - 144 users 1-130
2026-09-10 20:44:17,724 INFO o.a.j.t.JMeterThread: Thread started: Thread Group - until HTTP 503 - 144 users 1-131
2026-09-10 20:44:18,139 INFO o.a.j.t.JMeterThread: Thread started: Thread Group - until HTTP 503 - 144 users 1-132
2026-09-10 20:44:18,555 INFO o.a.j.t.JMeterThread: Thread started: Thread Group - until HTTP 503 - 144 users 1-133
2026-09-10 20:44:18,972 INFO o.a.j.t.JMeterThread: Thread started: Thread Group - until HTTP 503 - 144 users 1-134
2026-09-10 20:44:19,391 INFO o.a.j.t.JMeterThread: Thread started: Thread Group - until HTTP 503 - 144 users 1-135
2026-09-10 20:44:19,808 INFO o.a.j.t.JMeterThread: Thread started: Thread Group - until HTTP 503 - 144 users 1-136
2026-09-10 20:44:20,223 INFO o.a.j.t.JMeterThread: Thread started: Thread Group - until HTTP 503 - 144 users 1-137
2026-09-10 20:44:20,640 INFO o.a.j.t.JMeterThread: Thread started: Thread Group - until HTTP 503 - 144 users 1-138
2026-09-10 20:44:21,057 INFO o.a.j.t.JMeterThread: Thread started: Thread Group - until HTTP 503 - 144 users 1-139
2026-09-10 20:44:21,475 INFO o.a.j.t.JMeterThread: Thread started: Thread Group - until HTTP 503 - 144 users 1-140
2026-09-10 20:44:21,893 INFO o.a.j.t.JMeterThread: Thread started: Thread Group - until HTTP 503 - 144 users 1-141
2026-09-10 20:44:22,309 INFO o.a.j.t.JMeterThread: Thread started: Thread Group - until HTTP 503 - 144 users 1-142
2026-09-10 20:44:22,725 INFO o.a.j.t.JMeterThread: Thread started: Thread Group - until HTTP 503 - 144 users 1-143
2026-09-10 20:44:23,143 INFO o.a.j.t.JMeterThread: Thread started: Thread Group - until HTTP 503 - 144 users 1-144
2026-09-10 20:44:30,670 INFO o.a.j.r.Summariser: summary +    844 in 00:00:31 =   27.6/s Avg:  4091 Min:  2026 Max:  7835 Err:   844 (100.00%) Active: 144 Started: 144 Finished: 0
2026-09-10 20:44:30,672 INFO o.a.j.r.Summariser: summary =   1755 in 00:01:07 =   26.1/s Avg:  2795 Min:   522 Max:  7835 Err:  1656 (94.36%)
2026-09-10 20:44:53,685 INFO o.a.j.t.JMeterThread: Stopping because end time detected by thread: Thread Group - until HTTP 503 - 144 users 1-18
2026-09-10 20:44:53,685 INFO o.a.j.t.JMeterThread: Stopping because end time detected by thread: Thread Group - until HTTP 503 - 144 users 1-93
2026-09-10 20:44:53,686 INFO o.a.j.t.JMeterThread: Stopping because end time detected by thread: Thread Group - until HTTP 503 - 144 users 1-40
2026-09-10 20:44:53,685 INFO o.a.j.t.JMeterThread: Stopping because end time detected by thread: Thread Group - until HTTP 503 - 144 users 1-33
2026-09-10 20:44:53,686 INFO o.a.j.t.JMeterThread: Stopping because end time detected by thread: Thread Group - until HTTP 503 - 144 users 1-66
2026-09-10 20:44:53,686 INFO o.a.j.t.JMeterThread: Thread finished: Thread Group - until HTTP 503 - 144 users 1-18
2026-09-10 20:44:53,686 INFO o.a.j.t.JMeterThread: Stopping because end time detected by thread: Thread Group - until HTTP 503 - 144 users 1-97
2026-09-10 20:44:53,686 INFO o.a.j.t.JMeterThread: Thread finished: Thread Group - until HTTP 503 - 144 users 1-33
2026-09-10 20:44:53,686 INFO o.a.j.t.JMeterThread: Thread finished: Thread Group - until HTTP 503 - 144 users 1-66
2026-09-10 20:44:53,686 INFO o.a.j.t.JMeterThread: Stopping because end time detected by thread: Thread Group - until HTTP 503 - 144 users 1-99
2026-09-10 20:44:53,686 INFO o.a.j.t.JMeterThread: Thread finished: Thread Group - until HTTP 503 - 144 users 1-99
2026-09-10 20:44:53,686 INFO o.a.j.t.JMeterThread: Stopping because end time detected by thread: Thread Group - until HTTP 503 - 144 users 1-126
2026-09-10 20:44:53,687 INFO o.a.j.t.JMeterThread: Thread finished: Thread Group - until HTTP 503 - 144 users 1-126
2026-09-10 20:44:53,687 INFO o.a.j.t.JMeterThread: Stopping because end time detected by thread: Thread Group - until HTTP 503 - 144 users 1-135
2026-09-10 20:44:53,685 INFO o.a.j.t.JMeterThread: Stopping because end time detected by thread: Thread Group - until HTTP 503 - 144 users 1-22
2026-09-10 20:44:53,687 INFO o.a.j.t.JMeterThread: Stopping because end time detected by thread: Thread Group - until HTTP 503 - 144 users 1-13
2026-09-10 20:44:53,687 INFO o.a.j.t.JMeterThread: Stopping because end time detected by thread: Thread Group - until HTTP 503 - 144 users 1-21
2026-09-10 20:44:53,687 INFO o.a.j.t.JMeterThread: Thread finished: Thread Group - until HTTP 503 - 144 users 1-22
2026-09-10 20:44:53,687 INFO o.a.j.t.JMeterThread: Thread finished: Thread Group - until HTTP 503 - 144 users 1-13
2026-09-10 20:44:53,687 INFO o.a.j.t.JMeterThread: Stopping because end time detected by thread: Thread Group - until HTTP 503 - 144 users 1-10
2026-09-10 20:44:53,687 INFO o.a.j.t.JMeterThread: Thread finished: Thread Group - until HTTP 503 - 144 users 1-93
2026-09-10 20:44:53,687 INFO o.a.j.t.JMeterThread: Stopping because end time detected by thread: Thread Group - until HTTP 503 - 144 users 1-80
2026-09-10 20:44:53,687 INFO o.a.j.t.JMeterThread: Thread finished: Thread Group - until HTTP 503 - 144 users 1-10
2026-09-10 20:44:53,686 INFO o.a.j.t.JMeterThread: Stopping because end time detected by thread: Thread Group - until HTTP 503 - 144 users 1-117
2026-09-10 20:44:53,689 INFO o.a.j.t.JMeterThread: Thread finished: Thread Group - until HTTP 503 - 144 users 1-117
2026-09-10 20:44:53,689 INFO o.a.j.t.JMeterThread: Stopping because end time detected by thread: Thread Group - until HTTP 503 - 144 users 1-34
2026-09-10 20:44:53,689 INFO o.a.j.t.JMeterThread: Stopping because end time detected by thread: Thread Group - until HTTP 503 - 144 users 1-26
2026-09-10 20:44:53,689 INFO o.a.j.t.JMeterThread: Stopping because end time detected by thread: Thread Group - until HTTP 503 - 144 users 1-32
2026-09-10 20:44:53,690 INFO o.a.j.t.JMeterThread: Stopping because end time detected by thread: Thread Group - until HTTP 503 - 144 users 1-25
2026-09-10 20:44:53,690 INFO o.a.j.t.JMeterThread: Stopping because end time detected by thread: Thread Group - until HTTP 503 - 144 users 1-123
2026-09-10 20:44:53,690 INFO o.a.j.t.JMeterThread: Stopping because end time detected by thread: Thread Group - until HTTP 503 - 144 users 1-28
2026-09-10 20:44:53,690 INFO o.a.j.t.JMeterThread: Thread finished: Thread Group - until HTTP 503 - 144 users 1-25
2026-09-10 20:44:53,690 INFO o.a.j.t.JMeterThread: Stopping because end time detected by thread: Thread Group - until HTTP 503 - 144 users 1-3
2026-09-10 20:44:53,690 INFO o.a.j.t.JMeterThread: Stopping because end time detected by thread: Thread Group - until HTTP 503 - 144 users 1-55
2026-09-10 20:44:53,690 INFO o.a.j.t.JMeterThread: Thread finished: Thread Group - until HTTP 503 - 144 users 1-3
2026-09-10 20:44:53,691 INFO o.a.j.t.JMeterThread: Stopping because end time detected by thread: Thread Group - until HTTP 503 - 144 users 1-38
2026-09-10 20:44:53,691 INFO o.a.j.t.JMeterThread: Thread finished: Thread Group - until HTTP 503 - 144 users 1-38
2026-09-10 20:44:53,691 INFO o.a.j.t.JMeterThread: Stopping because end time detected by thread: Thread Group - until HTTP 503 - 144 users 1-27
2026-09-10 20:44:53,691 INFO o.a.j.t.JMeterThread: Thread finished: Thread Group - until HTTP 503 - 144 users 1-27
2026-09-10 20:44:53,691 INFO o.a.j.t.JMeterThread: Stopping because end time detected by thread: Thread Group - until HTTP 503 - 144 users 1-78
2026-09-10 20:44:53,691 INFO o.a.j.t.JMeterThread: Thread finished: Thread Group - until HTTP 503 - 144 users 1-78
2026-09-10 20:44:53,691 INFO o.a.j.t.JMeterThread: Stopping because end time detected by thread: Thread Group - until HTTP 503 - 144 users 1-44
2026-09-10 20:44:53,691 INFO o.a.j.t.JMeterThread: Stopping because end time detected by thread: Thread Group - until HTTP 503 - 144 users 1-107
2026-09-10 20:44:53,691 INFO o.a.j.t.JMeterThread: Stopping because end time detected by thread: Thread Group - until HTTP 503 - 144 users 1-68
2026-09-10 20:44:53,686 INFO o.a.j.t.JMeterThread: Stopping because end time detected by thread: Thread Group - until HTTP 503 - 144 users 1-62
2026-09-10 20:44:53,691 INFO o.a.j.t.JMeterThread: Stopping because end time detected by thread: Thread Group - until HTTP 503 - 144 users 1-118
2026-09-10 20:44:53,691 INFO o.a.j.t.JMeterThread: Thread finished: Thread Group - until HTTP 503 - 144 users 1-62
2026-09-10 20:44:53,691 INFO o.a.j.t.JMeterThread: Thread finished: Thread Group - until HTTP 503 - 144 users 1-118
2026-09-10 20:44:53,691 INFO o.a.j.t.JMeterThread: Thread finished: Thread Group - until HTTP 503 - 144 users 1-68
2026-09-10 20:44:53,691 INFO o.a.j.t.JMeterThread: Stopping because end time detected by thread: Thread Group - until HTTP 503 - 144 users 1-119
2026-09-10 20:44:53,691 INFO o.a.j.t.JMeterThread: Stopping because end time detected by thread: Thread Group - until HTTP 503 - 144 users 1-100
2026-09-10 20:44:53,691 INFO o.a.j.t.JMeterThread: Thread finished: Thread Group - until HTTP 503 - 144 users 1-119
2026-09-10 20:44:53,691 INFO o.a.j.t.JMeterThread: Stopping because end time detected by thread: Thread Group - until HTTP 503 - 144 users 1-122
2026-09-10 20:44:53,691 INFO o.a.j.t.JMeterThread: Stopping because end time detected by thread: Thread Group - until HTTP 503 - 144 users 1-130
2026-09-10 20:44:53,691 INFO o.a.j.t.JMeterThread: Thread finished: Thread Group - until HTTP 503 - 144 users 1-122
2026-09-10 20:44:53,691 INFO o.a.j.t.JMeterThread: Thread finished: Thread Group - until HTTP 503 - 144 users 1-130
2026-09-10 20:44:53,691 INFO o.a.j.t.JMeterThread: Stopping because end time detected by thread: Thread Group - until HTTP 503 - 144 users 1-116
2026-09-10 20:44:53,692 INFO o.a.j.t.JMeterThread: Thread finished: Thread Group - until HTTP 503 - 144 users 1-116
2026-09-10 20:44:53,692 INFO o.a.j.t.JMeterThread: Stopping because end time detected by thread: Thread Group - until HTTP 503 - 144 users 1-127
2026-09-10 20:44:53,692 INFO o.a.j.t.JMeterThread: Stopping because end time detected by thread: Thread Group - until HTTP 503 - 144 users 1-67
2026-09-10 20:44:53,692 INFO o.a.j.t.JMeterThread: Thread finished: Thread Group - until HTTP 503 - 144 users 1-127
2026-09-10 20:44:53,692 INFO o.a.j.t.JMeterThread: Stopping because end time detected by thread: Thread Group - until HTTP 503 - 144 users 1-139
2026-09-10 20:44:53,692 INFO o.a.j.t.JMeterThread: Thread finished: Thread Group - until HTTP 503 - 144 users 1-139
2026-09-10 20:44:53,692 INFO o.a.j.t.JMeterThread: Stopping because end time detected by thread: Thread Group - until HTTP 503 - 144 users 1-79
2026-09-10 20:44:53,692 INFO o.a.j.t.JMeterThread: Thread finished: Thread Group - until HTTP 503 - 144 users 1-79
2026-09-10 20:44:53,692 INFO o.a.j.t.JMeterThread: Stopping because end time detected by thread: Thread Group - until HTTP 503 - 144 users 1-83
2026-09-10 20:44:53,692 INFO o.a.j.t.JMeterThread: Thread finished: Thread Group - until HTTP 503 - 144 users 1-83
2026-09-10 20:44:53,692 INFO o.a.j.t.JMeterThread: Stopping because end time detected by thread: Thread Group - until HTTP 503 - 144 users 1-17
2026-09-10 20:44:53,692 INFO o.a.j.t.JMeterThread: Stopping because end time detected by thread: Thread Group - until HTTP 503 - 144 users 1-128
2026-09-10 20:44:53,692 INFO o.a.j.t.JMeterThread: Stopping because end time detected by thread: Thread Group - until HTTP 503 - 144 users 1-94
2026-09-10 20:44:53,692 INFO o.a.j.t.JMeterThread: Stopping because end time detected by thread: Thread Group - until HTTP 503 - 144 users 1-98
2026-09-10 20:44:53,692 INFO o.a.j.t.JMeterThread: Thread finished: Thread Group - until HTTP 503 - 144 users 1-94
2026-09-10 20:44:53,692 INFO o.a.j.t.JMeterThread: Stopping because end time detected by thread: Thread Group - until HTTP 503 - 144 users 1-64
2026-09-10 20:44:53,692 INFO o.a.j.t.JMeterThread: Thread finished: Thread Group - until HTTP 503 - 144 users 1-98
2026-09-10 20:44:53,692 INFO o.a.j.t.JMeterThread: Thread finished: Thread Group - until HTTP 503 - 144 users 1-64
2026-09-10 20:44:53,692 INFO o.a.j.t.JMeterThread: Thread finished: Thread Group - until HTTP 503 - 144 users 1-128
2026-09-10 20:44:53,692 INFO o.a.j.t.JMeterThread: Stopping because end time detected by thread: Thread Group - until HTTP 503 - 144 users 1-110
2026-09-10 20:44:53,692 INFO o.a.j.t.JMeterThread: Thread finished: Thread Group - until HTTP 503 - 144 users 1-110
2026-09-10 20:44:53,693 INFO o.a.j.t.JMeterThread: Stopping because end time detected by thread: Thread Group - until HTTP 503 - 144 users 1-134
2026-09-10 20:44:53,693 INFO o.a.j.t.JMeterThread: Stopping because end time detected by thread: Thread Group - until HTTP 503 - 144 users 1-111
2026-09-10 20:44:53,693 INFO o.a.j.t.JMeterThread: Thread finished: Thread Group - until HTTP 503 - 144 users 1-111
2026-09-10 20:44:53,693 INFO o.a.j.t.JMeterThread: Stopping because end time detected by thread: Thread Group - until HTTP 503 - 144 users 1-51
2026-09-10 20:44:53,693 INFO o.a.j.t.JMeterThread: Thread finished: Thread Group - until HTTP 503 - 144 users 1-51
2026-09-10 20:44:53,693 INFO o.a.j.t.JMeterThread: Stopping because end time detected by thread: Thread Group - until HTTP 503 - 144 users 1-31
2026-09-10 20:44:53,693 INFO o.a.j.t.JMeterThread: Stopping because end time detected by thread: Thread Group - until HTTP 503 - 144 users 1-70
2026-09-10 20:44:53,693 INFO o.a.j.t.JMeterThread: Thread finished: Thread Group - until HTTP 503 - 144 users 1-31
2026-09-10 20:44:53,693 INFO o.a.j.t.JMeterThread: Thread finished: Thread Group - until HTTP 503 - 144 users 1-70
2026-09-10 20:44:53,693 INFO o.a.j.t.JMeterThread: Stopping because end time detected by thread: Thread Group - until HTTP 503 - 144 users 1-108
2026-09-10 20:44:53,693 INFO o.a.j.t.JMeterThread: Thread finished: Thread Group - until HTTP 503 - 144 users 1-108
2026-09-10 20:44:53,693 INFO o.a.j.t.JMeterThread: Stopping because end time detected by thread: Thread Group - until HTTP 503 - 144 users 1-74
2026-09-10 20:44:53,693 INFO o.a.j.t.JMeterThread: Thread finished: Thread Group - until HTTP 503 - 144 users 1-74
2026-09-10 20:44:53,693 INFO o.a.j.t.JMeterThread: Stopping because end time detected by thread: Thread Group - until HTTP 503 - 144 users 1-143
2026-09-10 20:44:53,693 INFO o.a.j.t.JMeterThread: Stopping because end time detected by thread: Thread Group - until HTTP 503 - 144 users 1-140
2026-09-10 20:44:53,694 INFO o.a.j.t.JMeterThread: Thread finished: Thread Group - until HTTP 503 - 144 users 1-140
2026-09-10 20:44:53,694 INFO o.a.j.t.JMeterThread: Stopping because end time detected by thread: Thread Group - until HTTP 503 - 144 users 1-57
2026-09-10 20:44:53,694 INFO o.a.j.t.JMeterThread: Thread finished: Thread Group - until HTTP 503 - 144 users 1-57
2026-09-10 20:44:53,694 INFO o.a.j.t.JMeterThread: Stopping because end time detected by thread: Thread Group - until HTTP 503 - 144 users 1-46
2026-09-10 20:44:53,694 INFO o.a.j.t.JMeterThread: Stopping because end time detected by thread: Thread Group - until HTTP 503 - 144 users 1-30
2026-09-10 20:44:53,694 INFO o.a.j.t.JMeterThread: Thread finished: Thread Group - until HTTP 503 - 144 users 1-30
2026-09-10 20:44:53,694 INFO o.a.j.t.JMeterThread: Stopping because end time detected by thread: Thread Group - until HTTP 503 - 144 users 1-36
2026-09-10 20:44:53,694 INFO o.a.j.t.JMeterThread: Thread finished: Thread Group - until HTTP 503 - 144 users 1-40
2026-09-10 20:44:53,694 INFO o.a.j.t.JMeterThread: Stopping because end time detected by thread: Thread Group - until HTTP 503 - 144 users 1-59
2026-09-10 20:44:53,694 INFO o.a.j.t.JMeterThread: Stopping because end time detected by thread: Thread Group - until HTTP 503 - 144 users 1-82
2026-09-10 20:44:53,694 INFO o.a.j.t.JMeterThread: Thread finished: Thread Group - until HTTP 503 - 144 users 1-59
2026-09-10 20:44:53,694 INFO o.a.j.t.JMeterThread: Stopping because end time detected by thread: Thread Group - until HTTP 503 - 144 users 1-45
2026-09-10 20:44:53,694 INFO o.a.j.t.JMeterThread: Thread finished: Thread Group - until HTTP 503 - 144 users 1-82
2026-09-10 20:44:53,694 INFO o.a.j.t.JMeterThread: Thread finished: Thread Group - until HTTP 503 - 144 users 1-45
2026-09-10 20:44:53,694 INFO o.a.j.t.JMeterThread: Stopping because end time detected by thread: Thread Group - until HTTP 503 - 144 users 1-114
2026-09-10 20:44:53,694 INFO o.a.j.t.JMeterThread: Thread finished: Thread Group - until HTTP 503 - 144 users 1-114
2026-09-10 20:44:53,695 INFO o.a.j.t.JMeterThread: Stopping because end time detected by thread: Thread Group - until HTTP 503 - 144 users 1-56
2026-09-10 20:44:53,695 INFO o.a.j.t.JMeterThread: Thread finished: Thread Group - until HTTP 503 - 144 users 1-56
2026-09-10 20:44:53,695 INFO o.a.j.t.JMeterThread: Stopping because end time detected by thread: Thread Group - until HTTP 503 - 144 users 1-47
2026-09-10 20:44:53,695 INFO o.a.j.t.JMeterThread: Stopping because end time detected by thread: Thread Group - until HTTP 503 - 144 users 1-73
2026-09-10 20:44:53,695 INFO o.a.j.t.JMeterThread: Stopping because end time detected by thread: Thread Group - until HTTP 503 - 144 users 1-58
2026-09-10 20:44:53,695 INFO o.a.j.t.JMeterThread: Thread finished: Thread Group - until HTTP 503 - 144 users 1-73
2026-09-10 20:44:53,695 INFO o.a.j.t.JMeterThread: Thread finished: Thread Group - until HTTP 503 - 144 users 1-58
2026-09-10 20:44:53,695 INFO o.a.j.t.JMeterThread: Stopping because end time detected by thread: Thread Group - until HTTP 503 - 144 users 1-43
2026-09-10 20:44:53,695 INFO o.a.j.t.JMeterThread: Stopping because end time detected by thread: Thread Group - until HTTP 503 - 144 users 1-9
2026-09-10 20:44:53,695 INFO o.a.j.t.JMeterThread: Thread finished: Thread Group - until HTTP 503 - 144 users 1-9
2026-09-10 20:44:53,695 INFO o.a.j.t.JMeterThread: Stopping because end time detected by thread: Thread Group - until HTTP 503 - 144 users 1-54
2026-09-10 20:44:53,695 INFO o.a.j.t.JMeterThread: Stopping because end time detected by thread: Thread Group - until HTTP 503 - 144 users 1-63
2026-09-10 20:44:53,695 INFO o.a.j.t.JMeterThread: Stopping because end time detected by thread: Thread Group - until HTTP 503 - 144 users 1-91
2026-09-10 20:44:53,695 INFO o.a.j.t.JMeterThread: Thread finished: Thread Group - until HTTP 503 - 144 users 1-91
2026-09-10 20:44:53,695 INFO o.a.j.t.JMeterThread: Stopping because end time detected by thread: Thread Group - until HTTP 503 - 144 users 1-48
2026-09-10 20:44:53,695 INFO o.a.j.t.JMeterThread: Stopping because end time detected by thread: Thread Group - until HTTP 503 - 144 users 1-115
2026-09-10 20:44:53,695 INFO o.a.j.t.JMeterThread: Stopping because end time detected by thread: Thread Group - until HTTP 503 - 144 users 1-37
2026-09-10 20:44:53,695 INFO o.a.j.t.JMeterThread: Thread finished: Thread Group - until HTTP 503 - 144 users 1-37
2026-09-10 20:44:53,695 INFO o.a.j.t.JMeterThread: Stopping because end time detected by thread: Thread Group - until HTTP 503 - 144 users 1-106
2026-09-10 20:44:53,696 INFO o.a.j.t.JMeterThread: Thread finished: Thread Group - until HTTP 503 - 144 users 1-106
2026-09-10 20:44:53,696 INFO o.a.j.t.JMeterThread: Stopping because end time detected by thread: Thread Group - until HTTP 503 - 144 users 1-24
2026-09-10 20:44:53,696 INFO o.a.j.t.JMeterThread: Stopping because end time detected by thread: Thread Group - until HTTP 503 - 144 users 1-1
2026-09-10 20:44:53,696 INFO o.a.j.t.JMeterThread: Thread finished: Thread Group - until HTTP 503 - 144 users 1-24
2026-09-10 20:44:53,696 INFO o.a.j.t.JMeterThread: Thread finished: Thread Group - until HTTP 503 - 144 users 1-1
2026-09-10 20:44:53,696 INFO o.a.j.t.JMeterThread: Stopping because end time detected by thread: Thread Group - until HTTP 503 - 144 users 1-12
2026-09-10 20:44:53,696 INFO o.a.j.t.JMeterThread: Thread finished: Thread Group - until HTTP 503 - 144 users 1-12
2026-09-10 20:44:53,696 INFO o.a.j.t.JMeterThread: Stopping because end time detected by thread: Thread Group - until HTTP 503 - 144 users 1-85
2026-09-10 20:44:53,696 INFO o.a.j.t.JMeterThread: Stopping because end time detected by thread: Thread Group - until HTTP 503 - 144 users 1-53
2026-09-10 20:44:53,696 INFO o.a.j.t.JMeterThread: Thread finished: Thread Group - until HTTP 503 - 144 users 1-85
2026-09-10 20:44:53,696 INFO o.a.j.t.JMeterThread: Stopping because end time detected by thread: Thread Group - until HTTP 503 - 144 users 1-104
2026-09-10 20:44:53,696 INFO o.a.j.t.JMeterThread: Thread finished: Thread Group - until HTTP 503 - 144 users 1-104
2026-09-10 20:44:53,696 INFO o.a.j.t.JMeterThread: Stopping because end time detected by thread: Thread Group - until HTTP 503 - 144 users 1-92
2026-09-10 20:44:53,696 INFO o.a.j.t.JMeterThread: Stopping because end time detected by thread: Thread Group - until HTTP 503 - 144 users 1-129
2026-09-10 20:44:53,696 INFO o.a.j.t.JMeterThread: Stopping because end time detected by thread: Thread Group - until HTTP 503 - 144 users 1-136
2026-09-10 20:44:53,696 INFO o.a.j.t.JMeterThread: Thread finished: Thread Group - until HTTP 503 - 144 users 1-92
2026-09-10 20:44:53,696 INFO o.a.j.t.JMeterThread: Thread finished: Thread Group - until HTTP 503 - 144 users 1-129
2026-09-10 20:44:53,696 INFO o.a.j.t.JMeterThread: Thread finished: Thread Group - until HTTP 503 - 144 users 1-136
2026-09-10 20:44:53,696 INFO o.a.j.t.JMeterThread: Stopping because end time detected by thread: Thread Group - until HTTP 503 - 144 users 1-105
2026-09-10 20:44:53,696 INFO o.a.j.t.JMeterThread: Thread finished: Thread Group - until HTTP 503 - 144 users 1-105
2026-09-10 20:44:53,696 INFO o.a.j.t.JMeterThread: Thread finished: Thread Group - until HTTP 503 - 144 users 1-97
2026-09-10 20:44:53,696 INFO o.a.j.t.JMeterThread: Stopping because end time detected by thread: Thread Group - until HTTP 503 - 144 users 1-121
2026-09-10 20:44:53,697 INFO o.a.j.t.JMeterThread: Thread finished: Thread Group - until HTTP 503 - 144 users 1-121
2026-09-10 20:44:53,697 INFO o.a.j.t.JMeterThread: Stopping because end time detected by thread: Thread Group - until HTTP 503 - 144 users 1-52
2026-09-10 20:44:53,697 INFO o.a.j.t.JMeterThread: Stopping because end time detected by thread: Thread Group - until HTTP 503 - 144 users 1-89
2026-09-10 20:44:53,697 INFO o.a.j.t.JMeterThread: Thread finished: Thread Group - until HTTP 503 - 144 users 1-89
2026-09-10 20:44:53,697 INFO o.a.j.t.JMeterThread: Thread finished: Thread Group - until HTTP 503 - 144 users 1-21
2026-09-10 20:44:53,697 INFO o.a.j.t.JMeterThread: Stopping because end time detected by thread: Thread Group - until HTTP 503 - 144 users 1-144
2026-09-10 20:44:53,697 INFO o.a.j.t.JMeterThread: Thread finished: Thread Group - until HTTP 503 - 144 users 1-80
2026-09-10 20:44:53,689 INFO o.a.j.t.JMeterThread: Thread finished: Thread Group - until HTTP 503 - 144 users 1-34
2026-09-10 20:44:53,697 INFO o.a.j.t.JMeterThread: Stopping because end time detected by thread: Thread Group - until HTTP 503 - 144 users 1-124
2026-09-10 20:44:53,689 INFO o.a.j.t.JMeterThread: Stopping because end time detected by thread: Thread Group - until HTTP 503 - 144 users 1-138
2026-09-10 20:44:53,697 INFO o.a.j.t.JMeterThread: Thread finished: Thread Group - until HTTP 503 - 144 users 1-124
2026-09-10 20:44:53,690 INFO o.a.j.t.JMeterThread: Thread finished: Thread Group - until HTTP 503 - 144 users 1-26
2026-09-10 20:44:53,690 INFO o.a.j.t.JMeterThread: Stopping because end time detected by thread: Thread Group - until HTTP 503 - 144 users 1-71
2026-09-10 20:44:53,690 INFO o.a.j.t.JMeterThread: Stopping because end time detected by thread: Thread Group - until HTTP 503 - 144 users 1-102
2026-09-10 20:44:53,690 INFO o.a.j.t.JMeterThread: Thread finished: Thread Group - until HTTP 503 - 144 users 1-123
2026-09-10 20:44:53,690 INFO o.a.j.t.JMeterThread: Thread finished: Thread Group - until HTTP 503 - 144 users 1-28
2026-09-10 20:44:53,691 INFO o.a.j.t.JMeterThread: Thread finished: Thread Group - until HTTP 503 - 144 users 1-55
2026-09-10 20:44:53,691 INFO o.a.j.t.JMeterThread: Thread finished: Thread Group - until HTTP 503 - 144 users 1-44
2026-09-10 20:44:53,691 INFO o.a.j.t.JMeterThread: Stopping because end time detected by thread: Thread Group - until HTTP 503 - 144 users 1-84
2026-09-10 20:44:53,697 INFO o.a.j.t.JMeterThread: Thread finished: Thread Group - until HTTP 503 - 144 users 1-107
2026-09-10 20:44:53,691 INFO o.a.j.t.JMeterThread: Thread finished: Thread Group - until HTTP 503 - 144 users 1-100
2026-09-10 20:44:53,697 INFO o.a.j.t.JMeterThread: Thread finished: Thread Group - until HTTP 503 - 144 users 1-84
2026-09-10 20:44:53,692 INFO o.a.j.t.JMeterThread: Thread finished: Thread Group - until HTTP 503 - 144 users 1-67
2026-09-10 20:44:53,692 INFO o.a.j.t.JMeterThread: Thread finished: Thread Group - until HTTP 503 - 144 users 1-17
2026-09-10 20:44:53,692 INFO o.a.j.t.JMeterThread: Stopping because end time detected by thread: Thread Group - until HTTP 503 - 144 users 1-103
2026-09-10 20:44:53,693 INFO o.a.j.t.JMeterThread: Stopping because end time detected by thread: Thread Group - until HTTP 503 - 144 users 1-69
2026-09-10 20:44:53,693 INFO o.a.j.t.JMeterThread: Stopping because end time detected by thread: Thread Group - until HTTP 503 - 144 users 1-77
2026-09-10 20:44:53,693 INFO o.a.j.t.JMeterThread: Stopping because end time detected by thread: Thread Group - until HTTP 503 - 144 users 1-81
2026-09-10 20:44:53,693 INFO o.a.j.t.JMeterThread: Stopping because end time detected by thread: Thread Group - until HTTP 503 - 144 users 1-101
2026-09-10 20:44:53,693 INFO o.a.j.t.JMeterThread: Stopping because end time detected by thread: Thread Group - until HTTP 503 - 144 users 1-125
2026-09-10 20:44:53,698 INFO o.a.j.t.JMeterThread: Thread finished: Thread Group - until HTTP 503 - 144 users 1-81
2026-09-10 20:44:53,698 INFO o.a.j.t.JMeterThread: Thread finished: Thread Group - until HTTP 503 - 144 users 1-77
2026-09-10 20:44:53,698 INFO o.a.j.t.JMeterThread: Thread finished: Thread Group - until HTTP 503 - 144 users 1-101
2026-09-10 20:44:53,698 INFO o.a.j.t.JMeterThread: Thread finished: Thread Group - until HTTP 503 - 144 users 1-125
2026-09-10 20:44:53,693 INFO o.a.j.t.JMeterThread: Stopping because end time detected by thread: Thread Group - until HTTP 503 - 144 users 1-95
2026-09-10 20:44:53,694 INFO o.a.j.t.JMeterThread: Thread finished: Thread Group - until HTTP 503 - 144 users 1-143
2026-09-10 20:44:53,694 INFO o.a.j.t.JMeterThread: Stopping because end time detected by thread: Thread Group - until HTTP 503 - 144 users 1-39
2026-09-10 20:44:53,698 INFO o.a.j.t.JMeterThread: Thread finished: Thread Group - until HTTP 503 - 144 users 1-95
2026-09-10 20:44:53,694 INFO o.a.j.t.JMeterThread: Stopping because end time detected by thread: Thread Group - until HTTP 503 - 144 users 1-90
2026-09-10 20:44:53,698 INFO o.a.j.t.JMeterThread: Thread finished: Thread Group - until HTTP 503 - 144 users 1-39
2026-09-10 20:44:53,694 INFO o.a.j.t.JMeterThread: Thread finished: Thread Group - until HTTP 503 - 144 users 1-46
2026-09-10 20:44:53,694 INFO o.a.j.t.JMeterThread: Thread finished: Thread Group - until HTTP 503 - 144 users 1-36
2026-09-10 20:44:53,694 INFO o.a.j.t.JMeterThread: Stopping because end time detected by thread: Thread Group - until HTTP 503 - 144 users 1-42
2026-09-10 20:44:53,694 INFO o.a.j.t.JMeterThread: Stopping because end time detected by thread: Thread Group - until HTTP 503 - 144 users 1-49
2026-09-10 20:44:53,698 INFO o.a.j.t.JMeterThread: Thread finished: Thread Group - until HTTP 503 - 144 users 1-42
2026-09-10 20:44:53,698 INFO o.a.j.t.JMeterThread: Thread finished: Thread Group - until HTTP 503 - 144 users 1-49
2026-09-10 20:44:53,695 INFO o.a.j.t.JMeterThread: Stopping because end time detected by thread: Thread Group - until HTTP 503 - 144 users 1-41
2026-09-10 20:44:53,695 INFO o.a.j.t.JMeterThread: Stopping because end time detected by thread: Thread Group - until HTTP 503 - 144 users 1-50
2026-09-10 20:44:53,695 INFO o.a.j.t.JMeterThread: Thread finished: Thread Group - until HTTP 503 - 144 users 1-47
2026-09-10 20:44:53,698 INFO o.a.j.t.JMeterThread: Thread finished: Thread Group - until HTTP 503 - 144 users 1-41
2026-09-10 20:44:53,695 INFO o.a.j.t.JMeterThread: Thread finished: Thread Group - until HTTP 503 - 144 users 1-43
2026-09-10 20:44:53,695 INFO o.a.j.t.JMeterThread: Thread finished: Thread Group - until HTTP 503 - 144 users 1-54
2026-09-10 20:44:53,695 INFO o.a.j.t.JMeterThread: Thread finished: Thread Group - until HTTP 503 - 144 users 1-63
2026-09-10 20:44:53,695 INFO o.a.j.t.JMeterThread: Thread finished: Thread Group - until HTTP 503 - 144 users 1-48
2026-09-10 20:44:53,696 INFO o.a.j.t.JMeterThread: Stopping because end time detected by thread: Thread Group - until HTTP 503 - 144 users 1-60
2026-09-10 20:44:53,698 INFO o.a.j.t.JMeterThread: Thread finished: Thread Group - until HTTP 503 - 144 users 1-115
2026-09-10 20:44:53,696 INFO o.a.j.t.JMeterThread: Stopping because end time detected by thread: Thread Group - until HTTP 503 - 144 users 1-8
2026-09-10 20:44:53,696 INFO o.a.j.t.JMeterThread: Thread finished: Thread Group - until HTTP 503 - 144 users 1-53
2026-09-10 20:44:53,698 INFO o.a.j.t.JMeterThread: Thread finished: Thread Group - until HTTP 503 - 144 users 1-8
2026-09-10 20:44:53,696 INFO o.a.j.t.JMeterThread: Thread finished: Thread Group - until HTTP 503 - 144 users 1-135
2026-09-10 20:44:53,696 INFO o.a.j.t.JMeterThread: Stopping because end time detected by thread: Thread Group - until HTTP 503 - 144 users 1-137
2026-09-10 20:44:53,697 INFO o.a.j.t.JMeterThread: Thread finished: Thread Group - until HTTP 503 - 144 users 1-52
2026-09-10 20:44:53,697 INFO o.a.j.t.JMeterThread: Stopping because end time detected by thread: Thread Group - until HTTP 503 - 144 users 1-120
2026-09-10 20:44:53,697 INFO o.a.j.t.JMeterThread: Thread finished: Thread Group - until HTTP 503 - 144 users 1-144
2026-09-10 20:44:53,699 INFO o.a.j.t.JMeterThread: Thread finished: Thread Group - until HTTP 503 - 144 users 1-120
2026-09-10 20:44:53,697 INFO o.a.j.t.JMeterThread: Thread finished: Thread Group - until HTTP 503 - 144 users 1-32
2026-09-10 20:44:53,697 INFO o.a.j.t.JMeterThread: Thread finished: Thread Group - until HTTP 503 - 144 users 1-138
2026-09-10 20:44:53,697 INFO o.a.j.t.JMeterThread: Thread finished: Thread Group - until HTTP 503 - 144 users 1-71
2026-09-10 20:44:53,697 INFO o.a.j.t.JMeterThread: Thread finished: Thread Group - until HTTP 503 - 144 users 1-102
2026-09-10 20:44:53,698 INFO o.a.j.t.JMeterThread: Thread finished: Thread Group - until HTTP 503 - 144 users 1-103
2026-09-10 20:44:53,698 INFO o.a.j.t.JMeterThread: Thread finished: Thread Group - until HTTP 503 - 144 users 1-134
2026-09-10 20:44:53,698 INFO o.a.j.t.JMeterThread: Thread finished: Thread Group - until HTTP 503 - 144 users 1-69
2026-09-10 20:44:53,698 INFO o.a.j.t.JMeterThread: Thread finished: Thread Group - until HTTP 503 - 144 users 1-90
2026-09-10 20:44:53,698 INFO o.a.j.t.JMeterThread: Thread finished: Thread Group - until HTTP 503 - 144 users 1-50
2026-09-10 20:44:53,699 INFO o.a.j.t.JMeterThread: Thread finished: Thread Group - until HTTP 503 - 144 users 1-137
2026-09-10 20:44:53,699 INFO o.a.j.t.JMeterThread: Thread finished: Thread Group - until HTTP 503 - 144 users 1-60
2026-09-10 20:44:53,964 INFO o.a.j.t.JMeterThread: Stopping because end time detected by thread: Thread Group - until HTTP 503 - 144 users 1-14
2026-09-10 20:44:53,965 INFO o.a.j.t.JMeterThread: Stopping because end time detected by thread: Thread Group - until HTTP 503 - 144 users 1-20
2026-09-10 20:44:53,965 INFO o.a.j.t.JMeterThread: Stopping because end time detected by thread: Thread Group - until HTTP 503 - 144 users 1-87
2026-09-10 20:44:53,965 INFO o.a.j.t.JMeterThread: Stopping because end time detected by thread: Thread Group - until HTTP 503 - 144 users 1-7
2026-09-10 20:44:53,964 INFO o.a.j.t.JMeterThread: Stopping because end time detected by thread: Thread Group - until HTTP 503 - 144 users 1-29
2026-09-10 20:44:53,965 INFO o.a.j.t.JMeterThread: Stopping because end time detected by thread: Thread Group - until HTTP 503 - 144 users 1-86
2026-09-10 20:44:53,965 INFO o.a.j.t.JMeterThread: Thread finished: Thread Group - until HTTP 503 - 144 users 1-7
2026-09-10 20:44:53,965 INFO o.a.j.t.JMeterThread: Thread finished: Thread Group - until HTTP 503 - 144 users 1-14
2026-09-10 20:44:53,965 INFO o.a.j.t.JMeterThread: Thread finished: Thread Group - until HTTP 503 - 144 users 1-29
2026-09-10 20:44:53,965 INFO o.a.j.t.JMeterThread: Thread finished: Thread Group - until HTTP 503 - 144 users 1-86
2026-09-10 20:44:53,965 INFO o.a.j.t.JMeterThread: Stopping because end time detected by thread: Thread Group - until HTTP 503 - 144 users 1-23
2026-09-10 20:44:53,965 INFO o.a.j.t.JMeterThread: Thread finished: Thread Group - until HTTP 503 - 144 users 1-23
2026-09-10 20:44:53,965 INFO o.a.j.t.JMeterThread: Stopping because end time detected by thread: Thread Group - until HTTP 503 - 144 users 1-35
2026-09-10 20:44:53,966 INFO o.a.j.t.JMeterThread: Thread finished: Thread Group - until HTTP 503 - 144 users 1-35
2026-09-10 20:44:53,966 INFO o.a.j.t.JMeterThread: Stopping because end time detected by thread: Thread Group - until HTTP 503 - 144 users 1-2
2026-09-10 20:44:53,967 INFO o.a.j.t.JMeterThread: Stopping because end time detected by thread: Thread Group - until HTTP 503 - 144 users 1-72
2026-09-10 20:44:53,967 INFO o.a.j.t.JMeterThread: Thread finished: Thread Group - until HTTP 503 - 144 users 1-72
2026-09-10 20:44:53,967 INFO o.a.j.t.JMeterThread: Stopping because end time detected by thread: Thread Group - until HTTP 503 - 144 users 1-15
2026-09-10 20:44:53,967 INFO o.a.j.t.JMeterThread: Thread finished: Thread Group - until HTTP 503 - 144 users 1-15
2026-09-10 20:44:53,965 INFO o.a.j.t.JMeterThread: Thread finished: Thread Group - until HTTP 503 - 144 users 1-20
2026-09-10 20:44:53,965 INFO o.a.j.t.JMeterThread: Stopping because end time detected by thread: Thread Group - until HTTP 503 - 144 users 1-11
2026-09-10 20:44:53,967 INFO o.a.j.t.JMeterThread: Stopping because end time detected by thread: Thread Group - until HTTP 503 - 144 users 1-65
2026-09-10 20:44:53,968 INFO o.a.j.t.JMeterThread: Stopping because end time detected by thread: Thread Group - until HTTP 503 - 144 users 1-16
2026-09-10 20:44:53,968 INFO o.a.j.t.JMeterThread: Thread finished: Thread Group - until HTTP 503 - 144 users 1-16
2026-09-10 20:44:53,968 INFO o.a.j.t.JMeterThread: Thread finished: Thread Group - until HTTP 503 - 144 users 1-65
2026-09-10 20:44:53,968 INFO o.a.j.t.JMeterThread: Stopping because end time detected by thread: Thread Group - until HTTP 503 - 144 users 1-109
2026-09-10 20:44:53,968 INFO o.a.j.t.JMeterThread: Stopping because end time detected by thread: Thread Group - until HTTP 503 - 144 users 1-131
2026-09-10 20:44:53,968 INFO o.a.j.t.JMeterThread: Thread finished: Thread Group - until HTTP 503 - 144 users 1-109
2026-09-10 20:44:53,968 INFO o.a.j.t.JMeterThread: Stopping because end time detected by thread: Thread Group - until HTTP 503 - 144 users 1-76
2026-09-10 20:44:53,968 INFO o.a.j.t.JMeterThread: Thread finished: Thread Group - until HTTP 503 - 144 users 1-131
2026-09-10 20:44:53,968 INFO o.a.j.t.JMeterThread: Stopping because end time detected by thread: Thread Group - until HTTP 503 - 144 users 1-142
2026-09-10 20:44:53,968 INFO o.a.j.t.JMeterThread: Thread finished: Thread Group - until HTTP 503 - 144 users 1-142
2026-09-10 20:44:53,965 INFO o.a.j.t.JMeterThread: Stopping because end time detected by thread: Thread Group - until HTTP 503 - 144 users 1-88
2026-09-10 20:44:53,968 INFO o.a.j.t.JMeterThread: Stopping because end time detected by thread: Thread Group - until HTTP 503 - 144 users 1-112
2026-09-10 20:44:53,965 INFO o.a.j.t.JMeterThread: Thread finished: Thread Group - until HTTP 503 - 144 users 1-87
2026-09-10 20:44:53,968 INFO o.a.j.t.JMeterThread: Thread finished: Thread Group - until HTTP 503 - 144 users 1-88
2026-09-10 20:44:53,965 INFO o.a.j.t.JMeterThread: Stopping because end time detected by thread: Thread Group - until HTTP 503 - 144 users 1-5
2026-09-10 20:44:53,965 INFO o.a.j.t.JMeterThread: Stopping because end time detected by thread: Thread Group - until HTTP 503 - 144 users 1-96
2026-09-10 20:44:53,967 INFO o.a.j.t.JMeterThread: Thread finished: Thread Group - until HTTP 503 - 144 users 1-2
2026-09-10 20:44:53,967 INFO o.a.j.t.JMeterThread: Stopping because end time detected by thread: Thread Group - until HTTP 503 - 144 users 1-19
2026-09-10 20:44:53,969 INFO o.a.j.t.JMeterThread: Stopping because end time detected by thread: Thread Group - until HTTP 503 - 144 users 1-6
2026-09-10 20:44:53,969 INFO o.a.j.t.JMeterThread: Stopping because end time detected by thread: Thread Group - until HTTP 503 - 144 users 1-141
2026-09-10 20:44:53,969 INFO o.a.j.t.JMeterThread: Thread finished: Thread Group - until HTTP 503 - 144 users 1-19
2026-09-10 20:44:53,967 INFO o.a.j.t.JMeterThread: Thread finished: Thread Group - until HTTP 503 - 144 users 1-11
2026-09-10 20:44:53,969 INFO o.a.j.t.JMeterThread: Thread finished: Thread Group - until HTTP 503 - 144 users 1-141
2026-09-10 20:44:53,968 INFO o.a.j.t.JMeterThread: Thread finished: Thread Group - until HTTP 503 - 144 users 1-112
2026-09-10 20:44:53,969 INFO o.a.j.t.JMeterThread: Thread finished: Thread Group - until HTTP 503 - 144 users 1-76
2026-09-10 20:44:53,968 INFO o.a.j.t.JMeterThread: Thread finished: Thread Group - until HTTP 503 - 144 users 1-96
2026-09-10 20:44:53,968 INFO o.a.j.t.JMeterThread: Stopping because end time detected by thread: Thread Group - until HTTP 503 - 144 users 1-113
2026-09-10 20:44:53,969 INFO o.a.j.t.JMeterThread: Thread finished: Thread Group - until HTTP 503 - 144 users 1-113
2026-09-10 20:44:53,969 INFO o.a.j.t.JMeterThread: Thread finished: Thread Group - until HTTP 503 - 144 users 1-5
2026-09-10 20:44:53,969 INFO o.a.j.t.JMeterThread: Thread finished: Thread Group - until HTTP 503 - 144 users 1-6
2026-09-10 20:44:54,642 INFO o.a.j.t.JMeterThread: Stopping because end time detected by thread: Thread Group - until HTTP 503 - 144 users 1-133
2026-09-10 20:44:54,642 INFO o.a.j.t.JMeterThread: Thread finished: Thread Group - until HTTP 503 - 144 users 1-133
2026-09-10 20:44:54,708 INFO o.a.j.t.JMeterThread: Stopping because end time detected by thread: Thread Group - until HTTP 503 - 144 users 1-4
2026-09-10 20:44:54,708 INFO o.a.j.t.JMeterThread: Thread finished: Thread Group - until HTTP 503 - 144 users 1-4
2026-09-10 20:44:54,753 INFO o.a.j.t.JMeterThread: Stopping because end time detected by thread: Thread Group - until HTTP 503 - 144 users 1-132
2026-09-10 20:44:54,753 INFO o.a.j.t.JMeterThread: Thread finished: Thread Group - until HTTP 503 - 144 users 1-132
2026-09-10 20:44:54,816 INFO o.a.j.t.JMeterThread: Stopping because end time detected by thread: Thread Group - until HTTP 503 - 144 users 1-75
2026-09-10 20:44:54,816 INFO o.a.j.t.JMeterThread: Thread finished: Thread Group - until HTTP 503 - 144 users 1-75
2026-09-10 20:44:54,862 INFO o.a.j.t.JMeterThread: Stopping because end time detected by thread: Thread Group - until HTTP 503 - 144 users 1-61
2026-09-10 20:44:54,863 INFO o.a.j.t.JMeterThread: Thread finished: Thread Group - until HTTP 503 - 144 users 1-61
2026-09-10 20:44:54,864 INFO o.a.j.e.StandardJMeterEngine: Notifying test listeners of end of test
2026-09-10 20:44:54,865 INFO o.a.j.r.Summariser: summary +    739 in 00:00:24 =   30.5/s Avg:  5138 Min:  3497 Max:  8129 Err:   739 (100.00%) Active: 0 Started: 144 Finished: 144
2026-09-10 20:44:54,866 INFO o.a.j.r.Summariser: summary =   2494 in 00:01:31 =   27.3/s Avg:  3489 Min:   522 Max:  8129 Err:  2395 (96.03%)
2026-09-10 20:44:54,868 INFO o.a.j.JMeter: Generating Dashboard
2026-09-10 20:44:54,868 INFO o.a.j.r.d.ReportGenerator: Flushing result collector before report Generation
2026-09-10 20:44:54,949 INFO o.a.j.r.p.NormalizerSampleConsumer: Using format, 'ms', to parse timeStamp field
2026-09-10 20:44:55,268 INFO o.a.j.r.p.AbstractSampleConsumer: class org.apache.jmeter.report.processor.AggregateConsumer#stopProducing(): beginDate produced 0 samples
2026-09-10 20:44:55,269 INFO o.a.j.r.p.AbstractSampleConsumer: class org.apache.jmeter.report.processor.AggregateConsumer#stopProducing(): endDate produced 0 samples
2026-09-10 20:44:55,271 INFO o.a.j.r.p.AbstractSampleConsumer: class org.apache.jmeter.report.processor.ApdexSummaryConsumer#stopProducing(): apdexSummary produced 0 samples
2026-09-10 20:44:55,271 INFO o.a.j.r.p.AbstractSampleConsumer: class org.apache.jmeter.report.processor.RequestsSummaryConsumer#stopProducing(): requestsSummary produced 0 samples
2026-09-10 20:44:55,279 INFO o.a.j.r.p.AbstractSampleConsumer: class org.apache.jmeter.report.processor.StatisticsSummaryConsumer#stopProducing(): statisticsSummary produced 0 samples
2026-09-10 20:44:55,284 INFO o.a.j.r.p.AbstractSampleConsumer: class org.apache.jmeter.report.processor.Top5ErrorsBySamplerConsumer#stopProducing(): top5ErrorsBySampler produced 0 samples
2026-09-10 20:44:55,286 INFO o.a.j.r.p.AbstractSampleConsumer: class org.apache.jmeter.report.processor.ErrorsSummaryConsumer#stopProducing(): errorsSummary produced 0 samples
2026-09-10 20:44:55,286 INFO o.a.j.r.p.AbstractSampleConsumer: class org.apache.jmeter.report.processor.graph.impl.HitsPerSecondGraphConsumer#stopProducing(): hitsPerSecond produced 0 samples
2026-09-10 20:44:55,405 INFO o.a.j.r.p.AbstractSampleConsumer: class org.apache.jmeter.report.processor.graph.impl.LatencyVSRequestGraphConsumer#stopProducing(): latencyVsRequest produced 0 samples
2026-09-10 20:44:55,407 INFO o.a.j.r.p.AbstractSampleConsumer: class org.apache.jmeter.report.processor.graph.impl.SyntheticResponseTimeDistributionGraphConsumer#stopProducing(): syntheticResponseTimeDistribution produced 0 samples
2026-09-10 20:44:55,408 INFO o.a.j.r.p.AbstractSampleConsumer: class org.apache.jmeter.report.processor.graph.impl.BytesThroughputGraphConsumer#stopProducing(): bytesThroughputOverTime produced 0 samples
2026-09-10 20:44:55,408 INFO o.a.j.r.p.AbstractSampleConsumer: class org.apache.jmeter.report.processor.graph.impl.CodesPerSecondGraphConsumer#stopProducing(): codesPerSecond produced 0 samples
2026-09-10 20:44:55,484 INFO o.a.j.r.p.AbstractSampleConsumer: class org.apache.jmeter.report.processor.graph.impl.ResponseTimeVSRequestGraphConsumer#stopProducing(): responseTimeVsRequest produced 0 samples
2026-09-10 20:44:55,486 INFO o.a.j.r.p.AbstractSampleConsumer: class org.apache.jmeter.report.processor.FilterConsumer#stopProducing(): startIntervalControlerFilter produced 17458 samples
2026-09-10 20:44:55,486 INFO o.a.j.r.p.AbstractSampleConsumer: class org.apache.jmeter.report.processor.graph.impl.TotalTPSGraphConsumer#stopProducing(): totalTPS produced 0 samples
2026-09-10 20:44:55,486 INFO o.a.j.r.p.AbstractSampleConsumer: class org.apache.jmeter.report.processor.graph.impl.ActiveThreadsGraphConsumer#stopProducing(): activeThreadsOverTime produced 0 samples
2026-09-10 20:44:55,486 INFO o.a.j.r.p.AbstractSampleConsumer: class org.apache.jmeter.report.processor.graph.impl.TimeVSThreadGraphConsumer#stopProducing(): timeVsThreads produced 0 samples
2026-09-10 20:44:55,486 INFO o.a.j.r.p.AbstractSampleConsumer: class org.apache.jmeter.report.processor.graph.impl.ResponseTimeDistributionGraphConsumer#stopProducing(): responseTimeDistribution produced 0 samples
2026-09-10 20:44:55,487 INFO o.a.j.r.p.AbstractSampleConsumer: class org.apache.jmeter.report.processor.graph.impl.TransactionsPerSecondGraphConsumer#stopProducing(): transactionsPerSecond produced 0 samples
2026-09-10 20:44:55,487 INFO o.a.j.r.p.AbstractSampleConsumer: class org.apache.jmeter.report.processor.graph.impl.ResponseTimePercentilesGraphConsumer#stopProducing(): responseTimePercentiles produced 0 samples
2026-09-10 20:44:55,491 INFO o.a.j.r.p.AbstractSampleConsumer: class org.apache.jmeter.report.processor.graph.impl.ResponseTimePercentilesOverTimeGraphConsumer#stopProducing(): responseTimePercentilesOverTime produced 0 samples
2026-09-10 20:44:55,492 INFO o.a.j.r.p.AbstractSampleConsumer: class org.apache.jmeter.report.processor.graph.impl.ResponseTimeOverTimeGraphConsumer#stopProducing(): responseTimesOverTime produced 0 samples
2026-09-10 20:44:55,492 INFO o.a.j.r.p.AbstractSampleConsumer: class org.apache.jmeter.report.processor.graph.impl.ConnectTimeOverTimeGraphConsumer#stopProducing(): connectTimeOverTime produced 0 samples
2026-09-10 20:44:55,492 INFO o.a.j.r.p.AbstractSampleConsumer: class org.apache.jmeter.report.processor.graph.impl.LatencyOverTimeGraphConsumer#stopProducing(): latenciesOverTime produced 0 samples
2026-09-10 20:44:55,492 INFO o.a.j.r.p.AbstractSampleConsumer: class org.apache.jmeter.report.processor.FilterConsumer#stopProducing(): nameFilter produced 37410 samples
2026-09-10 20:44:55,492 INFO o.a.j.r.p.AbstractSampleConsumer: class org.apache.jmeter.report.processor.FilterConsumer#stopProducing(): dateRangeFilter produced 7482 samples
2026-09-10 20:44:55,492 INFO o.a.j.r.p.AbstractSampleConsumer: class org.apache.jmeter.report.processor.NormalizerSampleConsumer#stopProducing(): normalizer produced 2494 samples
2026-09-10 20:44:55,493 INFO o.a.j.r.p.CsvFileSampleSource: produce(): 2494 samples produced in 515ms on channel 0
2026-09-10 20:44:55,493 INFO o.a.j.r.d.ReportGenerator: Exporting data using exporter:'json' of className:'org.apache.jmeter.report.dashboard.JsonExporter'
2026-09-10 20:44:55,620 INFO o.a.j.r.d.JsonExporter: Found data for consumer statisticsSummary in context
2026-09-10 20:44:55,620 INFO o.a.j.r.d.JsonExporter: Creating statistics for overall
2026-09-10 20:44:55,620 INFO o.a.j.r.d.JsonExporter: Creating statistics for other transactions
2026-09-10 20:44:55,621 INFO o.a.j.r.d.JsonExporter: Checking output folder
2026-09-10 20:44:55,623 INFO o.a.j.r.d.JsonExporter: Writing statistics JSON to C:\University\Programming\Software Testing\Lab4\html_reports\stress_until_503\144users_2880rpm\statistics.json
2026-09-10 20:44:55,684 INFO o.a.j.r.d.ReportGenerator: Exporting data using exporter:'html' of className:'org.apache.jmeter.report.dashboard.HtmlTemplateExporter'
2026-09-10 20:44:55,687 INFO o.a.j.r.d.HtmlTemplateExporter: Will generate dashboard in folder: C:\University\Programming\Software Testing\Lab4\html_reports\stress_until_503\144users_2880rpm
2026-09-10 20:44:55,804 INFO o.a.j.r.d.HtmlTemplateExporter: Report will be generated in: C:\University\Programming\Software Testing\Lab4\html_reports\stress_until_503\144users_2880rpm, creating folder structure
2026-09-10 20:44:55,806 INFO o.a.j.r.d.TemplateVisitor: Copying folder from 'C:\Program Files\apache-jmeter-5.6.3\bin\report-template' to 'C:\University\Programming\Software Testing\Lab4\html_reports\stress_until_503\144users_2880rpm', got message: C:\University\Programming\Software Testing\Lab4\html_reports\stress_until_503\144users_2880rpm, found non empty folder with following content [C:\University\Programming\Software Testing\Lab4\html_reports\stress_until_503\144users_2880rpm\statistics.json], will be ignored
2026-09-10 20:44:56,218 INFO o.a.j.JMeter: Dashboard generated
