2026-09-10 20:16:03,412 INFO o.a.j.u.JMeterUtils: Setting Locale to en_EN
2026-09-10 20:16:03,425 INFO o.a.j.JMeter: Loading user properties from: C:\Program Files\apache-jmeter-5.6.3\bin\user.properties
2026-09-10 20:16:03,426 INFO o.a.j.JMeter: Loading system properties from: C:\Program Files\apache-jmeter-5.6.3\bin\system.properties
2026-09-10 20:16:03,426 INFO o.a.j.JMeter: Setting JMeter property: jmeter.save.saveservice.output_format=csv
2026-09-10 20:16:03,426 INFO o.a.j.JMeter: Setting JMeter property: jmeter.save.saveservice.print_field_names=true
2026-09-10 20:16:03,428 INFO o.a.j.JMeter: Setting JMeter property: jmeter.save.saveservice.timestamp_format=ms
2026-09-10 20:16:03,428 INFO o.a.j.JMeter: Setting JMeter property: jmeter.save.saveservice.time=true
2026-09-10 20:16:03,428 INFO o.a.j.JMeter: Setting JMeter property: jmeter.save.saveservice.latency=true
2026-09-10 20:16:03,428 INFO o.a.j.JMeter: Setting JMeter property: jmeter.save.saveservice.label=true
2026-09-10 20:16:03,428 INFO o.a.j.JMeter: Setting JMeter property: jmeter.save.saveservice.response_code=true
2026-09-10 20:16:03,428 INFO o.a.j.JMeter: Setting JMeter property: jmeter.save.saveservice.response_message=true
2026-09-10 20:16:03,428 INFO o.a.j.JMeter: Setting JMeter property: jmeter.save.saveservice.successful=true
2026-09-10 20:16:03,428 INFO o.a.j.JMeter: Setting JMeter property: jmeter.save.saveservice.assertion_results_failure_message=true
2026-09-10 20:16:03,428 INFO o.a.j.JMeter: Setting JMeter property: jmeter.save.saveservice.thread_name=true
2026-09-10 20:16:03,428 INFO o.a.j.JMeter: Setting JMeter property: jmeter.save.saveservice.thread_counts=true
2026-09-10 20:16:03,428 INFO o.a.j.JMeter: Setting JMeter property: jmeter.save.saveservice.connect_time=true
2026-09-10 20:16:03,435 INFO o.a.j.JMeter: Copyright (c) 1998-2024 The Apache Software Foundation
2026-09-10 20:16:03,435 INFO o.a.j.JMeter: Version 5.6.3
2026-09-10 20:16:03,435 INFO o.a.j.JMeter: java.version=26.0.1
2026-09-10 20:16:03,435 INFO o.a.j.JMeter: java.vm.name=Java HotSpot(TM) 64-Bit Server VM
2026-09-10 20:16:03,435 INFO o.a.j.JMeter: os.name=Windows 10
2026-09-10 20:16:03,435 INFO o.a.j.JMeter: os.arch=amd64
2026-09-10 20:16:03,435 INFO o.a.j.JMeter: os.version=10.0
2026-09-10 20:16:03,435 INFO o.a.j.JMeter: file.encoding=UTF-8
2026-09-10 20:16:03,435 INFO o.a.j.JMeter: java.awt.headless=true
2026-09-10 20:16:03,435 INFO o.a.j.JMeter: Max memory     =1073741824
2026-09-10 20:16:03,435 INFO o.a.j.JMeter: Available Processors =8
2026-09-10 20:16:03,446 INFO o.a.j.JMeter: Default Locale=English (EN)
2026-09-10 20:16:03,446 INFO o.a.j.JMeter: JMeter  Locale=English (EN)
2026-09-10 20:16:03,446 INFO o.a.j.JMeter: JMeterHome=C:\Program Files\apache-jmeter-5.6.3
2026-09-10 20:16:03,446 INFO o.a.j.JMeter: user.dir  =C:\University\Programming\Software Testing\Lab4
2026-09-10 20:16:03,446 INFO o.a.j.JMeter: PWD       =C:\University\Programming\Software Testing\Lab4
2026-09-10 20:16:03,447 INFO o.a.j.JMeter: IP: 172.28.17.195 Name: DESKTOP-74FQ4EV FullName: DESKTOP-74FQ4EV
2026-09-10 20:16:03,456 INFO o.a.j.JMeter: Setting property 'jmeter.reportgenerator.outputdir' to:'C:\University\Programming\Software Testing\Lab4\html_reports\stress_until_503\5users_100rpm'
2026-09-10 20:16:03,459 INFO o.a.j.s.FileServer: Default base='C:\University\Programming\Software Testing\Lab4'
2026-09-10 20:16:03,460 INFO o.a.j.s.FileServer: Set new base='C:\University\Programming\Software Testing\Lab4\quality_jmeter_plans\stress_until_503'
2026-09-10 20:16:03,657 INFO o.a.j.s.SaveService: Testplan (JMX) version: 2.2. Testlog (JTL) version: 2.2
2026-09-10 20:16:03,672 INFO o.a.j.s.SaveService: Using SaveService properties version 5.0
2026-09-10 20:16:03,674 INFO o.a.j.s.SaveService: Using SaveService properties file encoding UTF-8
2026-09-10 20:16:03,677 INFO o.a.j.s.SaveService: Loading file: quality_jmeter_plans\stress_until_503\stress_until_503_5users_100rpm_ctt.jmx
2026-09-10 20:16:03,721 INFO o.a.j.p.h.s.HTTPSamplerBase: Parser for text/html is org.apache.jmeter.protocol.http.parser.LagartoBasedHtmlParser
2026-09-10 20:16:03,721 INFO o.a.j.p.h.s.HTTPSamplerBase: Parser for application/xhtml+xml is org.apache.jmeter.protocol.http.parser.LagartoBasedHtmlParser
2026-09-10 20:16:03,721 INFO o.a.j.p.h.s.HTTPSamplerBase: Parser for application/xml is org.apache.jmeter.protocol.http.parser.LagartoBasedHtmlParser
2026-09-10 20:16:03,721 INFO o.a.j.p.h.s.HTTPSamplerBase: Parser for text/xml is org.apache.jmeter.protocol.http.parser.LagartoBasedHtmlParser
2026-09-10 20:16:03,721 INFO o.a.j.p.h.s.HTTPSamplerBase: Parser for text/vnd.wap.wml is org.apache.jmeter.protocol.http.parser.RegexpHTMLParser
2026-09-10 20:16:03,721 INFO o.a.j.p.h.s.HTTPSamplerBase: Parser for text/css is org.apache.jmeter.protocol.http.parser.CssParser
2026-09-10 20:16:03,732 INFO o.a.j.JMeter: Creating summariser <summary>
2026-09-10 20:16:03,738 INFO o.a.j.r.d.ReportGenerator: ReportGenerator will use for Parsing the separator: ','
2026-09-10 20:16:03,739 INFO o.a.j.r.d.ReportGenerator: Will generate report at end of test from  results file: results/stress_until_503/stress_until_503_5users_100rpm.jtl
2026-09-10 20:16:03,739 INFO o.a.j.r.d.ReportGenerator: Reading report generator properties from: C:\Program Files\apache-jmeter-5.6.3\bin\reportgenerator.properties
2026-09-10 20:16:03,740 INFO o.a.j.r.d.ReportGenerator: Merging with JMeter properties
2026-09-10 20:16:03,742 INFO o.a.j.r.c.ReportGeneratorConfiguration: Property 'jmeter.reportgenerator.temp_dir' not found, using default value 'temp' instead.
2026-09-10 20:16:03,744 INFO o.a.j.r.c.ReportGeneratorConfiguration: Property 'jmeter.reportgenerator.apdex_per_transaction' not found, using default value 'null' instead.
2026-09-10 20:16:03,744 INFO o.a.j.r.c.ReportGeneratorConfiguration: apdex_per_transaction is empty, not APDEX per transaction customization
2026-09-10 20:16:03,744 INFO o.a.j.r.c.ReportGeneratorConfiguration: Property 'jmeter.reportgenerator.sample_filter' not found, using default value 'null' instead.
2026-09-10 20:16:03,744 INFO o.a.j.r.c.ReportGeneratorConfiguration: Property 'jmeter.reportgenerator.report_title' not found, using default value 'null' instead.
2026-09-10 20:16:03,744 INFO o.a.j.r.c.ReportGeneratorConfiguration: Property 'jmeter.reportgenerator.start_date' not found, using default value 'null' instead.
2026-09-10 20:16:03,744 INFO o.a.j.r.c.ReportGeneratorConfiguration: Property 'jmeter.reportgenerator.end_date' not found, using default value 'null' instead.
2026-09-10 20:16:03,744 INFO o.a.j.r.c.ReportGeneratorConfiguration: Property 'jmeter.reportgenerator.date_format' not found, using default value 'null' instead.
2026-09-10 20:16:03,745 INFO o.a.j.r.c.ReportGeneratorConfiguration: Will use date range start date: null, end date: null
2026-09-10 20:16:03,747 INFO o.a.j.r.c.ReportGeneratorConfiguration: Property 'jmeter.reportgenerator.graph.totalTPS.exclude_controllers' not found, using default value 'false' instead.
2026-09-10 20:16:03,748 INFO o.a.j.r.c.ReportGeneratorConfiguration: Property 'jmeter.reportgenerator.graph.activeThreadsOverTime.exclude_controllers' not found, using default value 'false' instead.
2026-09-10 20:16:03,748 INFO o.a.j.r.c.ReportGeneratorConfiguration: Property 'jmeter.reportgenerator.graph.timeVsThreads.exclude_controllers' not found, using default value 'false' instead.
2026-09-10 20:16:03,748 INFO o.a.j.r.c.ReportGeneratorConfiguration: Property 'jmeter.reportgenerator.graph.responseTimeDistribution.exclude_controllers' not found, using default value 'false' instead.
2026-09-10 20:16:03,748 INFO o.a.j.r.c.ReportGeneratorConfiguration: Property 'jmeter.reportgenerator.graph.transactionsPerSecond.exclude_controllers' not found, using default value 'false' instead.
2026-09-10 20:16:03,748 INFO o.a.j.r.c.ReportGeneratorConfiguration: Property 'jmeter.reportgenerator.graph.responseTimePercentiles.exclude_controllers' not found, using default value 'false' instead.
2026-09-10 20:16:03,748 INFO o.a.j.r.c.ReportGeneratorConfiguration: Property 'jmeter.reportgenerator.graph.responseTimePercentilesOverTime.exclude_controllers' not found, using default value 'false' instead.
2026-09-10 20:16:03,749 INFO o.a.j.r.c.ReportGeneratorConfiguration: Property 'jmeter.reportgenerator.graph.responseTimesOverTime.exclude_controllers' not found, using default value 'false' instead.
2026-09-10 20:16:03,749 INFO o.a.j.r.c.ReportGeneratorConfiguration: Property 'jmeter.reportgenerator.graph.connectTimeOverTime.exclude_controllers' not found, using default value 'false' instead.
2026-09-10 20:16:03,749 INFO o.a.j.r.c.ReportGeneratorConfiguration: Property 'jmeter.reportgenerator.graph.latenciesOverTime.exclude_controllers' not found, using default value 'false' instead.
2026-09-10 20:16:03,750 INFO o.a.j.r.c.ReportGeneratorConfiguration: Property 'jmeter.reportgenerator.exporter.json.filters_only_sample_series' not found, using default value 'true' instead.
2026-09-10 20:16:03,750 INFO o.a.j.r.c.ReportGeneratorConfiguration: Property 'jmeter.reportgenerator.exporter.json.series_filter' not found, using default value '' instead.
2026-09-10 20:16:03,750 INFO o.a.j.r.c.ReportGeneratorConfiguration: Property 'jmeter.reportgenerator.exporter.json.show_controllers_only' not found, using default value 'false' instead.
2026-09-10 20:16:03,750 INFO o.a.j.r.c.ReportGeneratorConfiguration: Property 'jmeter.reportgenerator.exporter.html.filters_only_sample_series' not found, using default value 'true' instead.
2026-09-10 20:16:03,750 INFO o.a.j.r.c.ReportGeneratorConfiguration: Property 'jmeter.reportgenerator.exporter.html.series_filter' not found, using default value '' instead.
2026-09-10 20:16:03,750 INFO o.a.j.r.c.ReportGeneratorConfiguration: Property 'jmeter.reportgenerator.exporter.html.show_controllers_only' not found, using default value 'false' instead.
2026-09-10 20:16:03,759 INFO o.a.j.e.StandardJMeterEngine: Running the test!
2026-09-10 20:16:03,759 INFO o.a.j.s.SampleEvent: List of sample_variables: []
2026-09-10 20:16:03,759 INFO o.a.j.s.SampleEvent: List of sample_variables: []
2026-09-10 20:16:03,764 INFO o.a.j.e.u.CompoundVariable: Note: Function class names must contain the string: '.functions.'
2026-09-10 20:16:03,764 INFO o.a.j.e.u.CompoundVariable: Note: Function class names must not contain the string: '.gui.'
2026-09-10 20:16:03,820 INFO o.a.j.JMeter: Running test (1789060563820)
2026-09-10 20:16:03,835 INFO o.a.j.e.StandardJMeterEngine: Starting ThreadGroup: 1 : Thread Group - until HTTP 503 - 5 users
2026-09-10 20:16:03,836 INFO o.a.j.e.StandardJMeterEngine: Starting 5 threads for group Thread Group - until HTTP 503 - 5 users.
2026-09-10 20:16:03,836 INFO o.a.j.e.StandardJMeterEngine: Thread will continue on error
2026-09-10 20:16:03,836 INFO o.a.j.t.ThreadGroup: Starting thread group... number=1 threads=5 ramp-up=5 delayedStart=false
2026-09-10 20:16:03,840 INFO o.a.j.t.ThreadGroup: Started thread group number 1
2026-09-10 20:16:03,840 INFO o.a.j.e.StandardJMeterEngine: All thread groups have been started
2026-09-10 20:16:03,841 INFO o.a.j.t.JMeterThread: Thread started: Thread Group - until HTTP 503 - 5 users 1-1
2026-09-10 20:16:03,874 INFO o.a.j.p.h.s.HTTPHCAbstractImpl: Local host = DESKTOP-74FQ4EV
2026-09-10 20:16:03,879 INFO o.a.j.p.h.s.HTTPHC4Impl: HTTP request retry count = 0
2026-09-10 20:16:03,881 INFO o.a.j.s.SampleResult: Note: Sample TimeStamps are START times
2026-09-10 20:16:03,881 INFO o.a.j.s.SampleResult: sampleresult.default.encoding is set to UTF-8
2026-09-10 20:16:03,881 INFO o.a.j.s.SampleResult: sampleresult.useNanoTime=true
2026-09-10 20:16:03,881 INFO o.a.j.s.SampleResult: sampleresult.nanoThreadSleep=5000
2026-09-10 20:16:04,492 INFO o.a.j.r.Summariser: summary +      1 in 00:00:01 =    1.5/s Avg:   556 Min:   556 Max:   556 Err:     0 (0.00%) Active: 1 Started: 1 Finished: 0
2026-09-10 20:16:04,838 INFO o.a.j.t.JMeterThread: Thread started: Thread Group - until HTTP 503 - 5 users 1-2
2026-09-10 20:16:05,838 INFO o.a.j.t.JMeterThread: Thread started: Thread Group - until HTTP 503 - 5 users 1-3
2026-09-10 20:16:06,838 INFO o.a.j.t.JMeterThread: Thread started: Thread Group - until HTTP 503 - 5 users 1-4
2026-09-10 20:16:07,837 INFO o.a.j.t.JMeterThread: Thread started: Thread Group - until HTTP 503 - 5 users 1-5
2026-09-10 20:16:30,759 INFO o.a.j.r.Summariser: summary +     46 in 00:00:26 =    1.8/s Avg:   530 Min:   513 Max:   605 Err:     0 (0.00%) Active: 5 Started: 5 Finished: 0
2026-09-10 20:16:30,760 INFO o.a.j.r.Summariser: summary =     47 in 00:00:27 =    1.7/s Avg:   530 Min:   513 Max:   605 Err:     0 (0.00%)
2026-09-10 20:17:00,758 INFO o.a.j.r.Summariser: summary +     50 in 00:00:30 =    1.7/s Avg:   525 Min:   516 Max:   554 Err:     0 (0.00%) Active: 5 Started: 5 Finished: 0
2026-09-10 20:17:00,759 INFO o.a.j.r.Summariser: summary =     97 in 00:00:57 =    1.7/s Avg:   527 Min:   513 Max:   605 Err:     0 (0.00%)
2026-09-10 20:17:30,758 INFO o.a.j.r.Summariser: summary +     50 in 00:00:30 =    1.7/s Avg:   539 Min:   517 Max:   605 Err:     0 (0.00%) Active: 5 Started: 5 Finished: 0
2026-09-10 20:17:30,760 INFO o.a.j.r.Summariser: summary =    147 in 00:01:27 =    1.7/s Avg:   531 Min:   513 Max:   605 Err:     0 (0.00%)
2026-09-10 20:17:32,037 INFO o.a.j.t.JMeterThread: Thread finished: Thread Group - until HTTP 503 - 5 users 1-1
2026-09-10 20:17:32,157 INFO o.a.j.t.JMeterThread: Thread finished: Thread Group - until HTTP 503 - 5 users 1-3
2026-09-10 20:17:33,760 INFO o.a.j.t.JMeterThread: Thread finished: Thread Group - until HTTP 503 - 5 users 1-4
2026-09-10 20:17:34,158 INFO o.a.j.t.JMeterThread: Stopping because end time detected by thread: Thread Group - until HTTP 503 - 5 users 1-2
2026-09-10 20:17:34,158 INFO o.a.j.t.JMeterThread: Thread finished: Thread Group - until HTTP 503 - 5 users 1-2
2026-09-10 20:17:34,159 INFO o.a.j.t.JMeterThread: Stopping because end time detected by thread: Thread Group - until HTTP 503 - 5 users 1-5
2026-09-10 20:17:34,159 INFO o.a.j.t.JMeterThread: Thread finished: Thread Group - until HTTP 503 - 5 users 1-5
2026-09-10 20:17:34,160 INFO o.a.j.e.StandardJMeterEngine: Notifying test listeners of end of test
2026-09-10 20:17:34,161 INFO o.a.j.r.Summariser: summary +      7 in 00:00:03 =    2.1/s Avg:   525 Min:   517 Max:   543 Err:     0 (0.00%) Active: 0 Started: 5 Finished: 5
2026-09-10 20:17:34,162 INFO o.a.j.r.Summariser: summary =    154 in 00:01:30 =    1.7/s Avg:   531 Min:   513 Max:   605 Err:     0 (0.00%)
2026-09-10 20:17:34,163 INFO o.a.j.JMeter: Generating Dashboard
2026-09-10 20:17:34,163 INFO o.a.j.r.d.ReportGenerator: Flushing result collector before report Generation
2026-09-10 20:17:34,220 INFO o.a.j.r.p.NormalizerSampleConsumer: Using format, 'ms', to parse timeStamp field
2026-09-10 20:17:34,297 INFO o.a.j.r.p.AbstractSampleConsumer: class org.apache.jmeter.report.processor.AggregateConsumer#stopProducing(): beginDate produced 0 samples
2026-09-10 20:17:34,298 INFO o.a.j.r.p.AbstractSampleConsumer: class org.apache.jmeter.report.processor.AggregateConsumer#stopProducing(): endDate produced 0 samples
2026-09-10 20:17:34,299 INFO o.a.j.r.p.AbstractSampleConsumer: class org.apache.jmeter.report.processor.ApdexSummaryConsumer#stopProducing(): apdexSummary produced 0 samples
2026-09-10 20:17:34,300 INFO o.a.j.r.p.AbstractSampleConsumer: class org.apache.jmeter.report.processor.RequestsSummaryConsumer#stopProducing(): requestsSummary produced 0 samples
2026-09-10 20:17:34,303 INFO o.a.j.r.p.AbstractSampleConsumer: class org.apache.jmeter.report.processor.StatisticsSummaryConsumer#stopProducing(): statisticsSummary produced 0 samples
2026-09-10 20:17:34,304 INFO o.a.j.r.p.AbstractSampleConsumer: class org.apache.jmeter.report.processor.Top5ErrorsBySamplerConsumer#stopProducing(): top5ErrorsBySampler produced 0 samples
2026-09-10 20:17:34,304 INFO o.a.j.r.p.AbstractSampleConsumer: class org.apache.jmeter.report.processor.ErrorsSummaryConsumer#stopProducing(): errorsSummary produced 0 samples
2026-09-10 20:17:34,304 INFO o.a.j.r.p.AbstractSampleConsumer: class org.apache.jmeter.report.processor.graph.impl.HitsPerSecondGraphConsumer#stopProducing(): hitsPerSecond produced 0 samples
2026-09-10 20:17:34,336 INFO o.a.j.r.p.AbstractSampleConsumer: class org.apache.jmeter.report.processor.graph.impl.LatencyVSRequestGraphConsumer#stopProducing(): latencyVsRequest produced 0 samples
2026-09-10 20:17:34,337 INFO o.a.j.r.p.AbstractSampleConsumer: class org.apache.jmeter.report.processor.graph.impl.SyntheticResponseTimeDistributionGraphConsumer#stopProducing(): syntheticResponseTimeDistribution produced 0 samples
2026-09-10 20:17:34,337 INFO o.a.j.r.p.AbstractSampleConsumer: class org.apache.jmeter.report.processor.graph.impl.BytesThroughputGraphConsumer#stopProducing(): bytesThroughputOverTime produced 0 samples
2026-09-10 20:17:34,337 INFO o.a.j.r.p.AbstractSampleConsumer: class org.apache.jmeter.report.processor.graph.impl.CodesPerSecondGraphConsumer#stopProducing(): codesPerSecond produced 0 samples
2026-09-10 20:17:34,366 INFO o.a.j.r.p.AbstractSampleConsumer: class org.apache.jmeter.report.processor.graph.impl.ResponseTimeVSRequestGraphConsumer#stopProducing(): responseTimeVsRequest produced 0 samples
2026-09-10 20:17:34,367 INFO o.a.j.r.p.AbstractSampleConsumer: class org.apache.jmeter.report.processor.FilterConsumer#stopProducing(): startIntervalControlerFilter produced 1078 samples
2026-09-10 20:17:34,367 INFO o.a.j.r.p.AbstractSampleConsumer: class org.apache.jmeter.report.processor.graph.impl.TotalTPSGraphConsumer#stopProducing(): totalTPS produced 0 samples
2026-09-10 20:17:34,367 INFO o.a.j.r.p.AbstractSampleConsumer: class org.apache.jmeter.report.processor.graph.impl.ActiveThreadsGraphConsumer#stopProducing(): activeThreadsOverTime produced 0 samples
2026-09-10 20:17:34,367 INFO o.a.j.r.p.AbstractSampleConsumer: class org.apache.jmeter.report.processor.graph.impl.TimeVSThreadGraphConsumer#stopProducing(): timeVsThreads produced 0 samples
2026-09-10 20:17:34,367 INFO o.a.j.r.p.AbstractSampleConsumer: class org.apache.jmeter.report.processor.graph.impl.ResponseTimeDistributionGraphConsumer#stopProducing(): responseTimeDistribution produced 0 samples
2026-09-10 20:17:34,367 INFO o.a.j.r.p.AbstractSampleConsumer: class org.apache.jmeter.report.processor.graph.impl.TransactionsPerSecondGraphConsumer#stopProducing(): transactionsPerSecond produced 0 samples
2026-09-10 20:17:34,367 INFO o.a.j.r.p.AbstractSampleConsumer: class org.apache.jmeter.report.processor.graph.impl.ResponseTimePercentilesGraphConsumer#stopProducing(): responseTimePercentiles produced 0 samples
2026-09-10 20:17:34,368 INFO o.a.j.r.p.AbstractSampleConsumer: class org.apache.jmeter.report.processor.graph.impl.ResponseTimePercentilesOverTimeGraphConsumer#stopProducing(): responseTimePercentilesOverTime produced 0 samples
2026-09-10 20:17:34,368 INFO o.a.j.r.p.AbstractSampleConsumer: class org.apache.jmeter.report.processor.graph.impl.ResponseTimeOverTimeGraphConsumer#stopProducing(): responseTimesOverTime produced 0 samples
2026-09-10 20:17:34,368 INFO o.a.j.r.p.AbstractSampleConsumer: class org.apache.jmeter.report.processor.graph.impl.ConnectTimeOverTimeGraphConsumer#stopProducing(): connectTimeOverTime produced 0 samples
2026-09-10 20:17:34,368 INFO o.a.j.r.p.AbstractSampleConsumer: class org.apache.jmeter.report.processor.graph.impl.LatencyOverTimeGraphConsumer#stopProducing(): latenciesOverTime produced 0 samples
2026-09-10 20:17:34,368 INFO o.a.j.r.p.AbstractSampleConsumer: class org.apache.jmeter.report.processor.FilterConsumer#stopProducing(): nameFilter produced 2310 samples
2026-09-10 20:17:34,368 INFO o.a.j.r.p.AbstractSampleConsumer: class org.apache.jmeter.report.processor.FilterConsumer#stopProducing(): dateRangeFilter produced 462 samples
2026-09-10 20:17:34,368 INFO o.a.j.r.p.AbstractSampleConsumer: class org.apache.jmeter.report.processor.NormalizerSampleConsumer#stopProducing(): normalizer produced 154 samples
2026-09-10 20:17:34,368 INFO o.a.j.r.p.CsvFileSampleSource: produce(): 154 samples produced in 127ms on channel 0
2026-09-10 20:17:34,368 INFO o.a.j.r.d.ReportGenerator: Exporting data using exporter:'json' of className:'org.apache.jmeter.report.dashboard.JsonExporter'
2026-09-10 20:17:34,415 INFO o.a.j.r.d.JsonExporter: Found data for consumer statisticsSummary in context
2026-09-10 20:17:34,415 INFO o.a.j.r.d.JsonExporter: Creating statistics for overall
2026-09-10 20:17:34,415 INFO o.a.j.r.d.JsonExporter: Creating statistics for other transactions
2026-09-10 20:17:34,416 INFO o.a.j.r.d.JsonExporter: Checking output folder
2026-09-10 20:17:34,416 INFO o.a.j.r.d.JsonExporter: Writing statistics JSON to C:\University\Programming\Software Testing\Lab4\html_reports\stress_until_503\5users_100rpm\statistics.json
2026-09-10 20:17:34,449 INFO o.a.j.r.d.ReportGenerator: Exporting data using exporter:'html' of className:'org.apache.jmeter.report.dashboard.HtmlTemplateExporter'
2026-09-10 20:17:34,451 INFO o.a.j.r.d.HtmlTemplateExporter: Will generate dashboard in folder: C:\University\Programming\Software Testing\Lab4\html_reports\stress_until_503\5users_100rpm
2026-09-10 20:17:34,514 INFO o.a.j.r.d.HtmlTemplateExporter: Report will be generated in: C:\University\Programming\Software Testing\Lab4\html_reports\stress_until_503\5users_100rpm, creating folder structure
2026-09-10 20:17:34,516 INFO o.a.j.r.d.TemplateVisitor: Copying folder from 'C:\Program Files\apache-jmeter-5.6.3\bin\report-template' to 'C:\University\Programming\Software Testing\Lab4\html_reports\stress_until_503\5users_100rpm', got message: C:\University\Programming\Software Testing\Lab4\html_reports\stress_until_503\5users_100rpm, found non empty folder with following content [C:\University\Programming\Software Testing\Lab4\html_reports\stress_until_503\5users_100rpm\statistics.json], will be ignored
2026-09-10 20:17:34,751 INFO o.a.j.JMeter: Dashboard generated
