2026-09-10 20:14:28,226 INFO o.a.j.u.JMeterUtils: Setting Locale to en_EN
2026-09-10 20:14:28,241 INFO o.a.j.JMeter: Loading user properties from: C:\Program Files\apache-jmeter-5.6.3\bin\user.properties
2026-09-10 20:14:28,242 INFO o.a.j.JMeter: Loading system properties from: C:\Program Files\apache-jmeter-5.6.3\bin\system.properties
2026-09-10 20:14:28,242 INFO o.a.j.JMeter: Setting JMeter property: jmeter.save.saveservice.output_format=csv
2026-09-10 20:14:28,243 INFO o.a.j.JMeter: Setting JMeter property: jmeter.save.saveservice.print_field_names=true
2026-09-10 20:14:28,245 INFO o.a.j.JMeter: Setting JMeter property: jmeter.save.saveservice.timestamp_format=ms
2026-09-10 20:14:28,245 INFO o.a.j.JMeter: Setting JMeter property: jmeter.save.saveservice.time=true
2026-09-10 20:14:28,245 INFO o.a.j.JMeter: Setting JMeter property: jmeter.save.saveservice.latency=true
2026-09-10 20:14:28,245 INFO o.a.j.JMeter: Setting JMeter property: jmeter.save.saveservice.label=true
2026-09-10 20:14:28,245 INFO o.a.j.JMeter: Setting JMeter property: jmeter.save.saveservice.response_code=true
2026-09-10 20:14:28,245 INFO o.a.j.JMeter: Setting JMeter property: jmeter.save.saveservice.response_message=true
2026-09-10 20:14:28,245 INFO o.a.j.JMeter: Setting JMeter property: jmeter.save.saveservice.successful=true
2026-09-10 20:14:28,245 INFO o.a.j.JMeter: Setting JMeter property: jmeter.save.saveservice.assertion_results_failure_message=true
2026-09-10 20:14:28,245 INFO o.a.j.JMeter: Setting JMeter property: jmeter.save.saveservice.thread_name=true
2026-09-10 20:14:28,245 INFO o.a.j.JMeter: Setting JMeter property: jmeter.save.saveservice.thread_counts=true
2026-09-10 20:14:28,245 INFO o.a.j.JMeter: Setting JMeter property: jmeter.save.saveservice.connect_time=true
2026-09-10 20:14:28,251 INFO o.a.j.JMeter: Copyright (c) 1998-2024 The Apache Software Foundation
2026-09-10 20:14:28,251 INFO o.a.j.JMeter: Version 5.6.3
2026-09-10 20:14:28,251 INFO o.a.j.JMeter: java.version=26.0.1
2026-09-10 20:14:28,251 INFO o.a.j.JMeter: java.vm.name=Java HotSpot(TM) 64-Bit Server VM
2026-09-10 20:14:28,251 INFO o.a.j.JMeter: os.name=Windows 10
2026-09-10 20:14:28,251 INFO o.a.j.JMeter: os.arch=amd64
2026-09-10 20:14:28,251 INFO o.a.j.JMeter: os.version=10.0
2026-09-10 20:14:28,251 INFO o.a.j.JMeter: file.encoding=UTF-8
2026-09-10 20:14:28,251 INFO o.a.j.JMeter: java.awt.headless=true
2026-09-10 20:14:28,251 INFO o.a.j.JMeter: Max memory     =1073741824
2026-09-10 20:14:28,251 INFO o.a.j.JMeter: Available Processors =8
2026-09-10 20:14:28,267 INFO o.a.j.JMeter: Default Locale=English (EN)
2026-09-10 20:14:28,267 INFO o.a.j.JMeter: JMeter  Locale=English (EN)
2026-09-10 20:14:28,267 INFO o.a.j.JMeter: JMeterHome=C:\Program Files\apache-jmeter-5.6.3
2026-09-10 20:14:28,267 INFO o.a.j.JMeter: user.dir  =C:\University\Programming\Software Testing\Lab4
2026-09-10 20:14:28,268 INFO o.a.j.JMeter: PWD       =C:\University\Programming\Software Testing\Lab4
2026-09-10 20:14:28,268 INFO o.a.j.JMeter: IP: 172.28.17.195 Name: DESKTOP-74FQ4EV FullName: DESKTOP-74FQ4EV
2026-09-10 20:14:28,278 INFO o.a.j.JMeter: Setting property 'jmeter.reportgenerator.outputdir' to:'C:\University\Programming\Software Testing\Lab4\html_reports\stress_until_503\4users_80rpm'
2026-09-10 20:14:28,281 INFO o.a.j.s.FileServer: Default base='C:\University\Programming\Software Testing\Lab4'
2026-09-10 20:14:28,282 INFO o.a.j.s.FileServer: Set new base='C:\University\Programming\Software Testing\Lab4\quality_jmeter_plans\stress_until_503'
2026-09-10 20:14:28,511 INFO o.a.j.s.SaveService: Testplan (JMX) version: 2.2. Testlog (JTL) version: 2.2
2026-09-10 20:14:28,529 INFO o.a.j.s.SaveService: Using SaveService properties version 5.0
2026-09-10 20:14:28,533 INFO o.a.j.s.SaveService: Using SaveService properties file encoding UTF-8
2026-09-10 20:14:28,536 INFO o.a.j.s.SaveService: Loading file: quality_jmeter_plans\stress_until_503\stress_until_503_4users_80rpm_ctt.jmx
2026-09-10 20:14:28,585 INFO o.a.j.p.h.s.HTTPSamplerBase: Parser for text/html is org.apache.jmeter.protocol.http.parser.LagartoBasedHtmlParser
2026-09-10 20:14:28,585 INFO o.a.j.p.h.s.HTTPSamplerBase: Parser for application/xhtml+xml is org.apache.jmeter.protocol.http.parser.LagartoBasedHtmlParser
2026-09-10 20:14:28,586 INFO o.a.j.p.h.s.HTTPSamplerBase: Parser for application/xml is org.apache.jmeter.protocol.http.parser.LagartoBasedHtmlParser
2026-09-10 20:14:28,586 INFO o.a.j.p.h.s.HTTPSamplerBase: Parser for text/xml is org.apache.jmeter.protocol.http.parser.LagartoBasedHtmlParser
2026-09-10 20:14:28,586 INFO o.a.j.p.h.s.HTTPSamplerBase: Parser for text/vnd.wap.wml is org.apache.jmeter.protocol.http.parser.RegexpHTMLParser
2026-09-10 20:14:28,586 INFO o.a.j.p.h.s.HTTPSamplerBase: Parser for text/css is org.apache.jmeter.protocol.http.parser.CssParser
2026-09-10 20:14:28,600 INFO o.a.j.JMeter: Creating summariser <summary>
2026-09-10 20:14:28,608 INFO o.a.j.r.d.ReportGenerator: ReportGenerator will use for Parsing the separator: ','
2026-09-10 20:14:28,608 INFO o.a.j.r.d.ReportGenerator: Will generate report at end of test from  results file: results/stress_until_503/stress_until_503_4users_80rpm.jtl
2026-09-10 20:14:28,608 INFO o.a.j.r.d.ReportGenerator: Reading report generator properties from: C:\Program Files\apache-jmeter-5.6.3\bin\reportgenerator.properties
2026-09-10 20:14:28,609 INFO o.a.j.r.d.ReportGenerator: Merging with JMeter properties
2026-09-10 20:14:28,611 INFO o.a.j.r.c.ReportGeneratorConfiguration: Property 'jmeter.reportgenerator.temp_dir' not found, using default value 'temp' instead.
2026-09-10 20:14:28,613 INFO o.a.j.r.c.ReportGeneratorConfiguration: Property 'jmeter.reportgenerator.apdex_per_transaction' not found, using default value 'null' instead.
2026-09-10 20:14:28,613 INFO o.a.j.r.c.ReportGeneratorConfiguration: apdex_per_transaction is empty, not APDEX per transaction customization
2026-09-10 20:14:28,613 INFO o.a.j.r.c.ReportGeneratorConfiguration: Property 'jmeter.reportgenerator.sample_filter' not found, using default value 'null' instead.
2026-09-10 20:14:28,613 INFO o.a.j.r.c.ReportGeneratorConfiguration: Property 'jmeter.reportgenerator.report_title' not found, using default value 'null' instead.
2026-09-10 20:14:28,614 INFO o.a.j.r.c.ReportGeneratorConfiguration: Property 'jmeter.reportgenerator.start_date' not found, using default value 'null' instead.
2026-09-10 20:14:28,614 INFO o.a.j.r.c.ReportGeneratorConfiguration: Property 'jmeter.reportgenerator.end_date' not found, using default value 'null' instead.
2026-09-10 20:14:28,614 INFO o.a.j.r.c.ReportGeneratorConfiguration: Property 'jmeter.reportgenerator.date_format' not found, using default value 'null' instead.
2026-09-10 20:14:28,614 INFO o.a.j.r.c.ReportGeneratorConfiguration: Will use date range start date: null, end date: null
2026-09-10 20:14:28,616 INFO o.a.j.r.c.ReportGeneratorConfiguration: Property 'jmeter.reportgenerator.graph.totalTPS.exclude_controllers' not found, using default value 'false' instead.
2026-09-10 20:14:28,616 INFO o.a.j.r.c.ReportGeneratorConfiguration: Property 'jmeter.reportgenerator.graph.activeThreadsOverTime.exclude_controllers' not found, using default value 'false' instead.
2026-09-10 20:14:28,616 INFO o.a.j.r.c.ReportGeneratorConfiguration: Property 'jmeter.reportgenerator.graph.timeVsThreads.exclude_controllers' not found, using default value 'false' instead.
2026-09-10 20:14:28,617 INFO o.a.j.r.c.ReportGeneratorConfiguration: Property 'jmeter.reportgenerator.graph.responseTimeDistribution.exclude_controllers' not found, using default value 'false' instead.
2026-09-10 20:14:28,617 INFO o.a.j.r.c.ReportGeneratorConfiguration: Property 'jmeter.reportgenerator.graph.transactionsPerSecond.exclude_controllers' not found, using default value 'false' instead.
2026-09-10 20:14:28,617 INFO o.a.j.r.c.ReportGeneratorConfiguration: Property 'jmeter.reportgenerator.graph.responseTimePercentiles.exclude_controllers' not found, using default value 'false' instead.
2026-09-10 20:14:28,617 INFO o.a.j.r.c.ReportGeneratorConfiguration: Property 'jmeter.reportgenerator.graph.responseTimePercentilesOverTime.exclude_controllers' not found, using default value 'false' instead.
2026-09-10 20:14:28,617 INFO o.a.j.r.c.ReportGeneratorConfiguration: Property 'jmeter.reportgenerator.graph.responseTimesOverTime.exclude_controllers' not found, using default value 'false' instead.
2026-09-10 20:14:28,617 INFO o.a.j.r.c.ReportGeneratorConfiguration: Property 'jmeter.reportgenerator.graph.connectTimeOverTime.exclude_controllers' not found, using default value 'false' instead.
2026-09-10 20:14:28,617 INFO o.a.j.r.c.ReportGeneratorConfiguration: Property 'jmeter.reportgenerator.graph.latenciesOverTime.exclude_controllers' not found, using default value 'false' instead.
2026-09-10 20:14:28,618 INFO o.a.j.r.c.ReportGeneratorConfiguration: Property 'jmeter.reportgenerator.exporter.json.filters_only_sample_series' not found, using default value 'true' instead.
2026-09-10 20:14:28,618 INFO o.a.j.r.c.ReportGeneratorConfiguration: Property 'jmeter.reportgenerator.exporter.json.series_filter' not found, using default value '' instead.
2026-09-10 20:14:28,618 INFO o.a.j.r.c.ReportGeneratorConfiguration: Property 'jmeter.reportgenerator.exporter.json.show_controllers_only' not found, using default value 'false' instead.
2026-09-10 20:14:28,618 INFO o.a.j.r.c.ReportGeneratorConfiguration: Property 'jmeter.reportgenerator.exporter.html.filters_only_sample_series' not found, using default value 'true' instead.
2026-09-10 20:14:28,618 INFO o.a.j.r.c.ReportGeneratorConfiguration: Property 'jmeter.reportgenerator.exporter.html.series_filter' not found, using default value '' instead.
2026-09-10 20:14:28,618 INFO o.a.j.r.c.ReportGeneratorConfiguration: Property 'jmeter.reportgenerator.exporter.html.show_controllers_only' not found, using default value 'false' instead.
2026-09-10 20:14:28,628 INFO o.a.j.e.StandardJMeterEngine: Running the test!
2026-09-10 20:14:28,629 INFO o.a.j.s.SampleEvent: List of sample_variables: []
2026-09-10 20:14:28,629 INFO o.a.j.s.SampleEvent: List of sample_variables: []
2026-09-10 20:14:28,635 INFO o.a.j.e.u.CompoundVariable: Note: Function class names must contain the string: '.functions.'
2026-09-10 20:14:28,635 INFO o.a.j.e.u.CompoundVariable: Note: Function class names must not contain the string: '.gui.'
2026-09-10 20:14:28,723 INFO o.a.j.JMeter: Running test (1789060468723)
2026-09-10 20:14:28,744 INFO o.a.j.e.StandardJMeterEngine: Starting ThreadGroup: 1 : Thread Group - until HTTP 503 - 4 users
2026-09-10 20:14:28,744 INFO o.a.j.e.StandardJMeterEngine: Starting 4 threads for group Thread Group - until HTTP 503 - 4 users.
2026-09-10 20:14:28,744 INFO o.a.j.e.StandardJMeterEngine: Thread will continue on error
2026-09-10 20:14:28,744 INFO o.a.j.t.ThreadGroup: Starting thread group... number=1 threads=4 ramp-up=5 delayedStart=false
2026-09-10 20:14:28,750 INFO o.a.j.t.ThreadGroup: Started thread group number 1
2026-09-10 20:14:28,750 INFO o.a.j.e.StandardJMeterEngine: All thread groups have been started
2026-09-10 20:14:28,751 INFO o.a.j.t.JMeterThread: Thread started: Thread Group - until HTTP 503 - 4 users 1-1
2026-09-10 20:14:28,798 INFO o.a.j.p.h.s.HTTPHCAbstractImpl: Local host = DESKTOP-74FQ4EV
2026-09-10 20:14:28,803 INFO o.a.j.p.h.s.HTTPHC4Impl: HTTP request retry count = 0
2026-09-10 20:14:28,804 INFO o.a.j.s.SampleResult: Note: Sample TimeStamps are START times
2026-09-10 20:14:28,805 INFO o.a.j.s.SampleResult: sampleresult.default.encoding is set to UTF-8
2026-09-10 20:14:28,805 INFO o.a.j.s.SampleResult: sampleresult.useNanoTime=true
2026-09-10 20:14:28,805 INFO o.a.j.s.SampleResult: sampleresult.nanoThreadSleep=5000
2026-09-10 20:14:29,997 INFO o.a.j.t.JMeterThread: Thread started: Thread Group - until HTTP 503 - 4 users 1-2
2026-09-10 20:14:30,079 INFO o.a.j.r.Summariser: summary +      2 in 00:00:01 =    1.5/s Avg:   542 Min:   539 Max:   545 Err:     0 (0.00%) Active: 2 Started: 2 Finished: 0
2026-09-10 20:14:31,247 INFO o.a.j.t.JMeterThread: Thread started: Thread Group - until HTTP 503 - 4 users 1-3
2026-09-10 20:14:32,496 INFO o.a.j.t.JMeterThread: Thread started: Thread Group - until HTTP 503 - 4 users 1-4
2026-09-10 20:15:00,016 INFO o.a.j.r.Summariser: summary +     41 in 00:00:30 =    1.4/s Avg:   531 Min:   514 Max:   562 Err:     0 (0.00%) Active: 4 Started: 4 Finished: 0
2026-09-10 20:15:00,017 INFO o.a.j.r.Summariser: summary =     43 in 00:00:31 =    1.4/s Avg:   532 Min:   514 Max:   562 Err:     0 (0.00%)
2026-09-10 20:15:30,016 INFO o.a.j.r.Summariser: summary +     40 in 00:00:30 =    1.3/s Avg:   571 Min:   513 Max:  1286 Err:     3 (7.50%) Active: 4 Started: 4 Finished: 0
2026-09-10 20:15:30,017 INFO o.a.j.r.Summariser: summary =     83 in 00:01:01 =    1.4/s Avg:   551 Min:   513 Max:  1286 Err:     3 (3.61%)
2026-09-10 20:15:57,040 INFO o.a.j.t.JMeterThread: Thread finished: Thread Group - until HTTP 503 - 4 users 1-4
2026-09-10 20:15:57,820 INFO o.a.j.t.JMeterThread: Thread finished: Thread Group - until HTTP 503 - 4 users 1-1
2026-09-10 20:15:58,038 INFO o.a.j.t.JMeterThread: Thread finished: Thread Group - until HTTP 503 - 4 users 1-3
2026-09-10 20:15:59,038 INFO o.a.j.t.JMeterThread: Stopping because end time detected by thread: Thread Group - until HTTP 503 - 4 users 1-2
2026-09-10 20:15:59,038 INFO o.a.j.t.JMeterThread: Thread finished: Thread Group - until HTTP 503 - 4 users 1-2
2026-09-10 20:15:59,039 INFO o.a.j.e.StandardJMeterEngine: Notifying test listeners of end of test
2026-09-10 20:15:59,041 INFO o.a.j.r.Summariser: summary +     40 in 00:00:29 =    1.4/s Avg:   538 Min:   514 Max:   603 Err:     0 (0.00%) Active: 0 Started: 4 Finished: 4
2026-09-10 20:15:59,042 INFO o.a.j.r.Summariser: summary =    123 in 00:01:30 =    1.4/s Avg:   547 Min:   513 Max:  1286 Err:     3 (2.44%)
2026-09-10 20:15:59,044 INFO o.a.j.JMeter: Generating Dashboard
2026-09-10 20:15:59,044 INFO o.a.j.r.d.ReportGenerator: Flushing result collector before report Generation
2026-09-10 20:15:59,083 INFO o.a.j.r.p.NormalizerSampleConsumer: Using format, 'ms', to parse timeStamp field
2026-09-10 20:15:59,158 INFO o.a.j.r.p.AbstractSampleConsumer: class org.apache.jmeter.report.processor.AggregateConsumer#stopProducing(): beginDate produced 0 samples
2026-09-10 20:15:59,158 INFO o.a.j.r.p.AbstractSampleConsumer: class org.apache.jmeter.report.processor.AggregateConsumer#stopProducing(): endDate produced 0 samples
2026-09-10 20:15:59,160 INFO o.a.j.r.p.AbstractSampleConsumer: class org.apache.jmeter.report.processor.ApdexSummaryConsumer#stopProducing(): apdexSummary produced 0 samples
2026-09-10 20:15:59,160 INFO o.a.j.r.p.AbstractSampleConsumer: class org.apache.jmeter.report.processor.RequestsSummaryConsumer#stopProducing(): requestsSummary produced 0 samples
2026-09-10 20:15:59,163 INFO o.a.j.r.p.AbstractSampleConsumer: class org.apache.jmeter.report.processor.StatisticsSummaryConsumer#stopProducing(): statisticsSummary produced 0 samples
2026-09-10 20:15:59,164 INFO o.a.j.r.p.AbstractSampleConsumer: class org.apache.jmeter.report.processor.Top5ErrorsBySamplerConsumer#stopProducing(): top5ErrorsBySampler produced 0 samples
2026-09-10 20:15:59,164 INFO o.a.j.r.p.AbstractSampleConsumer: class org.apache.jmeter.report.processor.ErrorsSummaryConsumer#stopProducing(): errorsSummary produced 0 samples
2026-09-10 20:15:59,164 INFO o.a.j.r.p.AbstractSampleConsumer: class org.apache.jmeter.report.processor.graph.impl.HitsPerSecondGraphConsumer#stopProducing(): hitsPerSecond produced 0 samples
2026-09-10 20:15:59,197 INFO o.a.j.r.p.AbstractSampleConsumer: class org.apache.jmeter.report.processor.graph.impl.LatencyVSRequestGraphConsumer#stopProducing(): latencyVsRequest produced 0 samples
2026-09-10 20:15:59,197 INFO o.a.j.r.p.AbstractSampleConsumer: class org.apache.jmeter.report.processor.graph.impl.SyntheticResponseTimeDistributionGraphConsumer#stopProducing(): syntheticResponseTimeDistribution produced 0 samples
2026-09-10 20:15:59,197 INFO o.a.j.r.p.AbstractSampleConsumer: class org.apache.jmeter.report.processor.graph.impl.BytesThroughputGraphConsumer#stopProducing(): bytesThroughputOverTime produced 0 samples
2026-09-10 20:15:59,197 INFO o.a.j.r.p.AbstractSampleConsumer: class org.apache.jmeter.report.processor.graph.impl.CodesPerSecondGraphConsumer#stopProducing(): codesPerSecond produced 0 samples
2026-09-10 20:15:59,228 INFO o.a.j.r.p.AbstractSampleConsumer: class org.apache.jmeter.report.processor.graph.impl.ResponseTimeVSRequestGraphConsumer#stopProducing(): responseTimeVsRequest produced 0 samples
2026-09-10 20:15:59,228 INFO o.a.j.r.p.AbstractSampleConsumer: class org.apache.jmeter.report.processor.FilterConsumer#stopProducing(): startIntervalControlerFilter produced 861 samples
2026-09-10 20:15:59,228 INFO o.a.j.r.p.AbstractSampleConsumer: class org.apache.jmeter.report.processor.graph.impl.TotalTPSGraphConsumer#stopProducing(): totalTPS produced 0 samples
2026-09-10 20:15:59,228 INFO o.a.j.r.p.AbstractSampleConsumer: class org.apache.jmeter.report.processor.graph.impl.ActiveThreadsGraphConsumer#stopProducing(): activeThreadsOverTime produced 0 samples
2026-09-10 20:15:59,228 INFO o.a.j.r.p.AbstractSampleConsumer: class org.apache.jmeter.report.processor.graph.impl.TimeVSThreadGraphConsumer#stopProducing(): timeVsThreads produced 0 samples
2026-09-10 20:15:59,228 INFO o.a.j.r.p.AbstractSampleConsumer: class org.apache.jmeter.report.processor.graph.impl.ResponseTimeDistributionGraphConsumer#stopProducing(): responseTimeDistribution produced 0 samples
2026-09-10 20:15:59,229 INFO o.a.j.r.p.AbstractSampleConsumer: class org.apache.jmeter.report.processor.graph.impl.TransactionsPerSecondGraphConsumer#stopProducing(): transactionsPerSecond produced 0 samples
2026-09-10 20:15:59,229 INFO o.a.j.r.p.AbstractSampleConsumer: class org.apache.jmeter.report.processor.graph.impl.ResponseTimePercentilesGraphConsumer#stopProducing(): responseTimePercentiles produced 0 samples
2026-09-10 20:15:59,229 INFO o.a.j.r.p.AbstractSampleConsumer: class org.apache.jmeter.report.processor.graph.impl.ResponseTimePercentilesOverTimeGraphConsumer#stopProducing(): responseTimePercentilesOverTime produced 0 samples
2026-09-10 20:15:59,229 INFO o.a.j.r.p.AbstractSampleConsumer: class org.apache.jmeter.report.processor.graph.impl.ResponseTimeOverTimeGraphConsumer#stopProducing(): responseTimesOverTime produced 0 samples
2026-09-10 20:15:59,229 INFO o.a.j.r.p.AbstractSampleConsumer: class org.apache.jmeter.report.processor.graph.impl.ConnectTimeOverTimeGraphConsumer#stopProducing(): connectTimeOverTime produced 0 samples
2026-09-10 20:15:59,229 INFO o.a.j.r.p.AbstractSampleConsumer: class org.apache.jmeter.report.processor.graph.impl.LatencyOverTimeGraphConsumer#stopProducing(): latenciesOverTime produced 0 samples
2026-09-10 20:15:59,229 INFO o.a.j.r.p.AbstractSampleConsumer: class org.apache.jmeter.report.processor.FilterConsumer#stopProducing(): nameFilter produced 1845 samples
2026-09-10 20:15:59,229 INFO o.a.j.r.p.AbstractSampleConsumer: class org.apache.jmeter.report.processor.FilterConsumer#stopProducing(): dateRangeFilter produced 369 samples
2026-09-10 20:15:59,229 INFO o.a.j.r.p.AbstractSampleConsumer: class org.apache.jmeter.report.processor.NormalizerSampleConsumer#stopProducing(): normalizer produced 123 samples
2026-09-10 20:15:59,230 INFO o.a.j.r.p.CsvFileSampleSource: produce(): 123 samples produced in 129ms on channel 0
2026-09-10 20:15:59,230 INFO o.a.j.r.d.ReportGenerator: Exporting data using exporter:'json' of className:'org.apache.jmeter.report.dashboard.JsonExporter'
2026-09-10 20:15:59,277 INFO o.a.j.r.d.JsonExporter: Found data for consumer statisticsSummary in context
2026-09-10 20:15:59,278 INFO o.a.j.r.d.JsonExporter: Creating statistics for overall
2026-09-10 20:15:59,278 INFO o.a.j.r.d.JsonExporter: Creating statistics for other transactions
2026-09-10 20:15:59,278 INFO o.a.j.r.d.JsonExporter: Checking output folder
2026-09-10 20:15:59,280 INFO o.a.j.r.d.JsonExporter: Writing statistics JSON to C:\University\Programming\Software Testing\Lab4\html_reports\stress_until_503\4users_80rpm\statistics.json
2026-09-10 20:15:59,311 INFO o.a.j.r.d.ReportGenerator: Exporting data using exporter:'html' of className:'org.apache.jmeter.report.dashboard.HtmlTemplateExporter'
2026-09-10 20:15:59,313 INFO o.a.j.r.d.HtmlTemplateExporter: Will generate dashboard in folder: C:\University\Programming\Software Testing\Lab4\html_reports\stress_until_503\4users_80rpm
2026-09-10 20:15:59,375 INFO o.a.j.r.d.HtmlTemplateExporter: Report will be generated in: C:\University\Programming\Software Testing\Lab4\html_reports\stress_until_503\4users_80rpm, creating folder structure
2026-09-10 20:15:59,377 INFO o.a.j.r.d.TemplateVisitor: Copying folder from 'C:\Program Files\apache-jmeter-5.6.3\bin\report-template' to 'C:\University\Programming\Software Testing\Lab4\html_reports\stress_until_503\4users_80rpm', got message: C:\University\Programming\Software Testing\Lab4\html_reports\stress_until_503\4users_80rpm, found non empty folder with following content [C:\University\Programming\Software Testing\Lab4\html_reports\stress_until_503\4users_80rpm\statistics.json], will be ignored
2026-09-10 20:15:59,605 INFO o.a.j.JMeter: Dashboard generated
