2026-09-10 20:28:50,325 INFO o.a.j.u.JMeterUtils: Setting Locale to en_EN
2026-09-10 20:28:50,338 INFO o.a.j.JMeter: Loading user properties from: C:\Program Files\apache-jmeter-5.6.3\bin\user.properties
2026-09-10 20:28:50,339 INFO o.a.j.JMeter: Loading system properties from: C:\Program Files\apache-jmeter-5.6.3\bin\system.properties
2026-09-10 20:28:50,339 INFO o.a.j.JMeter: Setting JMeter property: jmeter.save.saveservice.output_format=csv
2026-09-10 20:28:50,339 INFO o.a.j.JMeter: Setting JMeter property: jmeter.save.saveservice.print_field_names=true
2026-09-10 20:28:50,341 INFO o.a.j.JMeter: Setting JMeter property: jmeter.save.saveservice.timestamp_format=ms
2026-09-10 20:28:50,341 INFO o.a.j.JMeter: Setting JMeter property: jmeter.save.saveservice.time=true
2026-09-10 20:28:50,341 INFO o.a.j.JMeter: Setting JMeter property: jmeter.save.saveservice.latency=true
2026-09-10 20:28:50,341 INFO o.a.j.JMeter: Setting JMeter property: jmeter.save.saveservice.label=true
2026-09-10 20:28:50,341 INFO o.a.j.JMeter: Setting JMeter property: jmeter.save.saveservice.response_code=true
2026-09-10 20:28:50,341 INFO o.a.j.JMeter: Setting JMeter property: jmeter.save.saveservice.response_message=true
2026-09-10 20:28:50,341 INFO o.a.j.JMeter: Setting JMeter property: jmeter.save.saveservice.successful=true
2026-09-10 20:28:50,341 INFO o.a.j.JMeter: Setting JMeter property: jmeter.save.saveservice.assertion_results_failure_message=true
2026-09-10 20:28:50,341 INFO o.a.j.JMeter: Setting JMeter property: jmeter.save.saveservice.thread_name=true
2026-09-10 20:28:50,341 INFO o.a.j.JMeter: Setting JMeter property: jmeter.save.saveservice.thread_counts=true
2026-09-10 20:28:50,341 INFO o.a.j.JMeter: Setting JMeter property: jmeter.save.saveservice.connect_time=true
2026-09-10 20:28:50,347 INFO o.a.j.JMeter: Copyright (c) 1998-2024 The Apache Software Foundation
2026-09-10 20:28:50,347 INFO o.a.j.JMeter: Version 5.6.3
2026-09-10 20:28:50,347 INFO o.a.j.JMeter: java.version=26.0.1
2026-09-10 20:28:50,348 INFO o.a.j.JMeter: java.vm.name=Java HotSpot(TM) 64-Bit Server VM
2026-09-10 20:28:50,348 INFO o.a.j.JMeter: os.name=Windows 10
2026-09-10 20:28:50,348 INFO o.a.j.JMeter: os.arch=amd64
2026-09-10 20:28:50,348 INFO o.a.j.JMeter: os.version=10.0
2026-09-10 20:28:50,348 INFO o.a.j.JMeter: file.encoding=UTF-8
2026-09-10 20:28:50,348 INFO o.a.j.JMeter: java.awt.headless=true
2026-09-10 20:28:50,348 INFO o.a.j.JMeter: Max memory     =1073741824
2026-09-10 20:28:50,348 INFO o.a.j.JMeter: Available Processors =8
2026-09-10 20:28:50,362 INFO o.a.j.JMeter: Default Locale=English (EN)
2026-09-10 20:28:50,362 INFO o.a.j.JMeter: JMeter  Locale=English (EN)
2026-09-10 20:28:50,362 INFO o.a.j.JMeter: JMeterHome=C:\Program Files\apache-jmeter-5.6.3
2026-09-10 20:28:50,362 INFO o.a.j.JMeter: user.dir  =C:\University\Programming\Software Testing\Lab4
2026-09-10 20:28:50,363 INFO o.a.j.JMeter: PWD       =C:\University\Programming\Software Testing\Lab4
2026-09-10 20:28:50,363 INFO o.a.j.JMeter: IP: 172.28.17.195 Name: DESKTOP-74FQ4EV FullName: DESKTOP-74FQ4EV
2026-09-10 20:28:50,371 INFO o.a.j.JMeter: Setting property 'jmeter.reportgenerator.outputdir' to:'C:\University\Programming\Software Testing\Lab4\html_reports\stress_until_503\40users_800rpm'
2026-09-10 20:28:50,374 INFO o.a.j.s.FileServer: Default base='C:\University\Programming\Software Testing\Lab4'
2026-09-10 20:28:50,374 INFO o.a.j.s.FileServer: Set new base='C:\University\Programming\Software Testing\Lab4\quality_jmeter_plans\stress_until_503'
2026-09-10 20:28:50,580 INFO o.a.j.s.SaveService: Testplan (JMX) version: 2.2. Testlog (JTL) version: 2.2
2026-09-10 20:28:50,595 INFO o.a.j.s.SaveService: Using SaveService properties version 5.0
2026-09-10 20:28:50,597 INFO o.a.j.s.SaveService: Using SaveService properties file encoding UTF-8
2026-09-10 20:28:50,600 INFO o.a.j.s.SaveService: Loading file: quality_jmeter_plans\stress_until_503\stress_until_503_40users_800rpm_ctt.jmx
2026-09-10 20:28:50,649 INFO o.a.j.p.h.s.HTTPSamplerBase: Parser for text/html is org.apache.jmeter.protocol.http.parser.LagartoBasedHtmlParser
2026-09-10 20:28:50,649 INFO o.a.j.p.h.s.HTTPSamplerBase: Parser for application/xhtml+xml is org.apache.jmeter.protocol.http.parser.LagartoBasedHtmlParser
2026-09-10 20:28:50,649 INFO o.a.j.p.h.s.HTTPSamplerBase: Parser for application/xml is org.apache.jmeter.protocol.http.parser.LagartoBasedHtmlParser
2026-09-10 20:28:50,649 INFO o.a.j.p.h.s.HTTPSamplerBase: Parser for text/xml is org.apache.jmeter.protocol.http.parser.LagartoBasedHtmlParser
2026-09-10 20:28:50,649 INFO o.a.j.p.h.s.HTTPSamplerBase: Parser for text/vnd.wap.wml is org.apache.jmeter.protocol.http.parser.RegexpHTMLParser
2026-09-10 20:28:50,649 INFO o.a.j.p.h.s.HTTPSamplerBase: Parser for text/css is org.apache.jmeter.protocol.http.parser.CssParser
2026-09-10 20:28:50,661 INFO o.a.j.JMeter: Creating summariser <summary>
2026-09-10 20:28:50,668 INFO o.a.j.r.d.ReportGenerator: ReportGenerator will use for Parsing the separator: ','
2026-09-10 20:28:50,668 INFO o.a.j.r.d.ReportGenerator: Will generate report at end of test from  results file: results/stress_until_503/stress_until_503_40users_800rpm.jtl
2026-09-10 20:28:50,668 INFO o.a.j.r.d.ReportGenerator: Reading report generator properties from: C:\Program Files\apache-jmeter-5.6.3\bin\reportgenerator.properties
2026-09-10 20:28:50,669 INFO o.a.j.r.d.ReportGenerator: Merging with JMeter properties
2026-09-10 20:28:50,672 INFO o.a.j.r.c.ReportGeneratorConfiguration: Property 'jmeter.reportgenerator.temp_dir' not found, using default value 'temp' instead.
2026-09-10 20:28:50,674 INFO o.a.j.r.c.ReportGeneratorConfiguration: Property 'jmeter.reportgenerator.apdex_per_transaction' not found, using default value 'null' instead.
2026-09-10 20:28:50,674 INFO o.a.j.r.c.ReportGeneratorConfiguration: apdex_per_transaction is empty, not APDEX per transaction customization
2026-09-10 20:28:50,674 INFO o.a.j.r.c.ReportGeneratorConfiguration: Property 'jmeter.reportgenerator.sample_filter' not found, using default value 'null' instead.
2026-09-10 20:28:50,675 INFO o.a.j.r.c.ReportGeneratorConfiguration: Property 'jmeter.reportgenerator.report_title' not found, using default value 'null' instead.
2026-09-10 20:28:50,675 INFO o.a.j.r.c.ReportGeneratorConfiguration: Property 'jmeter.reportgenerator.start_date' not found, using default value 'null' instead.
2026-09-10 20:28:50,675 INFO o.a.j.r.c.ReportGeneratorConfiguration: Property 'jmeter.reportgenerator.end_date' not found, using default value 'null' instead.
2026-09-10 20:28:50,675 INFO o.a.j.r.c.ReportGeneratorConfiguration: Property 'jmeter.reportgenerator.date_format' not found, using default value 'null' instead.
2026-09-10 20:28:50,675 INFO o.a.j.r.c.ReportGeneratorConfiguration: Will use date range start date: null, end date: null
2026-09-10 20:28:50,677 INFO o.a.j.r.c.ReportGeneratorConfiguration: Property 'jmeter.reportgenerator.graph.totalTPS.exclude_controllers' not found, using default value 'false' instead.
2026-09-10 20:28:50,678 INFO o.a.j.r.c.ReportGeneratorConfiguration: Property 'jmeter.reportgenerator.graph.activeThreadsOverTime.exclude_controllers' not found, using default value 'false' instead.
2026-09-10 20:28:50,678 INFO o.a.j.r.c.ReportGeneratorConfiguration: Property 'jmeter.reportgenerator.graph.timeVsThreads.exclude_controllers' not found, using default value 'false' instead.
2026-09-10 20:28:50,678 INFO o.a.j.r.c.ReportGeneratorConfiguration: Property 'jmeter.reportgenerator.graph.responseTimeDistribution.exclude_controllers' not found, using default value 'false' instead.
2026-09-10 20:28:50,678 INFO o.a.j.r.c.ReportGeneratorConfiguration: Property 'jmeter.reportgenerator.graph.transactionsPerSecond.exclude_controllers' not found, using default value 'false' instead.
2026-09-10 20:28:50,678 INFO o.a.j.r.c.ReportGeneratorConfiguration: Property 'jmeter.reportgenerator.graph.responseTimePercentiles.exclude_controllers' not found, using default value 'false' instead.
2026-09-10 20:28:50,678 INFO o.a.j.r.c.ReportGeneratorConfiguration: Property 'jmeter.reportgenerator.graph.responseTimePercentilesOverTime.exclude_controllers' not found, using default value 'false' instead.
2026-09-10 20:28:50,678 INFO o.a.j.r.c.ReportGeneratorConfiguration: Property 'jmeter.reportgenerator.graph.responseTimesOverTime.exclude_controllers' not found, using default value 'false' instead.
2026-09-10 20:28:50,678 INFO o.a.j.r.c.ReportGeneratorConfiguration: Property 'jmeter.reportgenerator.graph.connectTimeOverTime.exclude_controllers' not found, using default value 'false' instead.
2026-09-10 20:28:50,678 INFO o.a.j.r.c.ReportGeneratorConfiguration: Property 'jmeter.reportgenerator.graph.latenciesOverTime.exclude_controllers' not found, using default value 'false' instead.
2026-09-10 20:28:50,679 INFO o.a.j.r.c.ReportGeneratorConfiguration: Property 'jmeter.reportgenerator.exporter.json.filters_only_sample_series' not found, using default value 'true' instead.
2026-09-10 20:28:50,679 INFO o.a.j.r.c.ReportGeneratorConfiguration: Property 'jmeter.reportgenerator.exporter.json.series_filter' not found, using default value '' instead.
2026-09-10 20:28:50,679 INFO o.a.j.r.c.ReportGeneratorConfiguration: Property 'jmeter.reportgenerator.exporter.json.show_controllers_only' not found, using default value 'false' instead.
2026-09-10 20:28:50,679 INFO o.a.j.r.c.ReportGeneratorConfiguration: Property 'jmeter.reportgenerator.exporter.html.filters_only_sample_series' not found, using default value 'true' instead.
2026-09-10 20:28:50,679 INFO o.a.j.r.c.ReportGeneratorConfiguration: Property 'jmeter.reportgenerator.exporter.html.series_filter' not found, using default value '' instead.
2026-09-10 20:28:50,679 INFO o.a.j.r.c.ReportGeneratorConfiguration: Property 'jmeter.reportgenerator.exporter.html.show_controllers_only' not found, using default value 'false' instead.
2026-09-10 20:28:50,689 INFO o.a.j.e.StandardJMeterEngine: Running the test!
2026-09-10 20:28:50,689 INFO o.a.j.s.SampleEvent: List of sample_variables: []
2026-09-10 20:28:50,690 INFO o.a.j.s.SampleEvent: List of sample_variables: []
2026-09-10 20:28:50,694 INFO o.a.j.e.u.CompoundVariable: Note: Function class names must contain the string: '.functions.'
2026-09-10 20:28:50,694 INFO o.a.j.e.u.CompoundVariable: Note: Function class names must not contain the string: '.gui.'
2026-09-10 20:28:50,750 INFO o.a.j.JMeter: Running test (1789061330750)
2026-09-10 20:28:50,766 INFO o.a.j.e.StandardJMeterEngine: Starting ThreadGroup: 1 : Thread Group - until HTTP 503 - 40 users
2026-09-10 20:28:50,766 INFO o.a.j.e.StandardJMeterEngine: Starting 40 threads for group Thread Group - until HTTP 503 - 40 users.
2026-09-10 20:28:50,766 INFO o.a.j.e.StandardJMeterEngine: Thread will continue on error
2026-09-10 20:28:50,766 INFO o.a.j.t.ThreadGroup: Starting thread group... number=1 threads=40 ramp-up=40 delayedStart=false
2026-09-10 20:28:50,771 INFO o.a.j.t.JMeterThread: Thread started: Thread Group - until HTTP 503 - 40 users 1-1
2026-09-10 20:28:50,781 INFO o.a.j.t.ThreadGroup: Started thread group number 1
2026-09-10 20:28:50,781 INFO o.a.j.e.StandardJMeterEngine: All thread groups have been started
2026-09-10 20:28:50,814 INFO o.a.j.p.h.s.HTTPHCAbstractImpl: Local host = DESKTOP-74FQ4EV
2026-09-10 20:28:50,821 INFO o.a.j.p.h.s.HTTPHC4Impl: HTTP request retry count = 0
2026-09-10 20:28:50,821 INFO o.a.j.s.SampleResult: Note: Sample TimeStamps are START times
2026-09-10 20:28:50,821 INFO o.a.j.s.SampleResult: sampleresult.default.encoding is set to UTF-8
2026-09-10 20:28:50,821 INFO o.a.j.s.SampleResult: sampleresult.useNanoTime=true
2026-09-10 20:28:50,821 INFO o.a.j.s.SampleResult: sampleresult.nanoThreadSleep=5000
2026-09-10 20:28:51,769 INFO o.a.j.t.JMeterThread: Thread started: Thread Group - until HTTP 503 - 40 users 1-2
2026-09-10 20:28:52,768 INFO o.a.j.t.JMeterThread: Thread started: Thread Group - until HTTP 503 - 40 users 1-3
2026-09-10 20:28:53,768 INFO o.a.j.t.JMeterThread: Thread started: Thread Group - until HTTP 503 - 40 users 1-4
2026-09-10 20:28:54,767 INFO o.a.j.t.JMeterThread: Thread started: Thread Group - until HTTP 503 - 40 users 1-5
2026-09-10 20:28:55,767 INFO o.a.j.t.JMeterThread: Thread started: Thread Group - until HTTP 503 - 40 users 1-6
2026-09-10 20:28:56,768 INFO o.a.j.t.JMeterThread: Thread started: Thread Group - until HTTP 503 - 40 users 1-7
2026-09-10 20:28:57,767 INFO o.a.j.t.JMeterThread: Thread started: Thread Group - until HTTP 503 - 40 users 1-8
2026-09-10 20:28:58,766 INFO o.a.j.t.JMeterThread: Thread started: Thread Group - until HTTP 503 - 40 users 1-9
2026-09-10 20:28:59,768 INFO o.a.j.t.JMeterThread: Thread started: Thread Group - until HTTP 503 - 40 users 1-10
2026-09-10 20:29:00,007 INFO o.a.j.r.Summariser: summary +     78 in 00:00:09 =    8.4/s Avg:   554 Min:   524 Max:   610 Err:     0 (0.00%) Active: 10 Started: 10 Finished: 0
2026-09-10 20:29:00,768 INFO o.a.j.t.JMeterThread: Thread started: Thread Group - until HTTP 503 - 40 users 1-11
2026-09-10 20:29:01,766 INFO o.a.j.t.JMeterThread: Thread started: Thread Group - until HTTP 503 - 40 users 1-12
2026-09-10 20:29:02,767 INFO o.a.j.t.JMeterThread: Thread started: Thread Group - until HTTP 503 - 40 users 1-13
2026-09-10 20:29:03,766 INFO o.a.j.t.JMeterThread: Thread started: Thread Group - until HTTP 503 - 40 users 1-14
2026-09-10 20:29:04,767 INFO o.a.j.t.JMeterThread: Thread started: Thread Group - until HTTP 503 - 40 users 1-15
2026-09-10 20:29:05,767 INFO o.a.j.t.JMeterThread: Thread started: Thread Group - until HTTP 503 - 40 users 1-16
2026-09-10 20:29:06,767 INFO o.a.j.t.JMeterThread: Thread started: Thread Group - until HTTP 503 - 40 users 1-17
2026-09-10 20:29:07,766 INFO o.a.j.t.JMeterThread: Thread started: Thread Group - until HTTP 503 - 40 users 1-18
2026-09-10 20:29:08,767 INFO o.a.j.t.JMeterThread: Thread started: Thread Group - until HTTP 503 - 40 users 1-19
2026-09-10 20:29:09,766 INFO o.a.j.t.JMeterThread: Thread started: Thread Group - until HTTP 503 - 40 users 1-20
2026-09-10 20:29:10,768 INFO o.a.j.t.JMeterThread: Thread started: Thread Group - until HTTP 503 - 40 users 1-21
2026-09-10 20:29:11,767 INFO o.a.j.t.JMeterThread: Thread started: Thread Group - until HTTP 503 - 40 users 1-22
2026-09-10 20:29:12,767 INFO o.a.j.t.JMeterThread: Thread started: Thread Group - until HTTP 503 - 40 users 1-23
2026-09-10 20:29:13,766 INFO o.a.j.t.JMeterThread: Thread started: Thread Group - until HTTP 503 - 40 users 1-24
2026-09-10 20:29:14,767 INFO o.a.j.t.JMeterThread: Thread started: Thread Group - until HTTP 503 - 40 users 1-25
2026-09-10 20:29:15,768 INFO o.a.j.t.JMeterThread: Thread started: Thread Group - until HTTP 503 - 40 users 1-26
2026-09-10 20:29:16,767 INFO o.a.j.t.JMeterThread: Thread started: Thread Group - until HTTP 503 - 40 users 1-27
2026-09-10 20:29:17,766 INFO o.a.j.t.JMeterThread: Thread started: Thread Group - until HTTP 503 - 40 users 1-28
2026-09-10 20:29:18,767 INFO o.a.j.t.JMeterThread: Thread started: Thread Group - until HTTP 503 - 40 users 1-29
2026-09-10 20:29:19,767 INFO o.a.j.t.JMeterThread: Thread started: Thread Group - until HTTP 503 - 40 users 1-30
2026-09-10 20:29:20,768 INFO o.a.j.t.JMeterThread: Thread started: Thread Group - until HTTP 503 - 40 users 1-31
2026-09-10 20:29:21,767 INFO o.a.j.t.JMeterThread: Thread started: Thread Group - until HTTP 503 - 40 users 1-32
2026-09-10 20:29:22,766 INFO o.a.j.t.JMeterThread: Thread started: Thread Group - until HTTP 503 - 40 users 1-33
2026-09-10 20:29:23,768 INFO o.a.j.t.JMeterThread: Thread started: Thread Group - until HTTP 503 - 40 users 1-34
2026-09-10 20:29:24,767 INFO o.a.j.t.JMeterThread: Thread started: Thread Group - until HTTP 503 - 40 users 1-35
2026-09-10 20:29:25,767 INFO o.a.j.t.JMeterThread: Thread started: Thread Group - until HTTP 503 - 40 users 1-36
2026-09-10 20:29:26,766 INFO o.a.j.t.JMeterThread: Thread started: Thread Group - until HTTP 503 - 40 users 1-37
2026-09-10 20:29:27,766 INFO o.a.j.t.JMeterThread: Thread started: Thread Group - until HTTP 503 - 40 users 1-38
2026-09-10 20:29:28,767 INFO o.a.j.t.JMeterThread: Thread started: Thread Group - until HTTP 503 - 40 users 1-39
2026-09-10 20:29:29,766 INFO o.a.j.t.JMeterThread: Thread started: Thread Group - until HTTP 503 - 40 users 1-40
2026-09-10 20:29:30,210 INFO o.a.j.r.Summariser: summary +    415 in 00:00:30 =   13.7/s Avg:   671 Min:   578 Max:  1394 Err:   388 (93.49%) Active: 40 Started: 40 Finished: 0
2026-09-10 20:29:30,211 INFO o.a.j.r.Summariser: summary =    493 in 00:00:39 =   12.5/s Avg:   653 Min:   524 Max:  1394 Err:   388 (78.70%)
2026-09-10 20:30:00,179 INFO o.a.j.r.Summariser: summary +    400 in 00:00:30 =   13.3/s Avg:   664 Min:   638 Max:   775 Err:   400 (100.00%) Active: 40 Started: 40 Finished: 0
2026-09-10 20:30:00,179 INFO o.a.j.r.Summariser: summary =    893 in 00:01:09 =   12.9/s Avg:   658 Min:   524 Max:  1394 Err:   788 (88.24%)
2026-09-10 20:30:18,460 INFO o.a.j.t.JMeterThread: Thread finished: Thread Group - until HTTP 503 - 40 users 1-18
2026-09-10 20:30:18,496 INFO o.a.j.t.JMeterThread: Thread finished: Thread Group - until HTTP 503 - 40 users 1-3
2026-09-10 20:30:18,732 INFO o.a.j.t.JMeterThread: Thread finished: Thread Group - until HTTP 503 - 40 users 1-10
2026-09-10 20:30:18,735 INFO o.a.j.t.JMeterThread: Thread finished: Thread Group - until HTTP 503 - 40 users 1-28
2026-09-10 20:30:18,877 INFO o.a.j.t.JMeterThread: Thread finished: Thread Group - until HTTP 503 - 40 users 1-21
2026-09-10 20:30:18,899 INFO o.a.j.t.JMeterThread: Thread finished: Thread Group - until HTTP 503 - 40 users 1-2
2026-09-10 20:30:18,900 INFO o.a.j.t.JMeterThread: Thread finished: Thread Group - until HTTP 503 - 40 users 1-35
2026-09-10 20:30:19,049 INFO o.a.j.t.JMeterThread: Thread finished: Thread Group - until HTTP 503 - 40 users 1-17
2026-09-10 20:30:19,083 INFO o.a.j.t.JMeterThread: Thread finished: Thread Group - until HTTP 503 - 40 users 1-7
2026-09-10 20:30:19,272 INFO o.a.j.t.JMeterThread: Thread finished: Thread Group - until HTTP 503 - 40 users 1-38
2026-09-10 20:30:19,426 INFO o.a.j.t.JMeterThread: Thread finished: Thread Group - until HTTP 503 - 40 users 1-11
2026-09-10 20:30:19,440 INFO o.a.j.t.JMeterThread: Thread finished: Thread Group - until HTTP 503 - 40 users 1-6
2026-09-10 20:30:19,485 INFO o.a.j.t.JMeterThread: Thread finished: Thread Group - until HTTP 503 - 40 users 1-33
2026-09-10 20:30:19,502 INFO o.a.j.t.JMeterThread: Thread finished: Thread Group - until HTTP 503 - 40 users 1-1
2026-09-10 20:30:19,547 INFO o.a.j.t.JMeterThread: Thread finished: Thread Group - until HTTP 503 - 40 users 1-5
2026-09-10 20:30:19,572 INFO o.a.j.t.JMeterThread: Thread finished: Thread Group - until HTTP 503 - 40 users 1-23
2026-09-10 20:30:19,698 INFO o.a.j.t.JMeterThread: Thread finished: Thread Group - until HTTP 503 - 40 users 1-16
2026-09-10 20:30:19,738 INFO o.a.j.t.JMeterThread: Thread finished: Thread Group - until HTTP 503 - 40 users 1-4
2026-09-10 20:30:19,873 INFO o.a.j.t.JMeterThread: Thread finished: Thread Group - until HTTP 503 - 40 users 1-20
2026-09-10 20:30:19,901 INFO o.a.j.t.JMeterThread: Thread finished: Thread Group - until HTTP 503 - 40 users 1-15
2026-09-10 20:30:19,901 INFO o.a.j.t.JMeterThread: Thread finished: Thread Group - until HTTP 503 - 40 users 1-9
2026-09-10 20:30:20,031 INFO o.a.j.t.JMeterThread: Thread finished: Thread Group - until HTTP 503 - 40 users 1-14
2026-09-10 20:30:20,158 INFO o.a.j.t.JMeterThread: Thread finished: Thread Group - until HTTP 503 - 40 users 1-29
2026-09-10 20:30:20,383 INFO o.a.j.t.JMeterThread: Thread finished: Thread Group - until HTTP 503 - 40 users 1-39
2026-09-10 20:30:20,773 INFO o.a.j.t.JMeterThread: Thread finished: Thread Group - until HTTP 503 - 40 users 1-34
2026-09-10 20:30:20,896 INFO o.a.j.t.JMeterThread: Stopping because end time detected by thread: Thread Group - until HTTP 503 - 40 users 1-22
2026-09-10 20:30:20,896 INFO o.a.j.t.JMeterThread: Thread finished: Thread Group - until HTTP 503 - 40 users 1-22
2026-09-10 20:30:20,928 INFO o.a.j.t.JMeterThread: Stopping because end time detected by thread: Thread Group - until HTTP 503 - 40 users 1-19
2026-09-10 20:30:20,928 INFO o.a.j.t.JMeterThread: Thread finished: Thread Group - until HTTP 503 - 40 users 1-19
2026-09-10 20:30:21,197 INFO o.a.j.t.JMeterThread: Stopping because end time detected by thread: Thread Group - until HTTP 503 - 40 users 1-37
2026-09-10 20:30:21,198 INFO o.a.j.t.JMeterThread: Thread finished: Thread Group - until HTTP 503 - 40 users 1-37
2026-09-10 20:30:21,229 INFO o.a.j.t.JMeterThread: Stopping because end time detected by thread: Thread Group - until HTTP 503 - 40 users 1-32
2026-09-10 20:30:21,231 INFO o.a.j.t.JMeterThread: Thread finished: Thread Group - until HTTP 503 - 40 users 1-32
2026-09-10 20:30:21,325 INFO o.a.j.t.JMeterThread: Stopping because end time detected by thread: Thread Group - until HTTP 503 - 40 users 1-24
2026-09-10 20:30:21,325 INFO o.a.j.t.JMeterThread: Thread finished: Thread Group - until HTTP 503 - 40 users 1-24
2026-09-10 20:30:21,328 INFO o.a.j.t.JMeterThread: Stopping because end time detected by thread: Thread Group - until HTTP 503 - 40 users 1-30
2026-09-10 20:30:21,328 INFO o.a.j.t.JMeterThread: Thread finished: Thread Group - until HTTP 503 - 40 users 1-30
2026-09-10 20:30:21,360 INFO o.a.j.t.JMeterThread: Stopping because end time detected by thread: Thread Group - until HTTP 503 - 40 users 1-31
2026-09-10 20:30:21,361 INFO o.a.j.t.JMeterThread: Thread finished: Thread Group - until HTTP 503 - 40 users 1-31
2026-09-10 20:30:21,363 INFO o.a.j.t.JMeterThread: Stopping because end time detected by thread: Thread Group - until HTTP 503 - 40 users 1-26
2026-09-10 20:30:21,363 INFO o.a.j.t.JMeterThread: Thread finished: Thread Group - until HTTP 503 - 40 users 1-26
2026-09-10 20:30:21,367 INFO o.a.j.t.JMeterThread: Stopping because end time detected by thread: Thread Group - until HTTP 503 - 40 users 1-8
2026-09-10 20:30:21,367 INFO o.a.j.t.JMeterThread: Thread finished: Thread Group - until HTTP 503 - 40 users 1-8
2026-09-10 20:30:21,391 INFO o.a.j.t.JMeterThread: Stopping because end time detected by thread: Thread Group - until HTTP 503 - 40 users 1-12
2026-09-10 20:30:21,392 INFO o.a.j.t.JMeterThread: Thread finished: Thread Group - until HTTP 503 - 40 users 1-12
2026-09-10 20:30:21,392 INFO o.a.j.t.JMeterThread: Stopping because end time detected by thread: Thread Group - until HTTP 503 - 40 users 1-36
2026-09-10 20:30:21,392 INFO o.a.j.t.JMeterThread: Thread finished: Thread Group - until HTTP 503 - 40 users 1-36
2026-09-10 20:30:21,394 INFO o.a.j.t.JMeterThread: Stopping because end time detected by thread: Thread Group - until HTTP 503 - 40 users 1-27
2026-09-10 20:30:21,395 INFO o.a.j.t.JMeterThread: Thread finished: Thread Group - until HTTP 503 - 40 users 1-27
2026-09-10 20:30:21,421 INFO o.a.j.t.JMeterThread: Stopping because end time detected by thread: Thread Group - until HTTP 503 - 40 users 1-25
2026-09-10 20:30:21,421 INFO o.a.j.t.JMeterThread: Thread finished: Thread Group - until HTTP 503 - 40 users 1-25
2026-09-10 20:30:21,423 INFO o.a.j.t.JMeterThread: Stopping because end time detected by thread: Thread Group - until HTTP 503 - 40 users 1-40
2026-09-10 20:30:21,424 INFO o.a.j.t.JMeterThread: Thread finished: Thread Group - until HTTP 503 - 40 users 1-40
2026-09-10 20:30:21,425 INFO o.a.j.t.JMeterThread: Stopping because end time detected by thread: Thread Group - until HTTP 503 - 40 users 1-13
2026-09-10 20:30:21,426 INFO o.a.j.t.JMeterThread: Thread finished: Thread Group - until HTTP 503 - 40 users 1-13
2026-09-10 20:30:21,426 INFO o.a.j.e.StandardJMeterEngine: Notifying test listeners of end of test
2026-09-10 20:30:21,428 INFO o.a.j.r.Summariser: summary +    292 in 00:00:21 =   13.7/s Avg:   663 Min:   638 Max:   731 Err:   292 (100.00%) Active: 0 Started: 40 Finished: 40
2026-09-10 20:30:21,429 INFO o.a.j.r.Summariser: summary =   1185 in 00:01:31 =   13.1/s Avg:   659 Min:   524 Max:  1394 Err:  1080 (91.14%)
2026-09-10 20:30:21,431 INFO o.a.j.JMeter: Generating Dashboard
2026-09-10 20:30:21,431 INFO o.a.j.r.d.ReportGenerator: Flushing result collector before report Generation
2026-09-10 20:30:21,488 INFO o.a.j.r.p.NormalizerSampleConsumer: Using format, 'ms', to parse timeStamp field
2026-09-10 20:30:21,752 INFO o.a.j.r.p.AbstractSampleConsumer: class org.apache.jmeter.report.processor.AggregateConsumer#stopProducing(): beginDate produced 0 samples
2026-09-10 20:30:21,753 INFO o.a.j.r.p.AbstractSampleConsumer: class org.apache.jmeter.report.processor.AggregateConsumer#stopProducing(): endDate produced 0 samples
2026-09-10 20:30:21,755 INFO o.a.j.r.p.AbstractSampleConsumer: class org.apache.jmeter.report.processor.ApdexSummaryConsumer#stopProducing(): apdexSummary produced 0 samples
2026-09-10 20:30:21,755 INFO o.a.j.r.p.AbstractSampleConsumer: class org.apache.jmeter.report.processor.RequestsSummaryConsumer#stopProducing(): requestsSummary produced 0 samples
2026-09-10 20:30:21,761 INFO o.a.j.r.p.AbstractSampleConsumer: class org.apache.jmeter.report.processor.StatisticsSummaryConsumer#stopProducing(): statisticsSummary produced 0 samples
2026-09-10 20:30:21,764 INFO o.a.j.r.p.AbstractSampleConsumer: class org.apache.jmeter.report.processor.Top5ErrorsBySamplerConsumer#stopProducing(): top5ErrorsBySampler produced 0 samples
2026-09-10 20:30:21,764 INFO o.a.j.r.p.AbstractSampleConsumer: class org.apache.jmeter.report.processor.ErrorsSummaryConsumer#stopProducing(): errorsSummary produced 0 samples
2026-09-10 20:30:21,765 INFO o.a.j.r.p.AbstractSampleConsumer: class org.apache.jmeter.report.processor.graph.impl.HitsPerSecondGraphConsumer#stopProducing(): hitsPerSecond produced 0 samples
2026-09-10 20:30:21,835 INFO o.a.j.r.p.AbstractSampleConsumer: class org.apache.jmeter.report.processor.graph.impl.LatencyVSRequestGraphConsumer#stopProducing(): latencyVsRequest produced 0 samples
2026-09-10 20:30:21,836 INFO o.a.j.r.p.AbstractSampleConsumer: class org.apache.jmeter.report.processor.graph.impl.SyntheticResponseTimeDistributionGraphConsumer#stopProducing(): syntheticResponseTimeDistribution produced 0 samples
2026-09-10 20:30:21,836 INFO o.a.j.r.p.AbstractSampleConsumer: class org.apache.jmeter.report.processor.graph.impl.BytesThroughputGraphConsumer#stopProducing(): bytesThroughputOverTime produced 0 samples
2026-09-10 20:30:21,836 INFO o.a.j.r.p.AbstractSampleConsumer: class org.apache.jmeter.report.processor.graph.impl.CodesPerSecondGraphConsumer#stopProducing(): codesPerSecond produced 0 samples
2026-09-10 20:30:21,877 INFO o.a.j.r.p.AbstractSampleConsumer: class org.apache.jmeter.report.processor.graph.impl.ResponseTimeVSRequestGraphConsumer#stopProducing(): responseTimeVsRequest produced 0 samples
2026-09-10 20:30:21,878 INFO o.a.j.r.p.AbstractSampleConsumer: class org.apache.jmeter.report.processor.FilterConsumer#stopProducing(): startIntervalControlerFilter produced 8295 samples
2026-09-10 20:30:21,878 INFO o.a.j.r.p.AbstractSampleConsumer: class org.apache.jmeter.report.processor.graph.impl.TotalTPSGraphConsumer#stopProducing(): totalTPS produced 0 samples
2026-09-10 20:30:21,878 INFO o.a.j.r.p.AbstractSampleConsumer: class org.apache.jmeter.report.processor.graph.impl.ActiveThreadsGraphConsumer#stopProducing(): activeThreadsOverTime produced 0 samples
2026-09-10 20:30:21,879 INFO o.a.j.r.p.AbstractSampleConsumer: class org.apache.jmeter.report.processor.graph.impl.TimeVSThreadGraphConsumer#stopProducing(): timeVsThreads produced 0 samples
2026-09-10 20:30:21,879 INFO o.a.j.r.p.AbstractSampleConsumer: class org.apache.jmeter.report.processor.graph.impl.ResponseTimeDistributionGraphConsumer#stopProducing(): responseTimeDistribution produced 0 samples
2026-09-10 20:30:21,879 INFO o.a.j.r.p.AbstractSampleConsumer: class org.apache.jmeter.report.processor.graph.impl.TransactionsPerSecondGraphConsumer#stopProducing(): transactionsPerSecond produced 0 samples
2026-09-10 20:30:21,879 INFO o.a.j.r.p.AbstractSampleConsumer: class org.apache.jmeter.report.processor.graph.impl.ResponseTimePercentilesGraphConsumer#stopProducing(): responseTimePercentiles produced 0 samples
2026-09-10 20:30:21,880 INFO o.a.j.r.p.AbstractSampleConsumer: class org.apache.jmeter.report.processor.graph.impl.ResponseTimePercentilesOverTimeGraphConsumer#stopProducing(): responseTimePercentilesOverTime produced 0 samples
2026-09-10 20:30:21,880 INFO o.a.j.r.p.AbstractSampleConsumer: class org.apache.jmeter.report.processor.graph.impl.ResponseTimeOverTimeGraphConsumer#stopProducing(): responseTimesOverTime produced 0 samples
2026-09-10 20:30:21,880 INFO o.a.j.r.p.AbstractSampleConsumer: class org.apache.jmeter.report.processor.graph.impl.ConnectTimeOverTimeGraphConsumer#stopProducing(): connectTimeOverTime produced 0 samples
2026-09-10 20:30:21,880 INFO o.a.j.r.p.AbstractSampleConsumer: class org.apache.jmeter.report.processor.graph.impl.LatencyOverTimeGraphConsumer#stopProducing(): latenciesOverTime produced 0 samples
2026-09-10 20:30:21,881 INFO o.a.j.r.p.AbstractSampleConsumer: class org.apache.jmeter.report.processor.FilterConsumer#stopProducing(): nameFilter produced 17775 samples
2026-09-10 20:30:21,881 INFO o.a.j.r.p.AbstractSampleConsumer: class org.apache.jmeter.report.processor.FilterConsumer#stopProducing(): dateRangeFilter produced 3555 samples
2026-09-10 20:30:21,881 INFO o.a.j.r.p.AbstractSampleConsumer: class org.apache.jmeter.report.processor.NormalizerSampleConsumer#stopProducing(): normalizer produced 1185 samples
2026-09-10 20:30:21,881 INFO o.a.j.r.p.CsvFileSampleSource: produce(): 1185 samples produced in 338ms on channel 0
2026-09-10 20:30:21,881 INFO o.a.j.r.d.ReportGenerator: Exporting data using exporter:'json' of className:'org.apache.jmeter.report.dashboard.JsonExporter'
2026-09-10 20:30:21,982 INFO o.a.j.r.d.JsonExporter: Found data for consumer statisticsSummary in context
2026-09-10 20:30:21,982 INFO o.a.j.r.d.JsonExporter: Creating statistics for overall
2026-09-10 20:30:21,982 INFO o.a.j.r.d.JsonExporter: Creating statistics for other transactions
2026-09-10 20:30:21,983 INFO o.a.j.r.d.JsonExporter: Checking output folder
2026-09-10 20:30:21,984 INFO o.a.j.r.d.JsonExporter: Writing statistics JSON to C:\University\Programming\Software Testing\Lab4\html_reports\stress_until_503\40users_800rpm\statistics.json
2026-09-10 20:30:22,055 INFO o.a.j.r.d.ReportGenerator: Exporting data using exporter:'html' of className:'org.apache.jmeter.report.dashboard.HtmlTemplateExporter'
2026-09-10 20:30:22,060 INFO o.a.j.r.d.HtmlTemplateExporter: Will generate dashboard in folder: C:\University\Programming\Software Testing\Lab4\html_reports\stress_until_503\40users_800rpm
2026-09-10 20:30:22,202 INFO o.a.j.r.d.HtmlTemplateExporter: Report will be generated in: C:\University\Programming\Software Testing\Lab4\html_reports\stress_until_503\40users_800rpm, creating folder structure
2026-09-10 20:30:22,210 INFO o.a.j.r.d.TemplateVisitor: Copying folder from 'C:\Program Files\apache-jmeter-5.6.3\bin\report-template' to 'C:\University\Programming\Software Testing\Lab4\html_reports\stress_until_503\40users_800rpm', got message: C:\University\Programming\Software Testing\Lab4\html_reports\stress_until_503\40users_800rpm, found non empty folder with following content [C:\University\Programming\Software Testing\Lab4\html_reports\stress_until_503\40users_800rpm\statistics.json], will be ignored
2026-09-10 20:30:22,665 INFO o.a.j.JMeter: Dashboard generated
