2026-09-10 20:32:02,425 INFO o.a.j.u.JMeterUtils: Setting Locale to en_EN
2026-09-10 20:32:02,438 INFO o.a.j.JMeter: Loading user properties from: C:\Program Files\apache-jmeter-5.6.3\bin\user.properties
2026-09-10 20:32:02,438 INFO o.a.j.JMeter: Loading system properties from: C:\Program Files\apache-jmeter-5.6.3\bin\system.properties
2026-09-10 20:32:02,439 INFO o.a.j.JMeter: Setting JMeter property: jmeter.save.saveservice.output_format=csv
2026-09-10 20:32:02,439 INFO o.a.j.JMeter: Setting JMeter property: jmeter.save.saveservice.print_field_names=true
2026-09-10 20:32:02,439 INFO o.a.j.JMeter: Setting JMeter property: jmeter.save.saveservice.timestamp_format=ms
2026-09-10 20:32:02,439 INFO o.a.j.JMeter: Setting JMeter property: jmeter.save.saveservice.time=true
2026-09-10 20:32:02,439 INFO o.a.j.JMeter: Setting JMeter property: jmeter.save.saveservice.latency=true
2026-09-10 20:32:02,439 INFO o.a.j.JMeter: Setting JMeter property: jmeter.save.saveservice.label=true
2026-09-10 20:32:02,439 INFO o.a.j.JMeter: Setting JMeter property: jmeter.save.saveservice.response_code=true
2026-09-10 20:32:02,439 INFO o.a.j.JMeter: Setting JMeter property: jmeter.save.saveservice.response_message=true
2026-09-10 20:32:02,439 INFO o.a.j.JMeter: Setting JMeter property: jmeter.save.saveservice.successful=true
2026-09-10 20:32:02,439 INFO o.a.j.JMeter: Setting JMeter property: jmeter.save.saveservice.assertion_results_failure_message=true
2026-09-10 20:32:02,439 INFO o.a.j.JMeter: Setting JMeter property: jmeter.save.saveservice.thread_name=true
2026-09-10 20:32:02,439 INFO o.a.j.JMeter: Setting JMeter property: jmeter.save.saveservice.thread_counts=true
2026-09-10 20:32:02,439 INFO o.a.j.JMeter: Setting JMeter property: jmeter.save.saveservice.connect_time=true
2026-09-10 20:32:02,446 INFO o.a.j.JMeter: Copyright (c) 1998-2024 The Apache Software Foundation
2026-09-10 20:32:02,446 INFO o.a.j.JMeter: Version 5.6.3
2026-09-10 20:32:02,446 INFO o.a.j.JMeter: java.version=26.0.1
2026-09-10 20:32:02,446 INFO o.a.j.JMeter: java.vm.name=Java HotSpot(TM) 64-Bit Server VM
2026-09-10 20:32:02,446 INFO o.a.j.JMeter: os.name=Windows 10
2026-09-10 20:32:02,446 INFO o.a.j.JMeter: os.arch=amd64
2026-09-10 20:32:02,446 INFO o.a.j.JMeter: os.version=10.0
2026-09-10 20:32:02,446 INFO o.a.j.JMeter: file.encoding=UTF-8
2026-09-10 20:32:02,446 INFO o.a.j.JMeter: java.awt.headless=true
2026-09-10 20:32:02,446 INFO o.a.j.JMeter: Max memory     =1073741824
2026-09-10 20:32:02,447 INFO o.a.j.JMeter: Available Processors =8
2026-09-10 20:32:02,457 INFO o.a.j.JMeter: Default Locale=English (EN)
2026-09-10 20:32:02,458 INFO o.a.j.JMeter: JMeter  Locale=English (EN)
2026-09-10 20:32:02,458 INFO o.a.j.JMeter: JMeterHome=C:\Program Files\apache-jmeter-5.6.3
2026-09-10 20:32:02,458 INFO o.a.j.JMeter: user.dir  =C:\University\Programming\Software Testing\Lab4
2026-09-10 20:32:02,458 INFO o.a.j.JMeter: PWD       =C:\University\Programming\Software Testing\Lab4
2026-09-10 20:32:02,460 INFO o.a.j.JMeter: IP: 172.28.17.195 Name: DESKTOP-74FQ4EV FullName: DESKTOP-74FQ4EV
2026-09-10 20:32:02,468 INFO o.a.j.JMeter: Setting property 'jmeter.reportgenerator.outputdir' to:'C:\University\Programming\Software Testing\Lab4\html_reports\stress_until_503\56users_1120rpm'
2026-09-10 20:32:02,470 INFO o.a.j.s.FileServer: Default base='C:\University\Programming\Software Testing\Lab4'
2026-09-10 20:32:02,471 INFO o.a.j.s.FileServer: Set new base='C:\University\Programming\Software Testing\Lab4\quality_jmeter_plans\stress_until_503'
2026-09-10 20:32:02,670 INFO o.a.j.s.SaveService: Testplan (JMX) version: 2.2. Testlog (JTL) version: 2.2
2026-09-10 20:32:02,684 INFO o.a.j.s.SaveService: Using SaveService properties version 5.0
2026-09-10 20:32:02,687 INFO o.a.j.s.SaveService: Using SaveService properties file encoding UTF-8
2026-09-10 20:32:02,689 INFO o.a.j.s.SaveService: Loading file: quality_jmeter_plans\stress_until_503\stress_until_503_56users_1120rpm_ctt.jmx
2026-09-10 20:32:02,734 INFO o.a.j.p.h.s.HTTPSamplerBase: Parser for text/html is org.apache.jmeter.protocol.http.parser.LagartoBasedHtmlParser
2026-09-10 20:32:02,734 INFO o.a.j.p.h.s.HTTPSamplerBase: Parser for application/xhtml+xml is org.apache.jmeter.protocol.http.parser.LagartoBasedHtmlParser
2026-09-10 20:32:02,734 INFO o.a.j.p.h.s.HTTPSamplerBase: Parser for application/xml is org.apache.jmeter.protocol.http.parser.LagartoBasedHtmlParser
2026-09-10 20:32:02,734 INFO o.a.j.p.h.s.HTTPSamplerBase: Parser for text/xml is org.apache.jmeter.protocol.http.parser.LagartoBasedHtmlParser
2026-09-10 20:32:02,734 INFO o.a.j.p.h.s.HTTPSamplerBase: Parser for text/vnd.wap.wml is org.apache.jmeter.protocol.http.parser.RegexpHTMLParser
2026-09-10 20:32:02,734 INFO o.a.j.p.h.s.HTTPSamplerBase: Parser for text/css is org.apache.jmeter.protocol.http.parser.CssParser
2026-09-10 20:32:02,745 INFO o.a.j.JMeter: Creating summariser <summary>
2026-09-10 20:32:02,751 INFO o.a.j.r.d.ReportGenerator: ReportGenerator will use for Parsing the separator: ','
2026-09-10 20:32:02,752 INFO o.a.j.r.d.ReportGenerator: Will generate report at end of test from  results file: results/stress_until_503/stress_until_503_56users_1120rpm.jtl
2026-09-10 20:32:02,752 INFO o.a.j.r.d.ReportGenerator: Reading report generator properties from: C:\Program Files\apache-jmeter-5.6.3\bin\reportgenerator.properties
2026-09-10 20:32:02,752 INFO o.a.j.r.d.ReportGenerator: Merging with JMeter properties
2026-09-10 20:32:02,755 INFO o.a.j.r.c.ReportGeneratorConfiguration: Property 'jmeter.reportgenerator.temp_dir' not found, using default value 'temp' instead.
2026-09-10 20:32:02,757 INFO o.a.j.r.c.ReportGeneratorConfiguration: Property 'jmeter.reportgenerator.apdex_per_transaction' not found, using default value 'null' instead.
2026-09-10 20:32:02,757 INFO o.a.j.r.c.ReportGeneratorConfiguration: apdex_per_transaction is empty, not APDEX per transaction customization
2026-09-10 20:32:02,757 INFO o.a.j.r.c.ReportGeneratorConfiguration: Property 'jmeter.reportgenerator.sample_filter' not found, using default value 'null' instead.
2026-09-10 20:32:02,757 INFO o.a.j.r.c.ReportGeneratorConfiguration: Property 'jmeter.reportgenerator.report_title' not found, using default value 'null' instead.
2026-09-10 20:32:02,757 INFO o.a.j.r.c.ReportGeneratorConfiguration: Property 'jmeter.reportgenerator.start_date' not found, using default value 'null' instead.
2026-09-10 20:32:02,757 INFO o.a.j.r.c.ReportGeneratorConfiguration: Property 'jmeter.reportgenerator.end_date' not found, using default value 'null' instead.
2026-09-10 20:32:02,757 INFO o.a.j.r.c.ReportGeneratorConfiguration: Property 'jmeter.reportgenerator.date_format' not found, using default value 'null' instead.
2026-09-10 20:32:02,757 INFO o.a.j.r.c.ReportGeneratorConfiguration: Will use date range start date: null, end date: null
2026-09-10 20:32:02,760 INFO o.a.j.r.c.ReportGeneratorConfiguration: Property 'jmeter.reportgenerator.graph.totalTPS.exclude_controllers' not found, using default value 'false' instead.
2026-09-10 20:32:02,760 INFO o.a.j.r.c.ReportGeneratorConfiguration: Property 'jmeter.reportgenerator.graph.activeThreadsOverTime.exclude_controllers' not found, using default value 'false' instead.
2026-09-10 20:32:02,760 INFO o.a.j.r.c.ReportGeneratorConfiguration: Property 'jmeter.reportgenerator.graph.timeVsThreads.exclude_controllers' not found, using default value 'false' instead.
2026-09-10 20:32:02,760 INFO o.a.j.r.c.ReportGeneratorConfiguration: Property 'jmeter.reportgenerator.graph.responseTimeDistribution.exclude_controllers' not found, using default value 'false' instead.
2026-09-10 20:32:02,761 INFO o.a.j.r.c.ReportGeneratorConfiguration: Property 'jmeter.reportgenerator.graph.transactionsPerSecond.exclude_controllers' not found, using default value 'false' instead.
2026-09-10 20:32:02,761 INFO o.a.j.r.c.ReportGeneratorConfiguration: Property 'jmeter.reportgenerator.graph.responseTimePercentiles.exclude_controllers' not found, using default value 'false' instead.
2026-09-10 20:32:02,761 INFO o.a.j.r.c.ReportGeneratorConfiguration: Property 'jmeter.reportgenerator.graph.responseTimePercentilesOverTime.exclude_controllers' not found, using default value 'false' instead.
2026-09-10 20:32:02,761 INFO o.a.j.r.c.ReportGeneratorConfiguration: Property 'jmeter.reportgenerator.graph.responseTimesOverTime.exclude_controllers' not found, using default value 'false' instead.
2026-09-10 20:32:02,761 INFO o.a.j.r.c.ReportGeneratorConfiguration: Property 'jmeter.reportgenerator.graph.connectTimeOverTime.exclude_controllers' not found, using default value 'false' instead.
2026-09-10 20:32:02,761 INFO o.a.j.r.c.ReportGeneratorConfiguration: Property 'jmeter.reportgenerator.graph.latenciesOverTime.exclude_controllers' not found, using default value 'false' instead.
2026-09-10 20:32:02,762 INFO o.a.j.r.c.ReportGeneratorConfiguration: Property 'jmeter.reportgenerator.exporter.json.filters_only_sample_series' not found, using default value 'true' instead.
2026-09-10 20:32:02,762 INFO o.a.j.r.c.ReportGeneratorConfiguration: Property 'jmeter.reportgenerator.exporter.json.series_filter' not found, using default value '' instead.
2026-09-10 20:32:02,762 INFO o.a.j.r.c.ReportGeneratorConfiguration: Property 'jmeter.reportgenerator.exporter.json.show_controllers_only' not found, using default value 'false' instead.
2026-09-10 20:32:02,762 INFO o.a.j.r.c.ReportGeneratorConfiguration: Property 'jmeter.reportgenerator.exporter.html.filters_only_sample_series' not found, using default value 'true' instead.
2026-09-10 20:32:02,762 INFO o.a.j.r.c.ReportGeneratorConfiguration: Property 'jmeter.reportgenerator.exporter.html.series_filter' not found, using default value '' instead.
2026-09-10 20:32:02,762 INFO o.a.j.r.c.ReportGeneratorConfiguration: Property 'jmeter.reportgenerator.exporter.html.show_controllers_only' not found, using default value 'false' instead.
2026-09-10 20:32:02,770 INFO o.a.j.e.StandardJMeterEngine: Running the test!
2026-09-10 20:32:02,771 INFO o.a.j.s.SampleEvent: List of sample_variables: []
2026-09-10 20:32:02,771 INFO o.a.j.s.SampleEvent: List of sample_variables: []
2026-09-10 20:32:02,775 INFO o.a.j.e.u.CompoundVariable: Note: Function class names must contain the string: '.functions.'
2026-09-10 20:32:02,775 INFO o.a.j.e.u.CompoundVariable: Note: Function class names must not contain the string: '.gui.'
2026-09-10 20:32:02,829 INFO o.a.j.JMeter: Running test (1789061522828)
2026-09-10 20:32:02,844 INFO o.a.j.e.StandardJMeterEngine: Starting ThreadGroup: 1 : Thread Group - until HTTP 503 - 56 users
2026-09-10 20:32:02,844 INFO o.a.j.e.StandardJMeterEngine: Starting 56 threads for group Thread Group - until HTTP 503 - 56 users.
2026-09-10 20:32:02,844 INFO o.a.j.e.StandardJMeterEngine: Thread will continue on error
2026-09-10 20:32:02,844 INFO o.a.j.t.ThreadGroup: Starting thread group... number=1 threads=56 ramp-up=56 delayedStart=false
2026-09-10 20:32:02,849 INFO o.a.j.t.JMeterThread: Thread started: Thread Group - until HTTP 503 - 56 users 1-1
2026-09-10 20:32:02,865 INFO o.a.j.t.ThreadGroup: Started thread group number 1
2026-09-10 20:32:02,865 INFO o.a.j.e.StandardJMeterEngine: All thread groups have been started
2026-09-10 20:32:02,890 INFO o.a.j.p.h.s.HTTPHCAbstractImpl: Local host = DESKTOP-74FQ4EV
2026-09-10 20:32:02,894 INFO o.a.j.p.h.s.HTTPHC4Impl: HTTP request retry count = 0
2026-09-10 20:32:02,896 INFO o.a.j.s.SampleResult: Note: Sample TimeStamps are START times
2026-09-10 20:32:02,896 INFO o.a.j.s.SampleResult: sampleresult.default.encoding is set to UTF-8
2026-09-10 20:32:02,896 INFO o.a.j.s.SampleResult: sampleresult.useNanoTime=true
2026-09-10 20:32:02,896 INFO o.a.j.s.SampleResult: sampleresult.nanoThreadSleep=5000
2026-09-10 20:32:03,566 INFO o.a.j.r.Summariser: summary +      1 in 00:00:01 =    1.4/s Avg:   609 Min:   609 Max:   609 Err:     0 (0.00%) Active: 1 Started: 1 Finished: 0
2026-09-10 20:32:03,847 INFO o.a.j.t.JMeterThread: Thread started: Thread Group - until HTTP 503 - 56 users 1-2
2026-09-10 20:32:04,845 INFO o.a.j.t.JMeterThread: Thread started: Thread Group - until HTTP 503 - 56 users 1-3
2026-09-10 20:32:05,845 INFO o.a.j.t.JMeterThread: Thread started: Thread Group - until HTTP 503 - 56 users 1-4
2026-09-10 20:32:06,845 INFO o.a.j.t.JMeterThread: Thread started: Thread Group - until HTTP 503 - 56 users 1-5
2026-09-10 20:32:07,846 INFO o.a.j.t.JMeterThread: Thread started: Thread Group - until HTTP 503 - 56 users 1-6
2026-09-10 20:32:08,845 INFO o.a.j.t.JMeterThread: Thread started: Thread Group - until HTTP 503 - 56 users 1-7
2026-09-10 20:32:09,846 INFO o.a.j.t.JMeterThread: Thread started: Thread Group - until HTTP 503 - 56 users 1-8
2026-09-10 20:32:10,844 INFO o.a.j.t.JMeterThread: Thread started: Thread Group - until HTTP 503 - 56 users 1-9
2026-09-10 20:32:11,846 INFO o.a.j.t.JMeterThread: Thread started: Thread Group - until HTTP 503 - 56 users 1-10
2026-09-10 20:32:12,846 INFO o.a.j.t.JMeterThread: Thread started: Thread Group - until HTTP 503 - 56 users 1-11
2026-09-10 20:32:13,847 INFO o.a.j.t.JMeterThread: Thread started: Thread Group - until HTTP 503 - 56 users 1-12
2026-09-10 20:32:14,846 INFO o.a.j.t.JMeterThread: Thread started: Thread Group - until HTTP 503 - 56 users 1-13
2026-09-10 20:32:15,845 INFO o.a.j.t.JMeterThread: Thread started: Thread Group - until HTTP 503 - 56 users 1-14
2026-09-10 20:32:16,844 INFO o.a.j.t.JMeterThread: Thread started: Thread Group - until HTTP 503 - 56 users 1-15
2026-09-10 20:32:17,846 INFO o.a.j.t.JMeterThread: Thread started: Thread Group - until HTTP 503 - 56 users 1-16
2026-09-10 20:32:18,846 INFO o.a.j.t.JMeterThread: Thread started: Thread Group - until HTTP 503 - 56 users 1-17
2026-09-10 20:32:19,844 INFO o.a.j.t.JMeterThread: Thread started: Thread Group - until HTTP 503 - 56 users 1-18
2026-09-10 20:32:20,846 INFO o.a.j.t.JMeterThread: Thread started: Thread Group - until HTTP 503 - 56 users 1-19
2026-09-10 20:32:21,844 INFO o.a.j.t.JMeterThread: Thread started: Thread Group - until HTTP 503 - 56 users 1-20
2026-09-10 20:32:22,845 INFO o.a.j.t.JMeterThread: Thread started: Thread Group - until HTTP 503 - 56 users 1-21
2026-09-10 20:32:23,845 INFO o.a.j.t.JMeterThread: Thread started: Thread Group - until HTTP 503 - 56 users 1-22
2026-09-10 20:32:24,846 INFO o.a.j.t.JMeterThread: Thread started: Thread Group - until HTTP 503 - 56 users 1-23
2026-09-10 20:32:25,846 INFO o.a.j.t.JMeterThread: Thread started: Thread Group - until HTTP 503 - 56 users 1-24
2026-09-10 20:32:26,845 INFO o.a.j.t.JMeterThread: Thread started: Thread Group - until HTTP 503 - 56 users 1-25
2026-09-10 20:32:27,845 INFO o.a.j.t.JMeterThread: Thread started: Thread Group - until HTTP 503 - 56 users 1-26
2026-09-10 20:32:28,846 INFO o.a.j.t.JMeterThread: Thread started: Thread Group - until HTTP 503 - 56 users 1-27
2026-09-10 20:32:29,845 INFO o.a.j.t.JMeterThread: Thread started: Thread Group - until HTTP 503 - 56 users 1-28
2026-09-10 20:32:30,010 INFO o.a.j.r.Summariser: summary +    409 in 00:00:26 =   15.5/s Avg:   701 Min:   521 Max:  1227 Err:   317 (77.51%) Active: 28 Started: 28 Finished: 0
2026-09-10 20:32:30,012 INFO o.a.j.r.Summariser: summary =    410 in 00:00:27 =   15.1/s Avg:   700 Min:   521 Max:  1227 Err:   317 (77.32%)
2026-09-10 20:32:30,846 INFO o.a.j.t.JMeterThread: Thread started: Thread Group - until HTTP 503 - 56 users 1-29
2026-09-10 20:32:31,846 INFO o.a.j.t.JMeterThread: Thread started: Thread Group - until HTTP 503 - 56 users 1-30
2026-09-10 20:32:32,844 INFO o.a.j.t.JMeterThread: Thread started: Thread Group - until HTTP 503 - 56 users 1-31
2026-09-10 20:32:33,844 INFO o.a.j.t.JMeterThread: Thread started: Thread Group - until HTTP 503 - 56 users 1-32
2026-09-10 20:32:34,845 INFO o.a.j.t.JMeterThread: Thread started: Thread Group - until HTTP 503 - 56 users 1-33
2026-09-10 20:32:35,844 INFO o.a.j.t.JMeterThread: Thread started: Thread Group - until HTTP 503 - 56 users 1-34
2026-09-10 20:32:36,845 INFO o.a.j.t.JMeterThread: Thread started: Thread Group - until HTTP 503 - 56 users 1-35
2026-09-10 20:32:37,846 INFO o.a.j.t.JMeterThread: Thread started: Thread Group - until HTTP 503 - 56 users 1-36
2026-09-10 20:32:38,846 INFO o.a.j.t.JMeterThread: Thread started: Thread Group - until HTTP 503 - 56 users 1-37
2026-09-10 20:32:39,845 INFO o.a.j.t.JMeterThread: Thread started: Thread Group - until HTTP 503 - 56 users 1-38
2026-09-10 20:32:40,845 INFO o.a.j.t.JMeterThread: Thread started: Thread Group - until HTTP 503 - 56 users 1-39
2026-09-10 20:32:41,845 INFO o.a.j.t.JMeterThread: Thread started: Thread Group - until HTTP 503 - 56 users 1-40
2026-09-10 20:32:42,845 INFO o.a.j.t.JMeterThread: Thread started: Thread Group - until HTTP 503 - 56 users 1-41
2026-09-10 20:32:43,845 INFO o.a.j.t.JMeterThread: Thread started: Thread Group - until HTTP 503 - 56 users 1-42
2026-09-10 20:32:44,845 INFO o.a.j.t.JMeterThread: Thread started: Thread Group - until HTTP 503 - 56 users 1-43
2026-09-10 20:32:45,846 INFO o.a.j.t.JMeterThread: Thread started: Thread Group - until HTTP 503 - 56 users 1-44
2026-09-10 20:32:46,845 INFO o.a.j.t.JMeterThread: Thread started: Thread Group - until HTTP 503 - 56 users 1-45
2026-09-10 20:32:47,845 INFO o.a.j.t.JMeterThread: Thread started: Thread Group - until HTTP 503 - 56 users 1-46
2026-09-10 20:32:48,845 INFO o.a.j.t.JMeterThread: Thread started: Thread Group - until HTTP 503 - 56 users 1-47
2026-09-10 20:32:49,846 INFO o.a.j.t.JMeterThread: Thread started: Thread Group - until HTTP 503 - 56 users 1-48
2026-09-10 20:32:50,845 INFO o.a.j.t.JMeterThread: Thread started: Thread Group - until HTTP 503 - 56 users 1-49
2026-09-10 20:32:51,845 INFO o.a.j.t.JMeterThread: Thread started: Thread Group - until HTTP 503 - 56 users 1-50
2026-09-10 20:32:52,845 INFO o.a.j.t.JMeterThread: Thread started: Thread Group - until HTTP 503 - 56 users 1-51
2026-09-10 20:32:53,845 INFO o.a.j.t.JMeterThread: Thread started: Thread Group - until HTTP 503 - 56 users 1-52
2026-09-10 20:32:54,846 INFO o.a.j.t.JMeterThread: Thread started: Thread Group - until HTTP 503 - 56 users 1-53
2026-09-10 20:32:55,846 INFO o.a.j.t.JMeterThread: Thread started: Thread Group - until HTTP 503 - 56 users 1-54
2026-09-10 20:32:56,845 INFO o.a.j.t.JMeterThread: Thread started: Thread Group - until HTTP 503 - 56 users 1-55
2026-09-10 20:32:57,844 INFO o.a.j.t.JMeterThread: Thread started: Thread Group - until HTTP 503 - 56 users 1-56
2026-09-10 20:33:00,032 INFO o.a.j.r.Summariser: summary +    581 in 00:00:30 =   19.4/s Avg:   785 Min:   758 Max:   892 Err:   581 (100.00%) Active: 56 Started: 56 Finished: 0
2026-09-10 20:33:00,033 INFO o.a.j.r.Summariser: summary =    991 in 00:00:57 =   17.3/s Avg:   750 Min:   521 Max:  1227 Err:   898 (90.62%)
2026-09-10 20:33:30,029 INFO o.a.j.r.Summariser: summary +    561 in 00:00:30 =   18.7/s Avg:   777 Min:   742 Max:   996 Err:   561 (100.00%) Active: 56 Started: 56 Finished: 0
2026-09-10 20:33:30,030 INFO o.a.j.r.Summariser: summary =   1552 in 00:01:27 =   17.8/s Avg:   760 Min:   521 Max:  1227 Err:  1459 (94.01%)
2026-09-10 20:33:30,993 INFO o.a.j.t.JMeterThread: Thread finished: Thread Group - until HTTP 503 - 56 users 1-31
2026-09-10 20:33:31,022 INFO o.a.j.t.JMeterThread: Thread finished: Thread Group - until HTTP 503 - 56 users 1-5
2026-09-10 20:33:31,075 INFO o.a.j.t.JMeterThread: Thread finished: Thread Group - until HTTP 503 - 56 users 1-14
2026-09-10 20:33:31,112 INFO o.a.j.t.JMeterThread: Thread finished: Thread Group - until HTTP 503 - 56 users 1-45
2026-09-10 20:33:31,114 INFO o.a.j.t.JMeterThread: Thread finished: Thread Group - until HTTP 503 - 56 users 1-50
2026-09-10 20:33:31,117 INFO o.a.j.t.JMeterThread: Thread finished: Thread Group - until HTTP 503 - 56 users 1-28
2026-09-10 20:33:31,230 INFO o.a.j.t.JMeterThread: Thread finished: Thread Group - until HTTP 503 - 56 users 1-24
2026-09-10 20:33:31,269 INFO o.a.j.t.JMeterThread: Thread finished: Thread Group - until HTTP 503 - 56 users 1-12
2026-09-10 20:33:31,271 INFO o.a.j.t.JMeterThread: Thread finished: Thread Group - until HTTP 503 - 56 users 1-1
2026-09-10 20:33:31,315 INFO o.a.j.t.JMeterThread: Thread finished: Thread Group - until HTTP 503 - 56 users 1-33
2026-09-10 20:33:31,463 INFO o.a.j.t.JMeterThread: Thread finished: Thread Group - until HTTP 503 - 56 users 1-53
2026-09-10 20:33:31,464 INFO o.a.j.t.JMeterThread: Thread finished: Thread Group - until HTTP 503 - 56 users 1-9
2026-09-10 20:33:31,513 INFO o.a.j.t.JMeterThread: Thread finished: Thread Group - until HTTP 503 - 56 users 1-43
2026-09-10 20:33:31,547 INFO o.a.j.t.JMeterThread: Thread finished: Thread Group - until HTTP 503 - 56 users 1-3
2026-09-10 20:33:31,601 INFO o.a.j.t.JMeterThread: Thread finished: Thread Group - until HTTP 503 - 56 users 1-56
2026-09-10 20:33:31,603 INFO o.a.j.t.JMeterThread: Thread finished: Thread Group - until HTTP 503 - 56 users 1-15
2026-09-10 20:33:31,709 INFO o.a.j.t.JMeterThread: Thread finished: Thread Group - until HTTP 503 - 56 users 1-35
2026-09-10 20:33:31,767 INFO o.a.j.t.JMeterThread: Thread finished: Thread Group - until HTTP 503 - 56 users 1-41
2026-09-10 20:33:31,803 INFO o.a.j.t.JMeterThread: Thread finished: Thread Group - until HTTP 503 - 56 users 1-48
2026-09-10 20:33:31,877 INFO o.a.j.t.JMeterThread: Thread finished: Thread Group - until HTTP 503 - 56 users 1-23
2026-09-10 20:33:31,899 INFO o.a.j.t.JMeterThread: Thread finished: Thread Group - until HTTP 503 - 56 users 1-37
2026-09-10 20:33:31,915 INFO o.a.j.t.JMeterThread: Thread finished: Thread Group - until HTTP 503 - 56 users 1-39
2026-09-10 20:33:31,932 INFO o.a.j.t.JMeterThread: Thread finished: Thread Group - until HTTP 503 - 56 users 1-30
2026-09-10 20:33:31,939 INFO o.a.j.t.JMeterThread: Thread finished: Thread Group - until HTTP 503 - 56 users 1-27
2026-09-10 20:33:32,172 INFO o.a.j.t.JMeterThread: Thread finished: Thread Group - until HTTP 503 - 56 users 1-16
2026-09-10 20:33:32,176 INFO o.a.j.t.JMeterThread: Thread finished: Thread Group - until HTTP 503 - 56 users 1-11
2026-09-10 20:33:32,206 INFO o.a.j.t.JMeterThread: Thread finished: Thread Group - until HTTP 503 - 56 users 1-8
2026-09-10 20:33:32,223 INFO o.a.j.t.JMeterThread: Thread finished: Thread Group - until HTTP 503 - 56 users 1-22
2026-09-10 20:33:32,225 INFO o.a.j.t.JMeterThread: Thread finished: Thread Group - until HTTP 503 - 56 users 1-13
2026-09-10 20:33:32,244 INFO o.a.j.t.JMeterThread: Thread finished: Thread Group - until HTTP 503 - 56 users 1-51
2026-09-10 20:33:32,329 INFO o.a.j.t.JMeterThread: Thread finished: Thread Group - until HTTP 503 - 56 users 1-46
2026-09-10 20:33:32,505 INFO o.a.j.t.JMeterThread: Thread finished: Thread Group - until HTTP 503 - 56 users 1-54
2026-09-10 20:33:32,675 INFO o.a.j.t.JMeterThread: Thread finished: Thread Group - until HTTP 503 - 56 users 1-32
2026-09-10 20:33:32,680 INFO o.a.j.t.JMeterThread: Thread finished: Thread Group - until HTTP 503 - 56 users 1-17
2026-09-10 20:33:32,709 INFO o.a.j.t.JMeterThread: Thread finished: Thread Group - until HTTP 503 - 56 users 1-7
2026-09-10 20:33:32,716 INFO o.a.j.t.JMeterThread: Thread finished: Thread Group - until HTTP 503 - 56 users 1-21
2026-09-10 20:33:32,821 INFO o.a.j.t.JMeterThread: Thread finished: Thread Group - until HTTP 503 - 56 users 1-18
2026-09-10 20:33:32,840 INFO o.a.j.t.JMeterThread: Thread finished: Thread Group - until HTTP 503 - 56 users 1-20
2026-09-10 20:33:32,841 INFO o.a.j.t.JMeterThread: Thread finished: Thread Group - until HTTP 503 - 56 users 1-26
2026-09-10 20:33:32,844 INFO o.a.j.t.JMeterThread: Thread finished: Thread Group - until HTTP 503 - 56 users 1-44
2026-09-10 20:33:32,871 INFO o.a.j.t.JMeterThread: Stopping because end time detected by thread: Thread Group - until HTTP 503 - 56 users 1-10
2026-09-10 20:33:32,872 INFO o.a.j.t.JMeterThread: Thread finished: Thread Group - until HTTP 503 - 56 users 1-10
2026-09-10 20:33:32,873 INFO o.a.j.t.JMeterThread: Stopping because end time detected by thread: Thread Group - until HTTP 503 - 56 users 1-19
2026-09-10 20:33:32,874 INFO o.a.j.t.JMeterThread: Thread finished: Thread Group - until HTTP 503 - 56 users 1-19
2026-09-10 20:33:32,878 INFO o.a.j.t.JMeterThread: Stopping because end time detected by thread: Thread Group - until HTTP 503 - 56 users 1-2
2026-09-10 20:33:32,878 INFO o.a.j.t.JMeterThread: Thread finished: Thread Group - until HTTP 503 - 56 users 1-2
2026-09-10 20:33:32,925 INFO o.a.j.t.JMeterThread: Stopping because end time detected by thread: Thread Group - until HTTP 503 - 56 users 1-6
2026-09-10 20:33:32,925 INFO o.a.j.t.JMeterThread: Thread finished: Thread Group - until HTTP 503 - 56 users 1-6
2026-09-10 20:33:32,970 INFO o.a.j.t.JMeterThread: Stopping because end time detected by thread: Thread Group - until HTTP 503 - 56 users 1-49
2026-09-10 20:33:32,970 INFO o.a.j.t.JMeterThread: Thread finished: Thread Group - until HTTP 503 - 56 users 1-49
2026-09-10 20:33:33,027 INFO o.a.j.t.JMeterThread: Stopping because end time detected by thread: Thread Group - until HTTP 503 - 56 users 1-34
2026-09-10 20:33:33,027 INFO o.a.j.t.JMeterThread: Thread finished: Thread Group - until HTTP 503 - 56 users 1-34
2026-09-10 20:33:33,057 INFO o.a.j.t.JMeterThread: Stopping because end time detected by thread: Thread Group - until HTTP 503 - 56 users 1-29
2026-09-10 20:33:33,057 INFO o.a.j.t.JMeterThread: Thread finished: Thread Group - until HTTP 503 - 56 users 1-29
2026-09-10 20:33:33,160 INFO o.a.j.t.JMeterThread: Stopping because end time detected by thread: Thread Group - until HTTP 503 - 56 users 1-42
2026-09-10 20:33:33,160 INFO o.a.j.t.JMeterThread: Thread finished: Thread Group - until HTTP 503 - 56 users 1-42
2026-09-10 20:33:33,161 INFO o.a.j.t.JMeterThread: Stopping because end time detected by thread: Thread Group - until HTTP 503 - 56 users 1-4
2026-09-10 20:33:33,161 INFO o.a.j.t.JMeterThread: Thread finished: Thread Group - until HTTP 503 - 56 users 1-4
2026-09-10 20:33:33,309 INFO o.a.j.t.JMeterThread: Stopping because end time detected by thread: Thread Group - until HTTP 503 - 56 users 1-36
2026-09-10 20:33:33,309 INFO o.a.j.t.JMeterThread: Thread finished: Thread Group - until HTTP 503 - 56 users 1-36
2026-09-10 20:33:33,345 INFO o.a.j.t.JMeterThread: Stopping because end time detected by thread: Thread Group - until HTTP 503 - 56 users 1-52
2026-09-10 20:33:33,345 INFO o.a.j.t.JMeterThread: Thread finished: Thread Group - until HTTP 503 - 56 users 1-52
2026-09-10 20:33:33,346 INFO o.a.j.t.JMeterThread: Stopping because end time detected by thread: Thread Group - until HTTP 503 - 56 users 1-40
2026-09-10 20:33:33,346 INFO o.a.j.t.JMeterThread: Thread finished: Thread Group - until HTTP 503 - 56 users 1-40
2026-09-10 20:33:33,384 INFO o.a.j.t.JMeterThread: Stopping because end time detected by thread: Thread Group - until HTTP 503 - 56 users 1-38
2026-09-10 20:33:33,384 INFO o.a.j.t.JMeterThread: Thread finished: Thread Group - until HTTP 503 - 56 users 1-38
2026-09-10 20:33:33,564 INFO o.a.j.t.JMeterThread: Stopping because end time detected by thread: Thread Group - until HTTP 503 - 56 users 1-47
2026-09-10 20:33:33,564 INFO o.a.j.t.JMeterThread: Thread finished: Thread Group - until HTTP 503 - 56 users 1-47
2026-09-10 20:33:33,565 INFO o.a.j.t.JMeterThread: Stopping because end time detected by thread: Thread Group - until HTTP 503 - 56 users 1-55
2026-09-10 20:33:33,565 INFO o.a.j.t.JMeterThread: Thread finished: Thread Group - until HTTP 503 - 56 users 1-55
2026-09-10 20:33:33,620 INFO o.a.j.t.JMeterThread: Stopping because end time detected by thread: Thread Group - until HTTP 503 - 56 users 1-25
2026-09-10 20:33:33,620 INFO o.a.j.t.JMeterThread: Thread finished: Thread Group - until HTTP 503 - 56 users 1-25
2026-09-10 20:33:33,621 INFO o.a.j.e.StandardJMeterEngine: Notifying test listeners of end of test
2026-09-10 20:33:33,623 INFO o.a.j.r.Summariser: summary +     66 in 00:00:04 =   18.4/s Avg:   768 Min:   746 Max:   813 Err:    66 (100.00%) Active: 0 Started: 56 Finished: 56
2026-09-10 20:33:33,625 INFO o.a.j.r.Summariser: summary =   1618 in 00:01:31 =   17.8/s Avg:   760 Min:   521 Max:  1227 Err:  1525 (94.25%)
2026-09-10 20:33:33,626 INFO o.a.j.JMeter: Generating Dashboard
2026-09-10 20:33:33,627 INFO o.a.j.r.d.ReportGenerator: Flushing result collector before report Generation
2026-09-10 20:33:33,665 INFO o.a.j.r.p.NormalizerSampleConsumer: Using format, 'ms', to parse timeStamp field
2026-09-10 20:33:33,854 INFO o.a.j.r.p.AbstractSampleConsumer: class org.apache.jmeter.report.processor.AggregateConsumer#stopProducing(): beginDate produced 0 samples
2026-09-10 20:33:33,854 INFO o.a.j.r.p.AbstractSampleConsumer: class org.apache.jmeter.report.processor.AggregateConsumer#stopProducing(): endDate produced 0 samples
2026-09-10 20:33:33,856 INFO o.a.j.r.p.AbstractSampleConsumer: class org.apache.jmeter.report.processor.ApdexSummaryConsumer#stopProducing(): apdexSummary produced 0 samples
2026-09-10 20:33:33,856 INFO o.a.j.r.p.AbstractSampleConsumer: class org.apache.jmeter.report.processor.RequestsSummaryConsumer#stopProducing(): requestsSummary produced 0 samples
2026-09-10 20:33:33,860 INFO o.a.j.r.p.AbstractSampleConsumer: class org.apache.jmeter.report.processor.StatisticsSummaryConsumer#stopProducing(): statisticsSummary produced 0 samples
2026-09-10 20:33:33,862 INFO o.a.j.r.p.AbstractSampleConsumer: class org.apache.jmeter.report.processor.Top5ErrorsBySamplerConsumer#stopProducing(): top5ErrorsBySampler produced 0 samples
2026-09-10 20:33:33,862 INFO o.a.j.r.p.AbstractSampleConsumer: class org.apache.jmeter.report.processor.ErrorsSummaryConsumer#stopProducing(): errorsSummary produced 0 samples
2026-09-10 20:33:33,862 INFO o.a.j.r.p.AbstractSampleConsumer: class org.apache.jmeter.report.processor.graph.impl.HitsPerSecondGraphConsumer#stopProducing(): hitsPerSecond produced 0 samples
2026-09-10 20:33:33,950 INFO o.a.j.r.p.AbstractSampleConsumer: class org.apache.jmeter.report.processor.graph.impl.LatencyVSRequestGraphConsumer#stopProducing(): latencyVsRequest produced 0 samples
2026-09-10 20:33:33,951 INFO o.a.j.r.p.AbstractSampleConsumer: class org.apache.jmeter.report.processor.graph.impl.SyntheticResponseTimeDistributionGraphConsumer#stopProducing(): syntheticResponseTimeDistribution produced 0 samples
2026-09-10 20:33:33,951 INFO o.a.j.r.p.AbstractSampleConsumer: class org.apache.jmeter.report.processor.graph.impl.BytesThroughputGraphConsumer#stopProducing(): bytesThroughputOverTime produced 0 samples
2026-09-10 20:33:33,951 INFO o.a.j.r.p.AbstractSampleConsumer: class org.apache.jmeter.report.processor.graph.impl.CodesPerSecondGraphConsumer#stopProducing(): codesPerSecond produced 0 samples
2026-09-10 20:33:34,066 INFO o.a.j.r.p.AbstractSampleConsumer: class org.apache.jmeter.report.processor.graph.impl.ResponseTimeVSRequestGraphConsumer#stopProducing(): responseTimeVsRequest produced 0 samples
2026-09-10 20:33:34,067 INFO o.a.j.r.p.AbstractSampleConsumer: class org.apache.jmeter.report.processor.FilterConsumer#stopProducing(): startIntervalControlerFilter produced 11326 samples
2026-09-10 20:33:34,067 INFO o.a.j.r.p.AbstractSampleConsumer: class org.apache.jmeter.report.processor.graph.impl.TotalTPSGraphConsumer#stopProducing(): totalTPS produced 0 samples
2026-09-10 20:33:34,067 INFO o.a.j.r.p.AbstractSampleConsumer: class org.apache.jmeter.report.processor.graph.impl.ActiveThreadsGraphConsumer#stopProducing(): activeThreadsOverTime produced 0 samples
2026-09-10 20:33:34,067 INFO o.a.j.r.p.AbstractSampleConsumer: class org.apache.jmeter.report.processor.graph.impl.TimeVSThreadGraphConsumer#stopProducing(): timeVsThreads produced 0 samples
2026-09-10 20:33:34,067 INFO o.a.j.r.p.AbstractSampleConsumer: class org.apache.jmeter.report.processor.graph.impl.ResponseTimeDistributionGraphConsumer#stopProducing(): responseTimeDistribution produced 0 samples
2026-09-10 20:33:34,068 INFO o.a.j.r.p.AbstractSampleConsumer: class org.apache.jmeter.report.processor.graph.impl.TransactionsPerSecondGraphConsumer#stopProducing(): transactionsPerSecond produced 0 samples
2026-09-10 20:33:34,068 INFO o.a.j.r.p.AbstractSampleConsumer: class org.apache.jmeter.report.processor.graph.impl.ResponseTimePercentilesGraphConsumer#stopProducing(): responseTimePercentiles produced 0 samples
2026-09-10 20:33:34,069 INFO o.a.j.r.p.AbstractSampleConsumer: class org.apache.jmeter.report.processor.graph.impl.ResponseTimePercentilesOverTimeGraphConsumer#stopProducing(): responseTimePercentilesOverTime produced 0 samples
2026-09-10 20:33:34,069 INFO o.a.j.r.p.AbstractSampleConsumer: class org.apache.jmeter.report.processor.graph.impl.ResponseTimeOverTimeGraphConsumer#stopProducing(): responseTimesOverTime produced 0 samples
2026-09-10 20:33:34,069 INFO o.a.j.r.p.AbstractSampleConsumer: class org.apache.jmeter.report.processor.graph.impl.ConnectTimeOverTimeGraphConsumer#stopProducing(): connectTimeOverTime produced 0 samples
2026-09-10 20:33:34,069 INFO o.a.j.r.p.AbstractSampleConsumer: class org.apache.jmeter.report.processor.graph.impl.LatencyOverTimeGraphConsumer#stopProducing(): latenciesOverTime produced 0 samples
2026-09-10 20:33:34,069 INFO o.a.j.r.p.AbstractSampleConsumer: class org.apache.jmeter.report.processor.FilterConsumer#stopProducing(): nameFilter produced 24270 samples
2026-09-10 20:33:34,069 INFO o.a.j.r.p.AbstractSampleConsumer: class org.apache.jmeter.report.processor.FilterConsumer#stopProducing(): dateRangeFilter produced 4854 samples
2026-09-10 20:33:34,069 INFO o.a.j.r.p.AbstractSampleConsumer: class org.apache.jmeter.report.processor.NormalizerSampleConsumer#stopProducing(): normalizer produced 1618 samples
2026-09-10 20:33:34,070 INFO o.a.j.r.p.CsvFileSampleSource: produce(): 1618 samples produced in 381ms on channel 0
2026-09-10 20:33:34,070 INFO o.a.j.r.d.ReportGenerator: Exporting data using exporter:'json' of className:'org.apache.jmeter.report.dashboard.JsonExporter'
2026-09-10 20:33:34,121 INFO o.a.j.r.d.JsonExporter: Found data for consumer statisticsSummary in context
2026-09-10 20:33:34,122 INFO o.a.j.r.d.JsonExporter: Creating statistics for overall
2026-09-10 20:33:34,122 INFO o.a.j.r.d.JsonExporter: Creating statistics for other transactions
2026-09-10 20:33:34,122 INFO o.a.j.r.d.JsonExporter: Checking output folder
2026-09-10 20:33:34,123 INFO o.a.j.r.d.JsonExporter: Writing statistics JSON to C:\University\Programming\Software Testing\Lab4\html_reports\stress_until_503\56users_1120rpm\statistics.json
2026-09-10 20:33:34,153 INFO o.a.j.r.d.ReportGenerator: Exporting data using exporter:'html' of className:'org.apache.jmeter.report.dashboard.HtmlTemplateExporter'
2026-09-10 20:33:34,155 INFO o.a.j.r.d.HtmlTemplateExporter: Will generate dashboard in folder: C:\University\Programming\Software Testing\Lab4\html_reports\stress_until_503\56users_1120rpm
2026-09-10 20:33:34,226 INFO o.a.j.r.d.HtmlTemplateExporter: Report will be generated in: C:\University\Programming\Software Testing\Lab4\html_reports\stress_until_503\56users_1120rpm, creating folder structure
2026-09-10 20:33:34,228 INFO o.a.j.r.d.TemplateVisitor: Copying folder from 'C:\Program Files\apache-jmeter-5.6.3\bin\report-template' to 'C:\University\Programming\Software Testing\Lab4\html_reports\stress_until_503\56users_1120rpm', got message: C:\University\Programming\Software Testing\Lab4\html_reports\stress_until_503\56users_1120rpm, found non empty folder with following content [C:\University\Programming\Software Testing\Lab4\html_reports\stress_until_503\56users_1120rpm\statistics.json], will be ignored
2026-09-10 20:33:34,517 INFO o.a.j.JMeter: Dashboard generated
