2026-09-10 21:01:59,437 INFO o.a.j.u.JMeterUtils: Setting Locale to en_EN
2026-09-10 21:01:59,450 INFO o.a.j.JMeter: Loading user properties from: C:\Program Files\apache-jmeter-5.6.3\bin\user.properties
2026-09-10 21:01:59,451 INFO o.a.j.JMeter: Loading system properties from: C:\Program Files\apache-jmeter-5.6.3\bin\system.properties
2026-09-10 21:01:59,451 INFO o.a.j.JMeter: Setting JMeter property: jmeter.save.saveservice.output_format=csv
2026-09-10 21:01:59,451 INFO o.a.j.JMeter: Setting JMeter property: jmeter.save.saveservice.print_field_names=true
2026-09-10 21:01:59,453 INFO o.a.j.JMeter: Setting JMeter property: jmeter.save.saveservice.timestamp_format=ms
2026-09-10 21:01:59,453 INFO o.a.j.JMeter: Setting JMeter property: jmeter.save.saveservice.time=true
2026-09-10 21:01:59,453 INFO o.a.j.JMeter: Setting JMeter property: jmeter.save.saveservice.latency=true
2026-09-10 21:01:59,453 INFO o.a.j.JMeter: Setting JMeter property: jmeter.save.saveservice.label=true
2026-09-10 21:01:59,453 INFO o.a.j.JMeter: Setting JMeter property: jmeter.save.saveservice.response_code=true
2026-09-10 21:01:59,453 INFO o.a.j.JMeter: Setting JMeter property: jmeter.save.saveservice.response_message=true
2026-09-10 21:01:59,453 INFO o.a.j.JMeter: Setting JMeter property: jmeter.save.saveservice.successful=true
2026-09-10 21:01:59,453 INFO o.a.j.JMeter: Setting JMeter property: jmeter.save.saveservice.assertion_results_failure_message=true
2026-09-10 21:01:59,453 INFO o.a.j.JMeter: Setting JMeter property: jmeter.save.saveservice.thread_name=true
2026-09-10 21:01:59,453 INFO o.a.j.JMeter: Setting JMeter property: jmeter.save.saveservice.thread_counts=true
2026-09-10 21:01:59,453 INFO o.a.j.JMeter: Setting JMeter property: jmeter.save.saveservice.connect_time=true
2026-09-10 21:01:59,458 INFO o.a.j.JMeter: Copyright (c) 1998-2024 The Apache Software Foundation
2026-09-10 21:01:59,458 INFO o.a.j.JMeter: Version 5.6.3
2026-09-10 21:01:59,458 INFO o.a.j.JMeter: java.version=26.0.1
2026-09-10 21:01:59,458 INFO o.a.j.JMeter: java.vm.name=Java HotSpot(TM) 64-Bit Server VM
2026-09-10 21:01:59,458 INFO o.a.j.JMeter: os.name=Windows 10
2026-09-10 21:01:59,458 INFO o.a.j.JMeter: os.arch=amd64
2026-09-10 21:01:59,459 INFO o.a.j.JMeter: os.version=10.0
2026-09-10 21:01:59,459 INFO o.a.j.JMeter: file.encoding=UTF-8
2026-09-10 21:01:59,459 INFO o.a.j.JMeter: java.awt.headless=true
2026-09-10 21:01:59,459 INFO o.a.j.JMeter: Max memory     =1073741824
2026-09-10 21:01:59,459 INFO o.a.j.JMeter: Available Processors =8
2026-09-10 21:01:59,469 INFO o.a.j.JMeter: Default Locale=English (EN)
2026-09-10 21:01:59,470 INFO o.a.j.JMeter: JMeter  Locale=English (EN)
2026-09-10 21:01:59,470 INFO o.a.j.JMeter: JMeterHome=C:\Program Files\apache-jmeter-5.6.3
2026-09-10 21:01:59,470 INFO o.a.j.JMeter: user.dir  =C:\University\Programming\Software Testing\Lab4
2026-09-10 21:01:59,470 INFO o.a.j.JMeter: PWD       =C:\University\Programming\Software Testing\Lab4
2026-09-10 21:01:59,471 INFO o.a.j.JMeter: IP: 172.28.17.195 Name: DESKTOP-74FQ4EV FullName: DESKTOP-74FQ4EV
2026-09-10 21:01:59,480 INFO o.a.j.JMeter: Setting property 'jmeter.reportgenerator.outputdir' to:'C:\University\Programming\Software Testing\Lab4\html_reports\stress_until_503\320users_6400rpm'
2026-09-10 21:01:59,482 INFO o.a.j.s.FileServer: Default base='C:\University\Programming\Software Testing\Lab4'
2026-09-10 21:01:59,482 INFO o.a.j.s.FileServer: Set new base='C:\University\Programming\Software Testing\Lab4\quality_jmeter_plans\stress_until_503'
2026-09-10 21:01:59,681 INFO o.a.j.s.SaveService: Testplan (JMX) version: 2.2. Testlog (JTL) version: 2.2
2026-09-10 21:01:59,696 INFO o.a.j.s.SaveService: Using SaveService properties version 5.0
2026-09-10 21:01:59,700 INFO o.a.j.s.SaveService: Using SaveService properties file encoding UTF-8
2026-09-10 21:01:59,702 INFO o.a.j.s.SaveService: Loading file: quality_jmeter_plans\stress_until_503\stress_until_503_320users_6400rpm_ctt.jmx
2026-09-10 21:01:59,751 INFO o.a.j.p.h.s.HTTPSamplerBase: Parser for text/html is org.apache.jmeter.protocol.http.parser.LagartoBasedHtmlParser
2026-09-10 21:01:59,751 INFO o.a.j.p.h.s.HTTPSamplerBase: Parser for application/xhtml+xml is org.apache.jmeter.protocol.http.parser.LagartoBasedHtmlParser
2026-09-10 21:01:59,752 INFO o.a.j.p.h.s.HTTPSamplerBase: Parser for application/xml is org.apache.jmeter.protocol.http.parser.LagartoBasedHtmlParser
2026-09-10 21:01:59,752 INFO o.a.j.p.h.s.HTTPSamplerBase: Parser for text/xml is org.apache.jmeter.protocol.http.parser.LagartoBasedHtmlParser
2026-09-10 21:01:59,752 INFO o.a.j.p.h.s.HTTPSamplerBase: Parser for text/vnd.wap.wml is org.apache.jmeter.protocol.http.parser.RegexpHTMLParser
2026-09-10 21:01:59,752 INFO o.a.j.p.h.s.HTTPSamplerBase: Parser for text/css is org.apache.jmeter.protocol.http.parser.CssParser
2026-09-10 21:01:59,762 INFO o.a.j.JMeter: Creating summariser <summary>
2026-09-10 21:01:59,769 INFO o.a.j.r.d.ReportGenerator: ReportGenerator will use for Parsing the separator: ','
2026-09-10 21:01:59,769 INFO o.a.j.r.d.ReportGenerator: Will generate report at end of test from  results file: results/stress_until_503/stress_until_503_320users_6400rpm.jtl
2026-09-10 21:01:59,769 INFO o.a.j.r.d.ReportGenerator: Reading report generator properties from: C:\Program Files\apache-jmeter-5.6.3\bin\reportgenerator.properties
2026-09-10 21:01:59,769 INFO o.a.j.r.d.ReportGenerator: Merging with JMeter properties
2026-09-10 21:01:59,772 INFO o.a.j.r.c.ReportGeneratorConfiguration: Property 'jmeter.reportgenerator.temp_dir' not found, using default value 'temp' instead.
2026-09-10 21:01:59,774 INFO o.a.j.r.c.ReportGeneratorConfiguration: Property 'jmeter.reportgenerator.apdex_per_transaction' not found, using default value 'null' instead.
2026-09-10 21:01:59,774 INFO o.a.j.r.c.ReportGeneratorConfiguration: apdex_per_transaction is empty, not APDEX per transaction customization
2026-09-10 21:01:59,775 INFO o.a.j.r.c.ReportGeneratorConfiguration: Property 'jmeter.reportgenerator.sample_filter' not found, using default value 'null' instead.
2026-09-10 21:01:59,775 INFO o.a.j.r.c.ReportGeneratorConfiguration: Property 'jmeter.reportgenerator.report_title' not found, using default value 'null' instead.
2026-09-10 21:01:59,775 INFO o.a.j.r.c.ReportGeneratorConfiguration: Property 'jmeter.reportgenerator.start_date' not found, using default value 'null' instead.
2026-09-10 21:01:59,775 INFO o.a.j.r.c.ReportGeneratorConfiguration: Property 'jmeter.reportgenerator.end_date' not found, using default value 'null' instead.
2026-09-10 21:01:59,775 INFO o.a.j.r.c.ReportGeneratorConfiguration: Property 'jmeter.reportgenerator.date_format' not found, using default value 'null' instead.
2026-09-10 21:01:59,775 INFO o.a.j.r.c.ReportGeneratorConfiguration: Will use date range start date: null, end date: null
2026-09-10 21:01:59,777 INFO o.a.j.r.c.ReportGeneratorConfiguration: Property 'jmeter.reportgenerator.graph.totalTPS.exclude_controllers' not found, using default value 'false' instead.
2026-09-10 21:01:59,778 INFO o.a.j.r.c.ReportGeneratorConfiguration: Property 'jmeter.reportgenerator.graph.activeThreadsOverTime.exclude_controllers' not found, using default value 'false' instead.
2026-09-10 21:01:59,778 INFO o.a.j.r.c.ReportGeneratorConfiguration: Property 'jmeter.reportgenerator.graph.timeVsThreads.exclude_controllers' not found, using default value 'false' instead.
2026-09-10 21:01:59,778 INFO o.a.j.r.c.ReportGeneratorConfiguration: Property 'jmeter.reportgenerator.graph.responseTimeDistribution.exclude_controllers' not found, using default value 'false' instead.
2026-09-10 21:01:59,778 INFO o.a.j.r.c.ReportGeneratorConfiguration: Property 'jmeter.reportgenerator.graph.transactionsPerSecond.exclude_controllers' not found, using default value 'false' instead.
2026-09-10 21:01:59,778 INFO o.a.j.r.c.ReportGeneratorConfiguration: Property 'jmeter.reportgenerator.graph.responseTimePercentiles.exclude_controllers' not found, using default value 'false' instead.
2026-09-10 21:01:59,778 INFO o.a.j.r.c.ReportGeneratorConfiguration: Property 'jmeter.reportgenerator.graph.responseTimePercentilesOverTime.exclude_controllers' not found, using default value 'false' instead.
2026-09-10 21:01:59,778 INFO o.a.j.r.c.ReportGeneratorConfiguration: Property 'jmeter.reportgenerator.graph.responseTimesOverTime.exclude_controllers' not found, using default value 'false' instead.
2026-09-10 21:01:59,778 INFO o.a.j.r.c.ReportGeneratorConfiguration: Property 'jmeter.reportgenerator.graph.connectTimeOverTime.exclude_controllers' not found, using default value 'false' instead.
2026-09-10 21:01:59,779 INFO o.a.j.r.c.ReportGeneratorConfiguration: Property 'jmeter.reportgenerator.graph.latenciesOverTime.exclude_controllers' not found, using default value 'false' instead.
2026-09-10 21:01:59,779 INFO o.a.j.r.c.ReportGeneratorConfiguration: Property 'jmeter.reportgenerator.exporter.json.filters_only_sample_series' not found, using default value 'true' instead.
2026-09-10 21:01:59,779 INFO o.a.j.r.c.ReportGeneratorConfiguration: Property 'jmeter.reportgenerator.exporter.json.series_filter' not found, using default value '' instead.
2026-09-10 21:01:59,779 INFO o.a.j.r.c.ReportGeneratorConfiguration: Property 'jmeter.reportgenerator.exporter.json.show_controllers_only' not found, using default value 'false' instead.
2026-09-10 21:01:59,779 INFO o.a.j.r.c.ReportGeneratorConfiguration: Property 'jmeter.reportgenerator.exporter.html.filters_only_sample_series' not found, using default value 'true' instead.
2026-09-10 21:01:59,779 INFO o.a.j.r.c.ReportGeneratorConfiguration: Property 'jmeter.reportgenerator.exporter.html.series_filter' not found, using default value '' instead.
2026-09-10 21:01:59,779 INFO o.a.j.r.c.ReportGeneratorConfiguration: Property 'jmeter.reportgenerator.exporter.html.show_controllers_only' not found, using default value 'false' instead.
2026-09-10 21:01:59,788 INFO o.a.j.e.StandardJMeterEngine: Running the test!
2026-09-10 21:01:59,788 INFO o.a.j.s.SampleEvent: List of sample_variables: []
2026-09-10 21:01:59,788 INFO o.a.j.s.SampleEvent: List of sample_variables: []
2026-09-10 21:01:59,792 INFO o.a.j.e.u.CompoundVariable: Note: Function class names must contain the string: '.functions.'
2026-09-10 21:01:59,792 INFO o.a.j.e.u.CompoundVariable: Note: Function class names must not contain the string: '.gui.'
2026-09-10 21:01:59,845 INFO o.a.j.JMeter: Running test (1789063319845)
2026-09-10 21:01:59,862 INFO o.a.j.e.StandardJMeterEngine: Starting ThreadGroup: 1 : Thread Group - until HTTP 503 - 320 users
2026-09-10 21:01:59,862 INFO o.a.j.e.StandardJMeterEngine: Starting 320 threads for group Thread Group - until HTTP 503 - 320 users.
2026-09-10 21:01:59,862 INFO o.a.j.e.StandardJMeterEngine: Thread will continue on error
2026-09-10 21:01:59,862 INFO o.a.j.t.ThreadGroup: Starting thread group... number=1 threads=320 ramp-up=60 delayedStart=false
2026-09-10 21:01:59,867 INFO o.a.j.t.JMeterThread: Thread started: Thread Group - until HTTP 503 - 320 users 1-1
2026-09-10 21:01:59,923 INFO o.a.j.p.h.s.HTTPHCAbstractImpl: Local host = DESKTOP-74FQ4EV
2026-09-10 21:01:59,934 INFO o.a.j.p.h.s.HTTPHC4Impl: HTTP request retry count = 0
2026-09-10 21:01:59,934 INFO o.a.j.t.ThreadGroup: Started thread group number 1
2026-09-10 21:01:59,934 INFO o.a.j.e.StandardJMeterEngine: All thread groups have been started
2026-09-10 21:01:59,936 INFO o.a.j.s.SampleResult: Note: Sample TimeStamps are START times
2026-09-10 21:01:59,936 INFO o.a.j.s.SampleResult: sampleresult.default.encoding is set to UTF-8
2026-09-10 21:01:59,936 INFO o.a.j.s.SampleResult: sampleresult.useNanoTime=true
2026-09-10 21:01:59,936 INFO o.a.j.s.SampleResult: sampleresult.nanoThreadSleep=5000
2026-09-10 21:02:00,055 INFO o.a.j.t.JMeterThread: Thread started: Thread Group - until HTTP 503 - 320 users 1-2
2026-09-10 21:02:00,241 INFO o.a.j.t.JMeterThread: Thread started: Thread Group - until HTTP 503 - 320 users 1-3
2026-09-10 21:02:00,429 INFO o.a.j.t.JMeterThread: Thread started: Thread Group - until HTTP 503 - 320 users 1-4
2026-09-10 21:02:00,591 INFO o.a.j.r.Summariser: summary +      1 in 00:00:01 =    1.3/s Avg:   593 Min:   593 Max:   593 Err:     0 (0.00%) Active: 4 Started: 4 Finished: 0
2026-09-10 21:02:00,617 INFO o.a.j.t.JMeterThread: Thread started: Thread Group - until HTTP 503 - 320 users 1-5
2026-09-10 21:02:00,804 INFO o.a.j.t.JMeterThread: Thread started: Thread Group - until HTTP 503 - 320 users 1-6
2026-09-10 21:02:00,992 INFO o.a.j.t.JMeterThread: Thread started: Thread Group - until HTTP 503 - 320 users 1-7
2026-09-10 21:02:01,179 INFO o.a.j.t.JMeterThread: Thread started: Thread Group - until HTTP 503 - 320 users 1-8
2026-09-10 21:02:01,366 INFO o.a.j.t.JMeterThread: Thread started: Thread Group - until HTTP 503 - 320 users 1-9
2026-09-10 21:02:01,555 INFO o.a.j.t.JMeterThread: Thread started: Thread Group - until HTTP 503 - 320 users 1-10
2026-09-10 21:02:01,744 INFO o.a.j.t.JMeterThread: Thread started: Thread Group - until HTTP 503 - 320 users 1-11
2026-09-10 21:02:01,930 INFO o.a.j.t.JMeterThread: Thread started: Thread Group - until HTTP 503 - 320 users 1-12
2026-09-10 21:02:02,119 INFO o.a.j.t.JMeterThread: Thread started: Thread Group - until HTTP 503 - 320 users 1-13
2026-09-10 21:02:02,307 INFO o.a.j.t.JMeterThread: Thread started: Thread Group - until HTTP 503 - 320 users 1-14
2026-09-10 21:02:02,495 INFO o.a.j.t.JMeterThread: Thread started: Thread Group - until HTTP 503 - 320 users 1-15
2026-09-10 21:02:02,682 INFO o.a.j.t.JMeterThread: Thread started: Thread Group - until HTTP 503 - 320 users 1-16
2026-09-10 21:02:02,871 INFO o.a.j.t.JMeterThread: Thread started: Thread Group - until HTTP 503 - 320 users 1-17
2026-09-10 21:02:03,059 INFO o.a.j.t.JMeterThread: Thread started: Thread Group - until HTTP 503 - 320 users 1-18
2026-09-10 21:02:03,246 INFO o.a.j.t.JMeterThread: Thread started: Thread Group - until HTTP 503 - 320 users 1-19
2026-09-10 21:02:03,434 INFO o.a.j.t.JMeterThread: Thread started: Thread Group - until HTTP 503 - 320 users 1-20
2026-09-10 21:02:03,622 INFO o.a.j.t.JMeterThread: Thread started: Thread Group - until HTTP 503 - 320 users 1-21
2026-09-10 21:02:03,811 INFO o.a.j.t.JMeterThread: Thread started: Thread Group - until HTTP 503 - 320 users 1-22
2026-09-10 21:02:04,001 INFO o.a.j.t.JMeterThread: Thread started: Thread Group - until HTTP 503 - 320 users 1-23
2026-09-10 21:02:04,187 INFO o.a.j.t.JMeterThread: Thread started: Thread Group - until HTTP 503 - 320 users 1-24
2026-09-10 21:02:04,375 INFO o.a.j.t.JMeterThread: Thread started: Thread Group - until HTTP 503 - 320 users 1-25
2026-09-10 21:02:04,562 INFO o.a.j.t.JMeterThread: Thread started: Thread Group - until HTTP 503 - 320 users 1-26
2026-09-10 21:02:04,752 INFO o.a.j.t.JMeterThread: Thread started: Thread Group - until HTTP 503 - 320 users 1-27
2026-09-10 21:02:04,940 INFO o.a.j.t.JMeterThread: Thread started: Thread Group - until HTTP 503 - 320 users 1-28
2026-09-10 21:02:05,128 INFO o.a.j.t.JMeterThread: Thread started: Thread Group - until HTTP 503 - 320 users 1-29
2026-09-10 21:02:05,315 INFO o.a.j.t.JMeterThread: Thread started: Thread Group - until HTTP 503 - 320 users 1-30
2026-09-10 21:02:05,503 INFO o.a.j.t.JMeterThread: Thread started: Thread Group - until HTTP 503 - 320 users 1-31
2026-09-10 21:02:05,692 INFO o.a.j.t.JMeterThread: Thread started: Thread Group - until HTTP 503 - 320 users 1-32
2026-09-10 21:02:05,880 INFO o.a.j.t.JMeterThread: Thread started: Thread Group - until HTTP 503 - 320 users 1-33
2026-09-10 21:02:06,066 INFO o.a.j.t.JMeterThread: Thread started: Thread Group - until HTTP 503 - 320 users 1-34
2026-09-10 21:02:06,254 INFO o.a.j.t.JMeterThread: Thread started: Thread Group - until HTTP 503 - 320 users 1-35
2026-09-10 21:02:06,442 INFO o.a.j.t.JMeterThread: Thread started: Thread Group - until HTTP 503 - 320 users 1-36
2026-09-10 21:02:06,631 INFO o.a.j.t.JMeterThread: Thread started: Thread Group - until HTTP 503 - 320 users 1-37
2026-09-10 21:02:06,820 INFO o.a.j.t.JMeterThread: Thread started: Thread Group - until HTTP 503 - 320 users 1-38
2026-09-10 21:02:07,007 INFO o.a.j.t.JMeterThread: Thread started: Thread Group - until HTTP 503 - 320 users 1-39
2026-09-10 21:02:07,194 INFO o.a.j.t.JMeterThread: Thread started: Thread Group - until HTTP 503 - 320 users 1-40
2026-09-10 21:02:07,383 INFO o.a.j.t.JMeterThread: Thread started: Thread Group - until HTTP 503 - 320 users 1-41
2026-09-10 21:02:07,571 INFO o.a.j.t.JMeterThread: Thread started: Thread Group - until HTTP 503 - 320 users 1-42
2026-09-10 21:02:07,758 INFO o.a.j.t.JMeterThread: Thread started: Thread Group - until HTTP 503 - 320 users 1-43
2026-09-10 21:02:07,948 INFO o.a.j.t.JMeterThread: Thread started: Thread Group - until HTTP 503 - 320 users 1-44
2026-09-10 21:02:08,136 INFO o.a.j.t.JMeterThread: Thread started: Thread Group - until HTTP 503 - 320 users 1-45
2026-09-10 21:02:08,324 INFO o.a.j.t.JMeterThread: Thread started: Thread Group - until HTTP 503 - 320 users 1-46
2026-09-10 21:02:08,511 INFO o.a.j.t.JMeterThread: Thread started: Thread Group - until HTTP 503 - 320 users 1-47
2026-09-10 21:02:08,698 INFO o.a.j.t.JMeterThread: Thread started: Thread Group - until HTTP 503 - 320 users 1-48
2026-09-10 21:02:08,888 INFO o.a.j.t.JMeterThread: Thread started: Thread Group - until HTTP 503 - 320 users 1-49
2026-09-10 21:02:09,075 INFO o.a.j.t.JMeterThread: Thread started: Thread Group - until HTTP 503 - 320 users 1-50
2026-09-10 21:02:09,262 INFO o.a.j.t.JMeterThread: Thread started: Thread Group - until HTTP 503 - 320 users 1-51
2026-09-10 21:02:09,450 INFO o.a.j.t.JMeterThread: Thread started: Thread Group - until HTTP 503 - 320 users 1-52
2026-09-10 21:02:09,638 INFO o.a.j.t.JMeterThread: Thread started: Thread Group - until HTTP 503 - 320 users 1-53
2026-09-10 21:02:09,827 INFO o.a.j.t.JMeterThread: Thread started: Thread Group - until HTTP 503 - 320 users 1-54
2026-09-10 21:02:10,016 INFO o.a.j.t.JMeterThread: Thread started: Thread Group - until HTTP 503 - 320 users 1-55
2026-09-10 21:02:10,203 INFO o.a.j.t.JMeterThread: Thread started: Thread Group - until HTTP 503 - 320 users 1-56
2026-09-10 21:02:10,391 INFO o.a.j.t.JMeterThread: Thread started: Thread Group - until HTTP 503 - 320 users 1-57
2026-09-10 21:02:10,578 INFO o.a.j.t.JMeterThread: Thread started: Thread Group - until HTTP 503 - 320 users 1-58
2026-09-10 21:02:10,768 INFO o.a.j.t.JMeterThread: Thread started: Thread Group - until HTTP 503 - 320 users 1-59
2026-09-10 21:02:10,954 INFO o.a.j.t.JMeterThread: Thread started: Thread Group - until HTTP 503 - 320 users 1-60
2026-09-10 21:02:11,145 INFO o.a.j.t.JMeterThread: Thread started: Thread Group - until HTTP 503 - 320 users 1-61
2026-09-10 21:02:11,333 INFO o.a.j.t.JMeterThread: Thread started: Thread Group - until HTTP 503 - 320 users 1-62
2026-09-10 21:02:11,519 INFO o.a.j.t.JMeterThread: Thread started: Thread Group - until HTTP 503 - 320 users 1-63
2026-09-10 21:02:11,707 INFO o.a.j.t.JMeterThread: Thread started: Thread Group - until HTTP 503 - 320 users 1-64
2026-09-10 21:02:11,896 INFO o.a.j.t.JMeterThread: Thread started: Thread Group - until HTTP 503 - 320 users 1-65
2026-09-10 21:02:12,083 INFO o.a.j.t.JMeterThread: Thread started: Thread Group - until HTTP 503 - 320 users 1-66
2026-09-10 21:02:12,271 INFO o.a.j.t.JMeterThread: Thread started: Thread Group - until HTTP 503 - 320 users 1-67
2026-09-10 21:02:12,458 INFO o.a.j.t.JMeterThread: Thread started: Thread Group - until HTTP 503 - 320 users 1-68
2026-09-10 21:02:12,647 INFO o.a.j.t.JMeterThread: Thread started: Thread Group - until HTTP 503 - 320 users 1-69
2026-09-10 21:02:12,835 INFO o.a.j.t.JMeterThread: Thread started: Thread Group - until HTTP 503 - 320 users 1-70
2026-09-10 21:02:13,022 INFO o.a.j.t.JMeterThread: Thread started: Thread Group - until HTTP 503 - 320 users 1-71
2026-09-10 21:02:13,211 INFO o.a.j.t.JMeterThread: Thread started: Thread Group - until HTTP 503 - 320 users 1-72
2026-09-10 21:02:13,399 INFO o.a.j.t.JMeterThread: Thread started: Thread Group - until HTTP 503 - 320 users 1-73
2026-09-10 21:02:13,586 INFO o.a.j.t.JMeterThread: Thread started: Thread Group - until HTTP 503 - 320 users 1-74
2026-09-10 21:02:13,774 INFO o.a.j.t.JMeterThread: Thread started: Thread Group - until HTTP 503 - 320 users 1-75
2026-09-10 21:02:13,962 INFO o.a.j.t.JMeterThread: Thread started: Thread Group - until HTTP 503 - 320 users 1-76
2026-09-10 21:02:14,151 INFO o.a.j.t.JMeterThread: Thread started: Thread Group - until HTTP 503 - 320 users 1-77
2026-09-10 21:02:14,338 INFO o.a.j.t.JMeterThread: Thread started: Thread Group - until HTTP 503 - 320 users 1-78
2026-09-10 21:02:14,526 INFO o.a.j.t.JMeterThread: Thread started: Thread Group - until HTTP 503 - 320 users 1-79
2026-09-10 21:02:14,714 INFO o.a.j.t.JMeterThread: Thread started: Thread Group - until HTTP 503 - 320 users 1-80
2026-09-10 21:02:14,904 INFO o.a.j.t.JMeterThread: Thread started: Thread Group - until HTTP 503 - 320 users 1-81
2026-09-10 21:02:15,091 INFO o.a.j.t.JMeterThread: Thread started: Thread Group - until HTTP 503 - 320 users 1-82
2026-09-10 21:02:15,278 INFO o.a.j.t.JMeterThread: Thread started: Thread Group - until HTTP 503 - 320 users 1-83
2026-09-10 21:02:15,467 INFO o.a.j.t.JMeterThread: Thread started: Thread Group - until HTTP 503 - 320 users 1-84
2026-09-10 21:02:15,656 INFO o.a.j.t.JMeterThread: Thread started: Thread Group - until HTTP 503 - 320 users 1-85
2026-09-10 21:02:15,844 INFO o.a.j.t.JMeterThread: Thread started: Thread Group - until HTTP 503 - 320 users 1-86
2026-09-10 21:02:16,030 INFO o.a.j.t.JMeterThread: Thread started: Thread Group - until HTTP 503 - 320 users 1-87
2026-09-10 21:02:16,218 INFO o.a.j.t.JMeterThread: Thread started: Thread Group - until HTTP 503 - 320 users 1-88
2026-09-10 21:02:16,408 INFO o.a.j.t.JMeterThread: Thread started: Thread Group - until HTTP 503 - 320 users 1-89
2026-09-10 21:02:16,596 INFO o.a.j.t.JMeterThread: Thread started: Thread Group - until HTTP 503 - 320 users 1-90
2026-09-10 21:02:16,783 INFO o.a.j.t.JMeterThread: Thread started: Thread Group - until HTTP 503 - 320 users 1-91
2026-09-10 21:02:16,971 INFO o.a.j.t.JMeterThread: Thread started: Thread Group - until HTTP 503 - 320 users 1-92
2026-09-10 21:02:17,159 INFO o.a.j.t.JMeterThread: Thread started: Thread Group - until HTTP 503 - 320 users 1-93
2026-09-10 21:02:17,346 INFO o.a.j.t.JMeterThread: Thread started: Thread Group - until HTTP 503 - 320 users 1-94
2026-09-10 21:02:17,535 INFO o.a.j.t.JMeterThread: Thread started: Thread Group - until HTTP 503 - 320 users 1-95
2026-09-10 21:02:17,724 INFO o.a.j.t.JMeterThread: Thread started: Thread Group - until HTTP 503 - 320 users 1-96
2026-09-10 21:02:17,910 INFO o.a.j.t.JMeterThread: Thread started: Thread Group - until HTTP 503 - 320 users 1-97
2026-09-10 21:02:18,099 INFO o.a.j.t.JMeterThread: Thread started: Thread Group - until HTTP 503 - 320 users 1-98
2026-09-10 21:02:18,287 INFO o.a.j.t.JMeterThread: Thread started: Thread Group - until HTTP 503 - 320 users 1-99
2026-09-10 21:02:18,477 INFO o.a.j.t.JMeterThread: Thread started: Thread Group - until HTTP 503 - 320 users 1-100
2026-09-10 21:02:18,664 INFO o.a.j.t.JMeterThread: Thread started: Thread Group - until HTTP 503 - 320 users 1-101
2026-09-10 21:02:18,851 INFO o.a.j.t.JMeterThread: Thread started: Thread Group - until HTTP 503 - 320 users 1-102
2026-09-10 21:02:19,040 INFO o.a.j.t.JMeterThread: Thread started: Thread Group - until HTTP 503 - 320 users 1-103
2026-09-10 21:02:19,227 INFO o.a.j.t.JMeterThread: Thread started: Thread Group - until HTTP 503 - 320 users 1-104
2026-09-10 21:02:19,414 INFO o.a.j.t.JMeterThread: Thread started: Thread Group - until HTTP 503 - 320 users 1-105
2026-09-10 21:02:19,604 INFO o.a.j.t.JMeterThread: Thread started: Thread Group - until HTTP 503 - 320 users 1-106
2026-09-10 21:02:19,793 INFO o.a.j.t.JMeterThread: Thread started: Thread Group - until HTTP 503 - 320 users 1-107
2026-09-10 21:02:19,979 INFO o.a.j.t.JMeterThread: Thread started: Thread Group - until HTTP 503 - 320 users 1-108
2026-09-10 21:02:20,168 INFO o.a.j.t.JMeterThread: Thread started: Thread Group - until HTTP 503 - 320 users 1-109
2026-09-10 21:02:20,356 INFO o.a.j.t.JMeterThread: Thread started: Thread Group - until HTTP 503 - 320 users 1-110
2026-09-10 21:02:20,544 INFO o.a.j.t.JMeterThread: Thread started: Thread Group - until HTTP 503 - 320 users 1-111
2026-09-10 21:02:20,732 INFO o.a.j.t.JMeterThread: Thread started: Thread Group - until HTTP 503 - 320 users 1-112
2026-09-10 21:02:20,918 INFO o.a.j.t.JMeterThread: Thread started: Thread Group - until HTTP 503 - 320 users 1-113
2026-09-10 21:02:21,107 INFO o.a.j.t.JMeterThread: Thread started: Thread Group - until HTTP 503 - 320 users 1-114
2026-09-10 21:02:21,296 INFO o.a.j.t.JMeterThread: Thread started: Thread Group - until HTTP 503 - 320 users 1-115
2026-09-10 21:02:21,484 INFO o.a.j.t.JMeterThread: Thread started: Thread Group - until HTTP 503 - 320 users 1-116
2026-09-10 21:02:21,671 INFO o.a.j.t.JMeterThread: Thread started: Thread Group - until HTTP 503 - 320 users 1-117
2026-09-10 21:02:21,859 INFO o.a.j.t.JMeterThread: Thread started: Thread Group - until HTTP 503 - 320 users 1-118
2026-09-10 21:02:22,046 INFO o.a.j.t.JMeterThread: Thread started: Thread Group - until HTTP 503 - 320 users 1-119
2026-09-10 21:02:22,234 INFO o.a.j.t.JMeterThread: Thread started: Thread Group - until HTTP 503 - 320 users 1-120
2026-09-10 21:02:22,423 INFO o.a.j.t.JMeterThread: Thread started: Thread Group - until HTTP 503 - 320 users 1-121
2026-09-10 21:02:22,611 INFO o.a.j.t.JMeterThread: Thread started: Thread Group - until HTTP 503 - 320 users 1-122
2026-09-10 21:02:22,801 INFO o.a.j.t.JMeterThread: Thread started: Thread Group - until HTTP 503 - 320 users 1-123
2026-09-10 21:02:22,989 INFO o.a.j.t.JMeterThread: Thread started: Thread Group - until HTTP 503 - 320 users 1-124
2026-09-10 21:02:23,176 INFO o.a.j.t.JMeterThread: Thread started: Thread Group - until HTTP 503 - 320 users 1-125
2026-09-10 21:02:23,364 INFO o.a.j.t.JMeterThread: Thread started: Thread Group - until HTTP 503 - 320 users 1-126
2026-09-10 21:02:23,553 INFO o.a.j.t.JMeterThread: Thread started: Thread Group - until HTTP 503 - 320 users 1-127
2026-09-10 21:02:23,739 INFO o.a.j.t.JMeterThread: Thread started: Thread Group - until HTTP 503 - 320 users 1-128
2026-09-10 21:02:23,927 INFO o.a.j.t.JMeterThread: Thread started: Thread Group - until HTTP 503 - 320 users 1-129
2026-09-10 21:02:24,115 INFO o.a.j.t.JMeterThread: Thread started: Thread Group - until HTTP 503 - 320 users 1-130
2026-09-10 21:02:24,304 INFO o.a.j.t.JMeterThread: Thread started: Thread Group - until HTTP 503 - 320 users 1-131
2026-09-10 21:02:24,491 INFO o.a.j.t.JMeterThread: Thread started: Thread Group - until HTTP 503 - 320 users 1-132
2026-09-10 21:02:24,679 INFO o.a.j.t.JMeterThread: Thread started: Thread Group - until HTTP 503 - 320 users 1-133
2026-09-10 21:02:24,868 INFO o.a.j.t.JMeterThread: Thread started: Thread Group - until HTTP 503 - 320 users 1-134
2026-09-10 21:02:25,055 INFO o.a.j.t.JMeterThread: Thread started: Thread Group - until HTTP 503 - 320 users 1-135
2026-09-10 21:02:25,242 INFO o.a.j.t.JMeterThread: Thread started: Thread Group - until HTTP 503 - 320 users 1-136
2026-09-10 21:02:25,431 INFO o.a.j.t.JMeterThread: Thread started: Thread Group - until HTTP 503 - 320 users 1-137
2026-09-10 21:02:25,619 INFO o.a.j.t.JMeterThread: Thread started: Thread Group - until HTTP 503 - 320 users 1-138
2026-09-10 21:02:25,807 INFO o.a.j.t.JMeterThread: Thread started: Thread Group - until HTTP 503 - 320 users 1-139
2026-09-10 21:02:25,994 INFO o.a.j.t.JMeterThread: Thread started: Thread Group - until HTTP 503 - 320 users 1-140
2026-09-10 21:02:26,182 INFO o.a.j.t.JMeterThread: Thread started: Thread Group - until HTTP 503 - 320 users 1-141
2026-09-10 21:02:26,371 INFO o.a.j.t.JMeterThread: Thread started: Thread Group - until HTTP 503 - 320 users 1-142
2026-09-10 21:02:26,558 INFO o.a.j.t.JMeterThread: Thread started: Thread Group - until HTTP 503 - 320 users 1-143
2026-09-10 21:02:26,747 INFO o.a.j.t.JMeterThread: Thread started: Thread Group - until HTTP 503 - 320 users 1-144
2026-09-10 21:02:26,935 INFO o.a.j.t.JMeterThread: Thread started: Thread Group - until HTTP 503 - 320 users 1-145
2026-09-10 21:02:27,122 INFO o.a.j.t.JMeterThread: Thread started: Thread Group - until HTTP 503 - 320 users 1-146
2026-09-10 21:02:27,310 INFO o.a.j.t.JMeterThread: Thread started: Thread Group - until HTTP 503 - 320 users 1-147
2026-09-10 21:02:27,498 INFO o.a.j.t.JMeterThread: Thread started: Thread Group - until HTTP 503 - 320 users 1-148
2026-09-10 21:02:27,686 INFO o.a.j.t.JMeterThread: Thread started: Thread Group - until HTTP 503 - 320 users 1-149
2026-09-10 21:02:27,875 INFO o.a.j.t.JMeterThread: Thread started: Thread Group - until HTTP 503 - 320 users 1-150
2026-09-10 21:02:28,063 INFO o.a.j.t.JMeterThread: Thread started: Thread Group - until HTTP 503 - 320 users 1-151
2026-09-10 21:02:28,250 INFO o.a.j.t.JMeterThread: Thread started: Thread Group - until HTTP 503 - 320 users 1-152
2026-09-10 21:02:28,438 INFO o.a.j.t.JMeterThread: Thread started: Thread Group - until HTTP 503 - 320 users 1-153
2026-09-10 21:02:28,627 INFO o.a.j.t.JMeterThread: Thread started: Thread Group - until HTTP 503 - 320 users 1-154
2026-09-10 21:02:28,815 INFO o.a.j.t.JMeterThread: Thread started: Thread Group - until HTTP 503 - 320 users 1-155
2026-09-10 21:02:29,002 INFO o.a.j.t.JMeterThread: Thread started: Thread Group - until HTTP 503 - 320 users 1-156
2026-09-10 21:02:29,192 INFO o.a.j.t.JMeterThread: Thread started: Thread Group - until HTTP 503 - 320 users 1-157
2026-09-10 21:02:29,378 INFO o.a.j.t.JMeterThread: Thread started: Thread Group - until HTTP 503 - 320 users 1-158
2026-09-10 21:02:29,567 INFO o.a.j.t.JMeterThread: Thread started: Thread Group - until HTTP 503 - 320 users 1-159
2026-09-10 21:02:29,755 INFO o.a.j.t.JMeterThread: Thread started: Thread Group - until HTTP 503 - 320 users 1-160
2026-09-10 21:02:29,943 INFO o.a.j.t.JMeterThread: Thread started: Thread Group - until HTTP 503 - 320 users 1-161
2026-09-10 21:02:30,132 INFO o.a.j.t.JMeterThread: Thread started: Thread Group - until HTTP 503 - 320 users 1-162
2026-09-10 21:02:30,228 INFO o.a.j.r.Summariser: summary +    777 in 00:00:30 =   26.2/s Avg:  2488 Min:   524 Max:  5971 Err:   691 (88.93%) Active: 162 Started: 162 Finished: 0
2026-09-10 21:02:30,229 INFO o.a.j.r.Summariser: summary =    778 in 00:00:30 =   25.6/s Avg:  2485 Min:   524 Max:  5971 Err:   691 (88.82%)
2026-09-10 21:02:30,320 INFO o.a.j.t.JMeterThread: Thread started: Thread Group - until HTTP 503 - 320 users 1-163
2026-09-10 21:02:30,507 INFO o.a.j.t.JMeterThread: Thread started: Thread Group - until HTTP 503 - 320 users 1-164
2026-09-10 21:02:30,695 INFO o.a.j.t.JMeterThread: Thread started: Thread Group - until HTTP 503 - 320 users 1-165
2026-09-10 21:02:30,883 INFO o.a.j.t.JMeterThread: Thread started: Thread Group - until HTTP 503 - 320 users 1-166
2026-09-10 21:02:31,070 INFO o.a.j.t.JMeterThread: Thread started: Thread Group - until HTTP 503 - 320 users 1-167
2026-09-10 21:02:31,259 INFO o.a.j.t.JMeterThread: Thread started: Thread Group - until HTTP 503 - 320 users 1-168
2026-09-10 21:02:31,448 INFO o.a.j.t.JMeterThread: Thread started: Thread Group - until HTTP 503 - 320 users 1-169
2026-09-10 21:02:31,636 INFO o.a.j.t.JMeterThread: Thread started: Thread Group - until HTTP 503 - 320 users 1-170
2026-09-10 21:02:31,823 INFO o.a.j.t.JMeterThread: Thread started: Thread Group - until HTTP 503 - 320 users 1-171
2026-09-10 21:02:32,010 INFO o.a.j.t.JMeterThread: Thread started: Thread Group - until HTTP 503 - 320 users 1-172
2026-09-10 21:02:32,199 INFO o.a.j.t.JMeterThread: Thread started: Thread Group - until HTTP 503 - 320 users 1-173
2026-09-10 21:02:32,388 INFO o.a.j.t.JMeterThread: Thread started: Thread Group - until HTTP 503 - 320 users 1-174
2026-09-10 21:02:32,577 INFO o.a.j.t.JMeterThread: Thread started: Thread Group - until HTTP 503 - 320 users 1-175
2026-09-10 21:02:32,762 INFO o.a.j.t.JMeterThread: Thread started: Thread Group - until HTTP 503 - 320 users 1-176
2026-09-10 21:02:32,951 INFO o.a.j.t.JMeterThread: Thread started: Thread Group - until HTTP 503 - 320 users 1-177
2026-09-10 21:02:33,139 INFO o.a.j.t.JMeterThread: Thread started: Thread Group - until HTTP 503 - 320 users 1-178
2026-09-10 21:02:33,328 INFO o.a.j.t.JMeterThread: Thread started: Thread Group - until HTTP 503 - 320 users 1-179
2026-09-10 21:02:33,517 INFO o.a.j.t.JMeterThread: Thread started: Thread Group - until HTTP 503 - 320 users 1-180
2026-09-10 21:02:33,703 INFO o.a.j.t.JMeterThread: Thread started: Thread Group - until HTTP 503 - 320 users 1-181
2026-09-10 21:02:33,890 INFO o.a.j.t.JMeterThread: Thread started: Thread Group - until HTTP 503 - 320 users 1-182
2026-09-10 21:02:34,078 INFO o.a.j.t.JMeterThread: Thread started: Thread Group - until HTTP 503 - 320 users 1-183
2026-09-10 21:02:34,268 INFO o.a.j.t.JMeterThread: Thread started: Thread Group - until HTTP 503 - 320 users 1-184
2026-09-10 21:02:34,455 INFO o.a.j.t.JMeterThread: Thread started: Thread Group - until HTTP 503 - 320 users 1-185
2026-09-10 21:02:34,642 INFO o.a.j.t.JMeterThread: Thread started: Thread Group - until HTTP 503 - 320 users 1-186
2026-09-10 21:02:34,830 INFO o.a.j.t.JMeterThread: Thread started: Thread Group - until HTTP 503 - 320 users 1-187
2026-09-10 21:02:35,018 INFO o.a.j.t.JMeterThread: Thread started: Thread Group - until HTTP 503 - 320 users 1-188
2026-09-10 21:02:35,206 INFO o.a.j.t.JMeterThread: Thread started: Thread Group - until HTTP 503 - 320 users 1-189
2026-09-10 21:02:35,395 INFO o.a.j.t.JMeterThread: Thread started: Thread Group - until HTTP 503 - 320 users 1-190
2026-09-10 21:02:35,583 INFO o.a.j.t.JMeterThread: Thread started: Thread Group - until HTTP 503 - 320 users 1-191
2026-09-10 21:02:35,770 INFO o.a.j.t.JMeterThread: Thread started: Thread Group - until HTTP 503 - 320 users 1-192
2026-09-10 21:02:35,959 INFO o.a.j.t.JMeterThread: Thread started: Thread Group - until HTTP 503 - 320 users 1-193
2026-09-10 21:02:36,147 INFO o.a.j.t.JMeterThread: Thread started: Thread Group - until HTTP 503 - 320 users 1-194
2026-09-10 21:02:36,336 INFO o.a.j.t.JMeterThread: Thread started: Thread Group - until HTTP 503 - 320 users 1-195
2026-09-10 21:02:36,523 INFO o.a.j.t.JMeterThread: Thread started: Thread Group - until HTTP 503 - 320 users 1-196
2026-09-10 21:02:36,710 INFO o.a.j.t.JMeterThread: Thread started: Thread Group - until HTTP 503 - 320 users 1-197
2026-09-10 21:02:36,899 INFO o.a.j.t.JMeterThread: Thread started: Thread Group - until HTTP 503 - 320 users 1-198
2026-09-10 21:02:37,086 INFO o.a.j.t.JMeterThread: Thread started: Thread Group - until HTTP 503 - 320 users 1-199
2026-09-10 21:02:37,274 INFO o.a.j.t.JMeterThread: Thread started: Thread Group - until HTTP 503 - 320 users 1-200
2026-09-10 21:02:37,463 INFO o.a.j.t.JMeterThread: Thread started: Thread Group - until HTTP 503 - 320 users 1-201
2026-09-10 21:02:37,652 INFO o.a.j.t.JMeterThread: Thread started: Thread Group - until HTTP 503 - 320 users 1-202
2026-09-10 21:02:37,838 INFO o.a.j.t.JMeterThread: Thread started: Thread Group - until HTTP 503 - 320 users 1-203
2026-09-10 21:02:38,026 INFO o.a.j.t.JMeterThread: Thread started: Thread Group - until HTTP 503 - 320 users 1-204
2026-09-10 21:02:38,215 INFO o.a.j.t.JMeterThread: Thread started: Thread Group - until HTTP 503 - 320 users 1-205
2026-09-10 21:02:38,403 INFO o.a.j.t.JMeterThread: Thread started: Thread Group - until HTTP 503 - 320 users 1-206
2026-09-10 21:02:38,591 INFO o.a.j.t.JMeterThread: Thread started: Thread Group - until HTTP 503 - 320 users 1-207
2026-09-10 21:02:38,778 INFO o.a.j.t.JMeterThread: Thread started: Thread Group - until HTTP 503 - 320 users 1-208
2026-09-10 21:02:38,966 INFO o.a.j.t.JMeterThread: Thread started: Thread Group - until HTTP 503 - 320 users 1-209
2026-09-10 21:02:39,154 INFO o.a.j.t.JMeterThread: Thread started: Thread Group - until HTTP 503 - 320 users 1-210
2026-09-10 21:02:39,342 INFO o.a.j.t.JMeterThread: Thread started: Thread Group - until HTTP 503 - 320 users 1-211
2026-09-10 21:02:39,532 INFO o.a.j.t.JMeterThread: Thread started: Thread Group - until HTTP 503 - 320 users 1-212
2026-09-10 21:02:39,718 INFO o.a.j.t.JMeterThread: Thread started: Thread Group - until HTTP 503 - 320 users 1-213
2026-09-10 21:02:39,907 INFO o.a.j.t.JMeterThread: Thread started: Thread Group - until HTTP 503 - 320 users 1-214
2026-09-10 21:02:40,094 INFO o.a.j.t.JMeterThread: Thread started: Thread Group - until HTTP 503 - 320 users 1-215
2026-09-10 21:02:40,282 INFO o.a.j.t.JMeterThread: Thread started: Thread Group - until HTTP 503 - 320 users 1-216
2026-09-10 21:02:40,471 INFO o.a.j.t.JMeterThread: Thread started: Thread Group - until HTTP 503 - 320 users 1-217
2026-09-10 21:02:40,659 INFO o.a.j.t.JMeterThread: Thread started: Thread Group - until HTTP 503 - 320 users 1-218
2026-09-10 21:02:40,846 INFO o.a.j.t.JMeterThread: Thread started: Thread Group - until HTTP 503 - 320 users 1-219
2026-09-10 21:02:41,035 INFO o.a.j.t.JMeterThread: Thread started: Thread Group - until HTTP 503 - 320 users 1-220
2026-09-10 21:02:41,224 INFO o.a.j.t.JMeterThread: Thread started: Thread Group - until HTTP 503 - 320 users 1-221
2026-09-10 21:02:41,411 INFO o.a.j.t.JMeterThread: Thread started: Thread Group - until HTTP 503 - 320 users 1-222
2026-09-10 21:02:41,599 INFO o.a.j.t.JMeterThread: Thread started: Thread Group - until HTTP 503 - 320 users 1-223
2026-09-10 21:02:41,787 INFO o.a.j.t.JMeterThread: Thread started: Thread Group - until HTTP 503 - 320 users 1-224
2026-09-10 21:02:41,976 INFO o.a.j.t.JMeterThread: Thread started: Thread Group - until HTTP 503 - 320 users 1-225
2026-09-10 21:02:42,164 INFO o.a.j.t.JMeterThread: Thread started: Thread Group - until HTTP 503 - 320 users 1-226
2026-09-10 21:02:42,352 INFO o.a.j.t.JMeterThread: Thread started: Thread Group - until HTTP 503 - 320 users 1-227
2026-09-10 21:02:42,539 INFO o.a.j.t.JMeterThread: Thread started: Thread Group - until HTTP 503 - 320 users 1-228
2026-09-10 21:02:42,726 INFO o.a.j.t.JMeterThread: Thread started: Thread Group - until HTTP 503 - 320 users 1-229
2026-09-10 21:02:42,915 INFO o.a.j.t.JMeterThread: Thread started: Thread Group - until HTTP 503 - 320 users 1-230
2026-09-10 21:02:43,102 INFO o.a.j.t.JMeterThread: Thread started: Thread Group - until HTTP 503 - 320 users 1-231
2026-09-10 21:02:43,290 INFO o.a.j.t.JMeterThread: Thread started: Thread Group - until HTTP 503 - 320 users 1-232
2026-09-10 21:02:43,479 INFO o.a.j.t.JMeterThread: Thread started: Thread Group - until HTTP 503 - 320 users 1-233
2026-09-10 21:02:43,668 INFO o.a.j.t.JMeterThread: Thread started: Thread Group - until HTTP 503 - 320 users 1-234
2026-09-10 21:02:43,857 INFO o.a.j.t.JMeterThread: Thread started: Thread Group - until HTTP 503 - 320 users 1-235
2026-09-10 21:02:44,043 INFO o.a.j.t.JMeterThread: Thread started: Thread Group - until HTTP 503 - 320 users 1-236
2026-09-10 21:02:44,232 INFO o.a.j.t.JMeterThread: Thread started: Thread Group - until HTTP 503 - 320 users 1-237
2026-09-10 21:02:44,421 INFO o.a.j.t.JMeterThread: Thread started: Thread Group - until HTTP 503 - 320 users 1-238
2026-09-10 21:02:44,607 INFO o.a.j.t.JMeterThread: Thread started: Thread Group - until HTTP 503 - 320 users 1-239
2026-09-10 21:02:44,794 INFO o.a.j.t.JMeterThread: Thread started: Thread Group - until HTTP 503 - 320 users 1-240
2026-09-10 21:02:44,983 INFO o.a.j.t.JMeterThread: Thread started: Thread Group - until HTTP 503 - 320 users 1-241
2026-09-10 21:02:45,171 INFO o.a.j.t.JMeterThread: Thread started: Thread Group - until HTTP 503 - 320 users 1-242
2026-09-10 21:02:45,358 INFO o.a.j.t.JMeterThread: Thread started: Thread Group - until HTTP 503 - 320 users 1-243
2026-09-10 21:02:45,548 INFO o.a.j.t.JMeterThread: Thread started: Thread Group - until HTTP 503 - 320 users 1-244
2026-09-10 21:02:45,736 INFO o.a.j.t.JMeterThread: Thread started: Thread Group - until HTTP 503 - 320 users 1-245
2026-09-10 21:02:45,923 INFO o.a.j.t.JMeterThread: Thread started: Thread Group - until HTTP 503 - 320 users 1-246
2026-09-10 21:02:46,111 INFO o.a.j.t.JMeterThread: Thread started: Thread Group - until HTTP 503 - 320 users 1-247
2026-09-10 21:02:46,299 INFO o.a.j.t.JMeterThread: Thread started: Thread Group - until HTTP 503 - 320 users 1-248
2026-09-10 21:02:46,488 INFO o.a.j.t.JMeterThread: Thread started: Thread Group - until HTTP 503 - 320 users 1-249
2026-09-10 21:02:46,675 INFO o.a.j.t.JMeterThread: Thread started: Thread Group - until HTTP 503 - 320 users 1-250
2026-09-10 21:02:46,863 INFO o.a.j.t.JMeterThread: Thread started: Thread Group - until HTTP 503 - 320 users 1-251
2026-09-10 21:02:47,052 INFO o.a.j.t.JMeterThread: Thread started: Thread Group - until HTTP 503 - 320 users 1-252
2026-09-10 21:02:47,241 INFO o.a.j.t.JMeterThread: Thread started: Thread Group - until HTTP 503 - 320 users 1-253
2026-09-10 21:02:47,427 INFO o.a.j.t.JMeterThread: Thread started: Thread Group - until HTTP 503 - 320 users 1-254
2026-09-10 21:02:47,616 INFO o.a.j.t.JMeterThread: Thread started: Thread Group - until HTTP 503 - 320 users 1-255
2026-09-10 21:02:47,806 INFO o.a.j.t.JMeterThread: Thread started: Thread Group - until HTTP 503 - 320 users 1-256
2026-09-10 21:02:47,991 INFO o.a.j.t.JMeterThread: Thread started: Thread Group - until HTTP 503 - 320 users 1-257
2026-09-10 21:02:48,178 INFO o.a.j.t.JMeterThread: Thread started: Thread Group - until HTTP 503 - 320 users 1-258
2026-09-10 21:02:48,368 INFO o.a.j.t.JMeterThread: Thread started: Thread Group - until HTTP 503 - 320 users 1-259
2026-09-10 21:02:48,557 INFO o.a.j.t.JMeterThread: Thread started: Thread Group - until HTTP 503 - 320 users 1-260
2026-09-10 21:02:48,745 INFO o.a.j.t.JMeterThread: Thread started: Thread Group - until HTTP 503 - 320 users 1-261
2026-09-10 21:02:48,932 INFO o.a.j.t.JMeterThread: Thread started: Thread Group - until HTTP 503 - 320 users 1-262
2026-09-10 21:02:49,122 INFO o.a.j.t.JMeterThread: Thread started: Thread Group - until HTTP 503 - 320 users 1-263
2026-09-10 21:02:49,309 INFO o.a.j.t.JMeterThread: Thread started: Thread Group - until HTTP 503 - 320 users 1-264
2026-09-10 21:02:49,497 INFO o.a.j.t.JMeterThread: Thread started: Thread Group - until HTTP 503 - 320 users 1-265
2026-09-10 21:02:49,685 INFO o.a.j.t.JMeterThread: Thread started: Thread Group - until HTTP 503 - 320 users 1-266
2026-09-10 21:02:49,871 INFO o.a.j.t.JMeterThread: Thread started: Thread Group - until HTTP 503 - 320 users 1-267
2026-09-10 21:02:50,059 INFO o.a.j.t.JMeterThread: Thread started: Thread Group - until HTTP 503 - 320 users 1-268
2026-09-10 21:02:50,248 INFO o.a.j.t.JMeterThread: Thread started: Thread Group - until HTTP 503 - 320 users 1-269
2026-09-10 21:02:50,435 INFO o.a.j.t.JMeterThread: Thread started: Thread Group - until HTTP 503 - 320 users 1-270
2026-09-10 21:02:50,622 INFO o.a.j.t.JMeterThread: Thread started: Thread Group - until HTTP 503 - 320 users 1-271
2026-09-10 21:02:50,813 INFO o.a.j.t.JMeterThread: Thread started: Thread Group - until HTTP 503 - 320 users 1-272
2026-09-10 21:02:51,000 INFO o.a.j.t.JMeterThread: Thread started: Thread Group - until HTTP 503 - 320 users 1-273
2026-09-10 21:02:51,190 INFO o.a.j.t.JMeterThread: Thread started: Thread Group - until HTTP 503 - 320 users 1-274
2026-09-10 21:02:51,376 INFO o.a.j.t.JMeterThread: Thread started: Thread Group - until HTTP 503 - 320 users 1-275
2026-09-10 21:02:51,563 INFO o.a.j.t.JMeterThread: Thread started: Thread Group - until HTTP 503 - 320 users 1-276
2026-09-10 21:02:51,751 INFO o.a.j.t.JMeterThread: Thread started: Thread Group - until HTTP 503 - 320 users 1-277
2026-09-10 21:02:51,939 INFO o.a.j.t.JMeterThread: Thread started: Thread Group - until HTTP 503 - 320 users 1-278
2026-09-10 21:02:52,126 INFO o.a.j.t.JMeterThread: Thread started: Thread Group - until HTTP 503 - 320 users 1-279
2026-09-10 21:02:52,315 INFO o.a.j.t.JMeterThread: Thread started: Thread Group - until HTTP 503 - 320 users 1-280
2026-09-10 21:02:52,502 INFO o.a.j.t.JMeterThread: Thread started: Thread Group - until HTTP 503 - 320 users 1-281
2026-09-10 21:02:52,690 INFO o.a.j.t.JMeterThread: Thread started: Thread Group - until HTTP 503 - 320 users 1-282
2026-09-10 21:02:52,878 INFO o.a.j.t.JMeterThread: Thread started: Thread Group - until HTTP 503 - 320 users 1-283
2026-09-10 21:02:53,067 INFO o.a.j.t.JMeterThread: Thread started: Thread Group - until HTTP 503 - 320 users 1-284
2026-09-10 21:02:53,255 INFO o.a.j.t.JMeterThread: Thread started: Thread Group - until HTTP 503 - 320 users 1-285
2026-09-10 21:02:53,446 INFO o.a.j.t.JMeterThread: Thread started: Thread Group - until HTTP 503 - 320 users 1-286
2026-09-10 21:02:53,635 INFO o.a.j.t.JMeterThread: Thread started: Thread Group - until HTTP 503 - 320 users 1-287
2026-09-10 21:02:53,822 INFO o.a.j.t.JMeterThread: Thread started: Thread Group - until HTTP 503 - 320 users 1-288
2026-09-10 21:02:54,006 INFO o.a.j.t.JMeterThread: Thread started: Thread Group - until HTTP 503 - 320 users 1-289
2026-09-10 21:02:54,194 INFO o.a.j.t.JMeterThread: Thread started: Thread Group - until HTTP 503 - 320 users 1-290
2026-09-10 21:02:54,383 INFO o.a.j.t.JMeterThread: Thread started: Thread Group - until HTTP 503 - 320 users 1-291
2026-09-10 21:02:54,572 INFO o.a.j.t.JMeterThread: Thread started: Thread Group - until HTTP 503 - 320 users 1-292
2026-09-10 21:02:54,759 INFO o.a.j.t.JMeterThread: Thread started: Thread Group - until HTTP 503 - 320 users 1-293
2026-09-10 21:02:54,946 INFO o.a.j.t.JMeterThread: Thread started: Thread Group - until HTTP 503 - 320 users 1-294
2026-09-10 21:02:55,134 INFO o.a.j.t.JMeterThread: Thread started: Thread Group - until HTTP 503 - 320 users 1-295
2026-09-10 21:02:55,322 INFO o.a.j.t.JMeterThread: Thread started: Thread Group - until HTTP 503 - 320 users 1-296
2026-09-10 21:02:55,510 INFO o.a.j.t.JMeterThread: Thread started: Thread Group - until HTTP 503 - 320 users 1-297
2026-09-10 21:02:55,698 INFO o.a.j.t.JMeterThread: Thread started: Thread Group - until HTTP 503 - 320 users 1-298
2026-09-10 21:02:55,888 INFO o.a.j.t.JMeterThread: Thread started: Thread Group - until HTTP 503 - 320 users 1-299
2026-09-10 21:02:56,075 INFO o.a.j.t.JMeterThread: Thread started: Thread Group - until HTTP 503 - 320 users 1-300
2026-09-10 21:02:56,263 INFO o.a.j.t.JMeterThread: Thread started: Thread Group - until HTTP 503 - 320 users 1-301
2026-09-10 21:02:56,450 INFO o.a.j.t.JMeterThread: Thread started: Thread Group - until HTTP 503 - 320 users 1-302
2026-09-10 21:02:56,639 INFO o.a.j.t.JMeterThread: Thread started: Thread Group - until HTTP 503 - 320 users 1-303
2026-09-10 21:02:56,827 INFO o.a.j.t.JMeterThread: Thread started: Thread Group - until HTTP 503 - 320 users 1-304
2026-09-10 21:02:57,015 INFO o.a.j.t.JMeterThread: Thread started: Thread Group - until HTTP 503 - 320 users 1-305
2026-09-10 21:02:57,204 INFO o.a.j.t.JMeterThread: Thread started: Thread Group - until HTTP 503 - 320 users 1-306
2026-09-10 21:02:57,392 INFO o.a.j.t.JMeterThread: Thread started: Thread Group - until HTTP 503 - 320 users 1-307
2026-09-10 21:02:57,578 INFO o.a.j.t.JMeterThread: Thread started: Thread Group - until HTTP 503 - 320 users 1-308
2026-09-10 21:02:57,766 INFO o.a.j.t.JMeterThread: Thread started: Thread Group - until HTTP 503 - 320 users 1-309
2026-09-10 21:02:57,954 INFO o.a.j.t.JMeterThread: Thread started: Thread Group - until HTTP 503 - 320 users 1-310
2026-09-10 21:02:58,143 INFO o.a.j.t.JMeterThread: Thread started: Thread Group - until HTTP 503 - 320 users 1-311
2026-09-10 21:02:58,331 INFO o.a.j.t.JMeterThread: Thread started: Thread Group - until HTTP 503 - 320 users 1-312
2026-09-10 21:02:58,518 INFO o.a.j.t.JMeterThread: Thread started: Thread Group - until HTTP 503 - 320 users 1-313
2026-09-10 21:02:58,709 INFO o.a.j.t.JMeterThread: Thread started: Thread Group - until HTTP 503 - 320 users 1-314
2026-09-10 21:02:58,895 INFO o.a.j.t.JMeterThread: Thread started: Thread Group - until HTTP 503 - 320 users 1-315
2026-09-10 21:02:59,082 INFO o.a.j.t.JMeterThread: Thread started: Thread Group - until HTTP 503 - 320 users 1-316
2026-09-10 21:02:59,270 INFO o.a.j.t.JMeterThread: Thread started: Thread Group - until HTTP 503 - 320 users 1-317
2026-09-10 21:02:59,413 INFO o.a.j.r.ResultCollector: Shutdown hook started
2026-09-10 21:02:59,414 INFO o.a.j.r.ResultCollector: Shutdown hook ended
